<?xml version="1.0" ?>

<verbosegc xmlns="http://www.ibm.com/j9/verbosegc" version="d10a4d553">

<initialized id="1" timestamp="2024-12-13T11:26:21.695">
  <attribute name="gcPolicy" value="-Xgcpolicy:gencon" />
  <attribute name="maxHeapSize" value="0x200000000" />
  <attribute name="initialHeapSize" value="0x800000" />
  <attribute name="compressedRefs" value="false" />
  <attribute name="pageSize" value="0x4000" />
  <attribute name="pageType" value="not used" />
  <attribute name="requestedPageSize" value="0x4000" />
  <attribute name="requestedPageType" value="not used" />
  <attribute name="gcthreads" value="10" />
  <attribute name="gcthreads Concurrent Mark" value="1" />
  <attribute name="packetListSplit" value="2" />
  <attribute name="cacheListSplit" value="2" />
  <attribute name="splitFreeListSplitAmount" value="2" />
  <attribute name="numaNodes" value="0" />
  <system>
    <attribute name="physicalMemory" value="34359738368" />
    <attribute name="addressablePhysicalMemory" value="34359738368" />
    <attribute name="container memory limit set" value="false" />
    <attribute name="numCPUs" value="10" />
    <attribute name="numCPUs active" value="10" />
    <attribute name="architecture" value="aarch64" />
    <attribute name="os" value="Mac OS X" />
    <attribute name="osVersion" value="15.1.1" />
  </system>
  <vmargs>
    <vmarg name="-Xoptionsfile=/Library/Java/JavaVirtualMachines/ibm-semeru-open-11.jdk/Contents/Home/lib/options.default" />
    <vmarg name="-Xlockword:mode=default,noLockword=java/lang/String,noLockword=java/util/MapEntry,noLockword=java/util/HashMap$Entry,noLockword..." />
    <vmarg name="-XX:+EnsureHashed:java/lang/Class,java/lang/Thread" />
    <vmarg name="-Xjcl:jclse29" />
    <vmarg name="-Dcom.ibm.oti.vm.bootstrap.library.path=/Library/Java/JavaVirtualMachines/ibm-semeru-open-11.jdk/Contents/Home/lib/default:/Lib..." />
    <vmarg name="-Dsun.boot.library.path=/Library/Java/JavaVirtualMachines/ibm-semeru-open-11.jdk/Contents/Home/lib/default:/Library/Java/JavaVi..." />
    <vmarg name="-Djava.library.path=/Library/Java/JavaVirtualMachines/ibm-semeru-open-11.jdk/Contents/Home/lib/default:/Library/Java/JavaVirtua..." />
    <vmarg name="-Djava.home=/Library/Java/JavaVirtualMachines/ibm-semeru-open-11.jdk/Contents/Home" />
    <vmarg name="-Duser.dir=/Users/joshua.ar/Desktop/LearningProjs/side-project/weather-service/target/liberty/wlp/usr/servers/defaultServer" />
    <vmarg name="-Xverbosegclog:/Users/joshua.ar/Desktop/LearningProjs/side-project/weather-service/target/liberty/wlp/usr/servers/defaultServer..." />
    <vmarg name="-Xshareclasses:name=liberty-%u,nonfatal,cacheDir=/Users/joshua.ar/Desktop/LearningProjs/side-project/weather-service/target/lib..." />
    <vmarg name="-XX:ShareClassesEnableBCI" />
    <vmarg name="-Xscmx80m" />
    <vmarg name="-Xshareclasses:name=liberty-%u,nonfatal,cacheDir=/Users/joshua.ar/Desktop/LearningProjs/side-project/weather-service/target/lib..." />
    <vmarg name="-XX:ShareClassesEnableBCI" />
    <vmarg name="-Xscmx80m" />
    <vmarg name="-javaagent:/Users/joshua.ar/Desktop/LearningProjs/side-project/weather-service/target/liberty/wlp/bin/tools/ws-javaagent.jar" />
    <vmarg name="-Djava.awt.headless=true" />
    <vmarg name="-Djdk.attach.allowAttachSelf=true" />
    <vmarg name="--add-exports=java.base/sun.security.action=ALL-UNNAMED" />
    <vmarg name="--add-exports=java.naming/com.sun.jndi.ldap=ALL-UNNAMED" />
    <vmarg name="--add-exports=java.naming/com.sun.jndi.url.ldap=ALL-UNNAMED" />
    <vmarg name="--add-exports=jdk.naming.dns/com.sun.jndi.dns=ALL-UNNAMED" />
    <vmarg name="--add-exports=jdk.naming.dns/com.sun.jndi.url.dns=ALL-UNNAMED" />
    <vmarg name="--add-exports=java.security.jgss/sun.security.krb5.internal=ALL-UNNAMED" />
    <vmarg name="--add-exports=jdk.attach/sun.tools.attach=ALL-UNNAMED" />
    <vmarg name="--add-opens=java.base/java.util=ALL-UNNAMED" />
    <vmarg name="--add-opens=java.base/java.lang=ALL-UNNAMED" />
    <vmarg name="--add-opens=java.base/java.util.concurrent=ALL-UNNAMED" />
    <vmarg name="--add-opens=java.base/java.io=ALL-UNNAMED" />
    <vmarg name="--add-opens=java.base/java.nio=ALL-UNNAMED" />
    <vmarg name="--add-opens=java.base/sun.nio.ch=ALL-UNNAMED" />
    <vmarg name="--add-opens=java.naming/javax.naming.spi=ALL-UNNAMED" />
    <vmarg name="--add-opens=java.naming/com.sun.naming.internal=ALL-UNNAMED" />
    <vmarg name="--add-opens=jdk.naming.rmi/com.sun.jndi.url.rmi=ALL-UNNAMED" />
    <vmarg name="--add-opens=java.naming/javax.naming=ALL-UNNAMED" />
    <vmarg name="--add-opens=java.rmi/java.rmi=ALL-UNNAMED" />
    <vmarg name="--add-opens=java.sql/java.sql=ALL-UNNAMED" />
    <vmarg name="--add-opens=java.management/javax.management=ALL-UNNAMED" />
    <vmarg name="--add-opens=java.base/java.lang.reflect=ALL-UNNAMED" />
    <vmarg name="--add-opens=java.desktop/java.awt.image=ALL-UNNAMED" />
    <vmarg name="--add-opens=java.base/java.security=ALL-UNNAMED" />
    <vmarg name="--add-opens=java.base/java.net=ALL-UNNAMED" />
    <vmarg name="--add-opens=java.base/java.text=ALL-UNNAMED" />
    <vmarg name="--add-opens=java.base/sun.net.www.protocol.https=ALL-UNNAMED" />
    <vmarg name="--add-exports=jdk.management.agent/jdk.internal.agent=ALL-UNNAMED" />
    <vmarg name="--add-exports=java.base/jdk.internal.vm=ALL-UNNAMED" />
    <vmarg name="-Djava.class.path=/Users/joshua.ar/Desktop/LearningProjs/side-project/weather-service/target/liberty/wlp/bin/tools/ws-server.ja..." />
    <vmarg name="-Dsun.java.command=/Users/joshua.ar/Desktop/LearningProjs/side-project/weather-service/target/liberty/wlp/bin/tools/ws-server.j..." />
    <vmarg name="-Dsun.java.launcher=SUN_STANDARD" />
  </vmargs>
</initialized>

<exclusive-start id="2" timestamp="2024-12-13T11:26:21.786" intervalms="90.823">
  <response-info timems="0.007" idlems="0.005" threads="1" lastid="000000013804ED00" lastname="(unnamed thread)" />
</exclusive-start>
<af-start id="3" threadId="0000000128085390" totalBytesRequested="80" timestamp="2024-12-13T11:26:21.786" intervalms="90.859" type="nursery" />
<cycle-start id="4" type="scavenge" contextid="0" timestamp="2024-12-13T11:26:21.786" intervalms="90.890" />
<gc-start id="5" type="scavenge" contextid="4" timestamp="2024-12-13T11:26:21.786">
  <mem-info id="6" free="6051440" total="8388608" percent="72">
    <mem type="nursery" free="0" total="2097152" percent="0">
      <mem type="allocate" free="0" total="1048576" percent="0" />
      <mem type="survivor" free="0" total="1048576" percent="0" />
    </mem>
    <mem type="tenure" free="6051440" total="6291456" percent="96">
      <mem type="soa" free="5736048" total="5976064" percent="95" />
      <mem type="loa" free="315392" total="315392" percent="100" />
    </mem>
    <remembered-set count="2408" />
  </mem-info>
</gc-start>
<allocation-stats totalBytes="1287904" discardedBytes="688" >
  <allocated-bytes non-tlh="256416" tlh="1031488" />
  <largest-consumer threadName="main" threadId="0000000128084900" bytes="1287904" />
</allocation-stats>
<gc-op id="7" type="scavenge" timems="0.987" contextid="4" timestamp="2024-12-13T11:26:21.787">
  <scavenger-info tenureage="2" tenuremask="fffc" tiltratio="50" />
  <memory-copied type="nursery" objects="9530" bytes="619072" bytesdiscarded="95424" />
  <finalization candidates="8" enqueued="0" />
  <references type="soft" candidates="44" cleared="0" enqueued="0" dynamicThreshold="32" maxThreshold="32" />
  <references type="weak" candidates="111" cleared="10" enqueued="5" />
  <references type="phantom" candidates="3" cleared="0" enqueued="0" />
  <object-monitors candidates="1" cleared="0"  />
</gc-op>
<gc-end id="8" type="scavenge" contextid="4" durationms="1.027" usertimems="2.620" systemtimems="0.055" stalltimems="0.000" timestamp="2024-12-13T11:26:21.787" activeThreads="1">
  <mem-info id="9" free="6384912" total="8388608" percent="76">
    <mem type="nursery" free="333472" total="2097152" percent="15">
      <mem type="allocate" free="333472" total="1048576" percent="31" />
      <mem type="survivor" free="0" total="1048576" percent="0" />
    </mem>
    <mem type="tenure" free="6051440" total="6291456" percent="96">
      <mem type="soa" free="5736048" total="5976064" percent="95" />
      <mem type="loa" free="315392" total="315392" percent="100" />
    </mem>
    <pending-finalizers system="0" default="0" reference="5" classloader="0" />
    <remembered-set count="2408" />
  </mem-info>
</gc-end>
<cycle-end id="10" type="scavenge" contextid="4" timestamp="2024-12-13T11:26:21.787" />
<allocation-satisfied id="11" threadId="0000000128084900" bytesRequested="80" />
<af-end id="12" timestamp="2024-12-13T11:26:21.787" threadId="0000000128085390" success="true" from="nursery"/>
<exclusive-end id="13" timestamp="2024-12-13T11:26:21.787" durationms="1.157" />

<exclusive-start id="14" timestamp="2024-12-13T11:26:21.800" intervalms="14.382">
  <response-info timems="0.001" idlems="0.001" threads="0" lastid="000000013808EF00" lastname="Finalizer thread" />
</exclusive-start>
<af-start id="15" threadId="000000013808F990" totalBytesRequested="1040" timestamp="2024-12-13T11:26:21.800" intervalms="14.370" type="nursery" />
<cycle-start id="16" type="scavenge" contextid="0" timestamp="2024-12-13T11:26:21.800" intervalms="14.356" />
<gc-start id="17" type="scavenge" contextid="16" timestamp="2024-12-13T11:26:21.800">
  <mem-info id="18" free="6033824" total="8388608" percent="71">
    <mem type="nursery" free="0" total="2097152" percent="0">
      <mem type="allocate" free="0" total="1048576" percent="0" />
      <mem type="survivor" free="0" total="1048576" percent="0" />
    </mem>
    <mem type="tenure" free="6033824" total="6291456" percent="95">
      <mem type="soa" free="5718432" total="5976064" percent="95" />
      <mem type="loa" free="315392" total="315392" percent="100" />
    </mem>
    <pending-finalizers system="0" default="0" reference="1" classloader="0" />
    <remembered-set count="2585" />
  </mem-info>
</gc-start>
<allocation-stats totalBytes="350944" discardedBytes="144" >
  <allocated-bytes non-tlh="17696" tlh="333248" />
  <largest-consumer threadName="main" threadId="0000000128084900" bytes="345104" />
</allocation-stats>
<gc-op id="19" type="scavenge" timems="0.990" contextid="16" timestamp="2024-12-13T11:26:21.801">
  <scavenger-info tenureage="5" tenuremask="7fe0" tiltratio="50" />
  <memory-copied type="nursery" objects="11817" bytes="749576" bytesdiscarded="81528" />
  <finalization candidates="16" enqueued="0" />
  <ownableSynchronizers candidates="1" cleared="0" />
  <references type="soft" candidates="44" cleared="0" enqueued="0" dynamicThreshold="32" maxThreshold="32" />
  <references type="weak" candidates="465" cleared="197" enqueued="133" />
  <references type="phantom" candidates="3" cleared="0" enqueued="0" />
  <object-monitors candidates="1" cleared="0"  />
</gc-op>
<gc-end id="20" type="scavenge" contextid="16" durationms="1.027" usertimems="1.115" systemtimems="0.024" stalltimems="0.000" timestamp="2024-12-13T11:26:21.801" activeThreads="1">
  <mem-info id="21" free="6251296" total="8388608" percent="74">
    <mem type="nursery" free="217472" total="2097152" percent="10">
      <mem type="allocate" free="217472" total="1048576" percent="20" />
      <mem type="survivor" free="0" total="1048576" percent="0" />
    </mem>
    <mem type="tenure" free="6033824" total="6291456" percent="95">
      <mem type="soa" free="5718432" total="5976064" percent="95" />
      <mem type="loa" free="315392" total="315392" percent="100" />
    </mem>
    <pending-finalizers system="0" default="0" reference="134" classloader="0" />
    <remembered-set count="2585" />
  </mem-info>
</gc-end>
<cycle-end id="22" type="scavenge" contextid="16" timestamp="2024-12-13T11:26:21.801" />
<allocation-satisfied id="23" threadId="000000013808EF00" bytesRequested="1040" />
<af-end id="24" timestamp="2024-12-13T11:26:21.801" threadId="000000013808F990" success="true" from="nursery"/>
<exclusive-end id="25" timestamp="2024-12-13T11:26:21.801" durationms="1.109" />

<exclusive-start id="26" timestamp="2024-12-13T11:26:21.816" intervalms="15.180">
  <response-info timems="0.004" idlems="0.004" threads="0" lastid="0000000128084900" lastname="main" />
</exclusive-start>
<af-start id="27" threadId="0000000128085390" totalBytesRequested="41256" timestamp="2024-12-13T11:26:21.816" intervalms="15.200" type="nursery" />
<cycle-start id="28" type="scavenge" contextid="0" timestamp="2024-12-13T11:26:21.816" intervalms="15.207" />
<gc-start id="29" type="scavenge" contextid="28" timestamp="2024-12-13T11:26:21.816">
  <mem-info id="30" free="6042944" total="8388608" percent="72">
    <mem type="nursery" free="32112" total="2097152" percent="1">
      <mem type="allocate" free="32112" total="1048576" percent="3" />
      <mem type="survivor" free="0" total="1048576" percent="0" />
    </mem>
    <mem type="tenure" free="6010832" total="6291456" percent="95">
      <mem type="soa" free="5695440" total="5976064" percent="95" />
      <mem type="loa" free="315392" total="315392" percent="100" />
    </mem>
    <remembered-set count="2788" />
  </mem-info>
</gc-start>
<allocation-stats totalBytes="207328" discardedBytes="1024" >
  <allocated-bytes non-tlh="24032" tlh="183296" />
  <largest-consumer threadName="main" threadId="0000000128084900" bytes="158112" />
</allocation-stats>
<gc-op id="31" type="scavenge" timems="0.590" contextid="28" timestamp="2024-12-13T11:26:21.816">
  <scavenger-info tenureage="2" tenuremask="7ff4" tiltratio="50" />
  <memory-copied type="nursery" objects="2876" bytes="177664" bytesdiscarded="53504" />
  <memory-copied type="tenure" objects="9492" bytes="617592" bytesdiscarded="1168" />
  <finalization candidates="17" enqueued="0" />
  <ownableSynchronizers candidates="1" cleared="0" />
  <references type="soft" candidates="1" cleared="0" enqueued="0" dynamicThreshold="32" maxThreshold="32" />
  <references type="weak" candidates="331" cleared="103" enqueued="69" />
  <references type="phantom" candidates="11" cleared="0" enqueued="0" />
  <object-monitors candidates="1" cleared="0"  />
</gc-op>
<gc-end id="32" type="scavenge" contextid="28" durationms="0.641" usertimems="1.302" systemtimems="0.138" stalltimems="0.355" timestamp="2024-12-13T11:26:21.816" activeThreads="3">
  <mem-info id="33" free="6172800" total="8388608" percent="73">
    <mem type="nursery" free="817408" total="2097152" percent="38">
      <mem type="allocate" free="817408" total="1048576" percent="77" />
      <mem type="survivor" free="0" total="1048576" percent="0" />
    </mem>
    <mem type="tenure" free="5355392" total="6291456" percent="85">
      <mem type="soa" free="5040000" total="5976064" percent="84" />
      <mem type="loa" free="315392" total="315392" percent="100" />
    </mem>
    <pending-finalizers system="0" default="0" reference="69" classloader="0" />
    <remembered-set count="436" />
  </mem-info>
</gc-end>
<cycle-end id="34" type="scavenge" contextid="28" timestamp="2024-12-13T11:26:21.816" />
<allocation-satisfied id="35" threadId="0000000128084900" bytesRequested="41256" />
<af-end id="36" timestamp="2024-12-13T11:26:21.816" threadId="0000000128085390" success="true" from="nursery"/>
<exclusive-end id="37" timestamp="2024-12-13T11:26:21.816" durationms="0.754" />

<exclusive-start id="38" timestamp="2024-12-13T11:26:21.844" intervalms="28.250">
  <response-info timems="0.003" idlems="0.003" threads="0" lastid="0000000128084900" lastname="main" />
</exclusive-start>
<af-start id="39" threadId="0000000128085390" totalBytesRequested="11456" timestamp="2024-12-13T11:26:21.844" intervalms="28.243" type="nursery" />
<cycle-start id="40" type="scavenge" contextid="0" timestamp="2024-12-13T11:26:21.844" intervalms="28.251" />
<gc-start id="41" type="scavenge" contextid="40" timestamp="2024-12-13T11:26:21.844">
  <mem-info id="42" free="5292048" total="8388608" percent="63">
    <mem type="nursery" free="0" total="2097152" percent="0">
      <mem type="allocate" free="0" total="1048576" percent="0" />
      <mem type="survivor" free="0" total="1048576" percent="0" />
    </mem>
    <mem type="tenure" free="5292048" total="6291456" percent="84">
      <mem type="soa" free="4976656" total="5976064" percent="83" />
      <mem type="loa" free="315392" total="315392" percent="100" />
    </mem>
    <remembered-set count="1194" />
  </mem-info>
</gc-start>
<allocation-stats totalBytes="866168" discardedBytes="14584" >
  <allocated-bytes non-tlh="112808" tlh="753360" />
  <largest-consumer threadName="main" threadId="0000000128084900" bytes="782568" />
</allocation-stats>
<gc-op id="43" type="scavenge" timems="0.462" contextid="40" timestamp="2024-12-13T11:26:21.844">
  <scavenger-info tenureage="4" tenuremask="7ff0" tiltratio="50" />
  <memory-copied type="nursery" objects="4443" bytes="344784" bytesdiscarded="105824" />
  <finalization candidates="13" enqueued="0" />
  <ownableSynchronizers candidates="1" cleared="0" />
  <references type="soft" candidates="22" cleared="0" enqueued="0" dynamicThreshold="32" maxThreshold="32" />
  <references type="weak" candidates="419" cleared="122" enqueued="111" />
  <references type="phantom" candidates="18" cleared="1" enqueued="1" />
  <object-monitors candidates="1" cleared="0"  />
</gc-op>
<gc-end id="44" type="scavenge" contextid="40" durationms="0.544" usertimems="1.160" systemtimems="0.219" stalltimems="1.004" timestamp="2024-12-13T11:26:21.844" activeThreads="4">
  <mem-info id="45" free="5889984" total="8388608" percent="70">
    <mem type="nursery" free="597936" total="2097152" percent="28">
      <mem type="allocate" free="597936" total="1048576" percent="57" />
      <mem type="survivor" free="0" total="1048576" percent="0" />
    </mem>
    <mem type="tenure" free="5292048" total="6291456" percent="84">
      <mem type="soa" free="4976656" total="5976064" percent="83" />
      <mem type="loa" free="315392" total="315392" percent="100" />
    </mem>
    <pending-finalizers system="0" default="0" reference="112" classloader="0" />
    <remembered-set count="1070" />
  </mem-info>
</gc-end>
<cycle-end id="46" type="scavenge" contextid="40" timestamp="2024-12-13T11:26:21.844" />
<allocation-satisfied id="47" threadId="0000000128084900" bytesRequested="11456" />
<af-end id="48" timestamp="2024-12-13T11:26:21.844" threadId="0000000128085390" success="true" from="nursery"/>
<exclusive-end id="49" timestamp="2024-12-13T11:26:21.844" durationms="0.678" />

<exclusive-start id="50" timestamp="2024-12-13T11:26:21.881" intervalms="36.709">
  <response-info timems="0.005" idlems="0.005" threads="0" lastid="0000000128084900" lastname="main" />
</exclusive-start>
<af-start id="51" threadId="0000000128085390" totalBytesRequested="1040" timestamp="2024-12-13T11:26:21.881" intervalms="36.704" type="nursery" />
<cycle-start id="52" type="scavenge" contextid="0" timestamp="2024-12-13T11:26:21.881" intervalms="36.702" />
<gc-start id="53" type="scavenge" contextid="52" timestamp="2024-12-13T11:26:21.881">
  <mem-info id="54" free="5265520" total="8388608" percent="62">
    <mem type="nursery" free="0" total="2097152" percent="0">
      <mem type="allocate" free="0" total="1048576" percent="0" />
      <mem type="survivor" free="0" total="1048576" percent="0" />
    </mem>
    <mem type="tenure" free="5265520" total="6291456" percent="83">
      <mem type="soa" free="4950128" total="5976064" percent="82" />
      <mem type="loa" free="315392" total="315392" percent="100" />
    </mem>
    <remembered-set count="1319" />
  </mem-info>
</gc-start>
<allocation-stats totalBytes="622680" discardedBytes="1784" >
  <allocated-bytes non-tlh="37984" tlh="584696" />
  <largest-consumer threadName="main" threadId="0000000128084900" bytes="603112" />
</allocation-stats>
<gc-op id="55" type="scavenge" timems="0.558" contextid="52" timestamp="2024-12-13T11:26:21.881">
  <scavenger-info tenureage="3" tenuremask="7ff8" tiltratio="50" />
  <memory-copied type="nursery" objects="3020" bytes="265640" bytesdiscarded="71112" />
  <memory-copied type="tenure" objects="2176" bytes="124064" bytesdiscarded="232" />
  <finalization candidates="14" enqueued="0" />
  <ownableSynchronizers candidates="3" cleared="0" />
  <references type="soft" candidates="29" cleared="0" enqueued="0" dynamicThreshold="32" maxThreshold="32" />
  <references type="weak" candidates="247" cleared="80" enqueued="73" />
  <references type="phantom" candidates="18" cleared="0" enqueued="0" />
  <object-monitors candidates="1" cleared="0"  />
</gc-op>
<gc-end id="56" type="scavenge" contextid="52" durationms="0.625" usertimems="0.860" systemtimems="0.378" stalltimems="1.128" timestamp="2024-12-13T11:26:21.881" activeThreads="4">
  <mem-info id="57" free="5832176" total="8388608" percent="69">
    <mem type="nursery" free="711808" total="2097152" percent="33">
      <mem type="allocate" free="711808" total="1048576" percent="67" />
      <mem type="survivor" free="0" total="1048576" percent="0" />
    </mem>
    <mem type="tenure" free="5120368" total="6291456" percent="81">
      <mem type="soa" free="4804976" total="5976064" percent="80" />
      <mem type="loa" free="315392" total="315392" percent="100" />
    </mem>
    <pending-finalizers system="0" default="0" reference="73" classloader="0" />
    <remembered-set count="1125" />
  </mem-info>
</gc-end>
<cycle-end id="58" type="scavenge" contextid="52" timestamp="2024-12-13T11:26:21.881" />
<allocation-satisfied id="59" threadId="0000000128084900" bytesRequested="1040" />
<af-end id="60" timestamp="2024-12-13T11:26:21.881" threadId="0000000128085390" success="true" from="nursery"/>
<exclusive-end id="61" timestamp="2024-12-13T11:26:21.881" durationms="0.749" />

<exclusive-start id="62" timestamp="2024-12-13T11:26:21.900" intervalms="19.216">
  <response-info timems="0.003" idlems="0.003" threads="0" lastid="0000000128084900" lastname="main" />
</exclusive-start>
<af-start id="63" threadId="0000000128085390" totalBytesRequested="1416" timestamp="2024-12-13T11:26:21.900" intervalms="19.226" type="nursery" />
<cycle-start id="64" type="scavenge" contextid="0" timestamp="2024-12-13T11:26:21.900" intervalms="19.227" />
<gc-start id="65" type="scavenge" contextid="64" timestamp="2024-12-13T11:26:21.900">
  <mem-info id="66" free="5101584" total="8388608" percent="60">
    <mem type="nursery" free="0" total="2097152" percent="0">
      <mem type="allocate" free="0" total="1048576" percent="0" />
      <mem type="survivor" free="0" total="1048576" percent="0" />
    </mem>
    <mem type="tenure" free="5101584" total="6291456" percent="81">
      <mem type="soa" free="4786192" total="5976064" percent="80" />
      <mem type="loa" free="315392" total="315392" percent="100" />
    </mem>
    <remembered-set count="1340" />
  </mem-info>
</gc-start>
<allocation-stats totalBytes="728904" discardedBytes="1688" >
  <allocated-bytes non-tlh="19824" tlh="709080" />
  <largest-consumer threadName="main" threadId="0000000128084900" bytes="720712" />
</allocation-stats>
<gc-op id="67" type="scavenge" timems="0.399" contextid="64" timestamp="2024-12-13T11:26:21.900">
  <scavenger-info tenureage="3" tenuremask="fff8" tiltratio="50" />
  <memory-copied type="nursery" objects="3792" bytes="338168" bytesdiscarded="94024" />
  <memory-copied type="tenure" objects="655" bytes="51632" bytesdiscarded="680" />
  <finalization candidates="9" enqueued="0" />
  <ownableSynchronizers candidates="2" cleared="0" />
  <references type="soft" candidates="46" cleared="0" enqueued="0" dynamicThreshold="32" maxThreshold="32" />
  <references type="weak" candidates="195" cleared="49" enqueued="42" />
  <references type="phantom" candidates="7" cleared="0" enqueued="0" />
  <object-monitors candidates="1" cleared="0"  />
</gc-op>
<gc-end id="68" type="scavenge" contextid="64" durationms="0.483" usertimems="1.251" systemtimems="0.228" stalltimems="0.610" timestamp="2024-12-13T11:26:21.900" activeThreads="4">
  <mem-info id="69" free="5593280" total="8388608" percent="66">
    <mem type="nursery" free="616384" total="2097152" percent="29">
      <mem type="allocate" free="616384" total="1048576" percent="58" />
      <mem type="survivor" free="0" total="1048576" percent="0" />
    </mem>
    <mem type="tenure" free="4976896" total="6291456" percent="79">
      <mem type="soa" free="4661504" total="5976064" percent="78" />
      <mem type="loa" free="315392" total="315392" percent="100" />
    </mem>
    <pending-finalizers system="0" default="0" reference="42" classloader="0" />
    <remembered-set count="676" />
  </mem-info>
</gc-end>
<cycle-end id="70" type="scavenge" contextid="64" timestamp="2024-12-13T11:26:21.900" />
<allocation-satisfied id="71" threadId="0000000128084900" bytesRequested="1416" />
<af-end id="72" timestamp="2024-12-13T11:26:21.900" threadId="0000000128085390" success="true" from="nursery"/>
<exclusive-end id="73" timestamp="2024-12-13T11:26:21.900" durationms="0.639" />

<exclusive-start id="74" timestamp="2024-12-13T11:26:21.921" intervalms="21.400">
  <response-info timems="0.002" idlems="0.002" threads="0" lastid="0000000128084900" lastname="main" />
</exclusive-start>
<af-start id="75" threadId="0000000128085390" totalBytesRequested="32" timestamp="2024-12-13T11:26:21.921" intervalms="21.394" type="nursery" />
<cycle-start id="76" type="scavenge" contextid="0" timestamp="2024-12-13T11:26:21.921" intervalms="21.390" />
<gc-start id="77" type="scavenge" contextid="76" timestamp="2024-12-13T11:26:21.921">
  <mem-info id="78" free="4950984" total="8388608" percent="59">
    <mem type="nursery" free="0" total="2097152" percent="0">
      <mem type="allocate" free="0" total="1048576" percent="0" />
      <mem type="survivor" free="0" total="1048576" percent="0" />
    </mem>
    <mem type="tenure" free="4950984" total="6291456" percent="78">
      <mem type="soa" free="4635592" total="5976064" percent="77" />
      <mem type="loa" free="315392" total="315392" percent="100" />
    </mem>
    <remembered-set count="950" />
  </mem-info>
</gc-start>
<allocation-stats totalBytes="641376" discardedBytes="920" >
  <allocated-bytes non-tlh="117976" tlh="523400" />
  <largest-consumer threadName="main" threadId="0000000128084900" bytes="633184" />
</allocation-stats>
<gc-op id="79" type="scavenge" timems="0.342" contextid="76" timestamp="2024-12-13T11:26:21.922">
  <scavenger-info tenureage="2" tenuremask="7ffc" tiltratio="50" />
  <memory-copied type="nursery" objects="1455" bytes="101136" bytesdiscarded="23280" />
  <memory-copied type="tenure" objects="2111" bytes="189768" bytesdiscarded="320" />
  <finalization candidates="12" enqueued="0" />
  <ownableSynchronizers candidates="2" cleared="0" />
  <references type="soft" candidates="28" cleared="0" enqueued="0" dynamicThreshold="32" maxThreshold="32" />
  <references type="weak" candidates="119" cleared="35" enqueued="29" />
  <object-monitors candidates="1" cleared="0"  />
</gc-op>
<gc-end id="80" type="scavenge" contextid="76" durationms="0.400" usertimems="0.702" systemtimems="0.148" stalltimems="0.574" timestamp="2024-12-13T11:26:21.922" activeThreads="4">
  <mem-info id="81" free="5753232" total="8388608" percent="68">
    <mem type="nursery" free="989696" total="2097152" percent="47">
      <mem type="allocate" free="989696" total="1114112" percent="88" />
      <mem type="survivor" free="0" total="983040" percent="0" />
    </mem>
    <mem type="tenure" free="4763536" total="6291456" percent="75">
      <mem type="soa" free="4448144" total="5976064" percent="74" />
      <mem type="loa" free="315392" total="315392" percent="100" />
    </mem>
    <pending-finalizers system="0" default="0" reference="29" classloader="0" />
    <remembered-set count="573" />
  </mem-info>
</gc-end>
<cycle-end id="82" type="scavenge" contextid="76" timestamp="2024-12-13T11:26:21.922" />
<allocation-satisfied id="83" threadId="0000000128084900" bytesRequested="32" />
<af-end id="84" timestamp="2024-12-13T11:26:21.922" threadId="0000000128085390" success="true" from="nursery"/>
<exclusive-end id="85" timestamp="2024-12-13T11:26:21.922" durationms="0.513" />

<exclusive-start id="86" timestamp="2024-12-13T11:26:21.954" intervalms="32.815">
  <response-info timems="0.013" idlems="0.009" threads="1" lastid="000000013804ED00" lastname="IProfiler" />
</exclusive-start>
<af-start id="87" threadId="0000000128085390" totalBytesRequested="4840" timestamp="2024-12-13T11:26:21.954" intervalms="32.814" type="nursery" />
<cycle-start id="88" type="scavenge" contextid="0" timestamp="2024-12-13T11:26:21.954" intervalms="32.816" />
<gc-start id="89" type="scavenge" contextid="88" timestamp="2024-12-13T11:26:21.954">
  <mem-info id="90" free="4599080" total="8388608" percent="54">
    <mem type="nursery" free="0" total="2097152" percent="0">
      <mem type="allocate" free="0" total="1114112" percent="0" />
      <mem type="survivor" free="0" total="983040" percent="0" />
    </mem>
    <mem type="tenure" free="4599080" total="6291456" percent="73">
      <mem type="soa" free="4283688" total="5976064" percent="71" />
      <mem type="loa" free="315392" total="315392" percent="100" />
    </mem>
    <remembered-set count="2651" />
  </mem-info>
</gc-start>
<allocation-stats totalBytes="1149864" discardedBytes="4288" >
  <allocated-bytes non-tlh="200616" tlh="949248" />
  <largest-consumer threadName="main" threadId="0000000128084900" bytes="1141672" />
</allocation-stats>
<gc-op id="91" type="scavenge" timems="0.420" contextid="88" timestamp="2024-12-13T11:26:21.954">
  <scavenger-info tenureage="3" tenuremask="fff8" tiltratio="53" />
  <memory-copied type="nursery" objects="7944" bytes="527880" bytesdiscarded="129968" />
  <finalization candidates="8" enqueued="0" />
  <references type="soft" candidates="77" cleared="0" enqueued="0" dynamicThreshold="32" maxThreshold="32" />
  <references type="weak" candidates="251" cleared="55" enqueued="37" />
  <references type="phantom" candidates="2" cleared="0" enqueued="0" />
  <object-monitors candidates="1" cleared="0"  />
</gc-op>
<gc-end id="92" type="scavenge" contextid="88" durationms="0.488" usertimems="1.094" systemtimems="0.185" stalltimems="0.473" timestamp="2024-12-13T11:26:21.955" activeThreads="4">
  <mem-info id="93" free="4989808" total="8388608" percent="59">
    <mem type="nursery" free="390728" total="2097152" percent="18">
      <mem type="allocate" free="390728" total="1048576" percent="37" />
      <mem type="survivor" free="0" total="1048576" percent="0" />
    </mem>
    <mem type="tenure" free="4599080" total="6291456" percent="73">
      <mem type="soa" free="4283688" total="5976064" percent="71" />
      <mem type="loa" free="315392" total="315392" percent="100" />
    </mem>
    <pending-finalizers system="0" default="0" reference="37" classloader="0" />
    <remembered-set count="2479" />
  </mem-info>
</gc-end>
<cycle-end id="94" type="scavenge" contextid="88" timestamp="2024-12-13T11:26:21.955" />
<allocation-satisfied id="95" threadId="0000000128084900" bytesRequested="4840" />
<af-end id="96" timestamp="2024-12-13T11:26:21.955" threadId="0000000128085390" success="true" from="nursery"/>
<exclusive-end id="97" timestamp="2024-12-13T11:26:21.955" durationms="0.626" />

<exclusive-start id="98" timestamp="2024-12-13T11:26:21.967" intervalms="12.570">
  <response-info timems="0.005" idlems="0.005" threads="0" lastid="0000000128084900" lastname="main" />
</exclusive-start>
<af-start id="99" threadId="0000000128085390" totalBytesRequested="1968" timestamp="2024-12-13T11:26:21.967" intervalms="12.561" type="nursery" />
<cycle-start id="100" type="scavenge" contextid="0" timestamp="2024-12-13T11:26:21.967" intervalms="12.556" />
<gc-start id="101" type="scavenge" contextid="100" timestamp="2024-12-13T11:26:21.967">
  <mem-info id="102" free="4584312" total="8388608" percent="54">
    <mem type="nursery" free="0" total="2097152" percent="0">
      <mem type="allocate" free="0" total="1048576" percent="0" />
      <mem type="survivor" free="0" total="1048576" percent="0" />
    </mem>
    <mem type="tenure" free="4584312" total="6291456" percent="72">
      <mem type="soa" free="4268920" total="5976064" percent="71" />
      <mem type="loa" free="315392" total="315392" percent="100" />
    </mem>
    <remembered-set count="2658" />
  </mem-info>
</gc-start>
<allocation-stats totalBytes="403312" discardedBytes="2184" >
  <allocated-bytes non-tlh="19608" tlh="383704" />
  <largest-consumer threadName="main" threadId="0000000128084900" bytes="383744" />
</allocation-stats>
<gc-op id="103" type="scavenge" timems="0.492" contextid="100" timestamp="2024-12-13T11:26:21.967">
  <scavenger-info tenureage="2" tenuremask="7ffc" tiltratio="50" />
  <memory-copied type="nursery" objects="10758" bytes="724616" bytesdiscarded="204664" />
  <memory-copied type="tenure" objects="1306" bytes="89912" bytesdiscarded="248" />
  <finalization candidates="8" enqueued="0" />
  <references type="soft" candidates="49" cleared="0" enqueued="0" dynamicThreshold="32" maxThreshold="32" />
  <references type="weak" candidates="112" cleared="0" enqueued="0" />
  <references type="phantom" candidates="1" cleared="0" enqueued="0" />
  <object-monitors candidates="1" cleared="0"  />
</gc-op>
<gc-end id="104" type="scavenge" contextid="100" durationms="0.559" usertimems="1.359" systemtimems="0.175" stalltimems="0.483" timestamp="2024-12-13T11:26:21.967" activeThreads="4">
  <mem-info id="105" free="4524888" total="8388608" percent="53">
    <mem type="nursery" free="119296" total="2097152" percent="5">
      <mem type="allocate" free="119296" total="1048576" percent="11" />
      <mem type="survivor" free="0" total="1048576" percent="0" />
    </mem>
    <mem type="tenure" free="4405592" total="6291456" percent="70">
      <mem type="soa" free="4090200" total="5976064" percent="68" />
      <mem type="loa" free="315392" total="315392" percent="100" />
    </mem>
    <remembered-set count="2340" />
  </mem-info>
</gc-end>
<cycle-end id="106" type="scavenge" contextid="100" timestamp="2024-12-13T11:26:21.967" />
<allocation-satisfied id="107" threadId="0000000128084900" bytesRequested="1968" />
<af-end id="108" timestamp="2024-12-13T11:26:21.967" threadId="0000000128085390" success="true" from="nursery"/>
<exclusive-end id="109" timestamp="2024-12-13T11:26:21.967" durationms="0.676" />

<exclusive-start id="110" timestamp="2024-12-13T11:26:21.970" intervalms="3.873">
  <response-info timems="0.004" idlems="0.004" threads="0" lastid="0000000128084900" lastname="main" />
</exclusive-start>
<af-start id="111" threadId="0000000128085390" totalBytesRequested="64" timestamp="2024-12-13T11:26:21.970" intervalms="3.864" type="nursery" />
<cycle-start id="112" type="scavenge" contextid="0" timestamp="2024-12-13T11:26:21.970" intervalms="3.858" />
<gc-start id="113" type="scavenge" contextid="112" timestamp="2024-12-13T11:26:21.970">
  <mem-info id="114" free="4289808" total="8388608" percent="51">
    <mem type="nursery" free="0" total="2097152" percent="0">
      <mem type="allocate" free="0" total="1048576" percent="0" />
      <mem type="survivor" free="0" total="1048576" percent="0" />
    </mem>
    <mem type="tenure" free="4289808" total="6291456" percent="68">
      <mem type="soa" free="3974416" total="5976064" percent="66" />
      <mem type="loa" free="315392" total="315392" percent="100" />
    </mem>
    <remembered-set count="4404" />
  </mem-info>
</gc-start>
<allocation-stats totalBytes="235000" discardedBytes="80" >
  <allocated-bytes non-tlh="117752" tlh="117248" />
  <largest-consumer threadName="main" threadId="0000000128084900" bytes="235000" />
</allocation-stats>
<gc-op id="115" type="scavenge" timems="0.427" contextid="112" timestamp="2024-12-13T11:26:21.971">
  <scavenger-info tenureage="1" tenuremask="7ffe" tiltratio="50" />
  <memory-copied type="nursery" objects="1844" bytes="106720" bytesdiscarded="255008" />
  <memory-copied type="tenure" objects="10754" bytes="723152" bytesdiscarded="928" />
  <finalization candidates="1" enqueued="0" />
  <references type="soft" candidates="5" cleared="0" enqueued="0" dynamicThreshold="32" maxThreshold="32" />
  <object-monitors candidates="1" cleared="0"  />
</gc-op>
<heap-resize id="116" type="expand" space="nursery" amount="262144" count="1" timems="0.016" reason="excessive time being spent scavenging" timestamp="2024-12-13T11:26:21.971" />
<gc-end id="117" type="scavenge" contextid="112" durationms="0.521" usertimems="1.399" systemtimems="0.259" stalltimems="0.449" timestamp="2024-12-13T11:26:21.971" activeThreads="5">
  <mem-info id="118" free="4281728" total="8650752" percent="49">
    <mem type="nursery" free="817920" total="2359296" percent="34">
      <mem type="allocate" free="817920" total="1179648" percent="69" />
      <mem type="survivor" free="0" total="1179648" percent="0" />
    </mem>
    <mem type="tenure" free="3463808" total="6291456" percent="55">
      <mem type="soa" free="3148416" total="5976064" percent="52" />
      <mem type="loa" free="315392" total="315392" percent="100" />
    </mem>
    <remembered-set count="2325" />
  </mem-info>
</gc-end>
<cycle-end id="119" type="scavenge" contextid="112" timestamp="2024-12-13T11:26:21.971" />
<allocation-satisfied id="120" threadId="0000000128084900" bytesRequested="64" />
<af-end id="121" timestamp="2024-12-13T11:26:21.971" threadId="0000000128085390" success="true" from="nursery"/>
<exclusive-end id="122" timestamp="2024-12-13T11:26:21.971" durationms="0.612" />

<exclusive-start id="123" timestamp="2024-12-13T11:26:21.988" intervalms="17.626">
  <response-info timems="0.004" idlems="0.002" threads="1" lastid="000000013804ED00" lastname="IProfiler" />
</exclusive-start>
<af-start id="124" threadId="0000000128085390" totalBytesRequested="152" timestamp="2024-12-13T11:26:21.988" intervalms="17.642" type="nursery" />
<cycle-start id="125" type="scavenge" contextid="0" timestamp="2024-12-13T11:26:21.988" intervalms="17.651" />
<gc-start id="126" type="scavenge" contextid="125" timestamp="2024-12-13T11:26:21.988">
  <mem-info id="127" free="3456880" total="8650752" percent="39">
    <mem type="nursery" free="0" total="2359296" percent="0">
      <mem type="allocate" free="0" total="1179648" percent="0" />
      <mem type="survivor" free="0" total="1179648" percent="0" />
    </mem>
    <mem type="tenure" free="3456880" total="6291456" percent="54">
      <mem type="soa" free="3141488" total="5976064" percent="52" />
      <mem type="loa" free="315392" total="315392" percent="100" />
    </mem>
    <remembered-set count="2412" />
  </mem-info>
</gc-start>
<allocation-stats totalBytes="824416" discardedBytes="432" >
  <allocated-bytes non-tlh="130512" tlh="693904" />
  <largest-consumer threadName="main" threadId="0000000128084900" bytes="824416" />
</allocation-stats>
<gc-op id="128" type="scavenge" timems="0.364" contextid="125" timestamp="2024-12-13T11:26:21.989">
  <scavenger-info tenureage="2" tenuremask="7ffc" tiltratio="50" />
  <memory-copied type="nursery" objects="2231" bytes="244680" bytesdiscarded="47456" />
  <ownableSynchronizers candidates="1" cleared="0" />
  <references type="soft" candidates="9" cleared="0" enqueued="0" dynamicThreshold="32" maxThreshold="32" />
  <references type="weak" candidates="65" cleared="46" enqueued="43" />
  <references type="phantom" candidates="3" cleared="0" enqueued="0" />
  <object-monitors candidates="1" cleared="0"  />
</gc-op>
<gc-end id="129" type="scavenge" contextid="125" durationms="0.437" usertimems="0.621" systemtimems="0.433" stalltimems="1.291" timestamp="2024-12-13T11:26:21.989" activeThreads="6">
  <mem-info id="130" free="4541000" total="8650752" percent="52">
    <mem type="nursery" free="1084120" total="2359296" percent="45">
      <mem type="allocate" free="1084120" total="1376256" percent="78" />
      <mem type="survivor" free="0" total="983040" percent="0" />
    </mem>
    <mem type="tenure" free="3456880" total="6291456" percent="54">
      <mem type="soa" free="3141488" total="5976064" percent="52" />
      <mem type="loa" free="315392" total="315392" percent="100" />
    </mem>
    <pending-finalizers system="0" default="0" reference="43" classloader="0" />
    <remembered-set count="2233" />
  </mem-info>
</gc-end>
<cycle-end id="131" type="scavenge" contextid="125" timestamp="2024-12-13T11:26:21.989" />
<allocation-satisfied id="132" threadId="0000000128084900" bytesRequested="152" />
<af-end id="133" timestamp="2024-12-13T11:26:21.989" threadId="0000000128085390" success="true" from="nursery"/>
<exclusive-end id="134" timestamp="2024-12-13T11:26:21.989" durationms="0.558" />

<exclusive-start id="135" timestamp="2024-12-13T11:26:22.010" intervalms="21.602">
  <response-info timems="0.005" idlems="0.003" threads="1" lastid="000000013804ED00" lastname="IProfiler" />
</exclusive-start>
<af-start id="136" threadId="0000000128085390" totalBytesRequested="4576" timestamp="2024-12-13T11:26:22.010" intervalms="21.611" type="nursery" />
<cycle-start id="137" type="scavenge" contextid="0" timestamp="2024-12-13T11:26:22.010" intervalms="21.611" />
<gc-start id="138" type="scavenge" contextid="137" timestamp="2024-12-13T11:26:22.010">
  <mem-info id="139" free="3426768" total="8650752" percent="39">
    <mem type="nursery" free="0" total="2359296" percent="0">
      <mem type="allocate" free="0" total="1376256" percent="0" />
      <mem type="survivor" free="0" total="983040" percent="0" />
    </mem>
    <mem type="tenure" free="3426768" total="6291456" percent="54">
      <mem type="soa" free="3111376" total="5976064" percent="52" />
      <mem type="loa" free="315392" total="315392" percent="100" />
    </mem>
    <remembered-set count="2568" />
  </mem-info>
</gc-start>
<allocation-stats totalBytes="1097376" discardedBytes="16856" >
  <allocated-bytes non-tlh="30264" tlh="1067112" />
  <largest-consumer threadName="main" threadId="0000000128084900" bytes="1093280" />
</allocation-stats>
<gc-op id="140" type="scavenge" timems="0.345" contextid="137" timestamp="2024-12-13T11:26:22.010">
  <scavenger-info tenureage="2" tenuremask="7ffc" tiltratio="58" />
  <memory-copied type="nursery" objects="2822" bytes="328592" bytesdiscarded="134896" />
  <memory-copied type="tenure" objects="1244" bytes="82744" bytesdiscarded="520" />
  <finalization candidates="1" enqueued="0" />
  <ownableSynchronizers candidates="3" cleared="0" />
  <references type="soft" candidates="11" cleared="0" enqueued="0" dynamicThreshold="32" maxThreshold="32" />
  <references type="weak" candidates="498" cleared="222" enqueued="185" />
  <references type="phantom" candidates="13" cleared="2" enqueued="2" />
  <object-monitors candidates="1" cleared="0"  />
</gc-op>
<gc-end id="141" type="scavenge" contextid="137" durationms="0.402" usertimems="0.683" systemtimems="0.243" stalltimems="0.817" timestamp="2024-12-13T11:26:22.010" activeThreads="5">
  <mem-info id="142" free="4470576" total="8650752" percent="51">
    <mem type="nursery" free="1043808" total="2359296" percent="44">
      <mem type="allocate" free="1043808" total="1507328" percent="69" />
      <mem type="survivor" free="0" total="851968" percent="0" />
    </mem>
    <mem type="tenure" free="3426768" total="6291456" percent="54">
      <mem type="soa" free="3111376" total="5976064" percent="52" />
      <mem type="loa" free="315392" total="315392" percent="100" />
    </mem>
    <pending-finalizers system="0" default="0" reference="187" classloader="0" />
    <remembered-set count="540" />
  </mem-info>
</gc-end>
<cycle-end id="143" type="scavenge" contextid="137" timestamp="2024-12-13T11:26:22.010" />
<allocation-satisfied id="144" threadId="0000000128084900" bytesRequested="4576" />
<af-end id="145" timestamp="2024-12-13T11:26:22.010" threadId="0000000128085390" success="true" from="nursery"/>
<exclusive-end id="146" timestamp="2024-12-13T11:26:22.010" durationms="0.528" />

<exclusive-start id="147" timestamp="2024-12-13T11:26:22.051" intervalms="40.954">
  <response-info timems="0.004" idlems="0.004" threads="0" lastid="0000000128084900" lastname="main" />
</exclusive-start>
<af-start id="148" threadId="0000000128085390" totalBytesRequested="9768" timestamp="2024-12-13T11:26:22.051" intervalms="40.961" type="nursery" />
<cycle-start id="149" type="scavenge" contextid="0" timestamp="2024-12-13T11:26:22.051" intervalms="40.974" />
<gc-start id="150" type="scavenge" contextid="149" timestamp="2024-12-13T11:26:22.051">
  <mem-info id="151" free="3305360" total="8650752" percent="38">
    <mem type="nursery" free="0" total="2359296" percent="0">
      <mem type="allocate" free="0" total="1507328" percent="0" />
      <mem type="survivor" free="0" total="851968" percent="0" />
    </mem>
    <mem type="tenure" free="3305360" total="6291456" percent="52">
      <mem type="soa" free="2989968" total="5976064" percent="50" />
      <mem type="loa" free="315392" total="315392" percent="100" />
    </mem>
    <remembered-set count="1963" />
  </mem-info>
</gc-start>
<allocation-stats totalBytes="1155832" discardedBytes="9384" >
  <allocated-bytes non-tlh="125984" tlh="1029848" />
  <largest-consumer threadName="main" threadId="0000000128084900" bytes="1144520" />
</allocation-stats>
<gc-op id="152" type="scavenge" timems="0.456" contextid="149" timestamp="2024-12-13T11:26:22.051">
  <scavenger-info tenureage="2" tenuremask="7ffc" tiltratio="63" />
  <memory-copied type="nursery" objects="7874" bytes="457752" bytesdiscarded="43064" />
  <memory-copied type="tenure" objects="685" bytes="147152" bytesdiscarded="0" />
  <finalization candidates="7" enqueued="0" />
  <ownableSynchronizers candidates="5" cleared="0" />
  <references type="soft" candidates="398" cleared="0" enqueued="0" dynamicThreshold="32" maxThreshold="32" />
  <references type="weak" candidates="578" cleared="134" enqueued="101" />
  <references type="phantom" candidates="9" cleared="0" enqueued="0" />
  <object-monitors candidates="4" cleared="0"  />
</gc-op>
<gc-end id="153" type="scavenge" contextid="149" durationms="0.530" usertimems="1.123" systemtimems="0.239" stalltimems="0.955" timestamp="2024-12-13T11:26:22.051" activeThreads="5">
  <mem-info id="154" free="4208384" total="8650752" percent="48">
    <mem type="nursery" free="1072008" total="2359296" percent="45">
      <mem type="allocate" free="1072008" total="1572864" percent="68" />
      <mem type="survivor" free="0" total="786432" percent="0" />
    </mem>
    <mem type="tenure" free="3136376" total="6291456" percent="49">
      <mem type="soa" free="2820984" total="5976064" percent="47" />
      <mem type="loa" free="315392" total="315392" percent="100" />
    </mem>
    <pending-finalizers system="0" default="0" reference="101" classloader="0" />
    <remembered-set count="1849" />
  </mem-info>
</gc-end>
<cycle-end id="155" type="scavenge" contextid="149" timestamp="2024-12-13T11:26:22.051" />
<allocation-satisfied id="156" threadId="0000000128084900" bytesRequested="9768" />
<af-end id="157" timestamp="2024-12-13T11:26:22.051" threadId="0000000128085390" success="true" from="nursery"/>
<exclusive-end id="158" timestamp="2024-12-13T11:26:22.051" durationms="0.689" />

<exclusive-start id="159" timestamp="2024-12-13T11:26:22.329" intervalms="278.502">
  <response-info timems="0.003" idlems="0.003" threads="0" lastid="0000000128084900" lastname="main" />
</exclusive-start>
<af-start id="160" threadId="0000000128085390" totalBytesRequested="2944" timestamp="2024-12-13T11:26:22.329" intervalms="278.484" type="nursery" />
<cycle-start id="161" type="scavenge" contextid="0" timestamp="2024-12-13T11:26:22.329" intervalms="278.476" />
<gc-start id="162" type="scavenge" contextid="161" timestamp="2024-12-13T11:26:22.329">
  <mem-info id="163" free="3079488" total="8650752" percent="35">
    <mem type="nursery" free="0" total="2359296" percent="0">
      <mem type="allocate" free="0" total="1572864" percent="0" />
      <mem type="survivor" free="0" total="786432" percent="0" />
    </mem>
    <mem type="tenure" free="3079488" total="6291456" percent="48">
      <mem type="soa" free="2764096" total="5976064" percent="46" />
      <mem type="loa" free="315392" total="315392" percent="100" />
    </mem>
    <remembered-set count="2454" />
  </mem-info>
</gc-start>
<allocation-stats totalBytes="1118600" discardedBytes="10296" >
  <allocated-bytes non-tlh="66656" tlh="1051944" />
  <largest-consumer threadName="main" threadId="0000000128084900" bytes="1099032" />
</allocation-stats>
<gc-op id="164" type="scavenge" timems="0.525" contextid="161" timestamp="2024-12-13T11:26:22.330">
  <scavenger-info tenureage="2" tenuremask="7ffc" tiltratio="66" />
  <memory-copied type="nursery" objects="9046" bytes="542936" bytesdiscarded="117256" />
  <memory-copied type="tenure" objects="1556" bytes="144416" bytesdiscarded="32" />
  <finalization candidates="41" enqueued="0" />
  <ownableSynchronizers candidates="4" cleared="0" />
  <references type="soft" candidates="405" cleared="0" enqueued="0" dynamicThreshold="32" maxThreshold="32" />
  <references type="weak" candidates="1024" cleared="354" enqueued="256" />
  <references type="phantom" candidates="2" cleared="0" enqueued="0" />
  <object-monitors candidates="4" cleared="0"  />
</gc-op>
<gc-end id="165" type="scavenge" contextid="161" durationms="0.624" usertimems="2.777" systemtimems="0.262" stalltimems="0.699" timestamp="2024-12-13T11:26:22.330" activeThreads="5">
  <mem-info id="166" free="3827144" total="8650752" percent="44">
    <mem type="nursery" free="912624" total="2359296" percent="38">
      <mem type="allocate" free="912624" total="1572864" percent="58" />
      <mem type="survivor" free="0" total="786432" percent="0" />
    </mem>
    <mem type="tenure" free="2914520" total="6291456" percent="46">
      <mem type="soa" free="2599128" total="5976064" percent="43" />
      <mem type="loa" free="315392" total="315392" percent="100" />
    </mem>
    <pending-finalizers system="0" default="0" reference="256" classloader="0" />
    <remembered-set count="2139" />
  </mem-info>
</gc-end>
<cycle-end id="167" type="scavenge" contextid="161" timestamp="2024-12-13T11:26:22.330" />
<allocation-satisfied id="168" threadId="0000000128084900" bytesRequested="2944" />
<af-end id="169" timestamp="2024-12-13T11:26:22.330" threadId="0000000128085390" success="true" from="nursery"/>
<exclusive-end id="170" timestamp="2024-12-13T11:26:22.330" durationms="0.772" />

<exclusive-start id="171" timestamp="2024-12-13T11:26:22.352" intervalms="22.964">
  <response-info timems="0.069" idlems="0.036" threads="1" lastid="0000000128099300" lastname="JIT Compilation Thread-000" />
</exclusive-start>
<af-start id="172" threadId="0000000128085390" totalBytesRequested="16400" timestamp="2024-12-13T11:26:22.352" intervalms="22.966" type="nursery" />
<cycle-start id="173" type="scavenge" contextid="0" timestamp="2024-12-13T11:26:22.352" intervalms="22.967" />
<gc-start id="174" type="scavenge" contextid="173" timestamp="2024-12-13T11:26:22.352">
  <mem-info id="175" free="2870824" total="8650752" percent="33">
    <mem type="nursery" free="0" total="2359296" percent="0">
      <mem type="allocate" free="0" total="1572864" percent="0" />
      <mem type="survivor" free="0" total="786432" percent="0" />
    </mem>
    <mem type="tenure" free="2870824" total="6291456" percent="45">
      <mem type="soa" free="2555432" total="5976064" percent="42" />
      <mem type="loa" free="315392" total="315392" percent="100" />
    </mem>
    <remembered-set count="2638" />
  </mem-info>
</gc-start>
<allocation-stats totalBytes="933640" discardedBytes="22680" >
  <allocated-bytes non-tlh="140432" tlh="793208" />
  <largest-consumer threadName="main" threadId="0000000128084900" bytes="925448" />
</allocation-stats>
<gc-op id="176" type="scavenge" timems="0.607" contextid="173" timestamp="2024-12-13T11:26:22.353">
  <scavenger-info tenureage="1" tenuremask="7ffe" tiltratio="66" />
  <memory-copied type="nursery" objects="1866" bytes="211248" bytesdiscarded="295984" />
  <memory-copied type="tenure" objects="8766" bytes="528824" bytesdiscarded="976" />
  <finalization candidates="42" enqueued="1" />
  <ownableSynchronizers candidates="6" cleared="0" />
  <references type="soft" candidates="20" cleared="0" enqueued="0" dynamicThreshold="32" maxThreshold="32" />
  <references type="weak" candidates="176" cleared="131" enqueued="124" />
  <references type="phantom" candidates="4" cleared="1" enqueued="1" />
  <object-monitors candidates="5" cleared="0"  />
</gc-op>
<gc-end id="177" type="scavenge" contextid="173" durationms="0.690" usertimems="1.663" systemtimems="0.514" stalltimems="1.050" timestamp="2024-12-13T11:26:22.353" activeThreads="5">
  <mem-info id="178" free="3392128" total="8650752" percent="39">
    <mem type="nursery" free="1131128" total="2359296" percent="47">
      <mem type="allocate" free="1131128" total="1638400" percent="69" />
      <mem type="survivor" free="0" total="720896" percent="0" />
    </mem>
    <mem type="tenure" free="2261000" total="6291456" percent="35">
      <mem type="soa" free="1945608" total="5976064" percent="32" />
      <mem type="loa" free="315392" total="315392" percent="100" />
    </mem>
    <pending-finalizers system="1" default="0" reference="125" classloader="0" />
    <remembered-set count="1202" />
  </mem-info>
</gc-end>
<cycle-end id="179" type="scavenge" contextid="173" timestamp="2024-12-13T11:26:22.353" />
<allocation-satisfied id="180" threadId="0000000128084900" bytesRequested="16400" />
<af-end id="181" timestamp="2024-12-13T11:26:22.353" threadId="0000000128085390" success="true" from="nursery"/>
<exclusive-end id="182" timestamp="2024-12-13T11:26:22.353" durationms="0.843" />

<exclusive-start id="183" timestamp="2024-12-13T11:26:22.382" intervalms="29.800">
  <response-info timems="0.004" idlems="0.002" threads="1" lastid="000000013804ED00" lastname="IProfiler" />
</exclusive-start>
<af-start id="184" threadId="0000000128085390" totalBytesRequested="1456" timestamp="2024-12-13T11:26:22.382" intervalms="29.811" type="nursery" />
<cycle-start id="185" type="scavenge" contextid="0" timestamp="2024-12-13T11:26:22.382" intervalms="29.819" />
<gc-start id="186" type="scavenge" contextid="185" timestamp="2024-12-13T11:26:22.382">
  <mem-info id="187" free="2212056" total="8650752" percent="25">
    <mem type="nursery" free="0" total="2359296" percent="0">
      <mem type="allocate" free="0" total="1638400" percent="0" />
      <mem type="survivor" free="0" total="720896" percent="0" />
    </mem>
    <mem type="tenure" free="2212056" total="6291456" percent="35">
      <mem type="soa" free="1896664" total="5976064" percent="31" />
      <mem type="loa" free="315392" total="315392" percent="100" />
    </mem>
    <remembered-set count="1748" />
  </mem-info>
</gc-start>
<allocation-stats totalBytes="1167112" discardedBytes="12960" >
  <allocated-bytes non-tlh="65344" tlh="1101768" />
  <largest-consumer threadName="main" threadId="0000000128084900" bytes="1158920" />
</allocation-stats>
<gc-op id="188" type="scavenge" timems="0.426" contextid="185" timestamp="2024-12-13T11:26:22.382">
  <scavenger-info tenureage="1" tenuremask="7ffe" tiltratio="69" />
  <memory-copied type="nursery" objects="2221" bytes="113160" bytesdiscarded="36840" />
  <memory-copied type="tenure" objects="1412" bytes="170720" bytesdiscarded="64" />
  <finalization candidates="1" enqueued="0" />
  <ownableSynchronizers candidates="4" cleared="0" />
  <references type="soft" candidates="40" cleared="0" enqueued="0" dynamicThreshold="32" maxThreshold="32" />
  <references type="weak" candidates="113" cleared="84" enqueued="77" />
  <object-monitors candidates="5" cleared="0"  />
</gc-op>
<gc-end id="189" type="scavenge" contextid="185" durationms="0.488" usertimems="1.600" systemtimems="0.202" stalltimems="0.952" timestamp="2024-12-13T11:26:22.382" activeThreads="5">
  <mem-info id="190" free="3617688" total="8650752" percent="41">
    <mem type="nursery" free="1553904" total="2359296" percent="65">
      <mem type="allocate" free="1553904" total="1703936" percent="91" />
      <mem type="survivor" free="0" total="655360" percent="0" />
    </mem>
    <mem type="tenure" free="2063784" total="6291456" percent="32">
      <mem type="soa" free="1748392" total="5976064" percent="29" />
      <mem type="loa" free="315392" total="315392" percent="100" />
    </mem>
    <pending-finalizers system="0" default="0" reference="77" classloader="0" />
    <remembered-set count="1093" />
  </mem-info>
</gc-end>
<cycle-end id="191" type="scavenge" contextid="185" timestamp="2024-12-13T11:26:22.382" />
<allocation-satisfied id="192" threadId="0000000128084900" bytesRequested="1456" />
<af-end id="193" timestamp="2024-12-13T11:26:22.382" threadId="0000000128085390" success="true" from="nursery"/>
<exclusive-end id="194" timestamp="2024-12-13T11:26:22.382" durationms="0.652" />

<exclusive-start id="195" timestamp="2024-12-13T11:26:22.417" intervalms="35.252">
  <response-info timems="0.003" idlems="0.003" threads="0" lastid="0000000128084900" lastname="main" />
</exclusive-start>
<af-start id="196" threadId="0000000128085390" totalBytesRequested="3376" timestamp="2024-12-13T11:26:22.417" intervalms="35.244" type="nursery" />
<cycle-start id="197" type="scavenge" contextid="0" timestamp="2024-12-13T11:26:22.417" intervalms="35.234" />
<gc-start id="198" type="scavenge" contextid="197" timestamp="2024-12-13T11:26:22.417">
  <mem-info id="199" free="2019848" total="8650752" percent="23">
    <mem type="nursery" free="0" total="2359296" percent="0">
      <mem type="allocate" free="0" total="1703936" percent="0" />
      <mem type="survivor" free="0" total="655360" percent="0" />
    </mem>
    <mem type="tenure" free="2019848" total="6291456" percent="32">
      <mem type="soa" free="1704456" total="5976064" percent="28" />
      <mem type="loa" free="315392" total="315392" percent="100" />
    </mem>
    <remembered-set count="1512" />
  </mem-info>
</gc-start>
<allocation-stats totalBytes="1584880" discardedBytes="12960" >
  <allocated-bytes non-tlh="125680" tlh="1459200" />
  <largest-consumer threadName="main" threadId="0000000128084900" bytes="1576688" />
</allocation-stats>
<gc-op id="200" type="scavenge" timems="0.475" contextid="197" timestamp="2024-12-13T11:26:22.418">
  <scavenger-info tenureage="2" tenuremask="7ffc" tiltratio="72" />
  <memory-copied type="nursery" objects="3997" bytes="221296" bytesdiscarded="60536" />
  <finalization candidates="2" enqueued="0" />
  <ownableSynchronizers candidates="3" cleared="0" />
  <references type="soft" candidates="77" cleared="0" enqueued="0" dynamicThreshold="32" maxThreshold="32" />
  <references type="weak" candidates="252" cleared="148" enqueued="132" />
  <references type="phantom" candidates="2" cleared="1" enqueued="1" />
  <object-monitors candidates="5" cleared="0"  />
</gc-op>
<gc-end id="201" type="scavenge" contextid="197" durationms="0.561" usertimems="0.944" systemtimems="0.323" stalltimems="1.217" timestamp="2024-12-13T11:26:22.418" activeThreads="5">
  <mem-info id="202" free="3507464" total="8650752" percent="40">
    <mem type="nursery" free="1487616" total="2359296" percent="63">
      <mem type="allocate" free="1487616" total="1769472" percent="84" />
      <mem type="survivor" free="0" total="589824" percent="0" />
    </mem>
    <mem type="tenure" free="2019848" total="6291456" percent="32">
      <mem type="soa" free="1704456" total="5976064" percent="28" />
      <mem type="loa" free="315392" total="315392" percent="100" />
    </mem>
    <pending-finalizers system="0" default="0" reference="133" classloader="0" />
    <remembered-set count="1050" />
  </mem-info>
</gc-end>
<cycle-end id="203" type="scavenge" contextid="197" timestamp="2024-12-13T11:26:22.418" />
<allocation-satisfied id="204" threadId="0000000128084900" bytesRequested="3376" />
<af-end id="205" timestamp="2024-12-13T11:26:22.418" threadId="0000000128085390" success="true" from="nursery"/>
<exclusive-end id="206" timestamp="2024-12-13T11:26:22.418" durationms="0.724" />

<exclusive-start id="207" timestamp="2024-12-13T11:26:22.461" intervalms="43.478">
  <response-info timems="0.007" idlems="0.007" threads="0" lastid="0000000128084900" lastname="main" />
</exclusive-start>
<af-start id="208" threadId="0000000128085390" totalBytesRequested="4840" timestamp="2024-12-13T11:26:22.461" intervalms="43.478" type="nursery" />
<cycle-start id="209" type="scavenge" contextid="0" timestamp="2024-12-13T11:26:22.461" intervalms="43.491" />
<gc-start id="210" type="scavenge" contextid="209" timestamp="2024-12-13T11:26:22.461">
  <mem-info id="211" free="1983336" total="8650752" percent="22">
    <mem type="nursery" free="0" total="2359296" percent="0">
      <mem type="allocate" free="0" total="1769472" percent="0" />
      <mem type="survivor" free="0" total="589824" percent="0" />
    </mem>
    <mem type="tenure" free="1983336" total="6291456" percent="31">
      <mem type="soa" free="1667944" total="5976064" percent="27" />
      <mem type="loa" free="315392" total="315392" percent="100" />
    </mem>
    <remembered-set count="1405" />
  </mem-info>
</gc-start>
<allocation-stats totalBytes="1495320" discardedBytes="28808" >
  <allocated-bytes non-tlh="39888" tlh="1455432" />
  <largest-consumer threadName="main" threadId="0000000128084900" bytes="1475752" />
</allocation-stats>
<gc-op id="212" type="scavenge" timems="0.482" contextid="209" timestamp="2024-12-13T11:26:22.461">
  <scavenger-info tenureage="2" tenuremask="7ffc" tiltratio="75" />
  <memory-copied type="nursery" objects="2905" bytes="215584" bytesdiscarded="101160" />
  <memory-copied type="tenure" objects="1916" bytes="96672" bytesdiscarded="56" />
  <finalization candidates="2" enqueued="0" />
  <ownableSynchronizers candidates="11" cleared="0" />
  <references type="soft" candidates="41" cleared="0" enqueued="0" dynamicThreshold="32" maxThreshold="32" />
  <references type="weak" candidates="327" cleared="198" enqueued="164" />
  <references type="phantom" candidates="4" cleared="0" enqueued="0" />
  <object-monitors candidates="5" cleared="0"  />
</gc-op>
<gc-end id="213" type="scavenge" contextid="209" durationms="0.574" usertimems="1.245" systemtimems="0.284" stalltimems="0.527" timestamp="2024-12-13T11:26:22.461" activeThreads="4">
  <mem-info id="214" free="3394072" total="8650752" percent="39">
    <mem type="nursery" free="1518256" total="2359296" percent="64">
      <mem type="allocate" free="1518256" total="1835008" percent="82" />
      <mem type="survivor" free="0" total="524288" percent="0" />
    </mem>
    <mem type="tenure" free="1875816" total="6291456" percent="29">
      <mem type="soa" free="1560424" total="5976064" percent="26" />
      <mem type="loa" free="315392" total="315392" percent="100" />
    </mem>
    <pending-finalizers system="0" default="0" reference="164" classloader="0" />
    <remembered-set count="876" />
  </mem-info>
</gc-end>
<cycle-end id="215" type="scavenge" contextid="209" timestamp="2024-12-13T11:26:22.461" />
<allocation-satisfied id="216" threadId="0000000128084900" bytesRequested="4840" />
<af-end id="217" timestamp="2024-12-13T11:26:22.461" threadId="0000000128085390" success="true" from="nursery"/>
<exclusive-end id="218" timestamp="2024-12-13T11:26:22.461" durationms="0.744" />

<exclusive-start id="219" timestamp="2024-12-13T11:26:22.482" intervalms="21.484">
  <response-info timems="0.004" idlems="0.004" threads="0" lastid="0000000128084900" lastname="main" />
</exclusive-start>
<af-start id="220" threadId="0000000128085390" totalBytesRequested="24" timestamp="2024-12-13T11:26:22.482" intervalms="21.520" type="nursery" />
<cycle-start id="221" type="scavenge" contextid="0" timestamp="2024-12-13T11:26:22.482" intervalms="21.525" />
<gc-start id="222" type="scavenge" contextid="221" timestamp="2024-12-13T11:26:22.486">
  <mem-info id="223" free="1863888" total="8650752" percent="21">
    <mem type="nursery" free="0" total="2359296" percent="0">
      <mem type="allocate" free="0" total="1835008" percent="0" />
      <mem type="survivor" free="0" total="524288" percent="0" />
    </mem>
    <mem type="tenure" free="1863888" total="6291456" percent="29">
      <mem type="soa" free="1548496" total="5976064" percent="25" />
      <mem type="loa" free="315392" total="315392" percent="100" />
    </mem>
    <remembered-set count="998" />
  </mem-info>
</gc-start>
<allocation-stats totalBytes="1528992" discardedBytes="1192" >
  <allocated-bytes non-tlh="16768" tlh="1512224" />
  <largest-consumer threadName="main" threadId="0000000128084900" bytes="1520800" />
</allocation-stats>
<gc-op id="224" type="scavenge" timems="0.658" contextid="221" timestamp="2024-12-13T11:26:22.487">
  <scavenger-info tenureage="2" tenuremask="7ffc" tiltratio="77" />
  <memory-copied type="nursery" objects="9496" bytes="486144" bytesdiscarded="38144" />
  <memory-copied type="tenure" objects="2829" bytes="161416" bytesdiscarded="104" />
  <copy-failed type="nursery" objects="1237" bytes="64192" />
  <finalization candidates="2" enqueued="0" />
  <ownableSynchronizers candidates="14" cleared="0" />
  <references type="soft" candidates="8" cleared="0" enqueued="0" dynamicThreshold="32" maxThreshold="32" />
  <references type="weak" candidates="84" cleared="31" enqueued="31" />
  <references type="phantom" candidates="2" cleared="0" enqueued="0" />
  <object-monitors candidates="5" cleared="0"  />
</gc-op>
<gc-end id="225" type="scavenge" contextid="221" durationms="0.752" usertimems="1.356" systemtimems="0.253" stalltimems="1.118" timestamp="2024-12-13T11:26:22.487" activeThreads="4">
  <mem-info id="226" free="2538632" total="8650752" percent="29">
    <mem type="nursery" free="786432" total="2359296" percent="33">
      <mem type="allocate" free="786432" total="1310720" percent="60" />
      <mem type="survivor" free="0" total="1048576" percent="0" />
    </mem>
    <mem type="tenure" free="1752200" total="6291456" percent="27">
      <mem type="soa" free="1436808" total="5976064" percent="24" />
      <mem type="loa" free="315392" total="315392" percent="100" />
    </mem>
    <pending-finalizers system="0" default="0" reference="31" classloader="0" />
    <remembered-set count="1143" />
  </mem-info>
</gc-end>
<cycle-end id="227" type="scavenge" contextid="221" timestamp="2024-12-13T11:26:22.487" />
<allocation-satisfied id="228" threadId="0000000128084900" bytesRequested="24" />
<af-end id="229" timestamp="2024-12-13T11:26:22.487" threadId="0000000128085390" success="true" from="nursery"/>
<exclusive-end id="230" timestamp="2024-12-13T11:26:22.487" durationms="4.762" />

<exclusive-start id="231" timestamp="2024-12-13T11:26:22.498" intervalms="16.057">
  <response-info timems="0.005" idlems="0.004" threads="1" lastid="0000000128099300" lastname="JIT Compilation Thread-000" />
</exclusive-start>
<af-start id="232" threadId="0000000128085390" totalBytesRequested="3184" timestamp="2024-12-13T11:26:22.498" intervalms="16.018" type="nursery" />
<cycle-start id="233" type="scavenge" contextid="0" timestamp="2024-12-13T11:26:22.498" intervalms="15.994" />
<gc-start id="234" type="scavenge" contextid="233" timestamp="2024-12-13T11:26:22.498">
  <mem-info id="235" free="1739168" total="8650752" percent="20">
    <mem type="nursery" free="0" total="2359296" percent="0">
      <mem type="allocate" free="0" total="1310720" percent="0" />
      <mem type="survivor" free="0" total="1048576" percent="0" />
    </mem>
    <mem type="tenure" free="1739168" total="6291456" percent="27">
      <mem type="soa" free="1423776" total="5976064" percent="23" />
      <mem type="loa" free="315392" total="315392" percent="100" />
    </mem>
    <remembered-set count="1244" />
  </mem-info>
</gc-start>
<allocation-stats totalBytes="796096" discardedBytes="3368" >
  <allocated-bytes non-tlh="214360" tlh="581736" />
  <largest-consumer threadName="main" threadId="0000000128084900" bytes="796096" />
</allocation-stats>
<gc-op id="236" type="scavenge" timems="0.555" contextid="233" timestamp="2024-12-13T11:26:22.499">
  <scavenger-info tenureage="1" tenuremask="7ffe" tiltratio="55" />
  <memory-copied type="nursery" objects="2773" bytes="142864" bytesdiscarded="292400" />
  <memory-copied type="tenure" objects="5749" bytes="275200" bytesdiscarded="552" />
  <ownableSynchronizers candidates="9" cleared="0" />
  <references type="weak" candidates="49" cleared="47" enqueued="47" />
  <object-monitors candidates="5" cleared="0"  />
</gc-op>
<gc-end id="237" type="scavenge" contextid="233" durationms="0.602" usertimems="0.803" systemtimems="0.092" stalltimems="1.271" timestamp="2024-12-13T11:26:22.499" activeThreads="4">
  <mem-info id="238" free="2424352" total="8650752" percent="28">
    <mem type="nursery" free="940800" total="2359296" percent="39">
      <mem type="allocate" free="940800" total="1376256" percent="68" />
      <mem type="survivor" free="0" total="983040" percent="0" />
    </mem>
    <mem type="tenure" free="1483552" total="6291456" percent="23">
      <mem type="soa" free="1168160" total="5976064" percent="19" />
      <mem type="loa" free="315392" total="315392" percent="100" />
    </mem>
    <pending-finalizers system="0" default="0" reference="47" classloader="0" />
    <remembered-set count="317" />
  </mem-info>
</gc-end>
<cycle-end id="239" type="scavenge" contextid="233" timestamp="2024-12-13T11:26:22.499" />
<allocation-satisfied id="240" threadId="0000000128084900" bytesRequested="3184" />
<af-end id="241" timestamp="2024-12-13T11:26:22.499" threadId="0000000128085390" success="true" from="nursery"/>
<exclusive-end id="242" timestamp="2024-12-13T11:26:22.499" durationms="0.729" />

<exclusive-start id="243" timestamp="2024-12-13T11:26:22.514" intervalms="15.823">
  <response-info timems="0.004" idlems="0.004" threads="0" lastid="0000000128084900" lastname="main" />
</exclusive-start>
<af-start id="244" threadId="0000000128085390" totalBytesRequested="21280" timestamp="2024-12-13T11:26:22.514" intervalms="15.816" type="nursery" />
<cycle-start id="245" type="scavenge" contextid="0" timestamp="2024-12-13T11:26:22.514" intervalms="15.817" />
<gc-start id="246" type="scavenge" contextid="245" timestamp="2024-12-13T11:26:22.514">
  <mem-info id="247" free="1461016" total="8650752" percent="16">
    <mem type="nursery" free="0" total="2359296" percent="0">
      <mem type="allocate" free="0" total="1376256" percent="0" />
      <mem type="survivor" free="0" total="983040" percent="0" />
    </mem>
    <mem type="tenure" free="1461016" total="6291456" percent="23">
      <mem type="soa" free="1145624" total="5976064" percent="19" />
      <mem type="loa" free="315392" total="315392" percent="100" />
    </mem>
    <remembered-set count="536" />
  </mem-info>
</gc-start>
<allocation-stats totalBytes="954128" discardedBytes="9208" >
  <allocated-bytes non-tlh="25720" tlh="928408" />
  <largest-consumer threadName="main" threadId="0000000128084900" bytes="954128" />
</allocation-stats>
<gc-op id="248" type="scavenge" timems="0.397" contextid="245" timestamp="2024-12-13T11:26:22.514">
  <scavenger-info tenureage="1" tenuremask="7ffe" tiltratio="58" />
  <memory-copied type="nursery" objects="1163" bytes="75712" bytesdiscarded="48704" />
  <memory-copied type="tenure" objects="2476" bytes="123648" bytesdiscarded="56" />
  <finalization candidates="1" enqueued="0" />
  <references type="soft" candidates="2" cleared="0" enqueued="0" dynamicThreshold="32" maxThreshold="32" />
  <references type="weak" candidates="448" cleared="260" enqueued="188" />
  <object-monitors candidates="5" cleared="0"  />
</gc-op>
<gc-end id="249" type="scavenge" contextid="245" durationms="0.462" usertimems="0.526" systemtimems="0.131" stalltimems="0.948" timestamp="2024-12-13T11:26:22.514" activeThreads="4">
  <mem-info id="250" free="2826520" total="8650752" percent="32">
    <mem type="nursery" free="1448448" total="2359296" percent="61">
      <mem type="allocate" free="1448448" total="1572864" percent="92" />
      <mem type="survivor" free="0" total="786432" percent="0" />
    </mem>
    <mem type="tenure" free="1378072" total="6291456" percent="21">
      <mem type="soa" free="1062680" total="5976064" percent="17" />
      <mem type="loa" free="315392" total="315392" percent="100" />
    </mem>
    <pending-finalizers system="0" default="0" reference="188" classloader="0" />
    <remembered-set count="409" />
  </mem-info>
</gc-end>
<cycle-end id="251" type="scavenge" contextid="245" timestamp="2024-12-13T11:26:22.514" />
<allocation-satisfied id="252" threadId="0000000128084900" bytesRequested="21280" />
<af-end id="253" timestamp="2024-12-13T11:26:22.514" threadId="0000000128085390" success="true" from="nursery"/>
<exclusive-end id="254" timestamp="2024-12-13T11:26:22.514" durationms="0.589" />

<exclusive-start id="255" timestamp="2024-12-13T11:26:22.538" intervalms="24.371">
  <response-info timems="0.005" idlems="0.005" threads="0" lastid="0000000128084900" lastname="main" />
</exclusive-start>
<af-start id="256" threadId="0000000128085390" totalBytesRequested="528" timestamp="2024-12-13T11:26:22.538" intervalms="24.376" type="nursery" />
<cycle-start id="257" type="scavenge" contextid="0" timestamp="2024-12-13T11:26:22.538" intervalms="24.374" />
<gc-start id="258" type="scavenge" contextid="257" timestamp="2024-12-13T11:26:22.538">
  <mem-info id="259" free="1338280" total="8650752" percent="15">
    <mem type="nursery" free="0" total="2359296" percent="0">
      <mem type="allocate" free="0" total="1572864" percent="0" />
      <mem type="survivor" free="0" total="786432" percent="0" />
    </mem>
    <mem type="tenure" free="1338280" total="6291456" percent="21">
      <mem type="soa" free="1022888" total="5976064" percent="17" />
      <mem type="loa" free="315392" total="315392" percent="100" />
    </mem>
    <remembered-set count="819" />
  </mem-info>
</gc-start>
<allocation-stats totalBytes="1485376" discardedBytes="2864" >
  <allocated-bytes non-tlh="158736" tlh="1326640" />
  <largest-consumer threadName="main" threadId="0000000128084900" bytes="1357688" />
</allocation-stats>
<gc-op id="260" type="scavenge" timems="0.339" contextid="257" timestamp="2024-12-13T11:26:22.539">
  <scavenger-info tenureage="2" tenuremask="7ffc" tiltratio="66" />
  <memory-copied type="nursery" objects="3103" bytes="209472" bytesdiscarded="35536" />
  <finalization candidates="6" enqueued="0" />
  <ownableSynchronizers candidates="6" cleared="0" />
  <references type="soft" candidates="3" cleared="0" enqueued="0" dynamicThreshold="32" maxThreshold="32" />
  <references type="weak" candidates="725" cleared="301" enqueued="230" />
  <object-monitors candidates="6" cleared="0"  />
</gc-op>
<gc-end id="261" type="scavenge" contextid="257" durationms="0.405" usertimems="0.572" systemtimems="0.137" stalltimems="0.641" timestamp="2024-12-13T11:26:22.539" activeThreads="4">
  <mem-info id="262" free="2731656" total="8650752" percent="31">
    <mem type="nursery" free="1393376" total="2359296" percent="59">
      <mem type="allocate" free="1393376" total="1638400" percent="85" />
      <mem type="survivor" free="0" total="720896" percent="0" />
    </mem>
    <mem type="tenure" free="1338280" total="6291456" percent="21">
      <mem type="soa" free="1022888" total="5976064" percent="17" />
      <mem type="loa" free="315392" total="315392" percent="100" />
    </mem>
    <pending-finalizers system="0" default="0" reference="230" classloader="0" />
    <remembered-set count="706" />
  </mem-info>
</gc-end>
<cycle-end id="263" type="scavenge" contextid="257" timestamp="2024-12-13T11:26:22.539" />
<allocation-satisfied id="264" threadId="0000000128084900" bytesRequested="528" />
<af-end id="265" timestamp="2024-12-13T11:26:22.539" threadId="0000000128085390" success="true" from="nursery"/>
<exclusive-end id="266" timestamp="2024-12-13T11:26:22.539" durationms="0.526" />

<exclusive-start id="267" timestamp="2024-12-13T11:26:22.564" intervalms="26.211">
  <response-info timems="0.003" idlems="0.003" threads="1" lastid="0000000128084900" lastname="main" />
</exclusive-start>
<af-start id="268" threadId="000000012F8A1990" totalBytesRequested="2704" timestamp="2024-12-13T11:26:22.565" intervalms="26.220" type="nursery" />
<cycle-start id="269" type="scavenge" contextid="0" timestamp="2024-12-13T11:26:22.565" intervalms="26.229" />
<gc-start id="270" type="scavenge" contextid="269" timestamp="2024-12-13T11:26:22.565">
  <mem-info id="271" free="1288944" total="8650752" percent="14">
    <mem type="nursery" free="0" total="2359296" percent="0">
      <mem type="allocate" free="0" total="1638400" percent="0" />
      <mem type="survivor" free="0" total="720896" percent="0" />
    </mem>
    <mem type="tenure" free="1288944" total="6291456" percent="20">
      <mem type="soa" free="973552" total="5976064" percent="16" />
      <mem type="loa" free="315392" total="315392" percent="100" />
    </mem>
    <remembered-set count="1204" />
  </mem-info>
</gc-start>
<allocation-stats totalBytes="1436048" discardedBytes="6664" >
  <allocated-bytes non-tlh="88568" tlh="1347480" />
  <largest-consumer threadName="main" threadId="0000000128084900" bytes="1211856" />
</allocation-stats>
<gc-op id="272" type="scavenge" timems="0.360" contextid="269" timestamp="2024-12-13T11:26:22.565">
  <scavenger-info tenureage="2" tenuremask="7ffc" tiltratio="69" />
  <memory-copied type="nursery" objects="4405" bytes="451904" bytesdiscarded="27920" />
  <memory-copied type="tenure" objects="746" bytes="52544" bytesdiscarded="176" />
  <finalization candidates="6" enqueued="0" />
  <ownableSynchronizers candidates="10" cleared="0" />
  <references type="soft" candidates="53" cleared="0" enqueued="0" dynamicThreshold="32" maxThreshold="32" />
  <references type="weak" candidates="420" cleared="130" enqueued="120" />
  <references type="phantom" candidates="3" cleared="0" enqueued="0" />
  <object-monitors candidates="6" cleared="0"  />
</gc-op>
<gc-end id="273" type="scavenge" contextid="269" durationms="0.435" usertimems="1.834" systemtimems="0.166" stalltimems="0.353" timestamp="2024-12-13T11:26:22.565" activeThreads="4">
  <mem-info id="274" free="2249600" total="8650752" percent="26">
    <mem type="nursery" free="1092752" total="2359296" percent="46">
      <mem type="allocate" free="1092752" total="1572864" percent="69" />
      <mem type="survivor" free="0" total="786432" percent="0" />
    </mem>
    <mem type="tenure" free="1156848" total="6291456" percent="18">
      <mem type="soa" free="841456" total="5976064" percent="14" />
      <mem type="loa" free="315392" total="315392" percent="100" />
    </mem>
    <pending-finalizers system="0" default="0" reference="120" classloader="0" />
    <remembered-set count="975" />
  </mem-info>
</gc-end>
<cycle-end id="275" type="scavenge" contextid="269" timestamp="2024-12-13T11:26:22.565" />
<allocation-satisfied id="276" threadId="000000012F8A0F00" bytesRequested="2704" />
<af-end id="277" timestamp="2024-12-13T11:26:22.565" threadId="000000012F8A1990" success="true" from="nursery"/>
<exclusive-end id="278" timestamp="2024-12-13T11:26:22.565" durationms="0.584" />

<exclusive-start id="279" timestamp="2024-12-13T11:26:22.579" intervalms="14.169">
  <response-info timems="0.007" idlems="0.007" threads="0" lastid="0000000128084900" lastname="main" />
</exclusive-start>
<af-start id="280" threadId="0000000128085390" totalBytesRequested="27824" timestamp="2024-12-13T11:26:22.579" intervalms="14.159" type="nursery" />
<cycle-start id="281" type="scavenge" contextid="0" timestamp="2024-12-13T11:26:22.579" intervalms="14.147" />
<gc-start id="282" type="scavenge" contextid="281" timestamp="2024-12-13T11:26:22.579">
  <mem-info id="283" free="1155488" total="8650752" percent="13">
    <mem type="nursery" free="0" total="2359296" percent="0">
      <mem type="allocate" free="0" total="1572864" percent="0" />
      <mem type="survivor" free="0" total="786432" percent="0" />
    </mem>
    <mem type="tenure" free="1155488" total="6291456" percent="18">
      <mem type="soa" free="840096" total="5976064" percent="14" />
      <mem type="loa" free="315392" total="315392" percent="100" />
    </mem>
    <remembered-set count="1000" />
  </mem-info>
</gc-start>
<allocation-stats totalBytes="1053728" discardedBytes="40384" >
  <allocated-bytes non-tlh="156320" tlh="897408" />
  <largest-consumer threadName="main" threadId="0000000128084900" bytes="1021480" />
</allocation-stats>
<gc-op id="284" type="scavenge" timems="0.391" contextid="281" timestamp="2024-12-13T11:26:22.579">
  <scavenger-info tenureage="2" tenuremask="7ffc" tiltratio="66" />
  <memory-copied type="nursery" objects="2176" bytes="139624" bytesdiscarded="51880" />
  <memory-copied type="tenure" objects="1955" bytes="136064" bytesdiscarded="272" />
  <finalization candidates="5" enqueued="0" />
  <ownableSynchronizers candidates="10" cleared="0" />
  <references type="soft" candidates="52" cleared="0" enqueued="0" dynamicThreshold="32" maxThreshold="32" />
  <references type="weak" candidates="58" cleared="5" enqueued="5" />
  <references type="phantom" candidates="2" cleared="0" enqueued="0" />
  <object-monitors candidates="6" cleared="0"  />
</gc-op>
<gc-end id="285" type="scavenge" contextid="281" durationms="0.440" usertimems="0.690" systemtimems="0.098" stalltimems="0.709" timestamp="2024-12-13T11:26:22.579" activeThreads="4">
  <mem-info id="286" free="2425168" total="8650752" percent="28">
    <mem type="nursery" free="1381360" total="2359296" percent="58">
      <mem type="allocate" free="1381360" total="1572864" percent="87" />
      <mem type="survivor" free="0" total="786432" percent="0" />
    </mem>
    <mem type="tenure" free="1043808" total="6291456" percent="16">
      <mem type="soa" free="728416" total="5976064" percent="12" />
      <mem type="loa" free="315392" total="315392" percent="100" />
    </mem>
    <pending-finalizers system="0" default="0" reference="5" classloader="0" />
    <remembered-set count="610" />
  </mem-info>
</gc-end>
<cycle-end id="287" type="scavenge" contextid="281" timestamp="2024-12-13T11:26:22.579" />
<allocation-satisfied id="288" threadId="0000000128084900" bytesRequested="27824" />
<af-end id="289" timestamp="2024-12-13T11:26:22.579" threadId="0000000128085390" success="true" from="nursery"/>
<exclusive-end id="290" timestamp="2024-12-13T11:26:22.579" durationms="0.562" />

<concurrent-kickoff id="291" timestamp="2024-12-13T11:26:22.591">
  <kickoff reason="threshold reached" targetBytes="1867303" thresholdFreeBytes="258076"  remainingFree="188792" tenureFreeBytes="1042936" nurseryFreeBytes="188792" />
</concurrent-kickoff>
<exclusive-start id="292" timestamp="2024-12-13T11:26:22.591" intervalms="12.699">
  <response-info timems="0.002" idlems="0.002" threads="0" lastid="0000000128084900" lastname="main" />
</exclusive-start>
<cycle-start id="293" type="global" contextid="0" timestamp="2024-12-13T11:26:22.591" intervalms="896.228" />
<concurrent-start id="294" type="global mark" contextid="293" timestamp="2024-12-13T11:26:22.591">
</concurrent-start>
<exclusive-end id="295" timestamp="2024-12-13T11:26:22.591" durationms="0.016" />

<exclusive-start id="296" timestamp="2024-12-13T11:26:22.596" intervalms="4.750">
  <response-info timems="0.009" idlems="0.007" threads="1" lastid="000000013804ED00" lastname="IProfiler" />
</exclusive-start>
<af-start id="297" threadId="0000000128085390" totalBytesRequested="8208" timestamp="2024-12-13T11:26:22.596" intervalms="17.448" type="nursery" />
<percolate-collect id="298" from="nursery" to="global" reason="concurrent mark exhausted" timestamp="2024-12-13T11:26:22.596"/>
<concurrent-end id="299" type="global mark" contextid="293" timestamp="2024-12-13T11:26:22.596">
<gc-op id="300" type="trace" timems="4.728" contextid="293" timestamp="2024-12-13T11:26:22.596">
  <trace bytesTraced="3407184" workStackOverflowCount="0" />
  <card-cleaning reason="card cleaning threshold reached" bytesTraced="3424" cardsCleaned="9" />
</gc-op>
</concurrent-end>

<gc-start id="301" type="global" contextid="293" timestamp="2024-12-13T11:26:22.596">
  <mem-info id="302" free="1042872" total="8650752" percent="12">
    <mem type="nursery" free="0" total="2359296" percent="0">
      <mem type="allocate" free="0" total="1572864" percent="0" />
      <mem type="survivor" free="0" total="786432" percent="0" />
    </mem>
    <mem type="tenure" free="1042872" total="6291456" percent="16">
      <mem type="soa" free="727480" total="5976064" percent="12" />
      <mem type="loa" free="315392" total="315392" percent="100" />
    </mem>
    <remembered-set count="634" />
  </mem-info>
</gc-start>
<allocation-stats totalBytes="1374920" discardedBytes="7376" >
  <allocated-bytes non-tlh="268256" tlh="1106664" />
  <largest-consumer threadName="main" threadId="0000000128084900" bytes="1374920" />
</allocation-stats>
<concurrent-halted id="303" timestamp="2024-12-13T11:26:22.596">
  <halted state="Complete" status="exhausted" />
  <traced bytesTarget="1867303" bytesTotal="3410608" bytesByMutator="12504" bytesByHelper="3398104" percent="182" />
  <cards cleaned="9" thresholdBytes="101666" />
</concurrent-halted>
<gc-op id="304" type="rs-scan" timems="0.116" contextid="293" timestamp="2024-12-13T11:26:22.596">
  <scan objectsFound="1298" bytesTraced="149576" workStackOverflowCount="0" />
</gc-op>
<gc-op id="305" type="card-cleaning" timems="0.027" contextid="293" timestamp="2024-12-13T11:26:22.596">
  <card-cleaning cardsCleaned="6" bytesTraced="4328" workStackOverflowCount="0" />
</gc-op>
<gc-op id="306" type="mark" timems="0.794" contextid="293" timestamp="2024-12-13T11:26:22.597">
  <trace-info objectcount="1240" scancount="989" scanbytes="47600" />
  <finalization candidates="80" enqueued="0" />
  <ownableSynchronizers candidates="36" cleared="3" />
  <references type="soft" candidates="729" cleared="0" enqueued="0" dynamicThreshold="32" maxThreshold="32" />
  <references type="weak" candidates="2252" cleared="96" enqueued="49" />
  <references type="phantom" candidates="41" cleared="0" enqueued="0" />
  <stringconstants candidates="8393" cleared="21"  />
  <object-monitors candidates="6" cleared="1"  />
</gc-op>
<gc-op id="307" type="classunload" timems="0.002" contextid="293" timestamp="2024-12-13T11:26:22.597">
  <classunload-info classloadercandidates="10" classloadersunloaded="0" classesunloaded="0" anonymousclassesunloaded="0" quiescems="0.000" setupms="0.002" scanms="0.000" postms="0.000" />
</gc-op>
<gc-op id="308" type="sweep" timems="0.133" contextid="293" timestamp="2024-12-13T11:26:22.597" />
<heap-resize id="309" type="expand" space="tenure" amount="1048576" count="1" timems="0.016" reason="insufficient free space following gc" timestamp="2024-12-13T11:26:22.597" />
<gc-end id="310" type="global" contextid="293" durationms="1.228" usertimems="1.917" systemtimems="0.315" stalltimems="1.780" timestamp="2024-12-13T11:26:22.597" activeThreads="4">
  <mem-info id="311" free="3875560" total="9699328" percent="39">
    <mem type="nursery" free="1397872" total="2359296" percent="59">
      <mem type="allocate" free="1397872" total="1572864" percent="88" />
      <mem type="survivor" free="0" total="786432" percent="0" />
    </mem>
    <mem type="tenure" free="2477688" total="7340032" percent="33" micro-fragmented="115385" macro-fragmented="0">
      <mem type="soa" free="2110072" total="6972416" percent="30" />
      <mem type="loa" free="367616" total="367616" percent="100" />
    </mem>
    <pending-finalizers system="0" default="0" reference="49" classloader="0" />
    <remembered-set count="517" />
  </mem-info>
</gc-end>
<cycle-end id="312" type="global" contextid="293" timestamp="2024-12-13T11:26:22.597" />
<allocation-satisfied id="313" threadId="0000000128084900" bytesRequested="8208" />
<af-end id="314" timestamp="2024-12-13T11:26:22.597" threadId="0000000128085390" success="true" from="nursery"/>
<exclusive-end id="315" timestamp="2024-12-13T11:26:22.597" durationms="1.359" />

<exclusive-start id="316" timestamp="2024-12-13T11:26:22.610" intervalms="14.320">
  <response-info timems="0.008" idlems="0.008" threads="0" lastid="0000000128084900" lastname="main" />
</exclusive-start>
<af-start id="317" threadId="0000000128085390" totalBytesRequested="33784" timestamp="2024-12-13T11:26:22.610" intervalms="14.318" type="nursery" />
<cycle-start id="318" type="scavenge" contextid="0" timestamp="2024-12-13T11:26:22.610" intervalms="31.771" />
<gc-start id="319" type="scavenge" contextid="318" timestamp="2024-12-13T11:26:22.611">
  <mem-info id="320" free="2485696" total="9699328" percent="25">
    <mem type="nursery" free="8192" total="2359296" percent="0">
      <mem type="allocate" free="8192" total="1572864" percent="0" />
      <mem type="survivor" free="0" total="786432" percent="0" />
    </mem>
    <mem type="tenure" free="2477504" total="7340032" percent="33">
      <mem type="soa" free="2109888" total="6972416" percent="30" />
      <mem type="loa" free="367616" total="367616" percent="100" />
    </mem>
    <remembered-set count="571" />
  </mem-info>
</gc-start>
<allocation-stats totalBytes="1359192" discardedBytes="30672" >
  <allocated-bytes non-tlh="157048" tlh="1202144" />
  <largest-consumer threadName="main" threadId="0000000128084900" bytes="1355088" />
</allocation-stats>
<gc-op id="321" type="scavenge" timems="0.316" contextid="318" timestamp="2024-12-13T11:26:22.611">
  <scavenger-info tenureage="3" tenuremask="7ff8" tiltratio="66" />
  <memory-copied type="nursery" objects="2768" bytes="171640" bytesdiscarded="127656" />
  <ownableSynchronizers candidates="62" cleared="58" />
  <references type="soft" candidates="52" cleared="0" enqueued="0" dynamicThreshold="10" maxThreshold="32" />
  <references type="weak" candidates="53" cleared="0" enqueued="0" />
  <references type="phantom" candidates="2" cleared="0" enqueued="0" />
  <object-monitors candidates="5" cleared="0"  />
</gc-op>
<gc-end id="322" type="scavenge" contextid="318" durationms="0.387" usertimems="0.481" systemtimems="0.183" stalltimems="0.670" timestamp="2024-12-13T11:26:22.611" activeThreads="4">
  <mem-info id="323" free="3882144" total="9699328" percent="40">
    <mem type="nursery" free="1404640" total="2359296" percent="59">
      <mem type="allocate" free="1404640" total="1703936" percent="82" />
      <mem type="survivor" free="0" total="655360" percent="0" />
    </mem>
    <mem type="tenure" free="2477504" total="7340032" percent="33">
      <mem type="soa" free="2109888" total="6972416" percent="30" />
      <mem type="loa" free="367616" total="367616" percent="100" />
    </mem>
    <remembered-set count="337" />
  </mem-info>
</gc-end>
<cycle-end id="324" type="scavenge" contextid="318" timestamp="2024-12-13T11:26:22.611" />
<allocation-satisfied id="325" threadId="0000000128084900" bytesRequested="33784" />
<af-end id="326" timestamp="2024-12-13T11:26:22.611" threadId="0000000128085390" success="true" from="nursery"/>
<exclusive-end id="327" timestamp="2024-12-13T11:26:22.611" durationms="0.508" />

<exclusive-start id="328" timestamp="2024-12-13T11:26:22.623" intervalms="12.767">
  <response-info timems="0.003" idlems="0.003" threads="0" lastid="0000000128084900" lastname="main" />
</exclusive-start>
<af-start id="329" threadId="0000000128085390" totalBytesRequested="2904" timestamp="2024-12-13T11:26:22.623" intervalms="12.763" type="nursery" />
<cycle-start id="330" type="scavenge" contextid="0" timestamp="2024-12-13T11:26:22.623" intervalms="12.759" />
<gc-start id="331" type="scavenge" contextid="330" timestamp="2024-12-13T11:26:22.623">
  <mem-info id="332" free="2477024" total="9699328" percent="25">
    <mem type="nursery" free="0" total="2359296" percent="0">
      <mem type="allocate" free="0" total="1703936" percent="0" />
      <mem type="survivor" free="0" total="655360" percent="0" />
    </mem>
    <mem type="tenure" free="2477024" total="7340032" percent="33">
      <mem type="soa" free="2109408" total="6972416" percent="30" />
      <mem type="loa" free="367616" total="367616" percent="100" />
    </mem>
    <remembered-set count="352" />
  </mem-info>
</gc-start>
<allocation-stats totalBytes="1367496" discardedBytes="37624" >
  <allocated-bytes non-tlh="296704" tlh="1070792" />
  <largest-consumer threadName="main" threadId="0000000128084900" bytes="1367496" />
</allocation-stats>
<gc-op id="333" type="scavenge" timems="0.264" contextid="330" timestamp="2024-12-13T11:26:22.624">
  <scavenger-info tenureage="3" tenuremask="7ff8" tiltratio="72" />
  <memory-copied type="nursery" objects="1105" bytes="82504" bytesdiscarded="249296" />
  <memory-copied type="tenure" objects="1930" bytes="122392" bytesdiscarded="3024" />
  <ownableSynchronizers candidates="4" cleared="0" />
  <references type="weak" candidates="2" cleared="0" enqueued="0" />
  <references type="phantom" candidates="4" cleared="0" enqueued="0" />
  <object-monitors candidates="5" cleared="0"  />
</gc-op>
<gc-end id="334" type="scavenge" contextid="330" durationms="0.321" usertimems="0.527" systemtimems="0.083" stalltimems="0.375" timestamp="2024-12-13T11:26:22.624" activeThreads="4">
  <mem-info id="335" free="3662200" total="9699328" percent="37">
    <mem type="nursery" free="1437664" total="2359296" percent="60">
      <mem type="allocate" free="1437664" total="1769472" percent="81" />
      <mem type="survivor" free="0" total="589824" percent="0" />
    </mem>
    <mem type="tenure" free="2224536" total="7340032" percent="30">
      <mem type="soa" free="1856920" total="6972416" percent="26" />
      <mem type="loa" free="367616" total="367616" percent="100" />
    </mem>
    <remembered-set count="183" />
  </mem-info>
</gc-end>
<cycle-end id="336" type="scavenge" contextid="330" timestamp="2024-12-13T11:26:22.624" />
<allocation-satisfied id="337" threadId="0000000128084900" bytesRequested="2904" />
<af-end id="338" timestamp="2024-12-13T11:26:22.624" threadId="0000000128085390" success="true" from="nursery"/>
<exclusive-end id="339" timestamp="2024-12-13T11:26:22.624" durationms="0.443" />

<exclusive-start id="340" timestamp="2024-12-13T11:26:22.630" intervalms="6.623">
  <response-info timems="0.004" idlems="0.004" threads="0" lastid="0000000128084900" lastname="main" />
</exclusive-start>
<af-start id="341" threadId="0000000128085390" totalBytesRequested="330232" timestamp="2024-12-13T11:26:22.630" intervalms="6.616" type="nursery" />
<cycle-start id="342" type="scavenge" contextid="0" timestamp="2024-12-13T11:26:22.630" intervalms="6.610" />
<gc-start id="343" type="scavenge" contextid="342" timestamp="2024-12-13T11:26:22.630">
  <mem-info id="344" free="2821624" total="9699328" percent="29">
    <mem type="nursery" free="597216" total="2359296" percent="25">
      <mem type="allocate" free="597216" total="1769472" percent="33" />
      <mem type="survivor" free="0" total="589824" percent="0" />
    </mem>
    <mem type="tenure" free="2224408" total="7340032" percent="30">
      <mem type="soa" free="1856792" total="6972416" percent="26" />
      <mem type="loa" free="367616" total="367616" percent="100" />
    </mem>
    <remembered-set count="188" />
  </mem-info>
</gc-start>
<allocation-stats totalBytes="799864" discardedBytes="40712" >
  <allocated-bytes non-tlh="41856" tlh="758008" />
  <largest-consumer threadName="main" threadId="0000000128084900" bytes="799864" />
</allocation-stats>
<gc-op id="345" type="scavenge" timems="0.182" contextid="342" timestamp="2024-12-13T11:26:22.630">
  <scavenger-info tenureage="4" tenuremask="7ff0" tiltratio="75" />
  <memory-copied type="nursery" objects="1259" bytes="72280" bytesdiscarded="31400" />
  <references type="weak" candidates="1" cleared="0" enqueued="0" />
  <references type="phantom" candidates="2" cleared="0" enqueued="0" />
  <object-monitors candidates="5" cleared="0"  />
</gc-op>
<gc-end id="346" type="scavenge" contextid="342" durationms="0.229" usertimems="1.502" systemtimems="0.069" stalltimems="0.357" timestamp="2024-12-13T11:26:22.630" activeThreads="4">
  <mem-info id="347" free="4021272" total="9699328" percent="41">
    <mem type="nursery" free="1796864" total="2359296" percent="76">
      <mem type="allocate" free="1796864" total="1900544" percent="94" />
      <mem type="survivor" free="0" total="458752" percent="0" />
    </mem>
    <mem type="tenure" free="2224408" total="7340032" percent="30">
      <mem type="soa" free="1856792" total="6972416" percent="26" />
      <mem type="loa" free="367616" total="367616" percent="100" />
    </mem>
    <remembered-set count="132" />
  </mem-info>
</gc-end>
<cycle-end id="348" type="scavenge" contextid="342" timestamp="2024-12-13T11:26:22.630" />
<allocation-satisfied id="349" threadId="0000000128084900" bytesRequested="330232" />
<af-end id="350" timestamp="2024-12-13T11:26:22.630" threadId="0000000128085390" success="true" from="nursery"/>
<exclusive-end id="351" timestamp="2024-12-13T11:26:22.630" durationms="0.325" />

<exclusive-start id="352" timestamp="2024-12-13T11:26:22.642" intervalms="11.984">
  <response-info timems="0.002" idlems="0.002" threads="0" lastid="0000000128084900" lastname="main" />
</exclusive-start>
<af-start id="353" threadId="0000000128085390" totalBytesRequested="3152" timestamp="2024-12-13T11:26:22.642" intervalms="11.992" type="nursery" />
<cycle-start id="354" type="scavenge" contextid="0" timestamp="2024-12-13T11:26:22.642" intervalms="11.995" />
<gc-start id="355" type="scavenge" contextid="354" timestamp="2024-12-13T11:26:22.642">
  <mem-info id="356" free="2224176" total="9699328" percent="22">
    <mem type="nursery" free="0" total="2359296" percent="0">
      <mem type="allocate" free="0" total="1900544" percent="0" />
      <mem type="survivor" free="0" total="458752" percent="0" />
    </mem>
    <mem type="tenure" free="2224176" total="7340032" percent="30">
      <mem type="soa" free="1856560" total="6972416" percent="26" />
      <mem type="loa" free="367616" total="367616" percent="100" />
    </mem>
    <remembered-set count="146" />
  </mem-info>
</gc-start>
<allocation-stats totalBytes="1779992" discardedBytes="17104" >
  <allocated-bytes non-tlh="368208" tlh="1411784" />
  <largest-consumer threadName="main" threadId="0000000128084900" bytes="1779992" />
</allocation-stats>
<gc-op id="357" type="scavenge" timems="0.182" contextid="354" timestamp="2024-12-13T11:26:22.642">
  <scavenger-info tenureage="3" tenuremask="7fe8" tiltratio="80" />
  <memory-copied type="nursery" objects="1015" bytes="59392" bytesdiscarded="23552" />
  <memory-copied type="tenure" objects="599" bytes="30776" bytesdiscarded="80" />
  <references type="weak" candidates="4" cleared="1" enqueued="1" />
  <object-monitors candidates="5" cleared="0"  />
</gc-op>
<gc-end id="358" type="scavenge" contextid="354" durationms="0.236" usertimems="0.262" systemtimems="0.059" stalltimems="0.213" timestamp="2024-12-13T11:26:22.642" activeThreads="3">
  <mem-info id="359" free="4056344" total="9699328" percent="41">
    <mem type="nursery" free="1883136" total="2359296" percent="79">
      <mem type="allocate" free="1883136" total="1966080" percent="95" />
      <mem type="survivor" free="0" total="393216" percent="0" />
    </mem>
    <mem type="tenure" free="2173208" total="7340032" percent="29">
      <mem type="soa" free="1805592" total="6972416" percent="25" />
      <mem type="loa" free="367616" total="367616" percent="100" />
    </mem>
    <pending-finalizers system="0" default="0" reference="1" classloader="0" />
    <remembered-set count="157" />
  </mem-info>
</gc-end>
<cycle-end id="360" type="scavenge" contextid="354" timestamp="2024-12-13T11:26:22.642" />
<allocation-satisfied id="361" threadId="0000000128084900" bytesRequested="3152" />
<af-end id="362" timestamp="2024-12-13T11:26:22.642" threadId="0000000128085390" success="true" from="nursery"/>
<exclusive-end id="363" timestamp="2024-12-13T11:26:22.642" durationms="0.335" />

<exclusive-start id="364" timestamp="2024-12-13T11:26:22.667" intervalms="25.311">
  <response-info timems="0.003" idlems="0.003" threads="0" lastid="0000000128084900" lastname="main" />
</exclusive-start>
<af-start id="365" threadId="0000000128085390" totalBytesRequested="8336" timestamp="2024-12-13T11:26:22.667" intervalms="25.313" type="nursery" />
<cycle-start id="366" type="scavenge" contextid="0" timestamp="2024-12-13T11:26:22.667" intervalms="25.321" />
<gc-start id="367" type="scavenge" contextid="366" timestamp="2024-12-13T11:26:22.667">
  <mem-info id="368" free="2155704" total="9699328" percent="22">
    <mem type="nursery" free="0" total="2359296" percent="0">
      <mem type="allocate" free="0" total="1966080" percent="0" />
      <mem type="survivor" free="0" total="393216" percent="0" />
    </mem>
    <mem type="tenure" free="2155704" total="7340032" percent="29">
      <mem type="soa" free="1788088" total="6972416" percent="25" />
      <mem type="loa" free="367616" total="367616" percent="100" />
    </mem>
    <remembered-set count="426" />
  </mem-info>
</gc-start>
<allocation-stats totalBytes="1896296" discardedBytes="4344" >
  <allocated-bytes non-tlh="20656" tlh="1875640" />
  <largest-consumer threadName="main" threadId="0000000128084900" bytes="1892200" />
</allocation-stats>
<gc-op id="369" type="scavenge" timems="0.332" contextid="366" timestamp="2024-12-13T11:26:22.668">
  <scavenger-info tenureage="3" tenuremask="7fe8" tiltratio="83" />
  <memory-copied type="nursery" objects="4512" bytes="353504" bytesdiscarded="39248" />
  <memory-copied type="tenure" objects="621" bytes="42232" bytesdiscarded="8" />
  <copy-failed type="nursery" objects="158" bytes="11008" />
  <finalization candidates="19" enqueued="0" />
  <ownableSynchronizers candidates="41" cleared="25" />
  <references type="soft" candidates="16" cleared="0" enqueued="0" dynamicThreshold="10" maxThreshold="32" />
  <references type="weak" candidates="165" cleared="56" enqueued="39" />
  <references type="phantom" candidates="26" cleared="0" enqueued="0" />
  <object-monitors candidates="6" cleared="0"  />
</gc-op>
<gc-end id="370" type="scavenge" contextid="366" durationms="0.396" usertimems="0.659" systemtimems="0.092" stalltimems="0.243" timestamp="2024-12-13T11:26:22.668" activeThreads="3">
  <mem-info id="371" free="3281424" total="9699328" percent="33">
    <mem type="nursery" free="1179648" total="2359296" percent="50">
      <mem type="allocate" free="1179648" total="1572864" percent="75" />
      <mem type="survivor" free="0" total="786432" percent="0" />
    </mem>
    <mem type="tenure" free="2101776" total="7340032" percent="28">
      <mem type="soa" free="1734160" total="6972416" percent="24" />
      <mem type="loa" free="367616" total="367616" percent="100" />
    </mem>
    <pending-finalizers system="0" default="0" reference="39" classloader="0" />
    <remembered-set count="439" />
  </mem-info>
</gc-end>
<cycle-end id="372" type="scavenge" contextid="366" timestamp="2024-12-13T11:26:22.668" />
<allocation-satisfied id="373" threadId="0000000128084900" bytesRequested="8336" />
<af-end id="374" timestamp="2024-12-13T11:26:22.668" threadId="0000000128085390" success="true" from="nursery"/>
<exclusive-end id="375" timestamp="2024-12-13T11:26:22.668" durationms="0.518" />

<exclusive-start id="376" timestamp="2024-12-13T11:26:22.683" intervalms="15.745">
  <response-info timems="0.004" idlems="0.004" threads="0" lastid="0000000128084900" lastname="main" />
</exclusive-start>
<af-start id="377" threadId="0000000128085390" totalBytesRequested="48" timestamp="2024-12-13T11:26:22.683" intervalms="15.748" type="nursery" />
<cycle-start id="378" type="scavenge" contextid="0" timestamp="2024-12-13T11:26:22.683" intervalms="15.755" />
<gc-start id="379" type="scavenge" contextid="378" timestamp="2024-12-13T11:26:22.683">
  <mem-info id="380" free="2090096" total="9699328" percent="21">
    <mem type="nursery" free="0" total="2359296" percent="0">
      <mem type="allocate" free="0" total="1572864" percent="0" />
      <mem type="survivor" free="0" total="786432" percent="0" />
    </mem>
    <mem type="tenure" free="2090096" total="7340032" percent="28">
      <mem type="soa" free="1722480" total="6972416" percent="24" />
      <mem type="loa" free="367616" total="367616" percent="100" />
    </mem>
    <remembered-set count="579" />
  </mem-info>
</gc-start>
<allocation-stats totalBytes="1189008" discardedBytes="2320" >
  <allocated-bytes non-tlh="20016" tlh="1168992" />
  <largest-consumer threadName="main" threadId="0000000128084900" bytes="1173600" />
</allocation-stats>
<gc-op id="381" type="scavenge" timems="0.321" contextid="378" timestamp="2024-12-13T11:26:22.683">
  <scavenger-info tenureage="6" tenuremask="7fc0" tiltratio="66" />
  <memory-copied type="nursery" objects="6667" bytes="564592" bytesdiscarded="44432" />
  <finalization candidates="19" enqueued="0" />
  <ownableSynchronizers candidates="38" cleared="9" />
  <references type="soft" candidates="26" cleared="0" enqueued="0" dynamicThreshold="10" maxThreshold="32" />
  <references type="weak" candidates="194" cleared="42" enqueued="35" />
  <references type="phantom" candidates="39" cleared="1" enqueued="1" />
  <object-monitors candidates="6" cleared="0"  />
</gc-op>
<gc-end id="382" type="scavenge" contextid="378" durationms="0.376" usertimems="0.883" systemtimems="0.122" stalltimems="0.174" timestamp="2024-12-13T11:26:22.683" activeThreads="3">
  <mem-info id="383" free="2988152" total="9699328" percent="30">
    <mem type="nursery" free="898056" total="2359296" percent="38">
      <mem type="allocate" free="898056" total="1507328" percent="59" />
      <mem type="survivor" free="0" total="851968" percent="0" />
    </mem>
    <mem type="tenure" free="2090096" total="7340032" percent="28">
      <mem type="soa" free="1722480" total="6972416" percent="24" />
      <mem type="loa" free="367616" total="367616" percent="100" />
    </mem>
    <pending-finalizers system="0" default="0" reference="36" classloader="0" />
    <remembered-set count="566" />
  </mem-info>
</gc-end>
<cycle-end id="384" type="scavenge" contextid="378" timestamp="2024-12-13T11:26:22.683" />
<allocation-satisfied id="385" threadId="0000000128084900" bytesRequested="48" />
<af-end id="386" timestamp="2024-12-13T11:26:22.683" threadId="0000000128085390" success="true" from="nursery"/>
<exclusive-end id="387" timestamp="2024-12-13T11:26:22.683" durationms="0.524" />

<exclusive-start id="388" timestamp="2024-12-13T11:26:22.693" intervalms="10.118">
  <response-info timems="0.006" idlems="0.004" threads="1" lastid="000000013804ED00" lastname="IProfiler" />
</exclusive-start>
<af-start id="389" threadId="0000000128085390" totalBytesRequested="8208" timestamp="2024-12-13T11:26:22.693" intervalms="10.124" type="nursery" />
<cycle-start id="390" type="scavenge" contextid="0" timestamp="2024-12-13T11:26:22.693" intervalms="10.113" />
<gc-start id="391" type="scavenge" contextid="390" timestamp="2024-12-13T11:26:22.693">
  <mem-info id="392" free="2090096" total="9699328" percent="21">
    <mem type="nursery" free="0" total="2359296" percent="0">
      <mem type="allocate" free="0" total="1507328" percent="0" />
      <mem type="survivor" free="0" total="851968" percent="0" />
    </mem>
    <mem type="tenure" free="2090096" total="7340032" percent="28">
      <mem type="soa" free="1722480" total="6972416" percent="24" />
      <mem type="loa" free="367616" total="367616" percent="100" />
    </mem>
    <remembered-set count="597" />
  </mem-info>
</gc-start>
<allocation-stats totalBytes="895192" discardedBytes="2864" >
  <allocated-bytes non-tlh="48" tlh="895144" />
  <largest-consumer threadName="main" threadId="0000000128084900" bytes="882904" />
</allocation-stats>
<gc-op id="393" type="scavenge" timems="0.462" contextid="390" timestamp="2024-12-13T11:26:22.694">
  <scavenger-info tenureage="4" tenuremask="7ff0" tiltratio="63" />
  <memory-copied type="nursery" objects="8471" bytes="734816" bytesdiscarded="70184" />
  <memory-copied type="tenure" objects="169" bytes="8440" bytesdiscarded="0" />
  <finalization candidates="19" enqueued="0" />
  <ownableSynchronizers candidates="49" cleared="12" />
  <references type="soft" candidates="26" cleared="0" enqueued="0" dynamicThreshold="10" maxThreshold="32" />
  <references type="weak" candidates="153" cleared="0" enqueued="0" />
  <references type="phantom" candidates="52" cleared="0" enqueued="0" />
  <object-monitors candidates="6" cleared="0"  />
</gc-op>
<gc-end id="394" type="scavenge" contextid="390" durationms="0.514" usertimems="1.720" systemtimems="0.134" stalltimems="0.605" timestamp="2024-12-13T11:26:22.694" activeThreads="4">
  <mem-info id="395" free="2595528" total="9699328" percent="26">
    <mem type="nursery" free="505432" total="2359296" percent="21">
      <mem type="allocate" free="505432" total="1310720" percent="38" />
      <mem type="survivor" free="0" total="1048576" percent="0" />
    </mem>
    <mem type="tenure" free="2090096" total="7340032" percent="28">
      <mem type="soa" free="1722480" total="6972416" percent="24" />
      <mem type="loa" free="367616" total="367616" percent="100" />
    </mem>
    <remembered-set count="471" />
  </mem-info>
</gc-end>
<cycle-end id="396" type="scavenge" contextid="390" timestamp="2024-12-13T11:26:22.694" />
<allocation-satisfied id="397" threadId="0000000128084900" bytesRequested="8208" />
<af-end id="398" timestamp="2024-12-13T11:26:22.694" threadId="0000000128085390" success="true" from="nursery"/>
<exclusive-end id="399" timestamp="2024-12-13T11:26:22.694" durationms="0.643" />

<exclusive-start id="400" timestamp="2024-12-13T11:26:22.699" intervalms="5.858">
  <response-info timems="0.005" idlems="0.004" threads="1" lastid="000000013804ED00" lastname="IProfiler" />
</exclusive-start>
<af-start id="401" threadId="0000000128085390" totalBytesRequested="64" timestamp="2024-12-13T11:26:22.699" intervalms="5.831" type="nursery" />
<cycle-start id="402" type="scavenge" contextid="0" timestamp="2024-12-13T11:26:22.699" intervalms="5.821" />
<gc-start id="403" type="scavenge" contextid="402" timestamp="2024-12-13T11:26:22.699">
  <mem-info id="404" free="2090096" total="9699328" percent="21">
    <mem type="nursery" free="0" total="2359296" percent="0">
      <mem type="allocate" free="0" total="1310720" percent="0" />
      <mem type="survivor" free="0" total="1048576" percent="0" />
    </mem>
    <mem type="tenure" free="2090096" total="7340032" percent="28">
      <mem type="soa" free="1722480" total="6972416" percent="24" />
      <mem type="loa" free="367616" total="367616" percent="100" />
    </mem>
    <remembered-set count="476" />
  </mem-info>
</gc-start>
<allocation-stats totalBytes="505272" discardedBytes="160" >
  <allocated-bytes non-tlh="8208" tlh="497064" />
  <largest-consumer threadName="main" threadId="0000000128084900" bytes="501176" />
</allocation-stats>
<gc-op id="405" type="scavenge" timems="0.449" contextid="402" timestamp="2024-12-13T11:26:22.699">
  <scavenger-info tenureage="3" tenuremask="7ff8" tiltratio="55" />
  <memory-copied type="nursery" objects="5644" bytes="485368" bytesdiscarded="115712" />
  <memory-copied type="tenure" objects="4171" bytes="335880" bytesdiscarded="880" />
  <finalization candidates="19" enqueued="0" />
  <ownableSynchronizers candidates="47" cleared="6" />
  <references type="soft" candidates="10" cleared="0" enqueued="0" dynamicThreshold="10" maxThreshold="32" />
  <references type="weak" candidates="44" cleared="0" enqueued="0" />
  <references type="phantom" candidates="31" cleared="0" enqueued="0" />
  <object-monitors candidates="6" cleared="0"  />
</gc-op>
<heap-resize id="406" type="expand" space="nursery" amount="131072" count="1" timems="0.021" reason="excessive time being spent scavenging" timestamp="2024-12-13T11:26:22.699" />
<gc-end id="407" type="scavenge" contextid="402" durationms="0.554" usertimems="1.091" systemtimems="0.187" stalltimems="0.589" timestamp="2024-12-13T11:26:22.699" activeThreads="4">
  <mem-info id="408" free="2427400" total="9830400" percent="24">
    <mem type="nursery" free="840608" total="2490368" percent="33">
      <mem type="allocate" free="840608" total="1441792" percent="58" />
      <mem type="survivor" free="0" total="1048576" percent="0" />
    </mem>
    <mem type="tenure" free="1586792" total="7340032" percent="21">
      <mem type="soa" free="1219176" total="6972416" percent="17" />
      <mem type="loa" free="367616" total="367616" percent="100" />
    </mem>
    <remembered-set count="258" />
  </mem-info>
</gc-end>
<cycle-end id="409" type="scavenge" contextid="402" timestamp="2024-12-13T11:26:22.699" />
<allocation-satisfied id="410" threadId="0000000128084900" bytesRequested="64" />
<af-end id="411" timestamp="2024-12-13T11:26:22.699" threadId="0000000128085390" success="true" from="nursery"/>
<exclusive-end id="412" timestamp="2024-12-13T11:26:22.699" durationms="0.658" />

<exclusive-start id="413" timestamp="2024-12-13T11:26:22.720" intervalms="21.071">
  <response-info timems="5.700" idlems="2.299" threads="4" lastid="00000001280A3300" lastname="JIT Compilation Thread-001" />
</exclusive-start>
<af-start id="414" threadId="0000000128085390" totalBytesRequested="16400" timestamp="2024-12-13T11:26:22.720" intervalms="21.091" type="nursery" />
<cycle-start id="415" type="scavenge" contextid="0" timestamp="2024-12-13T11:26:22.720" intervalms="21.110" />
<gc-start id="416" type="scavenge" contextid="415" timestamp="2024-12-13T11:26:22.720">
  <mem-info id="417" free="1586792" total="9830400" percent="16">
    <mem type="nursery" free="0" total="2490368" percent="0">
      <mem type="allocate" free="0" total="1441792" percent="0" />
      <mem type="survivor" free="0" total="1048576" percent="0" />
    </mem>
    <mem type="tenure" free="1586792" total="7340032" percent="21">
      <mem type="soa" free="1219176" total="6972416" percent="17" />
      <mem type="loa" free="367616" total="367616" percent="100" />
    </mem>
    <remembered-set count="291" />
  </mem-info>
</gc-start>
<allocation-stats totalBytes="804480" discardedBytes="36128" >
  <allocated-bytes non-tlh="64" tlh="804416" />
  <largest-consumer threadName="main" threadId="0000000128084900" bytes="800384" />
</allocation-stats>
<gc-op id="418" type="scavenge" timems="0.310" contextid="415" timestamp="2024-12-13T11:26:22.720">
  <scavenger-info tenureage="3" tenuremask="7ff8" tiltratio="57" />
  <memory-copied type="nursery" objects="4949" bytes="424512" bytesdiscarded="61840" />
  <memory-copied type="tenure" objects="2299" bytes="217528" bytesdiscarded="472" />
  <ownableSynchronizers candidates="50" cleared="15" />
  <references type="weak" candidates="1" cleared="0" enqueued="0" />
  <references type="phantom" candidates="35" cleared="0" enqueued="0" />
  <object-monitors candidates="6" cleared="0"  />
</gc-op>
<gc-end id="419" type="scavenge" contextid="415" durationms="0.364" usertimems="0.761" systemtimems="0.118" stalltimems="0.367" timestamp="2024-12-13T11:26:22.720" activeThreads="4">
  <mem-info id="420" free="2461176" total="9830400" percent="25">
    <mem type="nursery" free="1086176" total="2490368" percent="43">
      <mem type="allocate" free="1086176" total="1572864" percent="69" />
      <mem type="survivor" free="0" total="917504" percent="0" />
    </mem>
    <mem type="tenure" free="1375000" total="7340032" percent="18">
      <mem type="soa" free="1007384" total="6972416" percent="14" />
      <mem type="loa" free="367616" total="367616" percent="100" />
    </mem>
    <remembered-set count="193" />
  </mem-info>
</gc-end>
<cycle-end id="421" type="scavenge" contextid="415" timestamp="2024-12-13T11:26:22.720" />
<allocation-satisfied id="422" threadId="0000000128084900" bytesRequested="16400" />
<af-end id="423" timestamp="2024-12-13T11:26:22.720" threadId="0000000128085390" success="true" from="nursery"/>
<exclusive-end id="424" timestamp="2024-12-13T11:26:22.720" durationms="0.495" />

<exclusive-start id="425" timestamp="2024-12-13T11:26:22.751" intervalms="31.102">
  <response-info timems="0.007" idlems="0.005" threads="2" lastid="000000013804ED00" lastname="IProfiler" />
</exclusive-start>
<af-start id="426" threadId="0000000128085390" totalBytesRequested="1048" timestamp="2024-12-13T11:26:22.751" intervalms="31.121" type="nursery" />
<cycle-start id="427" type="scavenge" contextid="0" timestamp="2024-12-13T11:26:22.751" intervalms="31.124" />
<gc-start id="428" type="scavenge" contextid="427" timestamp="2024-12-13T11:26:22.751">
  <mem-info id="429" free="1372416" total="9830400" percent="13">
    <mem type="nursery" free="0" total="2490368" percent="0">
      <mem type="allocate" free="0" total="1572864" percent="0" />
      <mem type="survivor" free="0" total="917504" percent="0" />
    </mem>
    <mem type="tenure" free="1372416" total="7340032" percent="18">
      <mem type="soa" free="1004800" total="6972416" percent="14" />
      <mem type="loa" free="367616" total="367616" percent="100" />
    </mem>
    <remembered-set count="305" />
  </mem-info>
</gc-start>
<allocation-stats totalBytes="1088168" discardedBytes="592" >
  <allocated-bytes non-tlh="18984" tlh="1069184" />
  <largest-consumer threadName="main" threadId="0000000128084900" bytes="1084072" />
</allocation-stats>
<gc-op id="430" type="scavenge" timems="0.444" contextid="427" timestamp="2024-12-13T11:26:22.752">
  <scavenger-info tenureage="3" tenuremask="7ff8" tiltratio="63" />
  <memory-copied type="nursery" objects="5445" bytes="375752" bytesdiscarded="60704" />
  <memory-copied type="tenure" objects="1960" bytes="174456" bytesdiscarded="72" />
  <ownableSynchronizers candidates="32" cleared="6" />
  <references type="weak" candidates="8" cleared="8" enqueued="8" />
  <references type="phantom" candidates="24" cleared="0" enqueued="0" />
  <object-monitors candidates="6" cleared="0"  />
</gc-op>
<gc-end id="431" type="scavenge" contextid="427" durationms="0.542" usertimems="2.418" systemtimems="0.200" stalltimems="0.627" timestamp="2024-12-13T11:26:22.752" activeThreads="4">
  <mem-info id="432" free="2380856" total="9830400" percent="24">
    <mem type="nursery" free="1201664" total="2490368" percent="48">
      <mem type="allocate" free="1201664" total="1638400" percent="73" />
      <mem type="survivor" free="0" total="851968" percent="0" />
    </mem>
    <mem type="tenure" free="1179192" total="7340032" percent="16">
      <mem type="soa" free="811576" total="6972416" percent="11" />
      <mem type="loa" free="367616" total="367616" percent="100" />
    </mem>
    <pending-finalizers system="0" default="0" reference="8" classloader="0" />
    <remembered-set count="276" />
  </mem-info>
</gc-end>
<cycle-end id="433" type="scavenge" contextid="427" timestamp="2024-12-13T11:26:22.752" />
<allocation-satisfied id="434" threadId="0000000128084900" bytesRequested="1048" />
<af-end id="435" timestamp="2024-12-13T11:26:22.752" threadId="0000000128085390" success="true" from="nursery"/>
<exclusive-end id="436" timestamp="2024-12-13T11:26:22.752" durationms="0.744" />

<exclusive-start id="437" timestamp="2024-12-13T11:26:22.770" intervalms="19.466">
  <response-info timems="0.006" idlems="0.006" threads="0" lastid="0000000128084900" lastname="main" />
</exclusive-start>
<af-start id="438" threadId="0000000128085390" totalBytesRequested="48" timestamp="2024-12-13T11:26:22.771" intervalms="19.475" type="nursery" />
<cycle-start id="439" type="scavenge" contextid="0" timestamp="2024-12-13T11:26:22.771" intervalms="19.480" />
<gc-start id="440" type="scavenge" contextid="439" timestamp="2024-12-13T11:26:22.771">
  <mem-info id="441" free="1177512" total="9830400" percent="11">
    <mem type="nursery" free="0" total="2490368" percent="0">
      <mem type="allocate" free="0" total="1638400" percent="0" />
      <mem type="survivor" free="0" total="851968" percent="0" />
    </mem>
    <mem type="tenure" free="1177512" total="7340032" percent="16">
      <mem type="soa" free="809896" total="6972416" percent="11" />
      <mem type="loa" free="367616" total="367616" percent="100" />
    </mem>
    <remembered-set count="302" />
  </mem-info>
</gc-start>
<allocation-stats totalBytes="1202752" discardedBytes="592" >
  <allocated-bytes non-tlh="2728" tlh="1200024" />
  <largest-consumer threadName="main" threadId="0000000128084900" bytes="1202752" />
</allocation-stats>
<gc-op id="442" type="scavenge" timems="0.403" contextid="439" timestamp="2024-12-13T11:26:22.771">
  <scavenger-info tenureage="3" tenuremask="7ff8" tiltratio="65" />
  <memory-copied type="nursery" objects="5220" bytes="338688" bytesdiscarded="72304" />
  <memory-copied type="tenure" objects="1017" bytes="73264" bytesdiscarded="32" />
  <ownableSynchronizers candidates="18" cleared="0" />
  <references type="weak" candidates="7" cleared="7" enqueued="7" />
  <references type="phantom" candidates="18" cleared="0" enqueued="0" />
  <object-monitors candidates="6" cleared="0"  />
</gc-op>
<gc-end id="443" type="scavenge" contextid="439" durationms="0.497" usertimems="3.228" systemtimems="0.296" stalltimems="0.493" timestamp="2024-12-13T11:26:22.771" activeThreads="4">
  <mem-info id="444" free="2416352" total="9830400" percent="24">
    <mem type="nursery" free="1292600" total="2490368" percent="51">
      <mem type="allocate" free="1292600" total="1703936" percent="75" />
      <mem type="survivor" free="0" total="786432" percent="0" />
    </mem>
    <mem type="tenure" free="1123752" total="7340032" percent="15">
      <mem type="soa" free="756136" total="6972416" percent="10" />
      <mem type="loa" free="367616" total="367616" percent="100" />
    </mem>
    <pending-finalizers system="0" default="0" reference="7" classloader="0" />
    <remembered-set count="295" />
  </mem-info>
</gc-end>
<cycle-end id="445" type="scavenge" contextid="439" timestamp="2024-12-13T11:26:22.771" />
<allocation-satisfied id="446" threadId="0000000128084900" bytesRequested="48" />
<af-end id="447" timestamp="2024-12-13T11:26:22.771" threadId="0000000128085390" success="true" from="nursery"/>
<exclusive-end id="448" timestamp="2024-12-13T11:26:22.771" durationms="0.715" />

<exclusive-start id="449" timestamp="2024-12-13T11:26:22.789" intervalms="18.622">
  <response-info timems="0.006" idlems="0.006" threads="0" lastid="0000000128084900" lastname="main" />
</exclusive-start>
<af-start id="450" threadId="0000000128085390" totalBytesRequested="2072" timestamp="2024-12-13T11:26:22.789" intervalms="18.602" type="nursery" />
<cycle-start id="451" type="scavenge" contextid="0" timestamp="2024-12-13T11:26:22.789" intervalms="18.588" />
<gc-start id="452" type="scavenge" contextid="451" timestamp="2024-12-13T11:26:22.789">
  <mem-info id="453" free="1122760" total="9830400" percent="11">
    <mem type="nursery" free="0" total="2490368" percent="0">
      <mem type="allocate" free="0" total="1703936" percent="0" />
      <mem type="survivor" free="0" total="786432" percent="0" />
    </mem>
    <mem type="tenure" free="1122760" total="7340032" percent="15">
      <mem type="soa" free="755144" total="6972416" percent="10" />
      <mem type="loa" free="367616" total="367616" percent="100" />
    </mem>
    <remembered-set count="350" />
  </mem-info>
</gc-start>
<allocation-stats totalBytes="1290440" discardedBytes="3152" >
  <allocated-bytes non-tlh="1040" tlh="1289400" />
  <largest-consumer threadName="main" threadId="0000000128084900" bytes="1290440" />
</allocation-stats>
<gc-op id="454" type="scavenge" timems="0.327" contextid="451" timestamp="2024-12-13T11:26:22.790">
  <scavenger-info tenureage="3" tenuremask="7ff8" tiltratio="68" />
  <memory-copied type="nursery" objects="4405" bytes="286832" bytesdiscarded="165600" />
  <memory-copied type="tenure" objects="1897" bytes="159312" bytesdiscarded="160" />
  <ownableSynchronizers candidates="14" cleared="0" />
  <references type="weak" candidates="15" cleared="5" enqueued="3" />
  <references type="phantom" candidates="3" cleared="0" enqueued="0" />
  <object-monitors candidates="6" cleared="0"  />
</gc-op>
<gc-end id="455" type="scavenge" contextid="451" durationms="0.384" usertimems="2.247" systemtimems="0.117" stalltimems="0.374" timestamp="2024-12-13T11:26:22.790" activeThreads="4">
  <mem-info id="456" free="2314928" total="9830400" percent="23">
    <mem type="nursery" free="1317040" total="2490368" percent="52">
      <mem type="allocate" free="1317040" total="1769472" percent="74" />
      <mem type="survivor" free="0" total="720896" percent="0" />
    </mem>
    <mem type="tenure" free="997888" total="7340032" percent="13">
      <mem type="soa" free="630272" total="6972416" percent="9" />
      <mem type="loa" free="367616" total="367616" percent="100" />
    </mem>
    <pending-finalizers system="0" default="0" reference="3" classloader="0" />
    <remembered-set count="298" />
  </mem-info>
</gc-end>
<cycle-end id="457" type="scavenge" contextid="451" timestamp="2024-12-13T11:26:22.790" />
<allocation-satisfied id="458" threadId="0000000128084900" bytesRequested="2072" />
<af-end id="459" timestamp="2024-12-13T11:26:22.790" threadId="0000000128085390" success="true" from="nursery"/>
<exclusive-end id="460" timestamp="2024-12-13T11:26:22.790" durationms="0.523" />

<exclusive-start id="461" timestamp="2024-12-13T11:26:22.799" intervalms="9.650">
  <response-info timems="0.682" idlems="0.347" threads="1" lastid="000000013800C300" lastname="JIT Compilation Thread-005" />
</exclusive-start>
<af-start id="462" threadId="0000000128085390" totalBytesRequested="32" timestamp="2024-12-13T11:26:22.799" intervalms="9.653" type="nursery" />
<cycle-start id="463" type="scavenge" contextid="0" timestamp="2024-12-13T11:26:22.799" intervalms="9.654" />
<gc-start id="464" type="scavenge" contextid="463" timestamp="2024-12-13T11:26:22.799">
  <mem-info id="465" free="997888" total="9830400" percent="10">
    <mem type="nursery" free="0" total="2490368" percent="0">
      <mem type="allocate" free="0" total="1769472" percent="0" />
      <mem type="survivor" free="0" total="720896" percent="0" />
    </mem>
    <mem type="tenure" free="997888" total="7340032" percent="13">
      <mem type="soa" free="630272" total="6972416" percent="9" />
      <mem type="loa" free="367616" total="367616" percent="100" />
    </mem>
    <remembered-set count="310" />
  </mem-info>
</gc-start>
<allocation-stats totalBytes="1315928" discardedBytes="1112" >
  <allocated-bytes non-tlh="2072" tlh="1313856" />
  <largest-consumer threadName="main" threadId="0000000128084900" bytes="1311832" />
</allocation-stats>
<gc-op id="466" type="scavenge" timems="0.468" contextid="463" timestamp="2024-12-13T11:26:22.799">
  <scavenger-info tenureage="3" tenuremask="7ff8" tiltratio="71" />
  <memory-copied type="nursery" objects="3100" bytes="303128" bytesdiscarded="84040" />
  <memory-copied type="tenure" objects="1874" bytes="107136" bytesdiscarded="240" />
  <ownableSynchronizers candidates="4" cleared="0" />
  <references type="weak" candidates="10" cleared="0" enqueued="0" />
  <object-monitors candidates="6" cleared="0"  />
</gc-op>
<gc-end id="467" type="scavenge" contextid="463" durationms="0.523" usertimems="1.225" systemtimems="0.188" stalltimems="1.023" timestamp="2024-12-13T11:26:22.799" activeThreads="4">
  <mem-info id="468" free="2280608" total="9830400" percent="23">
    <mem type="nursery" free="1447840" total="2490368" percent="58">
      <mem type="allocate" free="1447840" total="1835008" percent="78" />
      <mem type="survivor" free="0" total="655360" percent="0" />
    </mem>
    <mem type="tenure" free="832768" total="7340032" percent="11">
      <mem type="soa" free="465152" total="6972416" percent="6" />
      <mem type="loa" free="367616" total="367616" percent="100" />
    </mem>
    <remembered-set count="226" />
  </mem-info>
</gc-end>
<cycle-end id="469" type="scavenge" contextid="463" timestamp="2024-12-13T11:26:22.799" />
<allocation-satisfied id="470" threadId="0000000128084900" bytesRequested="32" />
<af-end id="471" timestamp="2024-12-13T11:26:22.799" threadId="0000000128085390" success="true" from="nursery"/>
<exclusive-end id="472" timestamp="2024-12-13T11:26:22.799" durationms="0.657" />

<concurrent-kickoff id="473" timestamp="2024-12-13T11:26:22.807">
  <kickoff reason="threshold reached" targetBytes="2515540" thresholdFreeBytes="347609"  remainingFree="276352" tenureFreeBytes="832768" nurseryFreeBytes="276352" />
</concurrent-kickoff>
<exclusive-start id="474" timestamp="2024-12-13T11:26:22.809" intervalms="10.400">
  <response-info timems="1.813" idlems="0.909" threads="1" lastid="0000000138015100" lastname="JIT Compilation Thread-006" />
</exclusive-start>
<cycle-start id="475" type="global" contextid="0" timestamp="2024-12-13T11:26:22.809" intervalms="217.801" />
<concurrent-start id="476" type="global mark" contextid="475" timestamp="2024-12-13T11:26:22.809">
</concurrent-start>
<exclusive-end id="477" timestamp="2024-12-13T11:26:22.809" durationms="0.027" />

<exclusive-start id="478" timestamp="2024-12-13T11:26:22.815" intervalms="5.790">
  <response-info timems="0.047" idlems="0.023" threads="5" lastid="0000000138015100" lastname="JIT Compilation Thread-006" />
</exclusive-start>
<af-start id="479" threadId="0000000128085390" totalBytesRequested="2072" timestamp="2024-12-13T11:26:22.815" intervalms="16.189" type="nursery" />
<cycle-start id="480" type="scavenge" contextid="0" timestamp="2024-12-13T11:26:22.815" intervalms="16.193" />
<gc-start id="481" type="scavenge" contextid="480" timestamp="2024-12-13T11:26:22.815">
  <mem-info id="482" free="832768" total="9830400" percent="8">
    <mem type="nursery" free="0" total="2490368" percent="0">
      <mem type="allocate" free="0" total="1835008" percent="0" />
      <mem type="survivor" free="0" total="655360" percent="0" />
    </mem>
    <mem type="tenure" free="832768" total="7340032" percent="11">
      <mem type="soa" free="465152" total="6972416" percent="6" />
      <mem type="loa" free="367616" total="367616" percent="100" />
    </mem>
    <remembered-set count="243" />
  </mem-info>
</gc-start>
<allocation-stats totalBytes="1443632" discardedBytes="4208" >
  <allocated-bytes non-tlh="32" tlh="1443600" />
  <largest-consumer threadName="main" threadId="0000000128084900" bytes="1443632" />
</allocation-stats>
<gc-op id="483" type="scavenge" timems="0.238" contextid="480" timestamp="2024-12-13T11:26:22.815">
  <scavenger-info tenureage="3" tenuremask="7ff8" tiltratio="73" />
  <memory-copied type="nursery" objects="2831" bytes="208928" bytesdiscarded="104064" />
  <memory-copied type="tenure" objects="491" bytes="22936" bytesdiscarded="0" />
  <references type="weak" candidates="10" cleared="0" enqueued="0" />
  <object-monitors candidates="6" cleared="0"  />
</gc-op>
<gc-end id="484" type="scavenge" contextid="480" durationms="0.294" usertimems="0.732" systemtimems="0.140" stalltimems="0.301" timestamp="2024-12-13T11:26:22.815" activeThreads="4">
  <mem-info id="485" free="2420320" total="9830400" percent="24">
    <mem type="nursery" free="1587552" total="2490368" percent="63">
      <mem type="allocate" free="1587552" total="1900544" percent="83" />
      <mem type="survivor" free="0" total="589824" percent="0" />
    </mem>
    <mem type="tenure" free="832768" total="7340032" percent="11">
      <mem type="soa" free="465152" total="6972416" percent="6" />
      <mem type="loa" free="367616" total="367616" percent="100" />
    </mem>
    <remembered-set count="201" />
  </mem-info>
</gc-end>
<cycle-end id="486" type="scavenge" contextid="480" timestamp="2024-12-13T11:26:22.815" />
<allocation-satisfied id="487" threadId="0000000128084900" bytesRequested="2072" />
<af-end id="488" timestamp="2024-12-13T11:26:22.815" threadId="0000000128085390" success="true" from="nursery"/>
<exclusive-end id="489" timestamp="2024-12-13T11:26:22.815" durationms="0.448" />

<concurrent-end id="490" type="global mark" contextid="475" timestamp="2024-12-13T11:26:22.817">
<gc-op id="491" type="trace" timems="8.231" contextid="475" timestamp="2024-12-13T11:26:22.817">
  <trace bytesTraced="4173384" workStackOverflowCount="0" />
  <card-cleaning reason="card cleaning threshold reached" bytesTraced="16416" cardsCleaned="39" />
</gc-op>
</concurrent-end>

<exclusive-start id="492" timestamp="2024-12-13T11:26:22.817" intervalms="2.515">
  <response-info timems="0.017" idlems="0.011" threads="1" lastid="00000001280A3300" lastname="JIT Compilation Thread-001" />
</exclusive-start>
<concurrent-global-final id="493" timestamp="2024-12-13T11:26:22.817" contextid="475" intervalms="1122.331" >
  <concurrent-trace-info reason="card cleaning threshold reached" tracedByMutators="1084400" tracedByHelpers="3105400" cardsCleaned="39" workStackOverflowCount="0" />
</concurrent-global-final>
<gc-start id="494" type="global" contextid="475" timestamp="2024-12-13T11:26:22.817">
  <mem-info id="495" free="2123336" total="9830400" percent="21">
    <mem type="nursery" free="1290568" total="2490368" percent="51">
      <mem type="allocate" free="1290568" total="1900544" percent="67" />
      <mem type="survivor" free="0" total="589824" percent="0" />
    </mem>
    <mem type="tenure" free="832768" total="7340032" percent="11">
      <mem type="soa" free="465152" total="6972416" percent="6" />
      <mem type="loa" free="367616" total="367616" percent="100" />
    </mem>
    <remembered-set count="201" />
  </mem-info>
</gc-start>
<allocation-stats totalBytes="296840" discardedBytes="144" >
  <allocated-bytes non-tlh="2072" tlh="294768" />
  <largest-consumer threadName="main" threadId="0000000128084900" bytes="296840" />
</allocation-stats>
<gc-op id="496" type="rs-scan" timems="0.145" contextid="475" timestamp="2024-12-13T11:26:22.818">
  <scan objectsFound="2309" bytesTraced="150672" workStackOverflowCount="0" />
</gc-op>
<gc-op id="497" type="card-cleaning" timems="0.025" contextid="475" timestamp="2024-12-13T11:26:22.818">
  <card-cleaning cardsCleaned="0" bytesTraced="0" workStackOverflowCount="0" />
</gc-op>
<gc-op id="498" type="mark" timems="0.588" contextid="475" timestamp="2024-12-13T11:26:22.818">
  <trace-info objectcount="1635" scancount="1551" scanbytes="196032" />
  <finalization candidates="99" enqueued="0" />
  <ownableSynchronizers candidates="87" cleared="0" />
  <references type="soft" candidates="755" cleared="0" enqueued="0" dynamicThreshold="10" maxThreshold="32" />
  <references type="weak" candidates="2318" cleared="22" enqueued="11" />
  <references type="phantom" candidates="113" cleared="0" enqueued="0" />
  <stringconstants candidates="8482" cleared="6"  />
  <object-monitors candidates="6" cleared="0"  />
</gc-op>
<gc-op id="499" type="sweep" timems="0.145" contextid="475" timestamp="2024-12-13T11:26:22.818" />
<heap-resize id="500" type="expand" space="tenure" amount="1507328" count="1" timems="0.018" reason="insufficient free space following gc" timestamp="2024-12-13T11:26:22.819" />
<gc-end id="501" type="global" contextid="475" durationms="1.048" usertimems="5.229" systemtimems="0.410" stalltimems="1.129" timestamp="2024-12-13T11:26:22.819" activeThreads="4">
  <mem-info id="502" free="4158712" total="11337728" percent="36">
    <mem type="nursery" free="1483208" total="2490368" percent="59">
      <mem type="allocate" free="1483208" total="1900544" percent="78" />
      <mem type="survivor" free="0" total="589824" percent="0" />
    </mem>
    <mem type="tenure" free="2675504" total="8847360" percent="30" micro-fragmented="195813" macro-fragmented="0">
      <mem type="soa" free="2233136" total="8404992" percent="26" />
      <mem type="loa" free="442368" total="442368" percent="100" />
    </mem>
    <pending-finalizers system="0" default="0" reference="11" classloader="0" />
    <remembered-set count="196" />
  </mem-info>
</gc-end>
<cycle-end id="503" type="global" contextid="475" timestamp="2024-12-13T11:26:22.819" />
<exclusive-end id="504" timestamp="2024-12-13T11:26:22.819" durationms="1.111" />

<exclusive-start id="505" timestamp="2024-12-13T11:26:22.829" intervalms="11.452">
  <response-info timems="0.100" idlems="0.055" threads="1" lastid="0000000138015100" lastname="JIT Compilation Thread-006" />
</exclusive-start>
<af-start id="506" threadId="0000000128085390" totalBytesRequested="64" timestamp="2024-12-13T11:26:22.829" intervalms="13.966" type="nursery" />
<cycle-start id="507" type="scavenge" contextid="0" timestamp="2024-12-13T11:26:22.829" intervalms="13.960" />
<gc-start id="508" type="scavenge" contextid="507" timestamp="2024-12-13T11:26:22.829">
  <mem-info id="509" free="2675504" total="11337728" percent="23">
    <mem type="nursery" free="0" total="2490368" percent="0">
      <mem type="allocate" free="0" total="1900544" percent="0" />
      <mem type="survivor" free="0" total="589824" percent="0" />
    </mem>
    <mem type="tenure" free="2675504" total="8847360" percent="30">
      <mem type="soa" free="2233136" total="8404992" percent="26" />
      <mem type="loa" free="442368" total="442368" percent="100" />
    </mem>
    <remembered-set count="220" />
  </mem-info>
</gc-start>
<allocation-stats totalBytes="1482296" discardedBytes="912" >
  <allocated-bytes non-tlh="0" tlh="1482296" />
  <largest-consumer threadName="main" threadId="0000000128084900" bytes="1482296" />
</allocation-stats>
<gc-op id="510" type="scavenge" timems="0.247" contextid="507" timestamp="2024-12-13T11:26:22.829">
  <scavenger-info tenureage="3" tenuremask="7ff8" tiltratio="76" />
  <memory-copied type="nursery" objects="4463" bytes="435624" bytesdiscarded="137144" />
  <memory-copied type="tenure" objects="1222" bytes="63664" bytesdiscarded="216" />
  <ownableSynchronizers candidates="174" cleared="174" />
  <object-monitors candidates="6" cleared="0"  />
</gc-op>
<gc-end id="511" type="scavenge" contextid="507" durationms="0.302" usertimems="0.604" systemtimems="0.082" stalltimems="0.235" timestamp="2024-12-13T11:26:22.829" activeThreads="4">
  <mem-info id="512" free="3744896" total="11337728" percent="33">
    <mem type="nursery" free="1196704" total="2490368" percent="48">
      <mem type="allocate" free="1196704" total="1769472" percent="67" />
      <mem type="survivor" free="0" total="720896" percent="0" />
    </mem>
    <mem type="tenure" free="2548192" total="8847360" percent="28">
      <mem type="soa" free="2105824" total="8404992" percent="25" />
      <mem type="loa" free="442368" total="442368" percent="100" />
    </mem>
    <remembered-set count="174" />
  </mem-info>
</gc-end>
<cycle-end id="513" type="scavenge" contextid="507" timestamp="2024-12-13T11:26:22.829" />
<allocation-satisfied id="514" threadId="0000000128084900" bytesRequested="64" />
<af-end id="515" timestamp="2024-12-13T11:26:22.829" threadId="0000000128085390" success="true" from="nursery"/>
<exclusive-end id="516" timestamp="2024-12-13T11:26:22.829" durationms="0.432" />

<exclusive-start id="517" timestamp="2024-12-13T11:26:22.847" intervalms="18.101">
  <response-info timems="0.024" idlems="0.016" threads="4" lastid="0000000128099300" lastname="JIT Compilation Thread-000" />
</exclusive-start>
<af-start id="518" threadId="000000011F901B90" totalBytesRequested="128" timestamp="2024-12-13T11:26:22.847" intervalms="18.098" type="nursery" />
<cycle-start id="519" type="scavenge" contextid="0" timestamp="2024-12-13T11:26:22.847" intervalms="18.110" />
<gc-start id="520" type="scavenge" contextid="519" timestamp="2024-12-13T11:26:22.847">
  <mem-info id="521" free="2530408" total="11337728" percent="22">
    <mem type="nursery" free="0" total="2490368" percent="0">
      <mem type="allocate" free="0" total="1769472" percent="0" />
      <mem type="survivor" free="0" total="720896" percent="0" />
    </mem>
    <mem type="tenure" free="2530408" total="8847360" percent="28">
      <mem type="soa" free="2088040" total="8404992" percent="24" />
      <mem type="loa" free="442368" total="442368" percent="100" />
    </mem>
    <remembered-set count="469" />
  </mem-info>
</gc-start>
<allocation-stats totalBytes="1188448" discardedBytes="26040" >
  <allocated-bytes non-tlh="48104" tlh="1140344" />
  <largest-consumer threadName="main" threadId="0000000128084900" bytes="640592" />
</allocation-stats>
<gc-op id="522" type="scavenge" timems="0.355" contextid="519" timestamp="2024-12-13T11:26:22.847">
  <scavenger-info tenureage="3" tenuremask="7ff8" tiltratio="71" />
  <memory-copied type="nursery" objects="4461" bytes="251360" bytesdiscarded="30360" />
  <memory-copied type="tenure" objects="320" bytes="16696" bytesdiscarded="0" />
  <ownableSynchronizers candidates="7" cleared="0" />
  <references type="soft" candidates="5" cleared="0" enqueued="0" dynamicThreshold="9" maxThreshold="32" />
  <references type="weak" candidates="173" cleared="71" enqueued="56" />
  <object-monitors candidates="12" cleared="5"  />
</gc-op>
<gc-end id="523" type="scavenge" contextid="519" durationms="0.413" usertimems="1.409" systemtimems="0.167" stalltimems="0.602" timestamp="2024-12-13T11:26:22.848" activeThreads="4">
  <mem-info id="524" free="3997288" total="11337728" percent="35">
    <mem type="nursery" free="1487616" total="2490368" percent="59">
      <mem type="allocate" free="1487616" total="1769472" percent="84" />
      <mem type="survivor" free="0" total="720896" percent="0" />
    </mem>
    <mem type="tenure" free="2509672" total="8847360" percent="28">
      <mem type="soa" free="2067304" total="8404992" percent="24" />
      <mem type="loa" free="442368" total="442368" percent="100" />
    </mem>
    <pending-finalizers system="0" default="0" reference="56" classloader="0" />
    <remembered-set count="418" />
  </mem-info>
</gc-end>
<cycle-end id="525" type="scavenge" contextid="519" timestamp="2024-12-13T11:26:22.848" />
<allocation-satisfied id="526" threadId="000000011F901100" bytesRequested="128" />
<af-end id="527" timestamp="2024-12-13T11:26:22.848" threadId="000000011F901B90" success="true" from="nursery"/>
<exclusive-end id="528" timestamp="2024-12-13T11:26:22.848" durationms="0.564" />

<exclusive-start id="529" timestamp="2024-12-13T11:26:22.885" intervalms="38.416">
  <response-info timems="5.293" idlems="1.168" threads="4" lastid="000000011F910500" lastname="Equinox start level thread - Equinox Container: 3d07d356-8ac3-4" />
</exclusive-start>
<af-start id="530" threadId="000000011F887D90" totalBytesRequested="40" timestamp="2024-12-13T11:26:22.885" intervalms="38.412" type="nursery" />
<cycle-start id="531" type="scavenge" contextid="0" timestamp="2024-12-13T11:26:22.885" intervalms="38.408" />
<gc-start id="532" type="scavenge" contextid="531" timestamp="2024-12-13T11:26:22.886">
  <mem-info id="533" free="2459168" total="11337728" percent="21">
    <mem type="nursery" free="0" total="2490368" percent="0">
      <mem type="allocate" free="0" total="1769472" percent="0" />
      <mem type="survivor" free="0" total="720896" percent="0" />
    </mem>
    <mem type="tenure" free="2459168" total="8847360" percent="27">
      <mem type="soa" free="2016800" total="8404992" percent="23" />
      <mem type="loa" free="442368" total="442368" percent="100" />
    </mem>
    <remembered-set count="992" />
  </mem-info>
</gc-start>
<allocation-stats totalBytes="1507472" discardedBytes="28456" >
  <allocated-bytes non-tlh="132448" tlh="1375024" />
  <largest-consumer threadName="Equinox start level thread - Equinox Container: 3d07d356-8ac3-4c95-bf6d-d0b019020d2b" threadId="000000011F887300" bytes="610344" />
</allocation-stats>
<gc-op id="534" type="scavenge" timems="0.420" contextid="531" timestamp="2024-12-13T11:26:22.886">
  <scavenger-info tenureage="3" tenuremask="7ff8" tiltratio="71" />
  <memory-copied type="nursery" objects="7778" bytes="411816" bytesdiscarded="69656" />
  <memory-copied type="tenure" objects="422" bytes="20824" bytesdiscarded="8" />
  <finalization candidates="23" enqueued="0" />
  <ownableSynchronizers candidates="9" cleared="0" />
  <references type="soft" candidates="117" cleared="0" enqueued="0" dynamicThreshold="9" maxThreshold="32" />
  <references type="weak" candidates="318" cleared="100" enqueued="80" />
  <object-monitors candidates="7" cleared="0"  />
</gc-op>
<gc-end id="535" type="scavenge" contextid="531" durationms="0.484" usertimems="1.314" systemtimems="0.104" stalltimems="0.536" timestamp="2024-12-13T11:26:22.886" activeThreads="4">
  <mem-info id="536" free="3714312" total="11337728" percent="32">
    <mem type="nursery" free="1287920" total="2490368" percent="51">
      <mem type="allocate" free="1287920" total="1769472" percent="72" />
      <mem type="survivor" free="0" total="720896" percent="0" />
    </mem>
    <mem type="tenure" free="2426392" total="8847360" percent="27">
      <mem type="soa" free="1984024" total="8404992" percent="23" />
      <mem type="loa" free="442368" total="442368" percent="100" />
    </mem>
    <pending-finalizers system="0" default="0" reference="80" classloader="0" />
    <remembered-set count="932" />
  </mem-info>
</gc-end>
<cycle-end id="537" type="scavenge" contextid="531" timestamp="2024-12-13T11:26:22.886" />
<allocation-satisfied id="538" threadId="000000011F887300" bytesRequested="40" />
<af-end id="539" timestamp="2024-12-13T11:26:22.886" threadId="000000011F887D90" success="true" from="nursery"/>
<exclusive-end id="540" timestamp="2024-12-13T11:26:22.886" durationms="0.634" />

<exclusive-start id="541" timestamp="2024-12-13T11:26:22.921" intervalms="36.066">
  <response-info timems="0.064" idlems="0.039" threads="3" lastid="000000011F887300" lastname="Equinox start level thread - Equinox Container: 3d07d356-8ac3-4" />
</exclusive-start>
<af-start id="542" threadId="000000011F901B90" totalBytesRequested="8208" timestamp="2024-12-13T11:26:22.922" intervalms="36.078" type="nursery" />
<cycle-start id="543" type="scavenge" contextid="0" timestamp="2024-12-13T11:26:22.922" intervalms="36.086" />
<gc-start id="544" type="scavenge" contextid="543" timestamp="2024-12-13T11:26:22.922">
  <mem-info id="545" free="2354968" total="11337728" percent="20">
    <mem type="nursery" free="0" total="2490368" percent="0">
      <mem type="allocate" free="0" total="1769472" percent="0" />
      <mem type="survivor" free="0" total="720896" percent="0" />
    </mem>
    <mem type="tenure" free="2354968" total="8847360" percent="26">
      <mem type="soa" free="1912600" total="8404992" percent="22" />
      <mem type="loa" free="442368" total="442368" percent="100" />
    </mem>
    <remembered-set count="1809" />
  </mem-info>
</gc-start>
<allocation-stats totalBytes="1338128" discardedBytes="18256" >
  <allocated-bytes non-tlh="68504" tlh="1269624" />
  <largest-consumer threadName="Equinox start level thread - Equinox Container: 3d07d356-8ac3-4c95-bf6d-d0b019020d2b" threadId="000000011F887300" bytes="879032" />
</allocation-stats>
<gc-op id="546" type="scavenge" timems="0.649" contextid="543" timestamp="2024-12-13T11:26:22.922">
  <scavenger-info tenureage="3" tenuremask="7ff8" tiltratio="71" />
  <memory-copied type="nursery" objects="11656" bytes="680896" bytesdiscarded="39928" />
  <memory-copied type="tenure" objects="2235" bytes="111912" bytesdiscarded="88" />
  <copy-failed type="nursery" objects="1697" bytes="84416" />
  <finalization candidates="23" enqueued="0" />
  <ownableSynchronizers candidates="9" cleared="0" />
  <references type="soft" candidates="1336" cleared="0" enqueued="0" dynamicThreshold="9" maxThreshold="32" />
  <references type="weak" candidates="279" cleared="37" enqueued="33" />
  <references type="phantom" candidates="2" cleared="0" enqueued="0" />
  <object-monitors candidates="7" cleared="0"  />
</gc-op>
<gc-end id="547" type="scavenge" contextid="543" durationms="0.735" usertimems="2.641" systemtimems="0.248" stalltimems="0.646" timestamp="2024-12-13T11:26:22.922" activeThreads="4">
  <mem-info id="548" free="2742552" total="11337728" percent="24">
    <mem type="nursery" free="524288" total="2490368" percent="21">
      <mem type="allocate" free="524288" total="1245184" percent="42" />
      <mem type="survivor" free="0" total="1245184" percent="0" />
    </mem>
    <mem type="tenure" free="2218264" total="8847360" percent="25">
      <mem type="soa" free="1775896" total="8404992" percent="21" />
      <mem type="loa" free="442368" total="442368" percent="100" />
    </mem>
    <pending-finalizers system="0" default="0" reference="33" classloader="0" />
    <remembered-set count="2699" />
  </mem-info>
</gc-end>
<cycle-end id="549" type="scavenge" contextid="543" timestamp="2024-12-13T11:26:22.922" />
<allocation-satisfied id="550" threadId="000000011F901100" bytesRequested="8208" />
<af-end id="551" timestamp="2024-12-13T11:26:22.922" threadId="000000011F901B90" success="true" from="nursery"/>
<exclusive-end id="552" timestamp="2024-12-13T11:26:22.922" durationms="0.928" />

<exclusive-start id="553" timestamp="2024-12-13T11:26:22.972" intervalms="50.907">
  <response-info timems="0.006" idlems="0.003" threads="2" lastid="000000013800C300" lastname="JIT Compilation Thread-005" />
</exclusive-start>
<af-start id="554" threadId="000000011F887D90" totalBytesRequested="1328" timestamp="2024-12-13T11:26:22.972" intervalms="50.903" type="nursery" />
<cycle-start id="555" type="scavenge" contextid="0" timestamp="2024-12-13T11:26:22.972" intervalms="50.896" />
<gc-start id="556" type="scavenge" contextid="555" timestamp="2024-12-13T11:26:22.972">
  <mem-info id="557" free="2154848" total="11337728" percent="19">
    <mem type="nursery" free="0" total="2490368" percent="0">
      <mem type="allocate" free="0" total="1245184" percent="0" />
      <mem type="survivor" free="0" total="1245184" percent="0" />
    </mem>
    <mem type="tenure" free="2154848" total="8847360" percent="24">
      <mem type="soa" free="1712480" total="8404992" percent="20" />
      <mem type="loa" free="442368" total="442368" percent="100" />
    </mem>
    <remembered-set count="3603" />
  </mem-info>
</gc-start>
<allocation-stats totalBytes="586920" discardedBytes="784" >
  <allocated-bytes non-tlh="71624" tlh="515296" />
  <largest-consumer threadName="Equinox start level thread - Equinox Container: 3d07d356-8ac3-4c95-bf6d-d0b019020d2b" threadId="000000011F887300" bytes="344464" />
</allocation-stats>
<gc-op id="558" type="scavenge" timems="0.762" contextid="555" timestamp="2024-12-13T11:26:22.973">
  <scavenger-info tenureage="2" tenuremask="7ffc" tiltratio="50" />
  <memory-copied type="nursery" objects="6158" bytes="359264" bytesdiscarded="157064" />
  <memory-copied type="tenure" objects="6761" bytes="352352" bytesdiscarded="496" />
  <finalization candidates="23" enqueued="0" />
  <ownableSynchronizers candidates="11" cleared="0" />
  <references type="soft" candidates="1243" cleared="0" enqueued="0" dynamicThreshold="9" maxThreshold="32" />
  <references type="weak" candidates="80" cleared="45" enqueued="42" />
  <references type="phantom" candidates="2" cleared="0" enqueued="0" />
  <object-monitors candidates="7" cleared="0"  />
</gc-op>
<gc-end id="559" type="scavenge" contextid="555" durationms="0.826" usertimems="2.397" systemtimems="0.456" stalltimems="1.269" timestamp="2024-12-13T11:26:22.973" activeThreads="5">
  <mem-info id="560" free="2445904" total="11337728" percent="21">
    <mem type="nursery" free="728816" total="2490368" percent="29">
      <mem type="allocate" free="728816" total="1245184" percent="58" />
      <mem type="survivor" free="0" total="1245184" percent="0" />
    </mem>
    <mem type="tenure" free="1717088" total="8847360" percent="19">
      <mem type="soa" free="1274720" total="8404992" percent="15" />
      <mem type="loa" free="442368" total="442368" percent="100" />
    </mem>
    <pending-finalizers system="0" default="0" reference="42" classloader="0" />
    <remembered-set count="2968" />
  </mem-info>
</gc-end>
<cycle-end id="561" type="scavenge" contextid="555" timestamp="2024-12-13T11:26:22.973" />
<allocation-satisfied id="562" threadId="000000011F887300" bytesRequested="1328" />
<af-end id="563" timestamp="2024-12-13T11:26:22.973" threadId="000000011F887D90" success="true" from="nursery"/>
<exclusive-end id="564" timestamp="2024-12-13T11:26:22.973" durationms="0.978" />

<exclusive-start id="565" timestamp="2024-12-13T11:26:23.058" intervalms="85.888">
  <response-info timems="0.128" idlems="0.065" threads="5" lastid="000000011F910500" lastname="Equinox start level thread - Equinox Container: 3d07d356-8ac3-4" />
</exclusive-start>
<af-start id="566" threadId="000000011F90A790" totalBytesRequested="3272" timestamp="2024-12-13T11:26:23.058" intervalms="85.891" type="nursery" />
<cycle-start id="567" type="scavenge" contextid="0" timestamp="2024-12-13T11:26:23.058" intervalms="85.899" />
<gc-start id="568" type="scavenge" contextid="567" timestamp="2024-12-13T11:26:23.058">
  <mem-info id="569" free="1693024" total="11337728" percent="14">
    <mem type="nursery" free="0" total="2490368" percent="0">
      <mem type="allocate" free="0" total="1245184" percent="0" />
      <mem type="survivor" free="0" total="1245184" percent="0" />
    </mem>
    <mem type="tenure" free="1693024" total="8847360" percent="19">
      <mem type="soa" free="1250656" total="8404992" percent="14" />
      <mem type="loa" free="442368" total="442368" percent="100" />
    </mem>
    <remembered-set count="3317" />
  </mem-info>
</gc-start>
<allocation-stats totalBytes="744392" discardedBytes="8488" >
  <allocated-bytes non-tlh="25392" tlh="719000" />
  <largest-consumer threadName="Equinox start level thread - Equinox Container: 3d07d356-8ac3-4c95-bf6d-d0b019020d2b" threadId="000000011F910500" bytes="528840" />
</allocation-stats>
<gc-op id="570" type="scavenge" timems="0.443" contextid="567" timestamp="2024-12-13T11:26:23.059">
  <scavenger-info tenureage="2" tenuremask="7ffc" tiltratio="50" />
  <memory-copied type="nursery" objects="4002" bytes="236800" bytesdiscarded="216192" />
  <memory-copied type="tenure" objects="4650" bytes="280216" bytesdiscarded="896" />
  <ownableSynchronizers candidates="4" cleared="0" />
  <references type="soft" candidates="10" cleared="0" enqueued="0" dynamicThreshold="9" maxThreshold="32" />
  <references type="weak" candidates="71" cleared="33" enqueued="30" />
  <references type="phantom" candidates="3" cleared="0" enqueued="0" />
  <object-monitors candidates="7" cleared="0"  />
</gc-op>
<gc-end id="571" type="scavenge" contextid="567" durationms="0.531" usertimems="1.599" systemtimems="0.422" stalltimems="0.796" timestamp="2024-12-13T11:26:23.059" activeThreads="6">
  <mem-info id="572" free="2285136" total="11337728" percent="20">
    <mem type="nursery" free="988672" total="2490368" percent="39">
      <mem type="allocate" free="988672" total="1441792" percent="68" />
      <mem type="survivor" free="0" total="1048576" percent="0" />
    </mem>
    <mem type="tenure" free="1296464" total="8847360" percent="14">
      <mem type="soa" free="854096" total="8404992" percent="10" />
      <mem type="loa" free="442368" total="442368" percent="100" />
    </mem>
    <pending-finalizers system="0" default="0" reference="30" classloader="0" />
    <remembered-set count="1423" />
  </mem-info>
</gc-end>
<cycle-end id="573" type="scavenge" contextid="567" timestamp="2024-12-13T11:26:23.059" />
<allocation-satisfied id="574" threadId="000000011F909D00" bytesRequested="3272" />
<af-end id="575" timestamp="2024-12-13T11:26:23.059" threadId="000000011F90A790" success="true" from="nursery"/>
<exclusive-end id="576" timestamp="2024-12-13T11:26:23.059" durationms="0.722" />

<exclusive-start id="577" timestamp="2024-12-13T11:26:23.096" intervalms="37.453">
  <response-info timems="0.167" idlems="0.120" threads="7" lastid="00000001280A3300" lastname="JIT Compilation Thread-001" />
</exclusive-start>
<af-start id="578" threadId="000000011F910F90" totalBytesRequested="1104" timestamp="2024-12-13T11:26:23.096" intervalms="37.449" type="nursery" />
<cycle-start id="579" type="scavenge" contextid="0" timestamp="2024-12-13T11:26:23.096" intervalms="37.444" />
<gc-start id="580" type="scavenge" contextid="579" timestamp="2024-12-13T11:26:23.096">
  <mem-info id="581" free="1277808" total="11337728" percent="11">
    <mem type="nursery" free="0" total="2490368" percent="0">
      <mem type="allocate" free="0" total="1441792" percent="0" />
      <mem type="survivor" free="0" total="1048576" percent="0" />
    </mem>
    <mem type="tenure" free="1277808" total="8847360" percent="14">
      <mem type="soa" free="835440" total="8404992" percent="9" />
      <mem type="loa" free="442368" total="442368" percent="100" />
    </mem>
    <remembered-set count="1617" />
  </mem-info>
</gc-start>
<allocation-stats totalBytes="991936" discardedBytes="15392" >
  <allocated-bytes non-tlh="21928" tlh="970008" />
  <largest-consumer threadName="Equinox start level thread - Equinox Container: 3d07d356-8ac3-4c95-bf6d-d0b019020d2b" threadId="000000011F901100" bytes="499320" />
</allocation-stats>
<gc-op id="582" type="scavenge" timems="0.430" contextid="579" timestamp="2024-12-13T11:26:23.096">
  <scavenger-info tenureage="2" tenuremask="7ffc" tiltratio="57" />
  <memory-copied type="nursery" objects="3238" bytes="168904" bytesdiscarded="84976" />
  <memory-copied type="tenure" objects="1272" bytes="64120" bytesdiscarded="72" />
  <finalization candidates="1" enqueued="0" />
  <ownableSynchronizers candidates="7" cleared="0" />
  <references type="soft" candidates="9" cleared="0" enqueued="0" dynamicThreshold="9" maxThreshold="32" />
  <references type="weak" candidates="117" cleared="77" enqueued="77" />
  <references type="phantom" candidates="1" cleared="0" enqueued="0" />
  <object-monitors candidates="8" cleared="0"  />
</gc-op>
<gc-end id="583" type="scavenge" contextid="579" durationms="0.510" usertimems="2.066" systemtimems="0.387" stalltimems="1.303" timestamp="2024-12-13T11:26:23.096" activeThreads="6">
  <mem-info id="584" free="2476896" total="11337728" percent="21">
    <mem type="nursery" free="1318896" total="2490368" percent="52">
      <mem type="allocate" free="1318896" total="1572864" percent="83" />
      <mem type="survivor" free="0" total="917504" percent="0" />
    </mem>
    <mem type="tenure" free="1158000" total="8847360" percent="13">
      <mem type="soa" free="715632" total="8404992" percent="8" />
      <mem type="loa" free="442368" total="442368" percent="100" />
    </mem>
    <pending-finalizers system="0" default="0" reference="77" classloader="0" />
    <remembered-set count="682" />
  </mem-info>
</gc-end>
<cycle-end id="585" type="scavenge" contextid="579" timestamp="2024-12-13T11:26:23.096" />
<allocation-satisfied id="586" threadId="000000011F910500" bytesRequested="1104" />
<af-end id="587" timestamp="2024-12-13T11:26:23.096" threadId="000000011F910F90" success="true" from="nursery"/>
<exclusive-end id="588" timestamp="2024-12-13T11:26:23.096" durationms="0.685" />

<exclusive-start id="589" timestamp="2024-12-13T11:26:23.125" intervalms="29.632">
  <response-info timems="0.014" idlems="0.010" threads="3" lastid="0000000138015100" lastname="JIT Compilation Thread-006" />
</exclusive-start>
<af-start id="590" threadId="000000011F901B90" totalBytesRequested="5608" timestamp="2024-12-13T11:26:23.125" intervalms="29.634" type="nursery" />
<cycle-start id="591" type="scavenge" contextid="0" timestamp="2024-12-13T11:26:23.125" intervalms="29.639" />
<gc-start id="592" type="scavenge" contextid="591" timestamp="2024-12-13T11:26:23.125">
  <mem-info id="593" free="1136528" total="11337728" percent="10">
    <mem type="nursery" free="0" total="2490368" percent="0">
      <mem type="allocate" free="0" total="1572864" percent="0" />
      <mem type="survivor" free="0" total="917504" percent="0" />
    </mem>
    <mem type="tenure" free="1136528" total="8847360" percent="12">
      <mem type="soa" free="694160" total="8404992" percent="8" />
      <mem type="loa" free="442368" total="442368" percent="100" />
    </mem>
    <remembered-set count="909" />
  </mem-info>
</gc-start>
<allocation-stats totalBytes="1289752" discardedBytes="50616" >
  <allocated-bytes non-tlh="22576" tlh="1267176" />
  <largest-consumer threadName="Equinox start level thread - Equinox Container: 3d07d356-8ac3-4c95-bf6d-d0b019020d2b" threadId="000000011F910500" bytes="743456" />
</allocation-stats>
<gc-op id="594" type="scavenge" timems="0.431" contextid="591" timestamp="2024-12-13T11:26:23.126">
  <scavenger-info tenureage="2" tenuremask="7ffc" tiltratio="63" />
  <memory-copied type="nursery" objects="1406" bytes="86504" bytesdiscarded="111512" />
  <memory-copied type="tenure" objects="2565" bytes="132992" bytesdiscarded="144" />
  <finalization candidates="1" enqueued="0" />
  <ownableSynchronizers candidates="16" cleared="0" />
  <references type="soft" candidates="28" cleared="0" enqueued="0" dynamicThreshold="9" maxThreshold="32" />
  <references type="weak" candidates="147" cleared="79" enqueued="71" />
  <object-monitors candidates="9" cleared="0"  />
</gc-op>
<gc-end id="595" type="scavenge" contextid="591" durationms="0.497" usertimems="0.944" systemtimems="0.165" stalltimems="1.069" timestamp="2024-12-13T11:26:23.126" activeThreads="5">
  <mem-info id="596" free="2517904" total="11337728" percent="22">
    <mem type="nursery" free="1505792" total="2490368" percent="60">
      <mem type="allocate" free="1505792" total="1703936" percent="88" />
      <mem type="survivor" free="0" total="786432" percent="0" />
    </mem>
    <mem type="tenure" free="1012112" total="8847360" percent="11">
      <mem type="soa" free="569744" total="8404992" percent="6" />
      <mem type="loa" free="442368" total="442368" percent="100" />
    </mem>
    <pending-finalizers system="0" default="0" reference="71" classloader="0" />
    <remembered-set count="546" />
  </mem-info>
</gc-end>
<cycle-end id="597" type="scavenge" contextid="591" timestamp="2024-12-13T11:26:23.126" />
<allocation-satisfied id="598" threadId="000000011F901100" bytesRequested="5608" />
<af-end id="599" timestamp="2024-12-13T11:26:23.126" threadId="000000011F901B90" success="true" from="nursery"/>
<exclusive-end id="600" timestamp="2024-12-13T11:26:23.126" durationms="0.672" />

<concurrent-kickoff id="601" timestamp="2024-12-13T11:26:23.145">
  <kickoff reason="threshold reached" targetBytes="3396164" thresholdFreeBytes="469203"  remainingFree="465408" tenureFreeBytes="979608" nurseryFreeBytes="465408" />
</concurrent-kickoff>
<exclusive-start id="602" timestamp="2024-12-13T11:26:23.150" intervalms="24.536">
  <response-info timems="5.321" idlems="2.666" threads="3" lastid="00000001280C2300" lastname="JIT Compilation Thread-004" />
</exclusive-start>
<cycle-start id="603" type="global" contextid="0" timestamp="2024-12-13T11:26:23.150" intervalms="340.776" />
<concurrent-start id="604" type="global mark" contextid="603" timestamp="2024-12-13T11:26:23.150">
</concurrent-start>
<exclusive-end id="605" timestamp="2024-12-13T11:26:23.150" durationms="0.045" />

<concurrent-end id="606" type="global mark" contextid="603" timestamp="2024-12-13T11:26:23.157">
<gc-op id="607" type="trace" timems="6.721" contextid="603" timestamp="2024-12-13T11:26:23.157">
  <trace bytesTraced="5058056" workStackOverflowCount="0" />
  <card-cleaning reason="card cleaning threshold reached" bytesTraced="18704" cardsCleaned="50" />
</gc-op>
</concurrent-end>

<exclusive-start id="608" timestamp="2024-12-13T11:26:23.162" intervalms="12.501">
  <response-info timems="5.709" idlems="1.481" threads="3" lastid="000000013800C300" lastname="JIT Compilation Thread-005" />
</exclusive-start>
<concurrent-global-final id="609" timestamp="2024-12-13T11:26:23.162" contextid="603" intervalms="344.964" >
  <concurrent-trace-info reason="card cleaning threshold reached" tracedByMutators="687608" tracedByHelpers="4389152" cardsCleaned="50" workStackOverflowCount="0" />
</concurrent-global-final>
<gc-start id="610" type="global" contextid="603" timestamp="2024-12-13T11:26:23.162">
  <mem-info id="611" free="1048368" total="11337728" percent="9">
    <mem type="nursery" free="76288" total="2490368" percent="3">
      <mem type="allocate" free="76288" total="1703936" percent="4" />
      <mem type="survivor" free="0" total="786432" percent="0" />
    </mem>
    <mem type="tenure" free="972080" total="8847360" percent="10">
      <mem type="soa" free="529712" total="8404992" percent="6" />
      <mem type="loa" free="442368" total="442368" percent="100" />
    </mem>
    <remembered-set count="1067" />
  </mem-info>
</gc-start>
<allocation-stats totalBytes="1455880" discardedBytes="13656" >
  <allocated-bytes non-tlh="111192" tlh="1344688" />
  <largest-consumer threadName="Equinox start level thread - Equinox Container: 3d07d356-8ac3-4c95-bf6d-d0b019020d2b" threadId="000000011F901100" bytes="848344" />
</allocation-stats>
<gc-op id="612" type="rs-scan" timems="0.162" contextid="603" timestamp="2024-12-13T11:26:23.163">
  <scan objectsFound="1585" bytesTraced="178192" workStackOverflowCount="0" />
</gc-op>
<gc-op id="613" type="card-cleaning" timems="0.064" contextid="603" timestamp="2024-12-13T11:26:23.163">
  <card-cleaning cardsCleaned="8" bytesTraced="7240" workStackOverflowCount="0" />
</gc-op>
<gc-op id="614" type="mark" timems="1.345" contextid="603" timestamp="2024-12-13T11:26:23.164">
  <trace-info objectcount="912" scancount="792" scanbytes="49240" />
  <finalization candidates="124" enqueued="0" />
  <ownableSynchronizers candidates="119" cleared="2" />
  <references type="soft" candidates="2978" cleared="0" enqueued="0" dynamicThreshold="9" maxThreshold="32" />
  <references type="weak" candidates="2751" cleared="82" enqueued="59" />
  <references type="phantom" candidates="117" cleared="0" enqueued="0" />
  <stringconstants candidates="10641" cleared="0"  />
  <object-monitors candidates="9" cleared="0"  />
</gc-op>
<gc-op id="615" type="classunload" timems="0.195" contextid="603" timestamp="2024-12-13T11:26:23.164">
  <classunload-info classloadercandidates="19" classloadersunloaded="0" classesunloaded="4" anonymousclassesunloaded="4" quiescems="0.000" setupms="0.192" scanms="0.003" postms="0.000" />
</gc-op>
<gc-op id="616" type="sweep" timems="0.185" contextid="603" timestamp="2024-12-13T11:26:23.165" />
<heap-resize id="617" type="expand" space="tenure" amount="1572864" count="1" timems="0.026" reason="insufficient free space following gc" timestamp="2024-12-13T11:26:23.165" />
<gc-end id="618" type="global" contextid="603" durationms="2.117" usertimems="3.352" systemtimems="1.039" stalltimems="4.446" timestamp="2024-12-13T11:26:23.165" activeThreads="5">
  <mem-info id="619" free="4519888" total="12910592" percent="35">
    <mem type="nursery" free="1388968" total="2490368" percent="55">
      <mem type="allocate" free="1388968" total="1703936" percent="81" />
      <mem type="survivor" free="0" total="786432" percent="0" />
    </mem>
    <mem type="tenure" free="3130920" total="10420224" percent="30" micro-fragmented="226830" macro-fragmented="0">
      <mem type="soa" free="2609704" total="9899008" percent="26" />
      <mem type="loa" free="521216" total="521216" percent="100" />
    </mem>
    <pending-finalizers system="0" default="0" reference="59" classloader="0" />
    <remembered-set count="853" />
  </mem-info>
</gc-end>
<cycle-end id="620" type="global" contextid="603" timestamp="2024-12-13T11:26:23.165" />
<exclusive-end id="621" timestamp="2024-12-13T11:26:23.165" durationms="2.219" />

<exclusive-start id="622" timestamp="2024-12-13T11:26:23.200" intervalms="38.010">
  <response-info timems="0.063" idlems="0.026" threads="5" lastid="000000011F910500" lastname="Equinox start level thread - Equinox Container: 3d07d356-8ac3-4" />
</exclusive-start>
<af-start id="623" threadId="000000011F901B90" totalBytesRequested="55056" timestamp="2024-12-13T11:26:23.200" intervalms="75.041" type="nursery" />
<cycle-start id="624" type="scavenge" contextid="0" timestamp="2024-12-13T11:26:23.200" intervalms="75.029" />
<gc-start id="625" type="scavenge" contextid="624" timestamp="2024-12-13T11:26:23.200">
  <mem-info id="626" free="3114288" total="12910592" percent="24">
    <mem type="nursery" free="0" total="2490368" percent="0">
      <mem type="allocate" free="0" total="1703936" percent="0" />
      <mem type="survivor" free="0" total="786432" percent="0" />
    </mem>
    <mem type="tenure" free="3114288" total="10420224" percent="29">
      <mem type="soa" free="2593072" total="9899008" percent="26" />
      <mem type="loa" free="521216" total="521216" percent="100" />
    </mem>
    <remembered-set count="972" />
  </mem-info>
</gc-start>
<allocation-stats totalBytes="1294104" discardedBytes="103696" >
  <allocated-bytes non-tlh="837792" tlh="456312" />
  <largest-consumer threadName="Equinox start level thread - Equinox Container: 3d07d356-8ac3-4c95-bf6d-d0b019020d2b" threadId="000000011F910500" bytes="677296" />
</allocation-stats>
<gc-op id="627" type="scavenge" timems="0.283" contextid="624" timestamp="2024-12-13T11:26:23.201">
  <scavenger-info tenureage="3" tenuremask="7ff8" tiltratio="68" />
  <memory-copied type="nursery" objects="2033" bytes="283432" bytesdiscarded="102744" />
  <finalization candidates="2" enqueued="0" />
  <ownableSynchronizers candidates="215" cleared="196" />
  <references type="soft" candidates="29" cleared="0" enqueued="0" dynamicThreshold="9" maxThreshold="32" />
  <references type="weak" candidates="139" cleared="11" enqueued="11" />
  <object-monitors candidates="9" cleared="0"  />
</gc-op>
<gc-end id="628" type="scavenge" contextid="624" durationms="0.335" usertimems="0.682" systemtimems="0.203" stalltimems="0.626" timestamp="2024-12-13T11:26:23.201" activeThreads="5">
  <mem-info id="629" free="4497392" total="12910592" percent="34">
    <mem type="nursery" free="1383104" total="2490368" percent="55">
      <mem type="allocate" free="1383104" total="1769472" percent="78" />
      <mem type="survivor" free="0" total="720896" percent="0" />
    </mem>
    <mem type="tenure" free="3114288" total="10420224" percent="29">
      <mem type="soa" free="2593072" total="9899008" percent="26" />
      <mem type="loa" free="521216" total="521216" percent="100" />
    </mem>
    <pending-finalizers system="0" default="0" reference="11" classloader="0" />
    <remembered-set count="845" />
  </mem-info>
</gc-end>
<cycle-end id="630" type="scavenge" contextid="624" timestamp="2024-12-13T11:26:23.201" />
<allocation-satisfied id="631" threadId="000000011F901100" bytesRequested="55056" />
<af-end id="632" timestamp="2024-12-13T11:26:23.201" threadId="000000011F901B90" success="true" from="nursery"/>
<exclusive-end id="633" timestamp="2024-12-13T11:26:23.201" durationms="0.468" />

<exclusive-start id="634" timestamp="2024-12-13T11:26:23.278" intervalms="77.482">
  <response-info timems="0.030" idlems="0.021" threads="2" lastid="0000000138015100" lastname="JIT Compilation Thread-006" />
</exclusive-start>
<af-start id="635" threadId="000000011F901B90" totalBytesRequested="24208" timestamp="2024-12-13T11:26:23.278" intervalms="77.485" type="nursery" />
<cycle-start id="636" type="scavenge" contextid="0" timestamp="2024-12-13T11:26:23.278" intervalms="77.503" />
<gc-start id="637" type="scavenge" contextid="636" timestamp="2024-12-13T11:26:23.278">
  <mem-info id="638" free="3095080" total="12910592" percent="23">
    <mem type="nursery" free="0" total="2490368" percent="0">
      <mem type="allocate" free="0" total="1769472" percent="0" />
      <mem type="survivor" free="0" total="720896" percent="0" />
    </mem>
    <mem type="tenure" free="3095080" total="10420224" percent="29">
      <mem type="soa" free="2573864" total="9899008" percent="26" />
      <mem type="loa" free="521216" total="521216" percent="100" />
    </mem>
    <remembered-set count="1003" />
  </mem-info>
</gc-start>
<allocation-stats totalBytes="1301152" discardedBytes="97080" >
  <allocated-bytes non-tlh="70184" tlh="1230968" />
  <largest-consumer threadName="Equinox start level thread - Equinox Container: 3d07d356-8ac3-4c95-bf6d-d0b019020d2b" threadId="000000011F901100" bytes="755440" />
</allocation-stats>
<gc-op id="639" type="scavenge" timems="0.399" contextid="636" timestamp="2024-12-13T11:26:23.278">
  <scavenger-info tenureage="3" tenuremask="7ff8" tiltratio="71" />
  <memory-copied type="nursery" objects="1944" bytes="272384" bytesdiscarded="135288" />
  <memory-copied type="tenure" objects="333" bytes="20336" bytesdiscarded="576" />
  <finalization candidates="3" enqueued="0" />
  <ownableSynchronizers candidates="26" cleared="2" />
  <references type="soft" candidates="27" cleared="0" enqueued="0" dynamicThreshold="9" maxThreshold="32" />
  <references type="weak" candidates="145" cleared="18" enqueued="18" />
  <references type="phantom" candidates="1" cleared="0" enqueued="0" />
  <object-monitors candidates="10" cleared="0"  />
</gc-op>
<gc-end id="640" type="scavenge" contextid="636" durationms="0.489" usertimems="1.059" systemtimems="0.248" stalltimems="0.773" timestamp="2024-12-13T11:26:23.278" activeThreads="5">
  <mem-info id="641" free="4428688" total="12910592" percent="34">
    <mem type="nursery" free="1427264" total="2490368" percent="57">
      <mem type="allocate" free="1427264" total="1835008" percent="77" />
      <mem type="survivor" free="0" total="655360" percent="0" />
    </mem>
    <mem type="tenure" free="3001424" total="10420224" percent="28">
      <mem type="soa" free="2480208" total="9899008" percent="25" />
      <mem type="loa" free="521216" total="521216" percent="100" />
    </mem>
    <pending-finalizers system="0" default="0" reference="18" classloader="0" />
    <remembered-set count="866" />
  </mem-info>
</gc-end>
<cycle-end id="642" type="scavenge" contextid="636" timestamp="2024-12-13T11:26:23.279" />
<allocation-satisfied id="643" threadId="000000011F901100" bytesRequested="24208" />
<af-end id="644" timestamp="2024-12-13T11:26:23.279" threadId="000000011F901B90" success="true" from="nursery"/>
<exclusive-end id="645" timestamp="2024-12-13T11:26:23.279" durationms="0.694" />

<exclusive-start id="646" timestamp="2024-12-13T11:26:23.329" intervalms="51.385">
  <response-info timems="0.020" idlems="0.015" threads="3" lastid="00000001280A3300" lastname="JIT Compilation Thread-001" />
</exclusive-start>
<af-start id="647" threadId="000000011F901B90" totalBytesRequested="32" timestamp="2024-12-13T11:26:23.329" intervalms="51.390" type="nursery" />
<cycle-start id="648" type="scavenge" contextid="0" timestamp="2024-12-13T11:26:23.329" intervalms="51.379" />
<gc-start id="649" type="scavenge" contextid="648" timestamp="2024-12-13T11:26:23.329">
  <mem-info id="650" free="2969976" total="12910592" percent="23">
    <mem type="nursery" free="0" total="2490368" percent="0">
      <mem type="allocate" free="0" total="1835008" percent="0" />
      <mem type="survivor" free="0" total="655360" percent="0" />
    </mem>
    <mem type="tenure" free="2969976" total="10420224" percent="28">
      <mem type="soa" free="2448760" total="9899008" percent="24" />
      <mem type="loa" free="521216" total="521216" percent="100" />
    </mem>
    <remembered-set count="1198" />
  </mem-info>
</gc-start>
<allocation-stats totalBytes="1454864" discardedBytes="2616" >
  <allocated-bytes non-tlh="54424" tlh="1400440" />
  <largest-consumer threadName="Equinox start level thread - Equinox Container: 3d07d356-8ac3-4c95-bf6d-d0b019020d2b" threadId="000000011F910500" bytes="838520" />
</allocation-stats>
<gc-op id="651" type="scavenge" timems="0.436" contextid="648" timestamp="2024-12-13T11:26:23.330">
  <scavenger-info tenureage="3" tenuremask="7ff8" tiltratio="73" />
  <memory-copied type="nursery" objects="2561" bytes="290624" bytesdiscarded="128648" />
  <memory-copied type="tenure" objects="742" bytes="45384" bytesdiscarded="1240" />
  <finalization candidates="2" enqueued="0" />
  <ownableSynchronizers candidates="40" cleared="8" />
  <references type="soft" candidates="3" cleared="0" enqueued="0" dynamicThreshold="9" maxThreshold="32" />
  <references type="weak" candidates="184" cleared="52" enqueued="40" />
  <references type="phantom" candidates="2" cleared="0" enqueued="0" />
  <object-monitors candidates="10" cleared="0"  />
</gc-op>
<gc-end id="652" type="scavenge" contextid="648" durationms="0.506" usertimems="1.806" systemtimems="0.293" stalltimems="0.901" timestamp="2024-12-13T11:26:23.330" activeThreads="5">
  <mem-info id="653" free="4366184" total="12910592" percent="33">
    <mem type="nursery" free="1481072" total="2490368" percent="59">
      <mem type="allocate" free="1481072" total="1900544" percent="77" />
      <mem type="survivor" free="0" total="589824" percent="0" />
    </mem>
    <mem type="tenure" free="2885112" total="10420224" percent="27">
      <mem type="soa" free="2363896" total="9899008" percent="23" />
      <mem type="loa" free="521216" total="521216" percent="100" />
    </mem>
    <pending-finalizers system="0" default="0" reference="40" classloader="0" />
    <remembered-set count="772" />
  </mem-info>
</gc-end>
<cycle-end id="654" type="scavenge" contextid="648" timestamp="2024-12-13T11:26:23.330" />
<allocation-satisfied id="655" threadId="000000011F901100" bytesRequested="32" />
<af-end id="656" timestamp="2024-12-13T11:26:23.330" threadId="000000011F901B90" success="true" from="nursery"/>
<exclusive-end id="657" timestamp="2024-12-13T11:26:23.330" durationms="0.659" />

<exclusive-start id="658" timestamp="2024-12-13T11:26:23.392" intervalms="63.197">
  <response-info timems="0.007" idlems="0.004" threads="1" lastid="000000013804ED00" lastname="IProfiler" />
</exclusive-start>
<af-start id="659" threadId="000000011F910F90" totalBytesRequested="96" timestamp="2024-12-13T11:26:23.392" intervalms="63.195" type="nursery" />
<cycle-start id="660" type="scavenge" contextid="0" timestamp="2024-12-13T11:26:23.393" intervalms="63.196" />
<gc-start id="661" type="scavenge" contextid="660" timestamp="2024-12-13T11:26:23.393">
  <mem-info id="662" free="2813672" total="12910592" percent="21">
    <mem type="nursery" free="0" total="2490368" percent="0">
      <mem type="allocate" free="0" total="1900544" percent="0" />
      <mem type="survivor" free="0" total="589824" percent="0" />
    </mem>
    <mem type="tenure" free="2813672" total="10420224" percent="27">
      <mem type="soa" free="2292456" total="9899008" percent="23" />
      <mem type="loa" free="521216" total="521216" percent="100" />
    </mem>
    <remembered-set count="1386" />
  </mem-info>
</gc-start>
<allocation-stats totalBytes="1541664" discardedBytes="1648" >
  <allocated-bytes non-tlh="62272" tlh="1479392" />
  <largest-consumer threadName="Equinox start level thread - Equinox Container: 3d07d356-8ac3-4c95-bf6d-d0b019020d2b" threadId="000000011F901100" bytes="823672" />
</allocation-stats>
<gc-op id="663" type="scavenge" timems="0.499" contextid="660" timestamp="2024-12-13T11:26:23.393">
  <scavenger-info tenureage="3" tenuremask="7ff8" tiltratio="76" />
  <memory-copied type="nursery" objects="2960" bytes="210312" bytesdiscarded="379376" />
  <memory-copied type="tenure" objects="985" bytes="166600" bytesdiscarded="328" />
  <copy-failed type="nursery" objects="160" bytes="11312" />
  <finalization candidates="15" enqueued="0" />
  <ownableSynchronizers candidates="30" cleared="0" />
  <references type="soft" candidates="26" cleared="0" enqueued="0" dynamicThreshold="9" maxThreshold="32" />
  <references type="weak" candidates="164" cleared="44" enqueued="39" />
  <references type="phantom" candidates="2" cleared="0" enqueued="0" />
  <object-monitors candidates="10" cleared="0"  />
</gc-op>
<gc-end id="664" type="scavenge" contextid="660" durationms="0.570" usertimems="2.284" systemtimems="0.347" stalltimems="1.015" timestamp="2024-12-13T11:26:23.393" activeThreads="5">
  <mem-info id="665" free="4096224" total="12910592" percent="31">
    <mem type="nursery" free="1507328" total="2490368" percent="60">
      <mem type="allocate" free="1507328" total="2097152" percent="71" />
      <mem type="survivor" free="0" total="393216" percent="0" />
    </mem>
    <mem type="tenure" free="2588896" total="10420224" percent="24">
      <mem type="soa" free="2067680" total="9899008" percent="20" />
      <mem type="loa" free="521216" total="521216" percent="100" />
    </mem>
    <pending-finalizers system="0" default="0" reference="39" classloader="0" />
    <remembered-set count="1232" />
  </mem-info>
</gc-end>
<cycle-end id="666" type="scavenge" contextid="660" timestamp="2024-12-13T11:26:23.393" />
<allocation-satisfied id="667" threadId="000000011F910500" bytesRequested="96" />
<af-end id="668" timestamp="2024-12-13T11:26:23.393" threadId="000000011F910F90" success="true" from="nursery"/>
<exclusive-end id="669" timestamp="2024-12-13T11:26:23.393" durationms="0.751" />

<exclusive-start id="670" timestamp="2024-12-13T11:26:23.459" intervalms="66.294">
  <response-info timems="0.032" idlems="0.020" threads="2" lastid="000000013804ED00" lastname="IProfiler" />
</exclusive-start>
<af-start id="671" threadId="000000011F910F90" totalBytesRequested="20528" timestamp="2024-12-13T11:26:23.459" intervalms="66.297" type="nursery" />
<cycle-start id="672" type="scavenge" contextid="0" timestamp="2024-12-13T11:26:23.459" intervalms="66.302" />
<gc-start id="673" type="scavenge" contextid="672" timestamp="2024-12-13T11:26:23.459">
  <mem-info id="674" free="2560464" total="12910592" percent="19">
    <mem type="nursery" free="0" total="2490368" percent="0">
      <mem type="allocate" free="0" total="2097152" percent="0" />
      <mem type="survivor" free="0" total="393216" percent="0" />
    </mem>
    <mem type="tenure" free="2560464" total="10420224" percent="24">
      <mem type="soa" free="2039248" total="9899008" percent="20" />
      <mem type="loa" free="521216" total="521216" percent="100" />
    </mem>
    <remembered-set count="1619" />
  </mem-info>
</gc-start>
<allocation-stats totalBytes="1500568" discardedBytes="34432" >
  <allocated-bytes non-tlh="27768" tlh="1472800" />
  <largest-consumer threadName="Equinox start level thread - Equinox Container: 3d07d356-8ac3-4c95-bf6d-d0b019020d2b" threadId="000000011F910500" bytes="766216" />
</allocation-stats>
<gc-op id="675" type="scavenge" timems="0.487" contextid="672" timestamp="2024-12-13T11:26:23.459">
  <scavenger-info tenureage="3" tenuremask="7ff8" tiltratio="84" />
  <memory-copied type="nursery" objects="5068" bytes="380640" bytesdiscarded="12440" />
  <memory-copied type="tenure" objects="607" bytes="36272" bytesdiscarded="128" />
  <copy-failed type="nursery" objects="416" bytes="24272" />
  <finalization candidates="21" enqueued="0" />
  <ownableSynchronizers candidates="89" cleared="23" />
  <references type="soft" candidates="112" cleared="0" enqueued="0" dynamicThreshold="9" maxThreshold="32" />
  <references type="weak" candidates="264" cleared="59" enqueued="54" />
  <references type="phantom" candidates="3" cleared="0" enqueued="0" />
  <object-monitors candidates="10" cleared="0"  />
</gc-op>
<gc-end id="676" type="scavenge" contextid="672" durationms="0.568" usertimems="2.671" systemtimems="0.271" stalltimems="0.810" timestamp="2024-12-13T11:26:23.459" activeThreads="5">
  <mem-info id="677" free="3912264" total="12910592" percent="30">
    <mem type="nursery" free="1376256" total="2490368" percent="55">
      <mem type="allocate" free="1376256" total="1769472" percent="77" />
      <mem type="survivor" free="0" total="720896" percent="0" />
    </mem>
    <mem type="tenure" free="2536008" total="10420224" percent="24">
      <mem type="soa" free="2014792" total="9899008" percent="20" />
      <mem type="loa" free="521216" total="521216" percent="100" />
    </mem>
    <pending-finalizers system="0" default="0" reference="54" classloader="0" />
    <remembered-set count="1397" />
  </mem-info>
</gc-end>
<cycle-end id="678" type="scavenge" contextid="672" timestamp="2024-12-13T11:26:23.459" />
<allocation-satisfied id="679" threadId="000000011F910500" bytesRequested="20528" />
<af-end id="680" timestamp="2024-12-13T11:26:23.460" threadId="000000011F910F90" success="true" from="nursery"/>
<exclusive-end id="681" timestamp="2024-12-13T11:26:23.460" durationms="0.767" />

<exclusive-start id="682" timestamp="2024-12-13T11:26:23.498" intervalms="39.351">
  <response-info timems="0.006" idlems="0.006" threads="0" lastid="000000011F901100" lastname="Equinox start level thread - Equinox Container: 3d07d356-8ac3-4" />
</exclusive-start>
<af-start id="683" threadId="000000011F901B90" totalBytesRequested="144" timestamp="2024-12-13T11:26:23.498" intervalms="39.350" type="nursery" />
<cycle-start id="684" type="scavenge" contextid="0" timestamp="2024-12-13T11:26:23.498" intervalms="39.345" />
<gc-start id="685" type="scavenge" contextid="684" timestamp="2024-12-13T11:26:23.498">
  <mem-info id="686" free="2512240" total="12910592" percent="19">
    <mem type="nursery" free="0" total="2490368" percent="0">
      <mem type="allocate" free="0" total="1769472" percent="0" />
      <mem type="survivor" free="0" total="720896" percent="0" />
    </mem>
    <mem type="tenure" free="2512240" total="10420224" percent="24">
      <mem type="soa" free="1991024" total="9899008" percent="20" />
      <mem type="loa" free="521216" total="521216" percent="100" />
    </mem>
    <remembered-set count="1688" />
  </mem-info>
</gc-start>
<allocation-stats totalBytes="1398104" discardedBytes="1920" >
  <allocated-bytes non-tlh="44296" tlh="1353808" />
  <largest-consumer threadName="Equinox start level thread - Equinox Container: 3d07d356-8ac3-4c95-bf6d-d0b019020d2b" threadId="000000011F901100" bytes="804000" />
</allocation-stats>
<gc-op id="687" type="scavenge" timems="0.457" contextid="684" timestamp="2024-12-13T11:26:23.499">
  <scavenger-info tenureage="3" tenuremask="7ff8" tiltratio="71" />
  <memory-copied type="nursery" objects="4999" bytes="334480" bytesdiscarded="53312" />
  <memory-copied type="tenure" objects="1030" bytes="63576" bytesdiscarded="608" />
  <finalization candidates="20" enqueued="0" />
  <ownableSynchronizers candidates="60" cleared="3" />
  <references type="soft" candidates="121" cleared="0" enqueued="0" dynamicThreshold="9" maxThreshold="32" />
  <references type="weak" candidates="238" cleared="55" enqueued="55" />
  <object-monitors candidates="11" cleared="0"  />
</gc-op>
<gc-end id="688" type="scavenge" contextid="684" durationms="0.521" usertimems="5.714" systemtimems="0.266" stalltimems="0.629" timestamp="2024-12-13T11:26:23.499" activeThreads="5">
  <mem-info id="689" free="3926528" total="12910592" percent="30">
    <mem type="nursery" free="1447136" total="2490368" percent="58">
      <mem type="allocate" free="1447136" total="1835008" percent="78" />
      <mem type="survivor" free="0" total="655360" percent="0" />
    </mem>
    <mem type="tenure" free="2479392" total="10420224" percent="23">
      <mem type="soa" free="1958176" total="9899008" percent="19" />
      <mem type="loa" free="521216" total="521216" percent="100" />
    </mem>
    <pending-finalizers system="0" default="0" reference="55" classloader="0" />
    <remembered-set count="1090" />
  </mem-info>
</gc-end>
<cycle-end id="690" type="scavenge" contextid="684" timestamp="2024-12-13T11:26:23.499" />
<allocation-satisfied id="691" threadId="000000011F901100" bytesRequested="144" />
<af-end id="692" timestamp="2024-12-13T11:26:23.499" threadId="000000011F901B90" success="true" from="nursery"/>
<exclusive-end id="693" timestamp="2024-12-13T11:26:23.499" durationms="0.685" />

<exclusive-start id="694" timestamp="2024-12-13T11:26:23.519" intervalms="20.828">
  <response-info timems="2.065" idlems="1.036" threads="1" lastid="0000000128099300" lastname="JIT Compilation Thread-000" />
</exclusive-start>
<af-start id="695" threadId="000000011F901B90" totalBytesRequested="112" timestamp="2024-12-13T11:26:23.519" intervalms="20.817" type="nursery" />
<cycle-start id="696" type="scavenge" contextid="0" timestamp="2024-12-13T11:26:23.519" intervalms="20.810" />
<gc-start id="697" type="scavenge" contextid="696" timestamp="2024-12-13T11:26:23.519">
  <mem-info id="698" free="2479288" total="12910592" percent="19">
    <mem type="nursery" free="0" total="2490368" percent="0">
      <mem type="allocate" free="0" total="1835008" percent="0" />
      <mem type="survivor" free="0" total="655360" percent="0" />
    </mem>
    <mem type="tenure" free="2479288" total="10420224" percent="23">
      <mem type="soa" free="1958072" total="9899008" percent="19" />
      <mem type="loa" free="521216" total="521216" percent="100" />
    </mem>
    <remembered-set count="1121" />
  </mem-info>
</gc-start>
<allocation-stats totalBytes="1446416" discardedBytes="824" >
  <allocated-bytes non-tlh="248" tlh="1446168" />
  <largest-consumer threadName="Equinox start level thread - Equinox Container: 3d07d356-8ac3-4c95-bf6d-d0b019020d2b" threadId="000000011F901100" bytes="1446416" />
</allocation-stats>
<gc-op id="699" type="scavenge" timems="0.401" contextid="696" timestamp="2024-12-13T11:26:23.519">
  <scavenger-info tenureage="3" tenuremask="7ff8" tiltratio="73" />
  <memory-copied type="nursery" objects="4735" bytes="293528" bytesdiscarded="164184" />
  <memory-copied type="tenure" objects="1352" bytes="106320" bytesdiscarded="696" />
  <finalization candidates="20" enqueued="0" />
  <ownableSynchronizers candidates="45" cleared="0" />
  <references type="soft" candidates="102" cleared="0" enqueued="0" dynamicThreshold="9" maxThreshold="32" />
  <references type="weak" candidates="110" cleared="0" enqueued="0" />
  <object-monitors candidates="11" cleared="0"  />
</gc-op>
<gc-end id="700" type="scavenge" contextid="696" durationms="0.460" usertimems="1.110" systemtimems="0.224" stalltimems="0.685" timestamp="2024-12-13T11:26:23.519" activeThreads="5">
  <mem-info id="701" free="3715176" total="12910592" percent="28">
    <mem type="nursery" free="1442784" total="2490368" percent="57">
      <mem type="allocate" free="1442784" total="1900544" percent="75" />
      <mem type="survivor" free="0" total="589824" percent="0" />
    </mem>
    <mem type="tenure" free="2272392" total="10420224" percent="21">
      <mem type="soa" free="1751176" total="9899008" percent="17" />
      <mem type="loa" free="521216" total="521216" percent="100" />
    </mem>
    <remembered-set count="682" />
  </mem-info>
</gc-end>
<cycle-end id="702" type="scavenge" contextid="696" timestamp="2024-12-13T11:26:23.520" />
<allocation-satisfied id="703" threadId="000000011F901100" bytesRequested="112" />
<af-end id="704" timestamp="2024-12-13T11:26:23.520" threadId="000000011F901B90" success="true" from="nursery"/>
<exclusive-end id="705" timestamp="2024-12-13T11:26:23.520" durationms="0.603" />

<exclusive-start id="706" timestamp="2024-12-13T11:26:23.556" intervalms="37.448">
  <response-info timems="0.112" idlems="0.070" threads="3" lastid="00000001280C2300" lastname="JIT Compilation Thread-004" />
</exclusive-start>
<af-start id="707" threadId="000000010F84B790" totalBytesRequested="1144" timestamp="2024-12-13T11:26:23.556" intervalms="37.451" type="nursery" />
<cycle-start id="708" type="scavenge" contextid="0" timestamp="2024-12-13T11:26:23.556" intervalms="37.458" />
<gc-start id="709" type="scavenge" contextid="708" timestamp="2024-12-13T11:26:23.556">
  <mem-info id="710" free="2265088" total="12910592" percent="17">
    <mem type="nursery" free="0" total="2490368" percent="0">
      <mem type="allocate" free="0" total="1900544" percent="0" />
      <mem type="survivor" free="0" total="589824" percent="0" />
    </mem>
    <mem type="tenure" free="2265088" total="10420224" percent="21">
      <mem type="soa" free="1743872" total="9899008" percent="17" />
      <mem type="loa" free="521216" total="521216" percent="100" />
    </mem>
    <remembered-set count="858" />
  </mem-info>
</gc-start>
<allocation-stats totalBytes="1448056" discardedBytes="2032" >
  <allocated-bytes non-tlh="7416" tlh="1440640" />
  <largest-consumer threadName="Equinox start level thread - Equinox Container: 3d07d356-8ac3-4c95-bf6d-d0b019020d2b" threadId="000000011F901100" bytes="1331656" />
</allocation-stats>
<gc-op id="711" type="scavenge" timems="0.471" contextid="708" timestamp="2024-12-13T11:26:23.557">
  <scavenger-info tenureage="3" tenuremask="7ff8" tiltratio="76" />
  <memory-copied type="nursery" objects="4824" bytes="358408" bytesdiscarded="103752" />
  <memory-copied type="tenure" objects="1980" bytes="112040" bytesdiscarded="200" />
  <finalization candidates="7" enqueued="0" />
  <ownableSynchronizers candidates="108" cleared="27" />
  <references type="soft" candidates="14" cleared="0" enqueued="0" dynamicThreshold="9" maxThreshold="32" />
  <references type="weak" candidates="80" cleared="18" enqueued="18" />
  <object-monitors candidates="11" cleared="0"  />
</gc-op>
<gc-end id="712" type="scavenge" contextid="708" durationms="0.551" usertimems="1.934" systemtimems="0.183" stalltimems="0.895" timestamp="2024-12-13T11:26:23.557" activeThreads="5">
  <mem-info id="713" free="3529696" total="12910592" percent="27">
    <mem type="nursery" free="1438176" total="2490368" percent="57">
      <mem type="allocate" free="1438176" total="1900544" percent="75" />
      <mem type="survivor" free="0" total="589824" percent="0" />
    </mem>
    <mem type="tenure" free="2091520" total="10420224" percent="20">
      <mem type="soa" free="1570304" total="9899008" percent="15" />
      <mem type="loa" free="521216" total="521216" percent="100" />
    </mem>
    <pending-finalizers system="0" default="0" reference="18" classloader="0" />
    <remembered-set count="413" />
  </mem-info>
</gc-end>
<cycle-end id="714" type="scavenge" contextid="708" timestamp="2024-12-13T11:26:23.557" />
<allocation-satisfied id="715" threadId="000000010F84AD00" bytesRequested="1144" />
<af-end id="716" timestamp="2024-12-13T11:26:23.557" threadId="000000010F84B790" success="true" from="nursery"/>
<exclusive-end id="717" timestamp="2024-12-13T11:26:23.557" durationms="0.727" />

<exclusive-start id="718" timestamp="2024-12-13T11:26:23.568" intervalms="11.595">
  <response-info timems="0.058" idlems="0.041" threads="8" lastid="00000001280AC100" lastname="JIT Compilation Thread-002" />
</exclusive-start>
<af-start id="719" threadId="000000011F910F90" totalBytesRequested="32" timestamp="2024-12-13T11:26:23.568" intervalms="11.599" type="nursery" />
<cycle-start id="720" type="scavenge" contextid="0" timestamp="2024-12-13T11:26:23.568" intervalms="11.596" />
<gc-start id="721" type="scavenge" contextid="720" timestamp="2024-12-13T11:26:23.568">
  <mem-info id="722" free="2083584" total="12910592" percent="16">
    <mem type="nursery" free="0" total="2490368" percent="0">
      <mem type="allocate" free="0" total="1900544" percent="0" />
      <mem type="survivor" free="0" total="589824" percent="0" />
    </mem>
    <mem type="tenure" free="2083584" total="10420224" percent="19">
      <mem type="soa" free="1562368" total="9899008" percent="15" />
      <mem type="loa" free="521216" total="521216" percent="100" />
    </mem>
    <remembered-set count="564" />
  </mem-info>
</gc-start>
<allocation-stats totalBytes="1431072" discardedBytes="15040" >
  <allocated-bytes non-tlh="41880" tlh="1389192" />
  <largest-consumer threadName="Equinox start level thread - Equinox Container: 3d07d356-8ac3-4c95-bf6d-d0b019020d2b" threadId="000000011F901100" bytes="459176" />
</allocation-stats>
<gc-op id="723" type="scavenge" timems="0.526" contextid="720" timestamp="2024-12-13T11:26:23.569">
  <scavenger-info tenureage="3" tenuremask="7ff8" tiltratio="76" />
  <memory-copied type="nursery" objects="5911" bytes="431472" bytesdiscarded="88080" />
  <memory-copied type="tenure" objects="1332" bytes="74696" bytesdiscarded="64" />
  <ownableSynchronizers candidates="106" cleared="28" />
  <references type="soft" candidates="30" cleared="0" enqueued="0" dynamicThreshold="9" maxThreshold="32" />
  <references type="weak" candidates="60" cleared="4" enqueued="3" />
  <references type="phantom" candidates="1" cleared="0" enqueued="0" />
  <object-monitors candidates="11" cleared="0"  />
</gc-op>
<gc-end id="724" type="scavenge" contextid="720" durationms="0.602" usertimems="1.988" systemtimems="0.254" stalltimems="1.374" timestamp="2024-12-13T11:26:23.569" activeThreads="5">
  <mem-info id="725" free="3402160" total="12910592" percent="26">
    <mem type="nursery" free="1380784" total="2490368" percent="55">
      <mem type="allocate" free="1380784" total="1900544" percent="72" />
      <mem type="survivor" free="0" total="589824" percent="0" />
    </mem>
    <mem type="tenure" free="2021376" total="10420224" percent="19">
      <mem type="soa" free="1500160" total="9899008" percent="15" />
      <mem type="loa" free="521216" total="521216" percent="100" />
    </mem>
    <pending-finalizers system="0" default="0" reference="3" classloader="0" />
    <remembered-set count="463" />
  </mem-info>
</gc-end>
<cycle-end id="726" type="scavenge" contextid="720" timestamp="2024-12-13T11:26:23.569" />
<allocation-satisfied id="727" threadId="000000011F910500" bytesRequested="32" />
<af-end id="728" timestamp="2024-12-13T11:26:23.569" threadId="000000011F910F90" success="true" from="nursery"/>
<exclusive-end id="729" timestamp="2024-12-13T11:26:23.569" durationms="0.764" />

<exclusive-start id="730" timestamp="2024-12-13T11:26:23.579" intervalms="11.501">
  <response-info timems="0.383" idlems="0.284" threads="3" lastid="00000001280AC100" lastname="JIT Compilation Thread-002" />
</exclusive-start>
<af-start id="731" threadId="000000011F90A790" totalBytesRequested="144" timestamp="2024-12-13T11:26:23.580" intervalms="11.504" type="nursery" />
<cycle-start id="732" type="scavenge" contextid="0" timestamp="2024-12-13T11:26:23.580" intervalms="11.507" />
<gc-start id="733" type="scavenge" contextid="732" timestamp="2024-12-13T11:26:23.580">
  <mem-info id="734" free="2020520" total="12910592" percent="15">
    <mem type="nursery" free="0" total="2490368" percent="0">
      <mem type="allocate" free="0" total="1900544" percent="0" />
      <mem type="survivor" free="0" total="589824" percent="0" />
    </mem>
    <mem type="tenure" free="2020520" total="10420224" percent="19">
      <mem type="soa" free="1499304" total="9899008" percent="15" />
      <mem type="loa" free="521216" total="521216" percent="100" />
    </mem>
    <remembered-set count="499" />
  </mem-info>
</gc-start>
<allocation-stats totalBytes="1380168" discardedBytes="1472" >
  <allocated-bytes non-tlh="888" tlh="1379280" />
  <largest-consumer threadName="Equinox start level thread - Equinox Container: 3d07d356-8ac3-4c95-bf6d-d0b019020d2b" threadId="000000011F901100" bytes="712424" />
</allocation-stats>
<gc-op id="735" type="scavenge" timems="0.393" contextid="732" timestamp="2024-12-13T11:26:23.580">
  <scavenger-info tenureage="3" tenuremask="7ff8" tiltratio="76" />
  <memory-copied type="nursery" objects="7084" bytes="496880" bytesdiscarded="44696" />
  <memory-copied type="tenure" objects="985" bytes="52224" bytesdiscarded="8" />
  <ownableSynchronizers candidates="173" cleared="50" />
  <references type="soft" candidates="30" cleared="0" enqueued="0" dynamicThreshold="9" maxThreshold="32" />
  <references type="weak" candidates="56" cleared="0" enqueued="0" />
  <references type="phantom" candidates="1" cleared="0" enqueued="0" />
  <object-monitors candidates="11" cleared="0"  />
</gc-op>
<gc-end id="736" type="scavenge" contextid="732" durationms="0.465" usertimems="1.028" systemtimems="0.192" stalltimems="0.628" timestamp="2024-12-13T11:26:23.580" activeThreads="5">
  <mem-info id="737" free="3260024" total="12910592" percent="25">
    <mem type="nursery" free="1293264" total="2490368" percent="51">
      <mem type="allocate" free="1293264" total="1835008" percent="70" />
      <mem type="survivor" free="0" total="655360" percent="0" />
    </mem>
    <mem type="tenure" free="1966760" total="10420224" percent="18">
      <mem type="soa" free="1445544" total="9899008" percent="14" />
      <mem type="loa" free="521216" total="521216" percent="100" />
    </mem>
    <remembered-set count="421" />
  </mem-info>
</gc-end>
<cycle-end id="738" type="scavenge" contextid="732" timestamp="2024-12-13T11:26:23.580" />
<allocation-satisfied id="739" threadId="000000011F909D00" bytesRequested="144" />
<af-end id="740" timestamp="2024-12-13T11:26:23.580" threadId="000000011F90A790" success="true" from="nursery"/>
<exclusive-end id="741" timestamp="2024-12-13T11:26:23.580" durationms="0.633" />

<exclusive-start id="742" timestamp="2024-12-13T11:26:23.602" intervalms="22.151">
  <response-info timems="0.054" idlems="0.030" threads="2" lastid="000000011F909D00" lastname="Equinox start level thread - Equinox Container: 3d07d356-8ac3-4" />
</exclusive-start>
<af-start id="743" threadId="000000011F901B90" totalBytesRequested="96" timestamp="2024-12-13T11:26:23.602" intervalms="22.146" type="nursery" />
<cycle-start id="744" type="scavenge" contextid="0" timestamp="2024-12-13T11:26:23.602" intervalms="22.144" />
<gc-start id="745" type="scavenge" contextid="744" timestamp="2024-12-13T11:26:23.602">
  <mem-info id="746" free="1955208" total="12910592" percent="15">
    <mem type="nursery" free="0" total="2490368" percent="0">
      <mem type="allocate" free="0" total="1835008" percent="0" />
      <mem type="survivor" free="0" total="655360" percent="0" />
    </mem>
    <mem type="tenure" free="1955208" total="10420224" percent="18">
      <mem type="soa" free="1433992" total="9899008" percent="14" />
      <mem type="loa" free="521216" total="521216" percent="100" />
    </mem>
    <remembered-set count="580" />
  </mem-info>
</gc-start>
<allocation-stats totalBytes="1269096" discardedBytes="35720" >
  <allocated-bytes non-tlh="11696" tlh="1257400" />
  <largest-consumer threadName="Equinox start level thread - Equinox Container: 3d07d356-8ac3-4c95-bf6d-d0b019020d2b" threadId="000000011F909D00" bytes="680088" />
</allocation-stats>
<gc-op id="747" type="scavenge" timems="0.443" contextid="744" timestamp="2024-12-13T11:26:23.602">
  <scavenger-info tenureage="3" tenuremask="7ff8" tiltratio="73" />
  <memory-copied type="nursery" objects="6711" bytes="537624" bytesdiscarded="105320" />
  <memory-copied type="tenure" objects="2270" bytes="178928" bytesdiscarded="144" />
  <ownableSynchronizers candidates="254" cleared="68" />
  <references type="soft" candidates="70" cleared="0" enqueued="0" dynamicThreshold="9" maxThreshold="32" />
  <references type="weak" candidates="222" cleared="139" enqueued="108" />
  <references type="phantom" candidates="1" cleared="0" enqueued="0" />
  <object-monitors candidates="11" cleared="0"  />
</gc-op>
<gc-end id="748" type="scavenge" contextid="744" durationms="0.519" usertimems="1.690" systemtimems="0.211" stalltimems="0.732" timestamp="2024-12-13T11:26:23.602" activeThreads="5">
  <mem-info id="749" free="2908472" total="12910592" percent="22">
    <mem type="nursery" free="1191872" total="2490368" percent="47">
      <mem type="allocate" free="1191872" total="1835008" percent="64" />
      <mem type="survivor" free="0" total="655360" percent="0" />
    </mem>
    <mem type="tenure" free="1716600" total="10420224" percent="16">
      <mem type="soa" free="1195384" total="9899008" percent="12" />
      <mem type="loa" free="521216" total="521216" percent="100" />
    </mem>
    <pending-finalizers system="0" default="0" reference="108" classloader="0" />
    <remembered-set count="445" />
  </mem-info>
</gc-end>
<cycle-end id="750" type="scavenge" contextid="744" timestamp="2024-12-13T11:26:23.602" />
<allocation-satisfied id="751" threadId="000000011F901100" bytesRequested="96" />
<af-end id="752" timestamp="2024-12-13T11:26:23.602" threadId="000000011F901B90" success="true" from="nursery"/>
<exclusive-end id="753" timestamp="2024-12-13T11:26:23.602" durationms="0.693" />

<exclusive-start id="754" timestamp="2024-12-13T11:26:23.714" intervalms="112.437">
  <response-info timems="0.006" idlems="0.004" threads="1" lastid="00000001280C2300" lastname="JIT Compilation Thread-004" />
</exclusive-start>
<af-start id="755" threadId="000000011F90A790" totalBytesRequested="13480" timestamp="2024-12-13T11:26:23.714" intervalms="112.442" type="nursery" />
<cycle-start id="756" type="scavenge" contextid="0" timestamp="2024-12-13T11:26:23.714" intervalms="112.449" />
<gc-start id="757" type="scavenge" contextid="756" timestamp="2024-12-13T11:26:23.714">
  <mem-info id="758" free="1693064" total="12910592" percent="13">
    <mem type="nursery" free="0" total="2490368" percent="0">
      <mem type="allocate" free="0" total="1835008" percent="0" />
      <mem type="survivor" free="0" total="655360" percent="0" />
    </mem>
    <mem type="tenure" free="1693064" total="10420224" percent="16">
      <mem type="soa" free="1171848" total="9899008" percent="11" />
      <mem type="loa" free="521216" total="521216" percent="100" />
    </mem>
    <remembered-set count="761" />
  </mem-info>
</gc-start>
<allocation-stats totalBytes="1207632" discardedBytes="7776" >
  <allocated-bytes non-tlh="23632" tlh="1184000" />
  <largest-consumer threadName="Equinox start level thread - Equinox Container: 3d07d356-8ac3-4c95-bf6d-d0b019020d2b" threadId="000000011F909D00" bytes="928208" />
</allocation-stats>
<gc-op id="759" type="scavenge" timems="0.599" contextid="756" timestamp="2024-12-13T11:26:23.715">
  <scavenger-info tenureage="3" tenuremask="7ff8" tiltratio="73" />
  <memory-copied type="nursery" objects="6928" bytes="392920" bytesdiscarded="64520" />
  <memory-copied type="tenure" objects="2054" bytes="160792" bytesdiscarded="328" />
  <finalization candidates="1" enqueued="0" />
  <ownableSynchronizers candidates="298" cleared="55" />
  <references type="soft" candidates="130" cleared="0" enqueued="0" dynamicThreshold="9" maxThreshold="32" />
  <references type="weak" candidates="185" cleared="87" enqueued="85" />
  <object-monitors candidates="12" cleared="0"  />
</gc-op>
<gc-end id="760" type="scavenge" contextid="756" durationms="0.663" usertimems="4.755" systemtimems="0.285" stalltimems="0.953" timestamp="2024-12-13T11:26:23.715" activeThreads="5">
  <mem-info id="761" free="2953960" total="12910592" percent="22">
    <mem type="nursery" free="1377280" total="2490368" percent="55">
      <mem type="allocate" free="1377280" total="1835008" percent="75" />
      <mem type="survivor" free="0" total="655360" percent="0" />
    </mem>
    <mem type="tenure" free="1576680" total="10420224" percent="15">
      <mem type="soa" free="1055464" total="9899008" percent="10" />
      <mem type="loa" free="521216" total="521216" percent="100" />
    </mem>
    <pending-finalizers system="0" default="0" reference="85" classloader="0" />
    <remembered-set count="738" />
  </mem-info>
</gc-end>
<cycle-end id="762" type="scavenge" contextid="756" timestamp="2024-12-13T11:26:23.715" />
<allocation-satisfied id="763" threadId="000000011F909D00" bytesRequested="13480" />
<af-end id="764" timestamp="2024-12-13T11:26:23.715" threadId="000000011F90A790" success="true" from="nursery"/>
<exclusive-end id="765" timestamp="2024-12-13T11:26:23.715" durationms="0.837" />

<exclusive-start id="766" timestamp="2024-12-13T11:26:23.772" intervalms="57.991">
  <response-info timems="0.032" idlems="0.021" threads="2" lastid="000000012F83C700" lastname="Framework Event Dispatcher: Equinox Container: 3d07d356-8ac3-4c" />
</exclusive-start>
<af-start id="767" threadId="000000011F910F90" totalBytesRequested="14160" timestamp="2024-12-13T11:26:23.772" intervalms="57.991" type="nursery" />
<cycle-start id="768" type="scavenge" contextid="0" timestamp="2024-12-13T11:26:23.772" intervalms="57.988" />
<gc-start id="769" type="scavenge" contextid="768" timestamp="2024-12-13T11:26:23.772">
  <mem-info id="770" free="1553432" total="12910592" percent="12">
    <mem type="nursery" free="0" total="2490368" percent="0">
      <mem type="allocate" free="0" total="1835008" percent="0" />
      <mem type="survivor" free="0" total="655360" percent="0" />
    </mem>
    <mem type="tenure" free="1553432" total="10420224" percent="14">
      <mem type="soa" free="1032216" total="9899008" percent="10" />
      <mem type="loa" free="521216" total="521216" percent="100" />
    </mem>
    <remembered-set count="1074" />
  </mem-info>
</gc-start>
<allocation-stats totalBytes="1399120" discardedBytes="1408" >
  <allocated-bytes non-tlh="44936" tlh="1354184" />
  <largest-consumer threadName="Equinox start level thread - Equinox Container: 3d07d356-8ac3-4c95-bf6d-d0b019020d2b" threadId="000000011F909D00" bytes="1192760" />
</allocation-stats>
<gc-op id="771" type="scavenge" timems="0.443" contextid="768" timestamp="2024-12-13T11:26:23.773">
  <scavenger-info tenureage="3" tenuremask="7ff8" tiltratio="73" />
  <memory-copied type="nursery" objects="7081" bytes="409016" bytesdiscarded="78408" />
  <memory-copied type="tenure" objects="2147" bytes="116776" bytesdiscarded="40" />
  <finalization candidates="1" enqueued="0" />
  <ownableSynchronizers candidates="330" cleared="31" />
  <references type="soft" candidates="261" cleared="0" enqueued="0" dynamicThreshold="9" maxThreshold="32" />
  <references type="weak" candidates="216" cleared="67" enqueued="65" />
  <object-monitors candidates="13" cleared="0"  />
</gc-op>
<gc-end id="772" type="scavenge" contextid="768" durationms="0.513" usertimems="1.459" systemtimems="0.207" stalltimems="0.609" timestamp="2024-12-13T11:26:23.773" activeThreads="5">
  <mem-info id="773" free="2789400" total="12910592" percent="21">
    <mem type="nursery" free="1347328" total="2490368" percent="54">
      <mem type="allocate" free="1347328" total="1835008" percent="73" />
      <mem type="survivor" free="0" total="655360" percent="0" />
    </mem>
    <mem type="tenure" free="1442072" total="10420224" percent="13">
      <mem type="soa" free="920856" total="9899008" percent="9" />
      <mem type="loa" free="521216" total="521216" percent="100" />
    </mem>
    <pending-finalizers system="0" default="0" reference="65" classloader="0" />
    <remembered-set count="1022" />
  </mem-info>
</gc-end>
<cycle-end id="774" type="scavenge" contextid="768" timestamp="2024-12-13T11:26:23.773" />
<allocation-satisfied id="775" threadId="000000011F910500" bytesRequested="14160" />
<af-end id="776" timestamp="2024-12-13T11:26:23.773" threadId="000000011F910F90" success="true" from="nursery"/>
<exclusive-end id="777" timestamp="2024-12-13T11:26:23.773" durationms="0.690" />

<exclusive-start id="778" timestamp="2024-12-13T11:26:23.822" intervalms="49.753">
  <response-info timems="0.006" idlems="0.006" threads="0" lastid="000000011F909D00" lastname="Equinox start level thread - Equinox Container: 3d07d356-8ac3-4" />
</exclusive-start>
<af-start id="779" threadId="000000011F90A790" totalBytesRequested="72" timestamp="2024-12-13T11:26:23.822" intervalms="49.755" type="nursery" />
<cycle-start id="780" type="scavenge" contextid="0" timestamp="2024-12-13T11:26:23.822" intervalms="49.753" />
<gc-start id="781" type="scavenge" contextid="780" timestamp="2024-12-13T11:26:23.822">
  <mem-info id="782" free="1429816" total="12910592" percent="11">
    <mem type="nursery" free="0" total="2490368" percent="0">
      <mem type="allocate" free="0" total="1835008" percent="0" />
      <mem type="survivor" free="0" total="655360" percent="0" />
    </mem>
    <mem type="tenure" free="1429816" total="10420224" percent="13">
      <mem type="soa" free="908600" total="9899008" percent="9" />
      <mem type="loa" free="521216" total="521216" percent="100" />
    </mem>
    <remembered-set count="1211" />
  </mem-info>
</gc-start>
<allocation-stats totalBytes="1356832" discardedBytes="2752" >
  <allocated-bytes non-tlh="202832" tlh="1154000" />
  <largest-consumer threadName="Equinox start level thread - Equinox Container: 3d07d356-8ac3-4c95-bf6d-d0b019020d2b" threadId="000000011F909D00" bytes="544880" />
</allocation-stats>
<gc-op id="783" type="scavenge" timems="0.519" contextid="780" timestamp="2024-12-13T11:26:23.822">
  <scavenger-info tenureage="3" tenuremask="7ff8" tiltratio="73" />
  <memory-copied type="nursery" objects="6953" bytes="385072" bytesdiscarded="72520" />
  <memory-copied type="tenure" objects="2024" bytes="127456" bytesdiscarded="120" />
  <finalization candidates="1" enqueued="0" />
  <ownableSynchronizers candidates="320" cleared="21" />
  <references type="soft" candidates="234" cleared="0" enqueued="0" dynamicThreshold="9" maxThreshold="32" />
  <references type="weak" candidates="161" cleared="57" enqueued="55" />
  <object-monitors candidates="13" cleared="0"  />
</gc-op>
<gc-end id="784" type="scavenge" contextid="780" durationms="0.588" usertimems="5.363" systemtimems="0.241" stalltimems="0.917" timestamp="2024-12-13T11:26:23.822" activeThreads="5">
  <mem-info id="785" free="2761272" total="12910592" percent="21">
    <mem type="nursery" free="1442816" total="2490368" percent="57">
      <mem type="allocate" free="1442816" total="1900544" percent="75" />
      <mem type="survivor" free="0" total="589824" percent="0" />
    </mem>
    <mem type="tenure" free="1318456" total="10420224" percent="12">
      <mem type="soa" free="797240" total="9899008" percent="8" />
      <mem type="loa" free="521216" total="521216" percent="100" />
    </mem>
    <pending-finalizers system="0" default="0" reference="55" classloader="0" />
    <remembered-set count="920" />
  </mem-info>
</gc-end>
<cycle-end id="786" type="scavenge" contextid="780" timestamp="2024-12-13T11:26:23.823" />
<allocation-satisfied id="787" threadId="000000011F909D00" bytesRequested="72" />
<af-end id="788" timestamp="2024-12-13T11:26:23.823" threadId="000000011F90A790" success="true" from="nursery"/>
<exclusive-end id="789" timestamp="2024-12-13T11:26:23.823" durationms="0.758" />

<exclusive-start id="790" timestamp="2024-12-13T11:26:23.922" intervalms="100.629">
  <response-info timems="5.692" idlems="3.416" threads="4" lastid="00000001280B8300" lastname="JIT Compilation Thread-003" />
</exclusive-start>
<af-start id="791" threadId="000000010F870F90" totalBytesRequested="6328" timestamp="2024-12-13T11:26:23.922" intervalms="100.627" type="nursery" />
<cycle-start id="792" type="scavenge" contextid="0" timestamp="2024-12-13T11:26:23.922" intervalms="100.628" />
<gc-start id="793" type="scavenge" contextid="792" timestamp="2024-12-13T11:26:23.923">
  <mem-info id="794" free="1289600" total="12910592" percent="9">
    <mem type="nursery" free="0" total="2490368" percent="0">
      <mem type="allocate" free="0" total="1900544" percent="0" />
      <mem type="survivor" free="0" total="589824" percent="0" />
    </mem>
    <mem type="tenure" free="1289600" total="10420224" percent="12">
      <mem type="soa" free="768384" total="9899008" percent="7" />
      <mem type="loa" free="521216" total="521216" percent="100" />
    </mem>
    <remembered-set count="1257" />
  </mem-info>
</gc-start>
<allocation-stats totalBytes="1445928" discardedBytes="25744" >
  <allocated-bytes non-tlh="216248" tlh="1229680" />
  <largest-consumer threadName="Equinox start level thread - Equinox Container: 3d07d356-8ac3-4c95-bf6d-d0b019020d2b" threadId="000000011F909D00" bytes="1246864" />
</allocation-stats>
<gc-op id="795" type="scavenge" timems="0.550" contextid="792" timestamp="2024-12-13T11:26:23.923">
  <scavenger-info tenureage="3" tenuremask="7ff8" tiltratio="76" />
  <memory-copied type="nursery" objects="6163" bytes="360488" bytesdiscarded="51472" />
  <memory-copied type="tenure" objects="2171" bytes="120968" bytesdiscarded="64" />
  <finalization candidates="1" enqueued="0" />
  <ownableSynchronizers candidates="256" cleared="11" />
  <references type="soft" candidates="233" cleared="0" enqueued="0" dynamicThreshold="9" maxThreshold="32" />
  <references type="weak" candidates="158" cleared="60" enqueued="60" />
  <references type="phantom" candidates="1" cleared="0" enqueued="0" />
  <object-monitors candidates="14" cleared="0"  />
</gc-op>
<gc-end id="796" type="scavenge" contextid="792" durationms="0.635" usertimems="1.610" systemtimems="0.287" stalltimems="0.982" timestamp="2024-12-13T11:26:23.923" activeThreads="5">
  <mem-info id="797" free="2670512" total="12910592" percent="20">
    <mem type="nursery" free="1488432" total="2490368" percent="59">
      <mem type="allocate" free="1488432" total="1900544" percent="78" />
      <mem type="survivor" free="0" total="589824" percent="0" />
    </mem>
    <mem type="tenure" free="1182080" total="10420224" percent="11">
      <mem type="soa" free="660864" total="9899008" percent="6" />
      <mem type="loa" free="521216" total="521216" percent="100" />
    </mem>
    <pending-finalizers system="0" default="0" reference="60" classloader="0" />
    <remembered-set count="892" />
  </mem-info>
</gc-end>
<cycle-end id="798" type="scavenge" contextid="792" timestamp="2024-12-13T11:26:23.923" />
<allocation-satisfied id="799" threadId="000000010F870500" bytesRequested="6328" />
<af-end id="800" timestamp="2024-12-13T11:26:23.923" threadId="000000010F870F90" success="true" from="nursery"/>
<exclusive-end id="801" timestamp="2024-12-13T11:26:23.923" durationms="0.829" />

<exclusive-start id="802" timestamp="2024-12-13T11:26:23.952" intervalms="29.119">
  <response-info timems="3.514" idlems="2.343" threads="2" lastid="00000001280B8300" lastname="JIT Compilation Thread-003" />
</exclusive-start>
<af-start id="803" threadId="000000010F870F90" totalBytesRequested="16400" timestamp="2024-12-13T11:26:23.952" intervalms="29.123" type="nursery" />
<cycle-start id="804" type="scavenge" contextid="0" timestamp="2024-12-13T11:26:23.952" intervalms="29.120" />
<gc-start id="805" type="scavenge" contextid="804" timestamp="2024-12-13T11:26:23.952">
  <mem-info id="806" free="1170688" total="12910592" percent="9">
    <mem type="nursery" free="0" total="2490368" percent="0">
      <mem type="allocate" free="0" total="1900544" percent="0" />
      <mem type="survivor" free="0" total="589824" percent="0" />
    </mem>
    <mem type="tenure" free="1170688" total="10420224" percent="11">
      <mem type="soa" free="649472" total="9899008" percent="6" />
      <mem type="loa" free="521216" total="521216" percent="100" />
    </mem>
    <remembered-set count="1037" />
  </mem-info>
</gc-start>
<allocation-stats totalBytes="1460808" discardedBytes="39016" >
  <allocated-bytes non-tlh="17720" tlh="1443088" />
  <largest-consumer threadName="Default Executor-thread-1" threadId="000000010F870500" bytes="1423760" />
</allocation-stats>
<gc-op id="807" type="scavenge" timems="0.466" contextid="804" timestamp="2024-12-13T11:26:23.952">
  <scavenger-info tenureage="3" tenuremask="7ff8" tiltratio="76" />
  <memory-copied type="nursery" objects="6099" bytes="344248" bytesdiscarded="158024" />
  <memory-copied type="tenure" objects="2551" bytes="145616" bytesdiscarded="256" />
  <ownableSynchronizers candidates="145" cleared="0" />
  <references type="soft" candidates="110" cleared="0" enqueued="0" dynamicThreshold="9" maxThreshold="32" />
  <references type="weak" candidates="103" cleared="42" enqueued="41" />
  <references type="phantom" candidates="1" cleared="0" enqueued="0" />
  <object-monitors candidates="15" cleared="0"  />
</gc-op>
<gc-end id="808" type="scavenge" contextid="804" durationms="0.545" usertimems="1.383" systemtimems="0.295" stalltimems="0.762" timestamp="2024-12-13T11:26:23.952" activeThreads="5">
  <mem-info id="809" free="2378152" total="12910592" percent="18">
    <mem type="nursery" free="1398200" total="2490368" percent="56">
      <mem type="allocate" free="1398200" total="1900544" percent="73" />
      <mem type="survivor" free="0" total="589824" percent="0" />
    </mem>
    <mem type="tenure" free="979952" total="10420224" percent="9">
      <mem type="soa" free="458736" total="9899008" percent="4" />
      <mem type="loa" free="521216" total="521216" percent="100" />
    </mem>
    <pending-finalizers system="0" default="0" reference="41" classloader="0" />
    <remembered-set count="706" />
  </mem-info>
</gc-end>
<cycle-end id="810" type="scavenge" contextid="804" timestamp="2024-12-13T11:26:23.952" />
<allocation-satisfied id="811" threadId="000000010F870500" bytesRequested="16400" />
<af-end id="812" timestamp="2024-12-13T11:26:23.952" threadId="000000010F870F90" success="true" from="nursery"/>
<exclusive-end id="813" timestamp="2024-12-13T11:26:23.952" durationms="0.727" />

<exclusive-start id="814" timestamp="2024-12-13T11:26:23.962" intervalms="10.356">
  <response-info timems="0.024" idlems="0.014" threads="1" lastid="000000013804ED00" lastname="IProfiler" />
</exclusive-start>
<af-start id="815" threadId="000000010F870F90" totalBytesRequested="8208" timestamp="2024-12-13T11:26:23.962" intervalms="10.350" type="nursery" />
<cycle-start id="816" type="scavenge" contextid="0" timestamp="2024-12-13T11:26:23.962" intervalms="10.346" />
<gc-start id="817" type="scavenge" contextid="816" timestamp="2024-12-13T11:26:23.962">
  <mem-info id="818" free="979896" total="12910592" percent="7">
    <mem type="nursery" free="0" total="2490368" percent="0">
      <mem type="allocate" free="0" total="1900544" percent="0" />
      <mem type="survivor" free="0" total="589824" percent="0" />
    </mem>
    <mem type="tenure" free="979896" total="10420224" percent="9">
      <mem type="soa" free="458680" total="9899008" percent="4" />
      <mem type="loa" free="521216" total="521216" percent="100" />
    </mem>
    <remembered-set count="708" />
  </mem-info>
</gc-start>
<allocation-stats totalBytes="1393248" discardedBytes="5008" >
  <allocated-bytes non-tlh="24664" tlh="1368584" />
  <largest-consumer threadName="Default Executor-thread-1" threadId="000000010F870500" bytes="1393248" />
</allocation-stats>
<gc-op id="819" type="scavenge" timems="0.413" contextid="816" timestamp="2024-12-13T11:26:23.962">
  <scavenger-info tenureage="3" tenuremask="7ff8" tiltratio="76" />
  <memory-copied type="nursery" objects="7309" bytes="394280" bytesdiscarded="68824" />
  <memory-copied type="tenure" objects="1858" bytes="102800" bytesdiscarded="8" />
  <ownableSynchronizers candidates="57" cleared="0" />
  <references type="soft" candidates="93" cleared="0" enqueued="0" dynamicThreshold="9" maxThreshold="32" />
  <references type="weak" candidates="41" cleared="0" enqueued="0" />
  <references type="phantom" candidates="1" cleared="0" enqueued="0" />
  <object-monitors candidates="15" cleared="0"  />
</gc-op>
<gc-end id="820" type="scavenge" contextid="816" durationms="0.478" usertimems="6.369" systemtimems="0.196" stalltimems="0.842" timestamp="2024-12-13T11:26:23.962" activeThreads="5">
  <mem-info id="821" free="2383800" total="12910592" percent="18">
    <mem type="nursery" free="1502976" total="2490368" percent="60">
      <mem type="allocate" free="1502976" total="1966080" percent="76" />
      <mem type="survivor" free="0" total="524288" percent="0" />
    </mem>
    <mem type="tenure" free="880824" total="10420224" percent="8">
      <mem type="soa" free="359608" total="9899008" percent="3" />
      <mem type="loa" free="521216" total="521216" percent="100" />
    </mem>
    <remembered-set count="405" />
  </mem-info>
</gc-end>
<cycle-end id="822" type="scavenge" contextid="816" timestamp="2024-12-13T11:26:23.963" />
<allocation-satisfied id="823" threadId="000000010F870500" bytesRequested="8208" />
<af-end id="824" timestamp="2024-12-13T11:26:23.963" threadId="000000010F870F90" success="true" from="nursery"/>
<exclusive-end id="825" timestamp="2024-12-13T11:26:23.963" durationms="0.627" />

<concurrent-kickoff id="826" timestamp="2024-12-13T11:26:23.976">
  <kickoff reason="threshold reached" targetBytes="4365852" thresholdFreeBytes="603114"  remainingFree="507632" tenureFreeBytes="853648" nurseryFreeBytes="507632" />
</concurrent-kickoff>
<exclusive-start id="827" timestamp="2024-12-13T11:26:23.976" intervalms="14.137">
  <response-info timems="0.283" idlems="0.078" threads="3" lastid="00000001280B8300" lastname="JIT Compilation Thread-003" />
</exclusive-start>
<cycle-start id="828" type="global" contextid="0" timestamp="2024-12-13T11:26:23.976" intervalms="826.187" />
<concurrent-start id="829" type="global mark" contextid="828" timestamp="2024-12-13T11:26:23.976">
</concurrent-start>
<exclusive-end id="830" timestamp="2024-12-13T11:26:23.976" durationms="0.061" />

<concurrent-end id="831" type="global mark" contextid="828" timestamp="2024-12-13T11:26:23.985">
<gc-op id="832" type="trace" timems="8.663" contextid="828" timestamp="2024-12-13T11:26:23.985">
  <trace bytesTraced="6475536" workStackOverflowCount="0" />
  <card-cleaning reason="card cleaning threshold reached" bytesTraced="1064" cardsCleaned="5" />
</gc-op>
</concurrent-end>

<exclusive-start id="833" timestamp="2024-12-13T11:26:23.985" intervalms="8.837">
  <response-info timems="0.080" idlems="0.043" threads="3" lastid="00000001280C2300" lastname="JIT Compilation Thread-004" />
</exclusive-start>
<concurrent-global-final id="834" timestamp="2024-12-13T11:26:23.985" contextid="828" intervalms="822.536" >
  <concurrent-trace-info reason="card cleaning threshold reached" tracedByMutators="480144" tracedByHelpers="5996456" cardsCleaned="5" workStackOverflowCount="0" />
</concurrent-global-final>
<gc-start id="835" type="global" contextid="828" timestamp="2024-12-13T11:26:23.985">
  <mem-info id="836" free="853304" total="12910592" percent="6">
    <mem type="nursery" free="0" total="2490368" percent="0">
      <mem type="allocate" free="0" total="1966080" percent="0" />
      <mem type="survivor" free="0" total="524288" percent="0" />
    </mem>
    <mem type="tenure" free="853304" total="10420224" percent="8">
      <mem type="soa" free="332088" total="9899008" percent="3" />
      <mem type="loa" free="521216" total="521216" percent="100" />
    </mem>
    <remembered-set count="675" />
  </mem-info>
</gc-start>
<allocation-stats totalBytes="1529720" discardedBytes="776" >
  <allocated-bytes non-tlh="35728" tlh="1493992" />
  <largest-consumer threadName="Default Executor-thread-1" threadId="000000010F870500" bytes="1529720" />
</allocation-stats>
<gc-op id="837" type="rs-scan" timems="0.256" contextid="828" timestamp="2024-12-13T11:26:23.985">
  <scan objectsFound="6646" bytesTraced="396640" workStackOverflowCount="0" />
</gc-op>
<gc-op id="838" type="card-cleaning" timems="0.108" contextid="828" timestamp="2024-12-13T11:26:23.985">
  <card-cleaning cardsCleaned="0" bytesTraced="0" workStackOverflowCount="0" />
</gc-op>
<gc-op id="839" type="mark" timems="0.671" contextid="828" timestamp="2024-12-13T11:26:23.986">
  <trace-info objectcount="3824" scancount="2574" scanbytes="117424" />
  <finalization candidates="146" enqueued="0" />
  <ownableSynchronizers candidates="616" cleared="3" />
  <references type="soft" candidates="3520" cleared="0" enqueued="0" dynamicThreshold="9" maxThreshold="32" />
  <references type="weak" candidates="3247" cleared="42" enqueued="27" />
  <references type="phantom" candidates="117" cleared="0" enqueued="0" />
  <stringconstants candidates="12463" cleared="13"  />
  <object-monitors candidates="15" cleared="1"  />
</gc-op>
<gc-op id="840" type="sweep" timems="0.286" contextid="828" timestamp="2024-12-13T11:26:23.986" />
<heap-resize id="841" type="expand" space="tenure" amount="2752512" count="1" timems="0.017" reason="insufficient free space following gc" timestamp="2024-12-13T11:26:23.986" />
<gc-end id="842" type="global" contextid="828" durationms="1.470" usertimems="12.676" systemtimems="1.156" stalltimems="2.220" timestamp="2024-12-13T11:26:23.986" activeThreads="6">
  <mem-info id="843" free="5038664" total="15663104" percent="32">
    <mem type="nursery" free="1072048" total="2490368" percent="43">
      <mem type="allocate" free="1072048" total="1966080" percent="54" />
      <mem type="survivor" free="0" total="524288" percent="0" />
    </mem>
    <mem type="tenure" free="3966616" total="13172736" percent="30" micro-fragmented="293572" macro-fragmented="0">
      <mem type="soa" free="3307160" total="12513280" percent="26" />
      <mem type="loa" free="659456" total="659456" percent="100" />
    </mem>
    <pending-finalizers system="0" default="0" reference="27" classloader="0" />
    <remembered-set count="609" />
  </mem-info>
</gc-end>
<cycle-end id="844" type="global" contextid="828" timestamp="2024-12-13T11:26:23.986" />
<exclusive-end id="845" timestamp="2024-12-13T11:26:23.986" durationms="1.623" />

<exclusive-start id="846" timestamp="2024-12-13T11:26:24.005" intervalms="20.391">
  <response-info timems="0.033" idlems="0.022" threads="2" lastid="000000013804ED00" lastname="IProfiler" />
</exclusive-start>
<af-start id="847" threadId="000000010F870F90" totalBytesRequested="25896" timestamp="2024-12-13T11:26:24.005" intervalms="43.357" type="nursery" />
<cycle-start id="848" type="scavenge" contextid="0" timestamp="2024-12-13T11:26:24.005" intervalms="43.357" />
<gc-start id="849" type="scavenge" contextid="848" timestamp="2024-12-13T11:26:24.005">
  <mem-info id="850" free="4182216" total="15663104" percent="26">
    <mem type="nursery" free="216400" total="2490368" percent="8">
      <mem type="allocate" free="216400" total="1966080" percent="11" />
      <mem type="survivor" free="0" total="524288" percent="0" />
    </mem>
    <mem type="tenure" free="3965816" total="13172736" percent="30">
      <mem type="soa" free="3306360" total="12513280" percent="26" />
      <mem type="loa" free="659456" total="659456" percent="100" />
    </mem>
    <remembered-set count="634" />
  </mem-info>
</gc-start>
<allocation-stats totalBytes="850824" discardedBytes="5000" >
  <allocated-bytes non-tlh="29640" tlh="821184" />
  <largest-consumer threadName="Default Executor-thread-1" threadId="000000010F870500" bytes="849336" />
</allocation-stats>
<gc-op id="851" type="scavenge" timems="0.496" contextid="848" timestamp="2024-12-13T11:26:24.006">
  <scavenger-info tenureage="3" tenuremask="7ff8" tiltratio="78" />
  <memory-copied type="nursery" objects="7616" bytes="421640" bytesdiscarded="102576" />
  <memory-copied type="tenure" objects="5283" bytes="265872" bytesdiscarded="2480" />
  <copy-failed type="nursery" objects="3813" bytes="179488" />
  <ownableSynchronizers candidates="1226" cleared="1217" />
  <references type="soft" candidates="15" cleared="0" enqueued="0" dynamicThreshold="9" maxThreshold="32" />
  <references type="weak" candidates="34" cleared="0" enqueued="0" />
  <references type="phantom" candidates="1" cleared="0" enqueued="0" />
  <object-monitors candidates="14" cleared="0"  />
</gc-op>
<gc-end id="852" type="scavenge" contextid="848" durationms="0.568" usertimems="1.458" systemtimems="0.272" stalltimems="0.919" timestamp="2024-12-13T11:26:24.006" activeThreads="5">
  <mem-info id="853" free="4620608" total="15663104" percent="29">
    <mem type="nursery" free="983040" total="2490368" percent="39">
      <mem type="allocate" free="983040" total="1507328" percent="65" />
      <mem type="survivor" free="0" total="983040" percent="0" />
    </mem>
    <mem type="tenure" free="3637568" total="13172736" percent="27">
      <mem type="soa" free="2978112" total="12513280" percent="23" />
      <mem type="loa" free="659456" total="659456" percent="100" />
    </mem>
    <remembered-set count="833" />
  </mem-info>
</gc-end>
<cycle-end id="854" type="scavenge" contextid="848" timestamp="2024-12-13T11:26:24.006" />
<allocation-satisfied id="855" threadId="000000010F870500" bytesRequested="25896" />
<af-end id="856" timestamp="2024-12-13T11:26:24.006" threadId="000000010F870F90" success="true" from="nursery"/>
<exclusive-end id="857" timestamp="2024-12-13T11:26:24.006" durationms="0.718" />

<exclusive-start id="858" timestamp="2024-12-13T11:26:24.034" intervalms="28.902">
  <response-info timems="0.934" idlems="0.327" threads="2" lastid="0000000138015100" lastname="JIT Compilation Thread-006" />
</exclusive-start>
<af-start id="859" threadId="000000010F870F90" totalBytesRequested="56" timestamp="2024-12-13T11:26:24.034" intervalms="28.912" type="nursery" />
<cycle-start id="860" type="scavenge" contextid="0" timestamp="2024-12-13T11:26:24.034" intervalms="28.909" />
<gc-start id="861" type="scavenge" contextid="860" timestamp="2024-12-13T11:26:24.034">
  <mem-info id="862" free="3630888" total="15663104" percent="23">
    <mem type="nursery" free="0" total="2490368" percent="0">
      <mem type="allocate" free="0" total="1507328" percent="0" />
      <mem type="survivor" free="0" total="983040" percent="0" />
    </mem>
    <mem type="tenure" free="3630888" total="13172736" percent="27">
      <mem type="soa" free="2971432" total="12513280" percent="23" />
      <mem type="loa" free="659456" total="659456" percent="100" />
    </mem>
    <remembered-set count="911" />
  </mem-info>
</gc-start>
<allocation-stats totalBytes="989016" discardedBytes="704" >
  <allocated-bytes non-tlh="32576" tlh="956440" />
  <largest-consumer threadName="Default Executor-thread-1" threadId="000000010F870500" bytes="989016" />
</allocation-stats>
<gc-op id="863" type="scavenge" timems="0.404" contextid="860" timestamp="2024-12-13T11:26:24.035">
  <scavenger-info tenureage="2" tenuremask="7ffc" tiltratio="60" />
  <memory-copied type="nursery" objects="6579" bytes="300424" bytesdiscarded="80728" />
  <memory-copied type="tenure" objects="3884" bytes="221576" bytesdiscarded="312" />
  <references type="soft" candidates="7" cleared="0" enqueued="0" dynamicThreshold="9" maxThreshold="32" />
  <references type="weak" candidates="47" cleared="10" enqueued="7" />
  <object-monitors candidates="14" cleared="0"  />
</gc-op>
<gc-end id="864" type="scavenge" contextid="860" durationms="0.491" usertimems="1.294" systemtimems="0.203" stalltimems="0.618" timestamp="2024-12-13T11:26:24.035" activeThreads="5">
  <mem-info id="865" free="4516952" total="15663104" percent="28">
    <mem type="nursery" free="1191664" total="2490368" percent="47">
      <mem type="allocate" free="1191664" total="1572864" percent="75" />
      <mem type="survivor" free="0" total="917504" percent="0" />
    </mem>
    <mem type="tenure" free="3325288" total="13172736" percent="25">
      <mem type="soa" free="2665832" total="12513280" percent="21" />
      <mem type="loa" free="659456" total="659456" percent="100" />
    </mem>
    <pending-finalizers system="0" default="0" reference="7" classloader="0" />
    <remembered-set count="660" />
  </mem-info>
</gc-end>
<cycle-end id="866" type="scavenge" contextid="860" timestamp="2024-12-13T11:26:24.035" />
<allocation-satisfied id="867" threadId="000000010F870500" bytesRequested="56" />
<af-end id="868" timestamp="2024-12-13T11:26:24.035" threadId="000000010F870F90" success="true" from="nursery"/>
<exclusive-end id="869" timestamp="2024-12-13T11:26:24.035" durationms="0.643" />

<exclusive-start id="870" timestamp="2024-12-13T11:26:24.044" intervalms="10.232">
  <response-info timems="0.047" idlems="0.032" threads="2" lastid="00000001280A3300" lastname="JIT Compilation Thread-001" />
</exclusive-start>
<af-start id="871" threadId="000000010F870F90" totalBytesRequested="112" timestamp="2024-12-13T11:26:24.044" intervalms="10.226" type="nursery" />
<cycle-start id="872" type="scavenge" contextid="0" timestamp="2024-12-13T11:26:24.044" intervalms="10.224" />
<gc-start id="873" type="scavenge" contextid="872" timestamp="2024-12-13T11:26:24.044">
  <mem-info id="874" free="3324872" total="15663104" percent="21">
    <mem type="nursery" free="0" total="2490368" percent="0">
      <mem type="allocate" free="0" total="1572864" percent="0" />
      <mem type="survivor" free="0" total="917504" percent="0" />
    </mem>
    <mem type="tenure" free="3324872" total="13172736" percent="25">
      <mem type="soa" free="2665416" total="12513280" percent="21" />
      <mem type="loa" free="659456" total="659456" percent="100" />
    </mem>
    <remembered-set count="700" />
  </mem-info>
</gc-start>
<allocation-stats totalBytes="1191584" discardedBytes="496" >
  <allocated-bytes non-tlh="472" tlh="1191112" />
  <largest-consumer threadName="Default Executor-thread-1" threadId="000000010F870500" bytes="1187488" />
</allocation-stats>
<gc-op id="875" type="scavenge" timems="0.392" contextid="872" timestamp="2024-12-13T11:26:24.045">
  <scavenger-info tenureage="3" tenuremask="7ff8" tiltratio="63" />
  <memory-copied type="nursery" objects="10032" bytes="455840" bytesdiscarded="45936" />
  <references type="soft" candidates="7" cleared="0" enqueued="0" dynamicThreshold="9" maxThreshold="32" />
  <references type="weak" candidates="39" cleared="2" enqueued="2" />
  <object-monitors candidates="14" cleared="0"  />
</gc-op>
<gc-end id="876" type="scavenge" contextid="872" durationms="0.444" usertimems="1.623" systemtimems="0.166" stalltimems="0.636" timestamp="2024-12-13T11:26:24.045" activeThreads="5">
  <mem-info id="877" free="4461496" total="15663104" percent="28">
    <mem type="nursery" free="1136624" total="2490368" percent="45">
      <mem type="allocate" free="1136624" total="1638400" percent="69" />
      <mem type="survivor" free="0" total="851968" percent="0" />
    </mem>
    <mem type="tenure" free="3324872" total="13172736" percent="25">
      <mem type="soa" free="2665416" total="12513280" percent="21" />
      <mem type="loa" free="659456" total="659456" percent="100" />
    </mem>
    <pending-finalizers system="0" default="0" reference="2" classloader="0" />
    <remembered-set count="450" />
  </mem-info>
</gc-end>
<cycle-end id="878" type="scavenge" contextid="872" timestamp="2024-12-13T11:26:24.045" />
<allocation-satisfied id="879" threadId="000000010F870500" bytesRequested="112" />
<af-end id="880" timestamp="2024-12-13T11:26:24.045" threadId="000000010F870F90" success="true" from="nursery"/>
<exclusive-end id="881" timestamp="2024-12-13T11:26:24.045" durationms="0.572" />

<exclusive-start id="882" timestamp="2024-12-13T11:26:24.068" intervalms="23.814">
  <response-info timems="0.007" idlems="0.007" threads="0" lastid="000000010F870500" lastname="Default Executor-thread-1" />
</exclusive-start>
<af-start id="883" threadId="000000010F870F90" totalBytesRequested="64" timestamp="2024-12-13T11:26:24.068" intervalms="23.819" type="nursery" />
<cycle-start id="884" type="scavenge" contextid="0" timestamp="2024-12-13T11:26:24.068" intervalms="23.825" />
<gc-start id="885" type="scavenge" contextid="884" timestamp="2024-12-13T11:26:24.068">
  <mem-info id="886" free="3319008" total="15663104" percent="21">
    <mem type="nursery" free="0" total="2490368" percent="0">
      <mem type="allocate" free="0" total="1638400" percent="0" />
      <mem type="survivor" free="0" total="851968" percent="0" />
    </mem>
    <mem type="tenure" free="3319008" total="13172736" percent="25">
      <mem type="soa" free="2659552" total="12513280" percent="21" />
      <mem type="loa" free="659456" total="659456" percent="100" />
    </mem>
    <remembered-set count="538" />
  </mem-info>
</gc-start>
<allocation-stats totalBytes="1141872" discardedBytes="616" >
  <allocated-bytes non-tlh="5976" tlh="1135896" />
  <largest-consumer threadName="Default Executor-thread-1" threadId="000000010F870500" bytes="1141872" />
</allocation-stats>
<gc-op id="887" type="scavenge" timems="0.481" contextid="884" timestamp="2024-12-13T11:26:24.069">
  <scavenger-info tenureage="3" tenuremask="7ff8" tiltratio="65" />
  <memory-copied type="nursery" objects="10273" bytes="473672" bytesdiscarded="109208" />
  <memory-copied type="tenure" objects="3662" bytes="170152" bytesdiscarded="160" />
  <references type="soft" candidates="2" cleared="0" enqueued="0" dynamicThreshold="9" maxThreshold="32" />
  <references type="weak" candidates="31" cleared="8" enqueued="8" />
  <object-monitors candidates="14" cleared="0"  />
</gc-op>
<gc-end id="888" type="scavenge" contextid="884" durationms="0.559" usertimems="4.700" systemtimems="0.181" stalltimems="0.961" timestamp="2024-12-13T11:26:24.069" activeThreads="5">
  <mem-info id="889" free="4299488" total="15663104" percent="27">
    <mem type="nursery" free="1121024" total="2490368" percent="45">
      <mem type="allocate" free="1121024" total="1703936" percent="65" />
      <mem type="survivor" free="0" total="786432" percent="0" />
    </mem>
    <mem type="tenure" free="3178464" total="13172736" percent="24">
      <mem type="soa" free="2519008" total="12513280" percent="20" />
      <mem type="loa" free="659456" total="659456" percent="100" />
    </mem>
    <pending-finalizers system="0" default="0" reference="8" classloader="0" />
    <remembered-set count="1038" />
  </mem-info>
</gc-end>
<cycle-end id="890" type="scavenge" contextid="884" timestamp="2024-12-13T11:26:24.069" />
<allocation-satisfied id="891" threadId="000000010F870500" bytesRequested="64" />
<af-end id="892" timestamp="2024-12-13T11:26:24.069" threadId="000000010F870F90" success="true" from="nursery"/>
<exclusive-end id="893" timestamp="2024-12-13T11:26:24.069" durationms="0.733" />

<exclusive-start id="894" timestamp="2024-12-13T11:26:24.077" intervalms="8.377">
  <response-info timems="0.006" idlems="0.004" threads="3" lastid="000000013804ED00" lastname="IProfiler" />
</exclusive-start>
<af-start id="895" threadId="000000010F870F90" totalBytesRequested="48" timestamp="2024-12-13T11:26:24.077" intervalms="8.366" type="nursery" />
<cycle-start id="896" type="scavenge" contextid="0" timestamp="2024-12-13T11:26:24.077" intervalms="8.364" />
<gc-start id="897" type="scavenge" contextid="896" timestamp="2024-12-13T11:26:24.077">
  <mem-info id="898" free="3177496" total="15663104" percent="20">
    <mem type="nursery" free="0" total="2490368" percent="0">
      <mem type="allocate" free="0" total="1703936" percent="0" />
      <mem type="survivor" free="0" total="786432" percent="0" />
    </mem>
    <mem type="tenure" free="3177496" total="13172736" percent="24">
      <mem type="soa" free="2518040" total="12513280" percent="20" />
      <mem type="loa" free="659456" total="659456" percent="100" />
    </mem>
    <remembered-set count="1309" />
  </mem-info>
</gc-start>
<allocation-stats totalBytes="1121576" discardedBytes="416" >
  <allocated-bytes non-tlh="1032" tlh="1120544" />
  <largest-consumer threadName="Default Executor-thread-1" threadId="000000010F870500" bytes="1121576" />
</allocation-stats>
<gc-op id="899" type="scavenge" timems="0.461" contextid="896" timestamp="2024-12-13T11:26:24.077">
  <scavenger-info tenureage="3" tenuremask="7ff8" tiltratio="68" />
  <memory-copied type="nursery" objects="11405" bytes="504504" bytesdiscarded="42584" />
  <memory-copied type="tenure" objects="2467" bytes="109144" bytesdiscarded="224" />
  <references type="soft" candidates="2" cleared="0" enqueued="0" dynamicThreshold="9" maxThreshold="32" />
  <references type="weak" candidates="7" cleared="3" enqueued="3" />
  <object-monitors candidates="14" cleared="0"  />
</gc-op>
<heap-resize id="900" type="expand" space="nursery" amount="131072" count="1" timems="0.018" reason="excessive time being spent scavenging" timestamp="2024-12-13T11:26:24.077" />
<gc-end id="901" type="scavenge" contextid="896" durationms="0.571" usertimems="6.826" systemtimems="0.218" stalltimems="0.731" timestamp="2024-12-13T11:26:24.077" activeThreads="5">
  <mem-info id="902" free="4226312" total="15794176" percent="26">
    <mem type="nursery" free="1222384" total="2621440" percent="46">
      <mem type="allocate" free="1222384" total="1769472" percent="69" />
      <mem type="survivor" free="0" total="851968" percent="0" />
    </mem>
    <mem type="tenure" free="3003928" total="13172736" percent="22">
      <mem type="soa" free="2344472" total="12513280" percent="18" />
      <mem type="loa" free="659456" total="659456" percent="100" />
    </mem>
    <pending-finalizers system="0" default="0" reference="3" classloader="0" />
    <remembered-set count="1328" />
  </mem-info>
</gc-end>
<cycle-end id="903" type="scavenge" contextid="896" timestamp="2024-12-13T11:26:24.077" />
<allocation-satisfied id="904" threadId="000000010F870500" bytesRequested="48" />
<af-end id="905" timestamp="2024-12-13T11:26:24.077" threadId="000000010F870F90" success="true" from="nursery"/>
<exclusive-end id="906" timestamp="2024-12-13T11:26:24.077" durationms="0.725" />

<exclusive-start id="907" timestamp="2024-12-13T11:26:24.104" intervalms="27.837">
  <response-info timems="5.363" idlems="1.797" threads="2" lastid="0000000138015100" lastname="JIT Compilation Thread-006" />
</exclusive-start>
<af-start id="908" threadId="000000010F870F90" totalBytesRequested="40" timestamp="2024-12-13T11:26:24.104" intervalms="27.860" type="nursery" />
<cycle-start id="909" type="scavenge" contextid="0" timestamp="2024-12-13T11:26:24.105" intervalms="27.871" />
<gc-start id="910" type="scavenge" contextid="909" timestamp="2024-12-13T11:26:24.105">
  <mem-info id="911" free="2997032" total="15794176" percent="18">
    <mem type="nursery" free="0" total="2621440" percent="0">
      <mem type="allocate" free="0" total="1769472" percent="0" />
      <mem type="survivor" free="0" total="851968" percent="0" />
    </mem>
    <mem type="tenure" free="2997032" total="13172736" percent="22">
      <mem type="soa" free="2337576" total="12513280" percent="18" />
      <mem type="loa" free="659456" total="659456" percent="100" />
    </mem>
    <remembered-set count="1426" />
  </mem-info>
</gc-start>
<allocation-stats totalBytes="1229096" discardedBytes="184" >
  <allocated-bytes non-tlh="6944" tlh="1222152" />
  <largest-consumer threadName="Default Executor-thread-1" threadId="000000010F870500" bytes="1229096" />
</allocation-stats>
<gc-op id="912" type="scavenge" timems="0.477" contextid="909" timestamp="2024-12-13T11:26:24.105">
  <scavenger-info tenureage="3" tenuremask="7ff8" tiltratio="67" />
  <memory-copied type="nursery" objects="12051" bytes="523248" bytesdiscarded="38656" />
  <memory-copied type="tenure" objects="3059" bytes="136088" bytesdiscarded="336" />
  <references type="soft" candidates="2" cleared="0" enqueued="0" dynamicThreshold="9" maxThreshold="32" />
  <references type="weak" candidates="18" cleared="9" enqueued="9" />
  <object-monitors candidates="14" cleared="0"  />
</gc-op>
<gc-end id="913" type="scavenge" contextid="909" durationms="0.536" usertimems="1.474" systemtimems="0.234" stalltimems="0.923" timestamp="2024-12-13T11:26:24.105" activeThreads="5">
  <mem-info id="914" free="4260520" total="15794176" percent="26">
    <mem type="nursery" free="1404032" total="2621440" percent="53">
      <mem type="allocate" free="1404032" total="1966080" percent="71" />
      <mem type="survivor" free="0" total="655360" percent="0" />
    </mem>
    <mem type="tenure" free="2856488" total="13172736" percent="21">
      <mem type="soa" free="2197032" total="12513280" percent="17" />
      <mem type="loa" free="659456" total="659456" percent="100" />
    </mem>
    <pending-finalizers system="0" default="0" reference="9" classloader="0" />
    <remembered-set count="1376" />
  </mem-info>
</gc-end>
<cycle-end id="915" type="scavenge" contextid="909" timestamp="2024-12-13T11:26:24.105" />
<allocation-satisfied id="916" threadId="000000010F870500" bytesRequested="40" />
<af-end id="917" timestamp="2024-12-13T11:26:24.105" threadId="000000010F870F90" success="true" from="nursery"/>
<exclusive-end id="918" timestamp="2024-12-13T11:26:24.105" durationms="0.701" />

<exclusive-start id="919" timestamp="2024-12-13T11:26:24.138" intervalms="33.373">
  <response-info timems="5.523" idlems="2.769" threads="5" lastid="00000001280A3300" lastname="JIT Compilation Thread-001" />
</exclusive-start>
<af-start id="920" threadId="000000012F83D190" totalBytesRequested="40" timestamp="2024-12-13T11:26:24.138" intervalms="33.365" type="nursery" />
<cycle-start id="921" type="scavenge" contextid="0" timestamp="2024-12-13T11:26:24.138" intervalms="33.360" />
<gc-start id="922" type="scavenge" contextid="921" timestamp="2024-12-13T11:26:24.138">
  <mem-info id="923" free="2855608" total="15794176" percent="18">
    <mem type="nursery" free="0" total="2621440" percent="0">
      <mem type="allocate" free="0" total="1966080" percent="0" />
      <mem type="survivor" free="0" total="655360" percent="0" />
    </mem>
    <mem type="tenure" free="2855608" total="13172736" percent="21">
      <mem type="soa" free="2196152" total="12513280" percent="17" />
      <mem type="loa" free="659456" total="659456" percent="100" />
    </mem>
    <remembered-set count="1418" />
  </mem-info>
</gc-start>
<allocation-stats totalBytes="1404504" discardedBytes="408" >
  <allocated-bytes non-tlh="920" tlh="1403584" />
  <largest-consumer threadName="Default Executor-thread-1" threadId="000000010F870500" bytes="1404504" />
</allocation-stats>
<gc-op id="924" type="scavenge" timems="0.521" contextid="921" timestamp="2024-12-13T11:26:24.138">
  <scavenger-info tenureage="3" tenuremask="7ff8" tiltratio="75" />
  <memory-copied type="nursery" objects="13223" bytes="548712" bytesdiscarded="75448" />
  <memory-copied type="tenure" objects="4679" bytes="212696" bytesdiscarded="264" />
  <ownableSynchronizers candidates="5" cleared="3" />
  <references type="soft" candidates="1" cleared="0" enqueued="0" dynamicThreshold="9" maxThreshold="32" />
  <references type="weak" candidates="15" cleared="4" enqueued="4" />
  <references type="phantom" candidates="4" cleared="0" enqueued="0" />
  <object-monitors candidates="14" cleared="0"  />
</gc-op>
<gc-end id="925" type="scavenge" contextid="921" durationms="0.606" usertimems="2.265" systemtimems="0.310" stalltimems="0.820" timestamp="2024-12-13T11:26:24.139" activeThreads="5">
  <mem-info id="926" free="3898768" total="15794176" percent="24">
    <mem type="nursery" free="1341696" total="2621440" percent="51">
      <mem type="allocate" free="1341696" total="1966080" percent="68" />
      <mem type="survivor" free="0" total="655360" percent="0" />
    </mem>
    <mem type="tenure" free="2557072" total="13172736" percent="19">
      <mem type="soa" free="1897616" total="12513280" percent="15" />
      <mem type="loa" free="659456" total="659456" percent="100" />
    </mem>
    <pending-finalizers system="0" default="0" reference="4" classloader="0" />
    <remembered-set count="570" />
  </mem-info>
</gc-end>
<cycle-end id="927" type="scavenge" contextid="921" timestamp="2024-12-13T11:26:24.139" />
<allocation-satisfied id="928" threadId="000000012F83C700" bytesRequested="40" />
<af-end id="929" timestamp="2024-12-13T11:26:24.139" threadId="000000012F83D190" success="true" from="nursery"/>
<exclusive-end id="930" timestamp="2024-12-13T11:26:24.139" durationms="0.791" />

<exclusive-start id="931" timestamp="2024-12-13T11:26:24.154" intervalms="15.824">
  <response-info timems="2.023" idlems="1.015" threads="3" lastid="00000001280C2300" lastname="JIT Compilation Thread-004" />
</exclusive-start>
<af-start id="932" threadId="000000010F870F90" totalBytesRequested="104" timestamp="2024-12-13T11:26:24.154" intervalms="15.817" type="nursery" />
<cycle-start id="933" type="scavenge" contextid="0" timestamp="2024-12-13T11:26:24.154" intervalms="15.816" />
<gc-start id="934" type="scavenge" contextid="933" timestamp="2024-12-13T11:26:24.154">
  <mem-info id="935" free="2556408" total="15794176" percent="16">
    <mem type="nursery" free="0" total="2621440" percent="0">
      <mem type="allocate" free="0" total="1966080" percent="0" />
      <mem type="survivor" free="0" total="655360" percent="0" />
    </mem>
    <mem type="tenure" free="2556408" total="13172736" percent="19">
      <mem type="soa" free="1896952" total="12513280" percent="15" />
      <mem type="loa" free="659456" total="659456" percent="100" />
    </mem>
    <remembered-set count="626" />
  </mem-info>
</gc-start>
<allocation-stats totalBytes="1341840" discardedBytes="520" >
  <allocated-bytes non-tlh="704" tlh="1341136" />
  <largest-consumer threadName="Default Executor-thread-1" threadId="000000010F870500" bytes="1317176" />
</allocation-stats>
<gc-op id="936" type="scavenge" timems="0.504" contextid="933" timestamp="2024-12-13T11:26:24.154">
  <scavenger-info tenureage="3" tenuremask="7ff8" tiltratio="75" />
  <memory-copied type="nursery" objects="12198" bytes="589000" bytesdiscarded="66024" />
  <memory-copied type="tenure" objects="3773" bytes="159976" bytesdiscarded="184" />
  <copy-failed type="nursery" objects="169" bytes="7768" />
  <ownableSynchronizers candidates="41" cleared="21" />
  <references type="soft" candidates="1" cleared="0" enqueued="0" dynamicThreshold="9" maxThreshold="32" />
  <references type="weak" candidates="17" cleared="5" enqueued="5" />
  <references type="phantom" candidates="28" cleared="0" enqueued="0" />
  <object-monitors candidates="14" cleared="0"  />
</gc-op>
<gc-end id="937" type="scavenge" contextid="933" durationms="0.561" usertimems="1.218" systemtimems="0.220" stalltimems="1.090" timestamp="2024-12-13T11:26:24.154" activeThreads="5">
  <mem-info id="938" free="3579384" total="15794176" percent="22">
    <mem type="nursery" free="1179648" total="2621440" percent="45">
      <mem type="allocate" free="1179648" total="1835008" percent="64" />
      <mem type="survivor" free="0" total="786432" percent="0" />
    </mem>
    <mem type="tenure" free="2399736" total="13172736" percent="18">
      <mem type="soa" free="1740280" total="12513280" percent="13" />
      <mem type="loa" free="659456" total="659456" percent="100" />
    </mem>
    <pending-finalizers system="0" default="0" reference="5" classloader="0" />
    <remembered-set count="310" />
  </mem-info>
</gc-end>
<cycle-end id="939" type="scavenge" contextid="933" timestamp="2024-12-13T11:26:24.154" />
<allocation-satisfied id="940" threadId="000000010F870500" bytesRequested="104" />
<af-end id="941" timestamp="2024-12-13T11:26:24.154" threadId="000000010F870F90" success="true" from="nursery"/>
<exclusive-end id="942" timestamp="2024-12-13T11:26:24.154" durationms="0.706" />

<exclusive-start id="943" timestamp="2024-12-13T11:26:24.173" intervalms="19.045">
  <response-info timems="1.812" idlems="0.467" threads="3" lastid="00000001280AC100" lastname="JIT Compilation Thread-002" />
</exclusive-start>
<af-start id="944" threadId="000000010F870F90" totalBytesRequested="56" timestamp="2024-12-13T11:26:24.173" intervalms="19.043" type="nursery" />
<cycle-start id="945" type="scavenge" contextid="0" timestamp="2024-12-13T11:26:24.173" intervalms="19.038" />
<gc-start id="946" type="scavenge" contextid="945" timestamp="2024-12-13T11:26:24.173">
  <mem-info id="947" free="2399736" total="15794176" percent="15">
    <mem type="nursery" free="0" total="2621440" percent="0">
      <mem type="allocate" free="0" total="1835008" percent="0" />
      <mem type="survivor" free="0" total="786432" percent="0" />
    </mem>
    <mem type="tenure" free="2399736" total="13172736" percent="18">
      <mem type="soa" free="1740280" total="12513280" percent="13" />
      <mem type="loa" free="659456" total="659456" percent="100" />
    </mem>
    <remembered-set count="322" />
  </mem-info>
</gc-start>
<allocation-stats totalBytes="1177896" discardedBytes="1752" >
  <allocated-bytes non-tlh="82656" tlh="1095240" />
  <largest-consumer threadName="Default Executor-thread-1" threadId="000000010F870500" bytes="1157432" />
</allocation-stats>
<gc-op id="948" type="scavenge" timems="0.518" contextid="945" timestamp="2024-12-13T11:26:24.173">
  <scavenger-info tenureage="2" tenuremask="7ffc" tiltratio="70" />
  <memory-copied type="nursery" objects="4985" bytes="444488" bytesdiscarded="72312" />
  <memory-copied type="tenure" objects="9427" bytes="388016" bytesdiscarded="352" />
  <ownableSynchronizers candidates="38" cleared="12" />
  <references type="weak" candidates="1" cleared="0" enqueued="0" />
  <references type="phantom" candidates="36" cleared="0" enqueued="0" />
  <object-monitors candidates="14" cleared="0"  />
</gc-op>
<gc-end id="949" type="scavenge" contextid="945" durationms="0.587" usertimems="1.283" systemtimems="0.274" stalltimems="1.156" timestamp="2024-12-13T11:26:24.173" activeThreads="5">
  <mem-info id="950" free="3419792" total="15794176" percent="21">
    <mem type="nursery" free="1318040" total="2621440" percent="50">
      <mem type="allocate" free="1318040" total="1835008" percent="71" />
      <mem type="survivor" free="0" total="786432" percent="0" />
    </mem>
    <mem type="tenure" free="2101752" total="13172736" percent="15">
      <mem type="soa" free="1442296" total="12513280" percent="11" />
      <mem type="loa" free="659456" total="659456" percent="100" />
    </mem>
    <remembered-set count="251" />
  </mem-info>
</gc-end>
<cycle-end id="951" type="scavenge" contextid="945" timestamp="2024-12-13T11:26:24.173" />
<allocation-satisfied id="952" threadId="000000010F870500" bytesRequested="56" />
<af-end id="953" timestamp="2024-12-13T11:26:24.173" threadId="000000010F870F90" success="true" from="nursery"/>
<exclusive-end id="954" timestamp="2024-12-13T11:26:24.173" durationms="0.731" />

<exclusive-start id="955" timestamp="2024-12-13T11:26:24.190" intervalms="16.947">
  <response-info timems="2.254" idlems="1.132" threads="1" lastid="00000001280B8300" lastname="JIT Compilation Thread-003" />
</exclusive-start>
<af-start id="956" threadId="000000010F870F90" totalBytesRequested="32" timestamp="2024-12-13T11:26:24.190" intervalms="16.957" type="nursery" />
<cycle-start id="957" type="scavenge" contextid="0" timestamp="2024-12-13T11:26:24.190" intervalms="16.960" />
<gc-start id="958" type="scavenge" contextid="957" timestamp="2024-12-13T11:26:24.190">
  <mem-info id="959" free="2101752" total="15794176" percent="13">
    <mem type="nursery" free="0" total="2621440" percent="0">
      <mem type="allocate" free="0" total="1835008" percent="0" />
      <mem type="survivor" free="0" total="786432" percent="0" />
    </mem>
    <mem type="tenure" free="2101752" total="13172736" percent="15">
      <mem type="soa" free="1442296" total="12513280" percent="11" />
      <mem type="loa" free="659456" total="659456" percent="100" />
    </mem>
    <remembered-set count="321" />
  </mem-info>
</gc-start>
<allocation-stats totalBytes="1316728" discardedBytes="1312" >
  <allocated-bytes non-tlh="56" tlh="1316672" />
  <largest-consumer threadName="Default Executor-thread-1" threadId="000000010F870500" bytes="1296264" />
</allocation-stats>
<gc-op id="960" type="scavenge" timems="0.337" contextid="957" timestamp="2024-12-13T11:26:24.190">
  <scavenger-info tenureage="2" tenuremask="7ffc" tiltratio="70" />
  <memory-copied type="nursery" objects="5140" bytes="425752" bytesdiscarded="99296" />
  <memory-copied type="tenure" objects="2608" bytes="190488" bytesdiscarded="392" />
  <ownableSynchronizers candidates="42" cleared="12" />
  <references type="phantom" candidates="22" cleared="0" enqueued="0" />
  <object-monitors candidates="14" cleared="0"  />
</gc-op>
<gc-end id="961" type="scavenge" contextid="957" durationms="0.394" usertimems="0.921" systemtimems="0.261" stalltimems="0.515" timestamp="2024-12-13T11:26:24.190" activeThreads="5">
  <mem-info id="962" free="3283592" total="15794176" percent="20">
    <mem type="nursery" free="1374624" total="2621440" percent="52">
      <mem type="allocate" free="1374624" total="1900544" percent="72" />
      <mem type="survivor" free="0" total="720896" percent="0" />
    </mem>
    <mem type="tenure" free="1908968" total="13172736" percent="14">
      <mem type="soa" free="1249512" total="12513280" percent="9" />
      <mem type="loa" free="659456" total="659456" percent="100" />
    </mem>
    <remembered-set count="271" />
  </mem-info>
</gc-end>
<cycle-end id="963" type="scavenge" contextid="957" timestamp="2024-12-13T11:26:24.190" />
<allocation-satisfied id="964" threadId="000000010F870500" bytesRequested="32" />
<af-end id="965" timestamp="2024-12-13T11:26:24.190" threadId="000000010F870F90" success="true" from="nursery"/>
<exclusive-end id="966" timestamp="2024-12-13T11:26:24.190" durationms="0.544" />

<exclusive-start id="967" timestamp="2024-12-13T11:26:24.213" intervalms="23.213">
  <response-info timems="0.006" idlems="0.006" threads="0" lastid="000000010F870500" lastname="Default Executor-thread-1" />
</exclusive-start>
<af-start id="968" threadId="000000010F870F90" totalBytesRequested="2608" timestamp="2024-12-13T11:26:24.213" intervalms="23.201" type="nursery" />
<cycle-start id="969" type="scavenge" contextid="0" timestamp="2024-12-13T11:26:24.213" intervalms="23.193" />
<gc-start id="970" type="scavenge" contextid="969" timestamp="2024-12-13T11:26:24.213">
  <mem-info id="971" free="1908968" total="15794176" percent="12">
    <mem type="nursery" free="0" total="2621440" percent="0">
      <mem type="allocate" free="0" total="1900544" percent="0" />
      <mem type="survivor" free="0" total="720896" percent="0" />
    </mem>
    <mem type="tenure" free="1908968" total="13172736" percent="14">
      <mem type="soa" free="1249512" total="12513280" percent="9" />
      <mem type="loa" free="659456" total="659456" percent="100" />
    </mem>
    <remembered-set count="316" />
  </mem-info>
</gc-start>
<allocation-stats totalBytes="1357760" discardedBytes="16864" >
  <allocated-bytes non-tlh="32" tlh="1357728" />
  <largest-consumer threadName="Default Executor-thread-1" threadId="000000010F870500" bytes="1337296" />
</allocation-stats>
<gc-op id="972" type="scavenge" timems="0.294" contextid="969" timestamp="2024-12-13T11:26:24.213">
  <scavenger-info tenureage="2" tenuremask="7ffc" tiltratio="72" />
  <memory-copied type="nursery" objects="5502" bytes="476672" bytesdiscarded="134120" />
  <memory-copied type="tenure" objects="1397" bytes="205936" bytesdiscarded="224" />
  <ownableSynchronizers candidates="32" cleared="9" />
  <references type="weak" candidates="2" cleared="0" enqueued="0" />
  <references type="phantom" candidates="22" cleared="0" enqueued="0" />
  <object-monitors candidates="14" cleared="0"  />
</gc-op>
<gc-end id="973" type="scavenge" contextid="969" durationms="0.353" usertimems="1.184" systemtimems="0.196" stalltimems="0.476" timestamp="2024-12-13T11:26:24.213" activeThreads="5">
  <mem-info id="974" free="2988408" total="15794176" percent="18">
    <mem type="nursery" free="1289416" total="2621440" percent="49">
      <mem type="allocate" free="1289416" total="1900544" percent="67" />
      <mem type="survivor" free="0" total="720896" percent="0" />
    </mem>
    <mem type="tenure" free="1698992" total="13172736" percent="12">
      <mem type="soa" free="1039536" total="12513280" percent="8" />
      <mem type="loa" free="659456" total="659456" percent="100" />
    </mem>
    <remembered-set count="304" />
  </mem-info>
</gc-end>
<cycle-end id="975" type="scavenge" contextid="969" timestamp="2024-12-13T11:26:24.213" />
<allocation-satisfied id="976" threadId="000000010F870500" bytesRequested="2608" />
<af-end id="977" timestamp="2024-12-13T11:26:24.213" threadId="000000010F870F90" success="true" from="nursery"/>
<exclusive-end id="978" timestamp="2024-12-13T11:26:24.213" durationms="0.483" />

<exclusive-start id="979" timestamp="2024-12-13T11:26:24.222" intervalms="9.677">
  <response-info timems="0.592" idlems="0.397" threads="2" lastid="000000013800C300" lastname="JIT Compilation Thread-005" />
</exclusive-start>
<af-start id="980" threadId="000000010F870F90" totalBytesRequested="104" timestamp="2024-12-13T11:26:24.223" intervalms="9.685" type="nursery" />
<cycle-start id="981" type="scavenge" contextid="0" timestamp="2024-12-13T11:26:24.223" intervalms="9.695" />
<gc-start id="982" type="scavenge" contextid="981" timestamp="2024-12-13T11:26:24.223">
  <mem-info id="983" free="1698992" total="15794176" percent="10">
    <mem type="nursery" free="0" total="2621440" percent="0">
      <mem type="allocate" free="0" total="1900544" percent="0" />
      <mem type="survivor" free="0" total="720896" percent="0" />
    </mem>
    <mem type="tenure" free="1698992" total="13172736" percent="12">
      <mem type="soa" free="1039536" total="12513280" percent="8" />
      <mem type="loa" free="659456" total="659456" percent="100" />
    </mem>
    <remembered-set count="339" />
  </mem-info>
</gc-start>
<allocation-stats totalBytes="1289112" discardedBytes="304" >
  <allocated-bytes non-tlh="2608" tlh="1286504" />
  <largest-consumer threadName="Default Executor-thread-1" threadId="000000010F870500" bytes="1268648" />
</allocation-stats>
<gc-op id="984" type="scavenge" timems="0.386" contextid="981" timestamp="2024-12-13T11:26:24.223">
  <scavenger-info tenureage="2" tenuremask="7ffc" tiltratio="72" />
  <memory-copied type="nursery" objects="4851" bytes="441568" bytesdiscarded="68128" />
  <memory-copied type="tenure" objects="3713" bytes="218616" bytesdiscarded="96" />
  <ownableSynchronizers candidates="35" cleared="12" />
  <references type="weak" candidates="1" cleared="0" enqueued="0" />
  <references type="phantom" candidates="24" cleared="0" enqueued="0" />
  <object-monitors candidates="14" cleared="0"  />
</gc-op>
<gc-end id="985" type="scavenge" contextid="981" durationms="0.460" usertimems="1.014" systemtimems="0.224" stalltimems="0.691" timestamp="2024-12-13T11:26:24.223" activeThreads="5">
  <mem-info id="986" free="2985248" total="15794176" percent="18">
    <mem type="nursery" free="1455984" total="2621440" percent="55">
      <mem type="allocate" free="1455984" total="1966080" percent="74" />
      <mem type="survivor" free="0" total="655360" percent="0" />
    </mem>
    <mem type="tenure" free="1529264" total="13172736" percent="11">
      <mem type="soa" free="869808" total="12513280" percent="6" />
      <mem type="loa" free="659456" total="659456" percent="100" />
    </mem>
    <remembered-set count="285" />
  </mem-info>
</gc-end>
<cycle-end id="987" type="scavenge" contextid="981" timestamp="2024-12-13T11:26:24.223" />
<allocation-satisfied id="988" threadId="000000010F870500" bytesRequested="104" />
<af-end id="989" timestamp="2024-12-13T11:26:24.223" threadId="000000010F870F90" success="true" from="nursery"/>
<exclusive-end id="990" timestamp="2024-12-13T11:26:24.223" durationms="0.637" />

<exclusive-start id="991" timestamp="2024-12-13T11:26:24.238" intervalms="15.881">
  <response-info timems="2.081" idlems="1.042" threads="1" lastid="00000001280AC100" lastname="JIT Compilation Thread-002" />
</exclusive-start>
<af-start id="992" threadId="000000010F870F90" totalBytesRequested="10760" timestamp="2024-12-13T11:26:24.238" intervalms="15.878" type="nursery" />
<cycle-start id="993" type="scavenge" contextid="0" timestamp="2024-12-13T11:26:24.238" intervalms="15.876" />
<gc-start id="994" type="scavenge" contextid="993" timestamp="2024-12-13T11:26:24.238">
  <mem-info id="995" free="1529016" total="15794176" percent="9">
    <mem type="nursery" free="0" total="2621440" percent="0">
      <mem type="allocate" free="0" total="1966080" percent="0" />
      <mem type="survivor" free="0" total="655360" percent="0" />
    </mem>
    <mem type="tenure" free="1529016" total="13172736" percent="11">
      <mem type="soa" free="869560" total="12513280" percent="6" />
      <mem type="loa" free="659456" total="659456" percent="100" />
    </mem>
    <remembered-set count="373" />
  </mem-info>
</gc-start>
<allocation-stats totalBytes="1450560" discardedBytes="5672" >
  <allocated-bytes non-tlh="352" tlh="1450208" />
  <largest-consumer threadName="Default Executor-thread-1" threadId="000000010F870500" bytes="1409632" />
</allocation-stats>
<gc-op id="996" type="scavenge" timems="0.429" contextid="993" timestamp="2024-12-13T11:26:24.239">
  <scavenger-info tenureage="2" tenuremask="7ffc" tiltratio="75" />
  <memory-copied type="nursery" objects="6047" bytes="479272" bytesdiscarded="96352" />
  <memory-copied type="tenure" objects="1760" bytes="226160" bytesdiscarded="872" />
  <ownableSynchronizers candidates="71" cleared="33" />
  <references type="weak" candidates="2" cleared="0" enqueued="0" />
  <references type="phantom" candidates="44" cleared="0" enqueued="0" />
  <object-monitors candidates="14" cleared="0"  />
</gc-op>
<gc-end id="997" type="scavenge" contextid="993" durationms="0.483" usertimems="0.925" systemtimems="0.230" stalltimems="1.004" timestamp="2024-12-13T11:26:24.239" activeThreads="5">
  <mem-info id="998" free="2692136" total="15794176" percent="17">
    <mem type="nursery" free="1389736" total="2621440" percent="53">
      <mem type="allocate" free="1389736" total="1966080" percent="70" />
      <mem type="survivor" free="0" total="655360" percent="0" />
    </mem>
    <mem type="tenure" free="1302400" total="13172736" percent="9">
      <mem type="soa" free="642944" total="12513280" percent="5" />
      <mem type="loa" free="659456" total="659456" percent="100" />
    </mem>
    <remembered-set count="313" />
  </mem-info>
</gc-end>
<cycle-end id="999" type="scavenge" contextid="993" timestamp="2024-12-13T11:26:24.239" />
<allocation-satisfied id="1000" threadId="000000010F870500" bytesRequested="10760" />
<af-end id="1001" timestamp="2024-12-13T11:26:24.239" threadId="000000010F870F90" success="true" from="nursery"/>
<exclusive-end id="1002" timestamp="2024-12-13T11:26:24.239" durationms="0.629" />

<exclusive-start id="1003" timestamp="2024-12-13T11:26:24.250" intervalms="11.345">
  <response-info timems="0.039" idlems="0.033" threads="2" lastid="000000013804ED00" lastname="IProfiler" />
</exclusive-start>
<af-start id="1004" threadId="000000012F83D190" totalBytesRequested="80" timestamp="2024-12-13T11:26:24.250" intervalms="11.349" type="nursery" />
<cycle-start id="1005" type="scavenge" contextid="0" timestamp="2024-12-13T11:26:24.250" intervalms="11.345" />
<gc-start id="1006" type="scavenge" contextid="1005" timestamp="2024-12-13T11:26:24.250">
  <mem-info id="1007" free="1301112" total="15794176" percent="8">
    <mem type="nursery" free="0" total="2621440" percent="0">
      <mem type="allocate" free="0" total="1966080" percent="0" />
      <mem type="survivor" free="0" total="655360" percent="0" />
    </mem>
    <mem type="tenure" free="1301112" total="13172736" percent="9">
      <mem type="soa" free="641656" total="12513280" percent="5" />
      <mem type="loa" free="659456" total="659456" percent="100" />
    </mem>
    <remembered-set count="394" />
  </mem-info>
</gc-start>
<allocation-stats totalBytes="1387320" discardedBytes="3704" >
  <allocated-bytes non-tlh="12048" tlh="1375272" />
  <largest-consumer threadName="Default Executor-thread-1" threadId="000000010F870500" bytes="1323064" />
</allocation-stats>
<gc-op id="1008" type="scavenge" timems="0.413" contextid="1005" timestamp="2024-12-13T11:26:24.250">
  <scavenger-info tenureage="2" tenuremask="7ffc" tiltratio="75" />
  <memory-copied type="nursery" objects="6561" bytes="509080" bytesdiscarded="110912" />
  <memory-copied type="tenure" objects="2197" bytes="169984" bytesdiscarded="344" />
  <ownableSynchronizers candidates="58" cleared="15" />
  <references type="weak" candidates="13" cleared="1" enqueued="1" />
  <references type="phantom" candidates="45" cleared="0" enqueued="0" />
  <object-monitors candidates="17" cleared="1"  />
</gc-op>
<gc-end id="1009" type="scavenge" contextid="1005" durationms="0.469" usertimems="4.981" systemtimems="0.238" stalltimems="0.751" timestamp="2024-12-13T11:26:24.250" activeThreads="5">
  <mem-info id="1010" free="2479840" total="15794176" percent="15">
    <mem type="nursery" free="1345664" total="2621440" percent="51">
      <mem type="allocate" free="1345664" total="1966080" percent="68" />
      <mem type="survivor" free="0" total="655360" percent="0" />
    </mem>
    <mem type="tenure" free="1134176" total="13172736" percent="8">
      <mem type="soa" free="474720" total="12513280" percent="3" />
      <mem type="loa" free="659456" total="659456" percent="100" />
    </mem>
    <pending-finalizers system="0" default="0" reference="1" classloader="0" />
    <remembered-set count="340" />
  </mem-info>
</gc-end>
<cycle-end id="1011" type="scavenge" contextid="1005" timestamp="2024-12-13T11:26:24.250" />
<allocation-satisfied id="1012" threadId="000000012F83C700" bytesRequested="80" />
<af-end id="1013" timestamp="2024-12-13T11:26:24.250" threadId="000000012F83D190" success="true" from="nursery"/>
<exclusive-end id="1014" timestamp="2024-12-13T11:26:24.250" durationms="0.609" />

<concurrent-kickoff id="1015" timestamp="2024-12-13T11:26:24.256">
  <kickoff reason="threshold reached" targetBytes="6005419" thresholdFreeBytes="829452"  remainingFree="772144" tenureFreeBytes="1134176" nurseryFreeBytes="772144" />
</concurrent-kickoff>
<exclusive-start id="1016" timestamp="2024-12-13T11:26:24.256" intervalms="6.080">
  <response-info timems="0.080" idlems="0.047" threads="1" lastid="000000013800C300" lastname="JIT Compilation Thread-005" />
</exclusive-start>
<cycle-start id="1017" type="global" contextid="0" timestamp="2024-12-13T11:26:24.256" intervalms="279.776" />
<concurrent-start id="1018" type="global mark" contextid="1017" timestamp="2024-12-13T11:26:24.256">
</concurrent-start>
<exclusive-end id="1019" timestamp="2024-12-13T11:26:24.256" durationms="0.050" />

<concurrent-end id="1020" type="global mark" contextid="1017" timestamp="2024-12-13T11:26:24.266">
<gc-op id="1021" type="trace" timems="9.766" contextid="1017" timestamp="2024-12-13T11:26:24.266">
  <trace bytesTraced="8151288" workStackOverflowCount="0" />
  <card-cleaning reason="card cleaning threshold reached" bytesTraced="20032" cardsCleaned="34" />
</gc-op>
</concurrent-end>

<exclusive-start id="1022" timestamp="2024-12-13T11:26:24.269" intervalms="13.297">
  <response-info timems="3.460" idlems="1.733" threads="1" lastid="00000001280C2300" lastname="JIT Compilation Thread-004" />
</exclusive-start>
<concurrent-global-final id="1023" timestamp="2024-12-13T11:26:24.269" contextid="1017" intervalms="284.236" >
  <concurrent-trace-info reason="card cleaning threshold reached" tracedByMutators="1075008" tracedByHelpers="7096312" cardsCleaned="34" workStackOverflowCount="0" />
</concurrent-global-final>
<gc-start id="1024" type="global" contextid="1017" timestamp="2024-12-13T11:26:24.269">
  <mem-info id="1025" free="1173136" total="15794176" percent="7">
    <mem type="nursery" free="38960" total="2621440" percent="1">
      <mem type="allocate" free="38960" total="1966080" percent="1" />
      <mem type="survivor" free="0" total="655360" percent="0" />
    </mem>
    <mem type="tenure" free="1134176" total="13172736" percent="8">
      <mem type="soa" free="474720" total="12513280" percent="3" />
      <mem type="loa" free="659456" total="659456" percent="100" />
    </mem>
    <remembered-set count="381" />
  </mem-info>
</gc-start>
<allocation-stats totalBytes="1306216" discardedBytes="488" >
  <allocated-bytes non-tlh="80" tlh="1306136" />
  <largest-consumer threadName="Default Executor-thread-1" threadId="000000010F870500" bytes="1269288" />
</allocation-stats>
<gc-op id="1026" type="rs-scan" timems="0.374" contextid="1017" timestamp="2024-12-13T11:26:24.270">
  <scan objectsFound="8628" bytesTraced="460464" workStackOverflowCount="0" />
</gc-op>
<gc-op id="1027" type="card-cleaning" timems="0.092" contextid="1017" timestamp="2024-12-13T11:26:24.270">
  <card-cleaning cardsCleaned="17" bytesTraced="21168" workStackOverflowCount="0" />
</gc-op>
<gc-op id="1028" type="mark" timems="1.248" contextid="1017" timestamp="2024-12-13T11:26:24.271">
  <trace-info objectcount="247" scancount="228" scanbytes="10832" />
  <finalization candidates="146" enqueued="0" />
  <ownableSynchronizers candidates="739" cleared="26" />
  <references type="soft" candidates="3523" cleared="0" enqueued="0" dynamicThreshold="9" maxThreshold="32" />
  <references type="weak" candidates="3253" cleared="2" enqueued="1" />
  <references type="phantom" candidates="262" cleared="0" enqueued="0" />
  <stringconstants candidates="12574" cleared="1"  />
  <object-monitors candidates="16" cleared="0"  />
</gc-op>
<gc-op id="1029" type="classunload" timems="0.211" contextid="1017" timestamp="2024-12-13T11:26:24.271">
  <classunload-info classloadercandidates="32" classloadersunloaded="1" classesunloaded="1" anonymousclassesunloaded="0" quiescems="0.000" setupms="0.208" scanms="0.001" postms="0.001" />
</gc-op>
<gc-op id="1030" type="sweep" timems="0.275" contextid="1017" timestamp="2024-12-13T11:26:24.271" />
<heap-resize id="1031" type="expand" space="tenure" amount="3866624" count="1" timems="0.027" reason="insufficient free space following gc" timestamp="2024-12-13T11:26:24.272" />
<gc-end id="1032" type="global" contextid="1017" durationms="2.355" usertimems="4.581" systemtimems="1.956" stalltimems="6.421" timestamp="2024-12-13T11:26:24.272" activeThreads="7">
  <mem-info id="1033" free="6263688" total="19660800" percent="31">
    <mem type="nursery" free="1131704" total="2621440" percent="43">
      <mem type="allocate" free="1131704" total="1966080" percent="57" />
      <mem type="survivor" free="0" total="655360" percent="0" />
    </mem>
    <mem type="tenure" free="5131984" total="17039360" percent="30" micro-fragmented="343925" macro-fragmented="0">
      <mem type="soa" free="4280016" total="16187392" percent="26" />
      <mem type="loa" free="851968" total="851968" percent="100" />
    </mem>
    <pending-finalizers system="0" default="0" reference="1" classloader="0" />
    <remembered-set count="371" />
  </mem-info>
</gc-end>
<cycle-end id="1034" type="global" contextid="1017" timestamp="2024-12-13T11:26:24.272" />
<exclusive-end id="1035" timestamp="2024-12-13T11:26:24.272" durationms="2.502" />

<exclusive-start id="1036" timestamp="2024-12-13T11:26:24.282" intervalms="12.883">
  <response-info timems="0.008" idlems="0.008" threads="0" lastid="000000010F870500" lastname="Default Executor-thread-1" />
</exclusive-start>
<af-start id="1037" threadId="000000010F870F90" totalBytesRequested="8208" timestamp="2024-12-13T11:26:24.282" intervalms="32.248" type="nursery" />
<cycle-start id="1038" type="scavenge" contextid="0" timestamp="2024-12-13T11:26:24.282" intervalms="32.249" />
<gc-start id="1039" type="scavenge" contextid="1038" timestamp="2024-12-13T11:26:24.282">
  <mem-info id="1040" free="5131984" total="19660800" percent="26">
    <mem type="nursery" free="0" total="2621440" percent="0">
      <mem type="allocate" free="0" total="1966080" percent="0" />
      <mem type="survivor" free="0" total="655360" percent="0" />
    </mem>
    <mem type="tenure" free="5131984" total="17039360" percent="30">
      <mem type="soa" free="4280016" total="16187392" percent="26" />
      <mem type="loa" free="851968" total="851968" percent="100" />
    </mem>
    <remembered-set count="413" />
  </mem-info>
</gc-start>
<allocation-stats totalBytes="1110456" discardedBytes="19560" >
  <allocated-bytes non-tlh="177296" tlh="933160" />
  <largest-consumer threadName="Default Executor-thread-1" threadId="000000010F870500" bytes="1068960" />
</allocation-stats>
<gc-op id="1041" type="scavenge" timems="0.568" contextid="1038" timestamp="2024-12-13T11:26:24.283">
  <scavenger-info tenureage="2" tenuremask="7ffc" tiltratio="75" />
  <memory-copied type="nursery" objects="6110" bytes="468400" bytesdiscarded="186080" />
  <memory-copied type="tenure" objects="5643" bytes="424760" bytesdiscarded="1016" />
  <copy-failed type="nursery" objects="1813" bytes="115776" />
  <ownableSynchronizers candidates="1464" cleared="1395" />
  <references type="weak" candidates="13" cleared="0" enqueued="0" />
  <references type="phantom" candidates="65" cleared="0" enqueued="0" />
  <object-monitors candidates="16" cleared="0"  />
</gc-op>
<gc-end id="1042" type="scavenge" contextid="1038" durationms="0.647" usertimems="9.036" systemtimems="0.238" stalltimems="1.191" timestamp="2024-12-13T11:26:24.283" activeThreads="5">
  <mem-info id="1043" free="5729144" total="19660800" percent="29">
    <mem type="nursery" free="1179648" total="2621440" percent="45">
      <mem type="allocate" free="1179648" total="1835008" percent="64" />
      <mem type="survivor" free="0" total="786432" percent="0" />
    </mem>
    <mem type="tenure" free="4549496" total="17039360" percent="26">
      <mem type="soa" free="3697528" total="16187392" percent="22" />
      <mem type="loa" free="851968" total="851968" percent="100" />
    </mem>
    <remembered-set count="515" />
  </mem-info>
</gc-end>
<cycle-end id="1044" type="scavenge" contextid="1038" timestamp="2024-12-13T11:26:24.283" />
<allocation-satisfied id="1045" threadId="000000010F870500" bytesRequested="8208" />
<af-end id="1046" timestamp="2024-12-13T11:26:24.283" threadId="000000010F870F90" success="true" from="nursery"/>
<exclusive-end id="1047" timestamp="2024-12-13T11:26:24.283" durationms="0.796" />

<exclusive-start id="1048" timestamp="2024-12-13T11:26:24.294" intervalms="12.247">
  <response-info timems="0.009" idlems="0.009" threads="0" lastid="000000010F870500" lastname="Default Executor-thread-1" />
</exclusive-start>
<af-start id="1049" threadId="000000010F870F90" totalBytesRequested="32" timestamp="2024-12-13T11:26:24.294" intervalms="12.254" type="nursery" />
<cycle-start id="1050" type="scavenge" contextid="0" timestamp="2024-12-13T11:26:24.294" intervalms="12.255" />
<gc-start id="1051" type="scavenge" contextid="1050" timestamp="2024-12-13T11:26:24.294">
  <mem-info id="1052" free="4549384" total="19660800" percent="23">
    <mem type="nursery" free="0" total="2621440" percent="0">
      <mem type="allocate" free="0" total="1835008" percent="0" />
      <mem type="survivor" free="0" total="786432" percent="0" />
    </mem>
    <mem type="tenure" free="4549384" total="17039360" percent="26">
      <mem type="soa" free="3697416" total="16187392" percent="22" />
      <mem type="loa" free="851968" total="851968" percent="100" />
    </mem>
    <remembered-set count="565" />
  </mem-info>
</gc-start>
<allocation-stats totalBytes="1179416" discardedBytes="344" >
  <allocated-bytes non-tlh="8320" tlh="1171096" />
  <largest-consumer threadName="Default Executor-thread-1" threadId="000000010F870500" bytes="1150792" />
</allocation-stats>
<gc-op id="1053" type="scavenge" timems="0.471" contextid="1050" timestamp="2024-12-13T11:26:24.295">
  <scavenger-info tenureage="2" tenuremask="7ffc" tiltratio="70" />
  <memory-copied type="nursery" objects="6921" bytes="518176" bytesdiscarded="90560" />
  <memory-copied type="tenure" objects="2001" bytes="151480" bytesdiscarded="48" />
  <ownableSynchronizers candidates="77" cleared="18" />
  <references type="weak" candidates="1" cleared="0" enqueued="0" />
  <references type="phantom" candidates="69" cleared="0" enqueued="0" />
  <object-monitors candidates="16" cleared="0"  />
</gc-op>
<gc-end id="1054" type="scavenge" contextid="1050" durationms="0.532" usertimems="4.164" systemtimems="0.362" stalltimems="0.789" timestamp="2024-12-13T11:26:24.295" activeThreads="5">
  <mem-info id="1055" free="5539400" total="19660800" percent="28">
    <mem type="nursery" free="1225880" total="2621440" percent="46">
      <mem type="allocate" free="1225880" total="1835008" percent="66" />
      <mem type="survivor" free="0" total="786432" percent="0" />
    </mem>
    <mem type="tenure" free="4313520" total="17039360" percent="25">
      <mem type="soa" free="3461552" total="16187392" percent="21" />
      <mem type="loa" free="851968" total="851968" percent="100" />
    </mem>
    <remembered-set count="448" />
  </mem-info>
</gc-end>
<cycle-end id="1056" type="scavenge" contextid="1050" timestamp="2024-12-13T11:26:24.295" />
<allocation-satisfied id="1057" threadId="000000010F870500" bytesRequested="32" />
<af-end id="1058" timestamp="2024-12-13T11:26:24.295" threadId="000000010F870F90" success="true" from="nursery"/>
<exclusive-end id="1059" timestamp="2024-12-13T11:26:24.295" durationms="0.678" />

<exclusive-start id="1060" timestamp="2024-12-13T11:26:24.305" intervalms="11.252">
  <response-info timems="2.388" idlems="1.203" threads="1" lastid="0000000138015100" lastname="JIT Compilation Thread-006" />
</exclusive-start>
<af-start id="1061" threadId="000000010F870F90" totalBytesRequested="56" timestamp="2024-12-13T11:26:24.306" intervalms="11.252" type="nursery" />
<cycle-start id="1062" type="scavenge" contextid="0" timestamp="2024-12-13T11:26:24.306" intervalms="11.258" />
<gc-start id="1063" type="scavenge" contextid="1062" timestamp="2024-12-13T11:26:24.306">
  <mem-info id="1064" free="4313520" total="19660800" percent="21">
    <mem type="nursery" free="0" total="2621440" percent="0">
      <mem type="allocate" free="0" total="1835008" percent="0" />
      <mem type="survivor" free="0" total="786432" percent="0" />
    </mem>
    <mem type="tenure" free="4313520" total="17039360" percent="25">
      <mem type="soa" free="3461552" total="16187392" percent="21" />
      <mem type="loa" free="851968" total="851968" percent="100" />
    </mem>
    <remembered-set count="499" />
  </mem-info>
</gc-start>
<allocation-stats totalBytes="1225120" discardedBytes="760" >
  <allocated-bytes non-tlh="32" tlh="1225088" />
  <largest-consumer threadName="Default Executor-thread-1" threadId="000000010F870500" bytes="1196496" />
</allocation-stats>
<gc-op id="1065" type="scavenge" timems="0.421" contextid="1062" timestamp="2024-12-13T11:26:24.306">
  <scavenger-info tenureage="2" tenuremask="7ffc" tiltratio="70" />
  <memory-copied type="nursery" objects="5221" bytes="381880" bytesdiscarded="92608" />
  <memory-copied type="tenure" objects="4089" bytes="314976" bytesdiscarded="544" />
  <ownableSynchronizers candidates="71" cleared="15" />
  <references type="weak" candidates="1" cleared="0" enqueued="0" />
  <references type="phantom" candidates="33" cleared="0" enqueued="0" />
  <object-monitors candidates="16" cleared="0"  />
</gc-op>
<gc-end id="1066" type="scavenge" contextid="1062" durationms="0.486" usertimems="1.091" systemtimems="0.279" stalltimems="0.773" timestamp="2024-12-13T11:26:24.306" activeThreads="5">
  <mem-info id="1067" free="5373624" total="19660800" percent="27">
    <mem type="nursery" free="1425616" total="2621440" percent="54">
      <mem type="allocate" free="1425616" total="1900544" percent="75" />
      <mem type="survivor" free="0" total="720896" percent="0" />
    </mem>
    <mem type="tenure" free="3948008" total="17039360" percent="23">
      <mem type="soa" free="3096040" total="16187392" percent="19" />
      <mem type="loa" free="851968" total="851968" percent="100" />
    </mem>
    <remembered-set count="301" />
  </mem-info>
</gc-end>
<cycle-end id="1068" type="scavenge" contextid="1062" timestamp="2024-12-13T11:26:24.306" />
<allocation-satisfied id="1069" threadId="000000010F870500" bytesRequested="56" />
<af-end id="1070" timestamp="2024-12-13T11:26:24.306" threadId="000000010F870F90" success="true" from="nursery"/>
<exclusive-end id="1071" timestamp="2024-12-13T11:26:24.306" durationms="0.640" />

<exclusive-start id="1072" timestamp="2024-12-13T11:26:24.314" intervalms="8.301">
  <response-info timems="0.601" idlems="0.152" threads="4" lastid="00000001280AC100" lastname="JIT Compilation Thread-002" />
</exclusive-start>
<af-start id="1073" threadId="000000010F870F90" totalBytesRequested="592" timestamp="2024-12-13T11:26:24.314" intervalms="8.300" type="nursery" />
<cycle-start id="1074" type="scavenge" contextid="0" timestamp="2024-12-13T11:26:24.314" intervalms="8.294" />
<gc-start id="1075" type="scavenge" contextid="1074" timestamp="2024-12-13T11:26:24.314">
  <mem-info id="1076" free="3947792" total="19660800" percent="20">
    <mem type="nursery" free="0" total="2621440" percent="0">
      <mem type="allocate" free="0" total="1900544" percent="0" />
      <mem type="survivor" free="0" total="720896" percent="0" />
    </mem>
    <mem type="tenure" free="3947792" total="17039360" percent="23">
      <mem type="soa" free="3095824" total="16187392" percent="19" />
      <mem type="loa" free="851968" total="851968" percent="100" />
    </mem>
    <remembered-set count="341" />
  </mem-info>
</gc-start>
<allocation-stats totalBytes="1425024" discardedBytes="808" >
  <allocated-bytes non-tlh="157216" tlh="1267808" />
  <largest-consumer threadName="Default Executor-thread-1" threadId="000000010F870500" bytes="1412736" />
</allocation-stats>
<gc-op id="1077" type="scavenge" timems="0.423" contextid="1074" timestamp="2024-12-13T11:26:24.314">
  <scavenger-info tenureage="2" tenuremask="7ffc" tiltratio="72" />
  <memory-copied type="nursery" objects="5352" bytes="590664" bytesdiscarded="129944" />
  <memory-copied type="tenure" objects="2708" bytes="197624" bytesdiscarded="672" />
  <copy-failed type="nursery" objects="105" bytes="5504" />
  <ownableSynchronizers candidates="43" cleared="12" />
  <references type="weak" candidates="1" cleared="0" enqueued="0" />
  <references type="phantom" candidates="27" cleared="0" enqueued="0" />
  <object-monitors candidates="16" cleared="0"  />
</gc-op>
<gc-end id="1078" type="scavenge" contextid="1074" durationms="0.476" usertimems="0.944" systemtimems="0.215" stalltimems="0.961" timestamp="2024-12-13T11:26:24.314" activeThreads="5">
  <mem-info id="1079" free="4658760" total="19660800" percent="23">
    <mem type="nursery" free="917504" total="2621440" percent="35">
      <mem type="allocate" free="917504" total="1638400" percent="56" />
      <mem type="survivor" free="0" total="983040" percent="0" />
    </mem>
    <mem type="tenure" free="3741256" total="17039360" percent="21">
      <mem type="soa" free="2889288" total="16187392" percent="17" />
      <mem type="loa" free="851968" total="851968" percent="100" />
    </mem>
    <remembered-set count="289" />
  </mem-info>
</gc-end>
<cycle-end id="1080" type="scavenge" contextid="1074" timestamp="2024-12-13T11:26:24.314" />
<allocation-satisfied id="1081" threadId="000000010F870500" bytesRequested="592" />
<af-end id="1082" timestamp="2024-12-13T11:26:24.314" threadId="000000010F870F90" success="true" from="nursery"/>
<exclusive-end id="1083" timestamp="2024-12-13T11:26:24.314" durationms="0.607" />

<exclusive-start id="1084" timestamp="2024-12-13T11:26:24.321" intervalms="6.779">
  <response-info timems="3.511" idlems="1.760" threads="1" lastid="0000000128099300" lastname="JIT Compilation Thread-000" />
</exclusive-start>
<af-start id="1085" threadId="000000010F870F90" totalBytesRequested="48" timestamp="2024-12-13T11:26:24.321" intervalms="6.775" type="nursery" />
<cycle-start id="1086" type="scavenge" contextid="0" timestamp="2024-12-13T11:26:24.321" intervalms="6.769" />
<gc-start id="1087" type="scavenge" contextid="1086" timestamp="2024-12-13T11:26:24.321">
  <mem-info id="1088" free="3741256" total="19660800" percent="19">
    <mem type="nursery" free="0" total="2621440" percent="0">
      <mem type="allocate" free="0" total="1638400" percent="0" />
      <mem type="survivor" free="0" total="983040" percent="0" />
    </mem>
    <mem type="tenure" free="3741256" total="17039360" percent="21">
      <mem type="soa" free="2889288" total="16187392" percent="17" />
      <mem type="loa" free="851968" total="851968" percent="100" />
    </mem>
    <remembered-set count="386" />
  </mem-info>
</gc-start>
<allocation-stats totalBytes="916896" discardedBytes="608" >
  <allocated-bytes non-tlh="592" tlh="916304" />
  <largest-consumer threadName="Default Executor-thread-1" threadId="000000010F870500" bytes="908704" />
</allocation-stats>
<gc-op id="1089" type="scavenge" timems="0.378" contextid="1086" timestamp="2024-12-13T11:26:24.321">
  <scavenger-info tenureage="1" tenuremask="7ffe" tiltratio="62" />
  <memory-copied type="nursery" objects="2750" bytes="196560" bytesdiscarded="181600" />
  <memory-copied type="tenure" objects="4024" bytes="500448" bytesdiscarded="552" />
  <ownableSynchronizers candidates="24" cleared="3" />
  <references type="weak" candidates="2" cleared="0" enqueued="0" />
  <references type="phantom" candidates="4" cleared="0" enqueued="0" />
  <object-monitors candidates="16" cleared="0"  />
</gc-op>
<heap-resize id="1090" type="expand" space="nursery" amount="131072" count="1" timems="0.018" reason="excessive time being spent scavenging" timestamp="2024-12-13T11:26:24.321" />
<gc-end id="1091" type="scavenge" contextid="1086" durationms="0.454" usertimems="1.419" systemtimems="0.369" stalltimems="0.668" timestamp="2024-12-13T11:26:24.321" activeThreads="5">
  <mem-info id="1092" free="4687224" total="19791872" percent="23">
    <mem type="nursery" free="1390576" total="2752512" percent="50">
      <mem type="allocate" free="1390576" total="1769472" percent="78" />
      <mem type="survivor" free="0" total="983040" percent="0" />
    </mem>
    <mem type="tenure" free="3296648" total="17039360" percent="19">
      <mem type="soa" free="2444680" total="16187392" percent="15" />
      <mem type="loa" free="851968" total="851968" percent="100" />
    </mem>
    <remembered-set count="261" />
  </mem-info>
</gc-end>
<cycle-end id="1093" type="scavenge" contextid="1086" timestamp="2024-12-13T11:26:24.321" />
<allocation-satisfied id="1094" threadId="000000010F870500" bytesRequested="48" />
<af-end id="1095" timestamp="2024-12-13T11:26:24.321" threadId="000000010F870F90" success="true" from="nursery"/>
<exclusive-end id="1096" timestamp="2024-12-13T11:26:24.321" durationms="0.568" />

<exclusive-start id="1097" timestamp="2024-12-13T11:26:24.333" intervalms="12.266">
  <response-info timems="4.016" idlems="1.346" threads="2" lastid="0000000128099300" lastname="JIT Compilation Thread-000" />
</exclusive-start>
<af-start id="1098" threadId="000000010F870F90" totalBytesRequested="2280" timestamp="2024-12-13T11:26:24.333" intervalms="12.262" type="nursery" />
<cycle-start id="1099" type="scavenge" contextid="0" timestamp="2024-12-13T11:26:24.333" intervalms="12.267" />
<gc-start id="1100" type="scavenge" contextid="1099" timestamp="2024-12-13T11:26:24.333">
  <mem-info id="1101" free="3296528" total="19791872" percent="16">
    <mem type="nursery" free="0" total="2752512" percent="0">
      <mem type="allocate" free="0" total="1769472" percent="0" />
      <mem type="survivor" free="0" total="983040" percent="0" />
    </mem>
    <mem type="tenure" free="3296528" total="17039360" percent="19">
      <mem type="soa" free="2444560" total="16187392" percent="15" />
      <mem type="loa" free="851968" total="851968" percent="100" />
    </mem>
    <remembered-set count="322" />
  </mem-info>
</gc-start>
<allocation-stats totalBytes="1386152" discardedBytes="4544" >
  <allocated-bytes non-tlh="8376" tlh="1377776" />
  <largest-consumer threadName="Default Executor-thread-1" threadId="000000010F870500" bytes="1361592" />
</allocation-stats>
<gc-op id="1102" type="scavenge" timems="0.302" contextid="1099" timestamp="2024-12-13T11:26:24.333">
  <scavenger-info tenureage="1" tenuremask="7ffe" tiltratio="64" />
  <memory-copied type="nursery" objects="3048" bytes="259664" bytesdiscarded="106608" />
  <memory-copied type="tenure" objects="2727" bytes="185312" bytesdiscarded="584" />
  <ownableSynchronizers candidates="33" cleared="18" />
  <references type="weak" candidates="3" cleared="0" enqueued="0" />
  <references type="phantom" candidates="19" cleared="0" enqueued="0" />
  <object-monitors candidates="17" cleared="0"  />
</gc-op>
<gc-end id="1103" type="scavenge" contextid="1099" durationms="0.346" usertimems="0.854" systemtimems="0.154" stalltimems="0.488" timestamp="2024-12-13T11:26:24.333" activeThreads="5">
  <mem-info id="1104" free="4791256" total="19791872" percent="24">
    <mem type="nursery" free="1599456" total="2752512" percent="58">
      <mem type="allocate" free="1599456" total="1966080" percent="81" />
      <mem type="survivor" free="0" total="786432" percent="0" />
    </mem>
    <mem type="tenure" free="3191800" total="17039360" percent="18">
      <mem type="soa" free="2339832" total="16187392" percent="14" />
      <mem type="loa" free="851968" total="851968" percent="100" />
    </mem>
    <remembered-set count="240" />
  </mem-info>
</gc-end>
<cycle-end id="1105" type="scavenge" contextid="1099" timestamp="2024-12-13T11:26:24.333" />
<allocation-satisfied id="1106" threadId="000000010F870500" bytesRequested="2280" />
<af-end id="1107" timestamp="2024-12-13T11:26:24.333" threadId="000000010F870F90" success="true" from="nursery"/>
<exclusive-end id="1108" timestamp="2024-12-13T11:26:24.333" durationms="0.462" />

<exclusive-start id="1109" timestamp="2024-12-13T11:26:24.348" intervalms="14.921">
  <response-info timems="5.314" idlems="3.542" threads="2" lastid="00000001280C2300" lastname="JIT Compilation Thread-004" />
</exclusive-start>
<af-start id="1110" threadId="000000010F870F90" totalBytesRequested="24" timestamp="2024-12-13T11:26:24.348" intervalms="14.928" type="nursery" />
<cycle-start id="1111" type="scavenge" contextid="0" timestamp="2024-12-13T11:26:24.348" intervalms="14.924" />
<gc-start id="1112" type="scavenge" contextid="1111" timestamp="2024-12-13T11:26:24.348">
  <mem-info id="1113" free="3191800" total="19791872" percent="16">
    <mem type="nursery" free="0" total="2752512" percent="0">
      <mem type="allocate" free="0" total="1966080" percent="0" />
      <mem type="survivor" free="0" total="786432" percent="0" />
    </mem>
    <mem type="tenure" free="3191800" total="17039360" percent="18">
      <mem type="soa" free="2339832" total="16187392" percent="14" />
      <mem type="loa" free="851968" total="851968" percent="100" />
    </mem>
    <remembered-set count="294" />
  </mem-info>
</gc-start>
<allocation-stats totalBytes="1598864" discardedBytes="592" >
  <allocated-bytes non-tlh="2280" tlh="1596584" />
  <largest-consumer threadName="Default Executor-thread-1" threadId="000000010F870500" bytes="1574304" />
</allocation-stats>
<gc-op id="1114" type="scavenge" timems="0.312" contextid="1111" timestamp="2024-12-13T11:26:24.348">
  <scavenger-info tenureage="1" tenuremask="7ffe" tiltratio="71" />
  <memory-copied type="nursery" objects="2228" bytes="155168" bytesdiscarded="225024" />
  <memory-copied type="tenure" objects="3022" bytes="236424" bytesdiscarded="760" />
  <ownableSynchronizers candidates="38" cleared="15" />
  <references type="weak" candidates="1" cleared="0" enqueued="0" />
  <references type="phantom" candidates="15" cleared="0" enqueued="0" />
  <object-monitors candidates="17" cleared="0"  />
</gc-op>
<gc-end id="1115" type="scavenge" contextid="1111" durationms="0.360" usertimems="0.790" systemtimems="0.159" stalltimems="0.544" timestamp="2024-12-13T11:26:24.348" activeThreads="5">
  <mem-info id="1116" free="4602448" total="19791872" percent="23">
    <mem type="nursery" free="1651128" total="2752512" percent="59">
      <mem type="allocate" free="1651128" total="2031616" percent="81" />
      <mem type="survivor" free="0" total="720896" percent="0" />
    </mem>
    <mem type="tenure" free="2951320" total="17039360" percent="17">
      <mem type="soa" free="2099352" total="16187392" percent="12" />
      <mem type="loa" free="851968" total="851968" percent="100" />
    </mem>
    <remembered-set count="250" />
  </mem-info>
</gc-end>
<cycle-end id="1117" type="scavenge" contextid="1111" timestamp="2024-12-13T11:26:24.348" />
<allocation-satisfied id="1118" threadId="000000010F870500" bytesRequested="24" />
<af-end id="1119" timestamp="2024-12-13T11:26:24.348" threadId="000000010F870F90" success="true" from="nursery"/>
<exclusive-end id="1120" timestamp="2024-12-13T11:26:24.348" durationms="0.485" />

<exclusive-start id="1121" timestamp="2024-12-13T11:26:24.358" intervalms="9.766">
  <response-info timems="0.867" idlems="0.694" threads="4" lastid="0000000138015100" lastname="JIT Compilation Thread-006" />
</exclusive-start>
<af-start id="1122" threadId="000000010F870F90" totalBytesRequested="120" timestamp="2024-12-13T11:26:24.358" intervalms="9.764" type="nursery" />
<cycle-start id="1123" type="scavenge" contextid="0" timestamp="2024-12-13T11:26:24.358" intervalms="9.770" />
<gc-start id="1124" type="scavenge" contextid="1123" timestamp="2024-12-13T11:26:24.358">
  <mem-info id="1125" free="2951320" total="19791872" percent="14">
    <mem type="nursery" free="0" total="2752512" percent="0">
      <mem type="allocate" free="0" total="2031616" percent="0" />
      <mem type="survivor" free="0" total="720896" percent="0" />
    </mem>
    <mem type="tenure" free="2951320" total="17039360" percent="17">
      <mem type="soa" free="2099352" total="16187392" percent="12" />
      <mem type="loa" free="851968" total="851968" percent="100" />
    </mem>
    <remembered-set count="286" />
  </mem-info>
</gc-start>
<allocation-stats totalBytes="1650360" discardedBytes="768" >
  <allocated-bytes non-tlh="24" tlh="1650336" />
  <largest-consumer threadName="Default Executor-thread-1" threadId="000000010F870500" bytes="1625800" />
</allocation-stats>
<gc-op id="1126" type="scavenge" timems="0.294" contextid="1123" timestamp="2024-12-13T11:26:24.358">
  <scavenger-info tenureage="2" tenuremask="7ffc" tiltratio="73" />
  <memory-copied type="nursery" objects="6118" bytes="518144" bytesdiscarded="106992" />
  <ownableSynchronizers candidates="41" cleared="18" />
  <references type="weak" candidates="1" cleared="0" enqueued="0" />
  <references type="phantom" candidates="33" cleared="0" enqueued="0" />
  <object-monitors candidates="17" cleared="0"  />
</gc-op>
<gc-end id="1127" type="scavenge" contextid="1123" durationms="0.345" usertimems="0.724" systemtimems="0.152" stalltimems="0.537" timestamp="2024-12-13T11:26:24.358" activeThreads="5">
  <mem-info id="1128" free="4095168" total="19791872" percent="20">
    <mem type="nursery" free="1143848" total="2752512" percent="41">
      <mem type="allocate" free="1143848" total="1769472" percent="64" />
      <mem type="survivor" free="0" total="983040" percent="0" />
    </mem>
    <mem type="tenure" free="2951320" total="17039360" percent="17">
      <mem type="soa" free="2099352" total="16187392" percent="12" />
      <mem type="loa" free="851968" total="851968" percent="100" />
    </mem>
    <remembered-set count="281" />
  </mem-info>
</gc-end>
<cycle-end id="1129" type="scavenge" contextid="1123" timestamp="2024-12-13T11:26:24.358" />
<allocation-satisfied id="1130" threadId="000000010F870500" bytesRequested="120" />
<af-end id="1131" timestamp="2024-12-13T11:26:24.358" threadId="000000010F870F90" success="true" from="nursery"/>
<exclusive-end id="1132" timestamp="2024-12-13T11:26:24.358" durationms="0.486" />

<exclusive-start id="1133" timestamp="2024-12-13T11:26:24.365" intervalms="7.758">
  <response-info timems="0.954" idlems="0.273" threads="3" lastid="00000001280AC100" lastname="JIT Compilation Thread-002" />
</exclusive-start>
<af-start id="1134" threadId="000000010F870F90" totalBytesRequested="72" timestamp="2024-12-13T11:26:24.365" intervalms="7.758" type="nursery" />
<cycle-start id="1135" type="scavenge" contextid="0" timestamp="2024-12-13T11:26:24.365" intervalms="7.752" />
<gc-start id="1136" type="scavenge" contextid="1135" timestamp="2024-12-13T11:26:24.365">
  <mem-info id="1137" free="2951256" total="19791872" percent="14">
    <mem type="nursery" free="0" total="2752512" percent="0">
      <mem type="allocate" free="0" total="1769472" percent="0" />
      <mem type="survivor" free="0" total="983040" percent="0" />
    </mem>
    <mem type="tenure" free="2951256" total="17039360" percent="17">
      <mem type="soa" free="2099288" total="16187392" percent="12" />
      <mem type="loa" free="851968" total="851968" percent="100" />
    </mem>
    <remembered-set count="338" />
  </mem-info>
</gc-start>
<allocation-stats totalBytes="1143304" discardedBytes="608" >
  <allocated-bytes non-tlh="184" tlh="1143120" />
  <largest-consumer threadName="Default Executor-thread-1" threadId="000000010F870500" bytes="1118744" />
</allocation-stats>
<gc-op id="1138" type="scavenge" timems="0.314" contextid="1135" timestamp="2024-12-13T11:26:24.366">
  <scavenger-info tenureage="2" tenuremask="7ffc" tiltratio="64" />
  <memory-copied type="nursery" objects="6022" bytes="561832" bytesdiscarded="74808" />
  <memory-copied type="tenure" objects="2137" bytes="151272" bytesdiscarded="160" />
  <ownableSynchronizers candidates="48" cleared="15" />
  <references type="weak" candidates="1" cleared="0" enqueued="0" />
  <references type="phantom" candidates="33" cleared="0" enqueued="0" />
  <object-monitors candidates="17" cleared="0"  />
</gc-op>
<gc-end id="1139" type="scavenge" contextid="1135" durationms="0.391" usertimems="0.861" systemtimems="0.188" stalltimems="0.524" timestamp="2024-12-13T11:26:24.366" activeThreads="5">
  <mem-info id="1140" free="4146080" total="19791872" percent="20">
    <mem type="nursery" free="1328784" total="2752512" percent="48">
      <mem type="allocate" free="1328784" total="1966080" percent="67" />
      <mem type="survivor" free="0" total="786432" percent="0" />
    </mem>
    <mem type="tenure" free="2817296" total="17039360" percent="16">
      <mem type="soa" free="1965328" total="16187392" percent="12" />
      <mem type="loa" free="851968" total="851968" percent="100" />
    </mem>
    <remembered-set count="291" />
  </mem-info>
</gc-end>
<cycle-end id="1141" type="scavenge" contextid="1135" timestamp="2024-12-13T11:26:24.366" />
<allocation-satisfied id="1142" threadId="000000010F870500" bytesRequested="72" />
<af-end id="1143" timestamp="2024-12-13T11:26:24.366" threadId="000000010F870F90" success="true" from="nursery"/>
<exclusive-end id="1144" timestamp="2024-12-13T11:26:24.366" durationms="0.548" />

<exclusive-start id="1145" timestamp="2024-12-13T11:26:24.374" intervalms="8.964">
  <response-info timems="3.428" idlems="1.725" threads="1" lastid="00000001280AC100" lastname="JIT Compilation Thread-002" />
</exclusive-start>
<af-start id="1146" threadId="000000010F870F90" totalBytesRequested="24" timestamp="2024-12-13T11:26:24.374" intervalms="8.968" type="nursery" />
<cycle-start id="1147" type="scavenge" contextid="0" timestamp="2024-12-13T11:26:24.374" intervalms="8.974" />
<gc-start id="1148" type="scavenge" contextid="1147" timestamp="2024-12-13T11:26:24.374">
  <mem-info id="1149" free="2817296" total="19791872" percent="14">
    <mem type="nursery" free="0" total="2752512" percent="0">
      <mem type="allocate" free="0" total="1966080" percent="0" />
      <mem type="survivor" free="0" total="786432" percent="0" />
    </mem>
    <mem type="tenure" free="2817296" total="17039360" percent="16">
      <mem type="soa" free="1965328" total="16187392" percent="12" />
      <mem type="loa" free="851968" total="851968" percent="100" />
    </mem>
    <remembered-set count="324" />
  </mem-info>
</gc-start>
<allocation-stats totalBytes="1327928" discardedBytes="856" >
  <allocated-bytes non-tlh="72" tlh="1327856" />
  <largest-consumer threadName="Default Executor-thread-1" threadId="000000010F870500" bytes="1315640" />
</allocation-stats>
<gc-op id="1150" type="scavenge" timems="0.344" contextid="1147" timestamp="2024-12-13T11:26:24.375">
  <scavenger-info tenureage="2" tenuremask="7ffc" tiltratio="71" />
  <memory-copied type="nursery" objects="5176" bytes="405720" bytesdiscarded="117472" />
  <memory-copied type="tenure" objects="2836" bytes="307216" bytesdiscarded="784" />
  <ownableSynchronizers candidates="33" cleared="6" />
  <references type="weak" candidates="1" cleared="0" enqueued="0" />
  <references type="phantom" candidates="21" cleared="0" enqueued="0" />
  <object-monitors candidates="17" cleared="0"  />
</gc-op>
<gc-end id="1151" type="scavenge" contextid="1147" durationms="0.393" usertimems="0.941" systemtimems="0.181" stalltimems="0.566" timestamp="2024-12-13T11:26:24.375" activeThreads="5">
  <mem-info id="1152" free="4003208" total="19791872" percent="20">
    <mem type="nursery" free="1508112" total="2752512" percent="54">
      <mem type="allocate" free="1508112" total="2031616" percent="74" />
      <mem type="survivor" free="0" total="720896" percent="0" />
    </mem>
    <mem type="tenure" free="2495096" total="17039360" percent="14">
      <mem type="soa" free="1643128" total="16187392" percent="10" />
      <mem type="loa" free="851968" total="851968" percent="100" />
    </mem>
    <remembered-set count="295" />
  </mem-info>
</gc-end>
<cycle-end id="1153" type="scavenge" contextid="1147" timestamp="2024-12-13T11:26:24.375" />
<allocation-satisfied id="1154" threadId="000000010F870500" bytesRequested="24" />
<af-end id="1155" timestamp="2024-12-13T11:26:24.375" threadId="000000010F870F90" success="true" from="nursery"/>
<exclusive-end id="1156" timestamp="2024-12-13T11:26:24.375" durationms="0.529" />

<exclusive-start id="1157" timestamp="2024-12-13T11:26:24.379" intervalms="5.205">
  <response-info timems="0.009" idlems="0.009" threads="0" lastid="000000010F870500" lastname="Default Executor-thread-1" />
</exclusive-start>
<af-start id="1158" threadId="000000010F870F90" totalBytesRequested="120" timestamp="2024-12-13T11:26:24.379" intervalms="5.209" type="nursery" />
<cycle-start id="1159" type="scavenge" contextid="0" timestamp="2024-12-13T11:26:24.380" intervalms="5.219" />
<gc-start id="1160" type="scavenge" contextid="1159" timestamp="2024-12-13T11:26:24.380">
  <mem-info id="1161" free="2494976" total="19791872" percent="12">
    <mem type="nursery" free="0" total="2752512" percent="0">
      <mem type="allocate" free="0" total="2031616" percent="0" />
      <mem type="survivor" free="0" total="720896" percent="0" />
    </mem>
    <mem type="tenure" free="2494976" total="17039360" percent="14">
      <mem type="soa" free="1643008" total="16187392" percent="10" />
      <mem type="loa" free="851968" total="851968" percent="100" />
    </mem>
    <remembered-set count="312" />
  </mem-info>
</gc-start>
<allocation-stats totalBytes="1507288" discardedBytes="944" >
  <allocated-bytes non-tlh="90296" tlh="1416992" />
  <largest-consumer threadName="Default Executor-thread-1" threadId="000000010F870500" bytes="1495000" />
</allocation-stats>
<gc-op id="1162" type="scavenge" timems="0.355" contextid="1159" timestamp="2024-12-13T11:26:24.380">
  <scavenger-info tenureage="2" tenuremask="7ffc" tiltratio="73" />
  <memory-copied type="nursery" objects="5864" bytes="488904" bytesdiscarded="231888" />
  <memory-copied type="tenure" objects="3085" bytes="245784" bytesdiscarded="88" />
  <ownableSynchronizers candidates="20" cleared="3" />
  <references type="weak" candidates="1" cleared="0" enqueued="0" />
  <references type="phantom" candidates="9" cleared="0" enqueued="0" />
  <object-monitors candidates="17" cleared="0"  />
</gc-op>
<heap-resize id="1163" type="expand" space="nursery" amount="262144" count="1" timems="0.019" reason="excessive time being spent scavenging" timestamp="2024-12-13T11:26:24.380" />
<gc-end id="1164" type="scavenge" contextid="1159" durationms="0.458" usertimems="1.262" systemtimems="0.237" stalltimems="0.606" timestamp="2024-12-13T11:26:24.380" activeThreads="5">
  <mem-info id="1165" free="3667008" total="20054016" percent="18">
    <mem type="nursery" free="1441792" total="3014656" percent="47">
      <mem type="allocate" free="1441792" total="2162688" percent="66" />
      <mem type="survivor" free="0" total="851968" percent="0" />
    </mem>
    <mem type="tenure" free="2225216" total="17039360" percent="13">
      <mem type="soa" free="1373248" total="16187392" percent="8" />
      <mem type="loa" free="851968" total="851968" percent="100" />
    </mem>
    <remembered-set count="251" />
  </mem-info>
</gc-end>
<cycle-end id="1166" type="scavenge" contextid="1159" timestamp="2024-12-13T11:26:24.380" />
<allocation-satisfied id="1167" threadId="000000010F870500" bytesRequested="120" />
<af-end id="1168" timestamp="2024-12-13T11:26:24.380" threadId="000000010F870F90" success="true" from="nursery"/>
<exclusive-end id="1169" timestamp="2024-12-13T11:26:24.380" durationms="0.625" />

<exclusive-start id="1170" timestamp="2024-12-13T11:26:24.390" intervalms="10.380">
  <response-info timems="0.007" idlems="0.007" threads="0" lastid="000000010F870500" lastname="Default Executor-thread-1" />
</exclusive-start>
<af-start id="1171" threadId="000000010F870F90" totalBytesRequested="80" timestamp="2024-12-13T11:26:24.390" intervalms="10.376" type="nursery" />
<cycle-start id="1172" type="scavenge" contextid="0" timestamp="2024-12-13T11:26:24.390" intervalms="10.368" />
<gc-start id="1173" type="scavenge" contextid="1172" timestamp="2024-12-13T11:26:24.390">
  <mem-info id="1174" free="2225152" total="20054016" percent="11">
    <mem type="nursery" free="0" total="3014656" percent="0">
      <mem type="allocate" free="0" total="2162688" percent="0" />
      <mem type="survivor" free="0" total="851968" percent="0" />
    </mem>
    <mem type="tenure" free="2225152" total="17039360" percent="13">
      <mem type="soa" free="1373184" total="16187392" percent="8" />
      <mem type="loa" free="851968" total="851968" percent="100" />
    </mem>
    <remembered-set count="332" />
  </mem-info>
</gc-start>
<allocation-stats totalBytes="1440744" discardedBytes="1112" >
  <allocated-bytes non-tlh="184" tlh="1440560" />
  <largest-consumer threadName="Default Executor-thread-1" threadId="000000010F870500" bytes="1416184" />
</allocation-stats>
<gc-op id="1175" type="scavenge" timems="0.372" contextid="1172" timestamp="2024-12-13T11:26:24.390">
  <scavenger-info tenureage="2" tenuremask="7ffc" tiltratio="71" />
  <memory-copied type="nursery" objects="5489" bytes="469824" bytesdiscarded="121896" />
  <memory-copied type="tenure" objects="1845" bytes="145544" bytesdiscarded="968" />
  <ownableSynchronizers candidates="37" cleared="18" />
  <references type="weak" candidates="1" cleared="0" enqueued="0" />
  <references type="phantom" candidates="21" cleared="0" enqueued="0" />
  <object-monitors candidates="17" cleared="0"  />
</gc-op>
<gc-end id="1176" type="scavenge" contextid="1172" durationms="0.428" usertimems="3.546" systemtimems="0.322" stalltimems="0.545" timestamp="2024-12-13T11:26:24.390" activeThreads="5">
  <mem-info id="1177" free="3734984" total="20054016" percent="18">
    <mem type="nursery" free="1701176" total="3014656" percent="56">
      <mem type="allocate" free="1701176" total="2293760" percent="74" />
      <mem type="survivor" free="0" total="720896" percent="0" />
    </mem>
    <mem type="tenure" free="2033808" total="17039360" percent="11">
      <mem type="soa" free="1181840" total="16187392" percent="7" />
      <mem type="loa" free="851968" total="851968" percent="100" />
    </mem>
    <remembered-set count="296" />
  </mem-info>
</gc-end>
<cycle-end id="1178" type="scavenge" contextid="1172" timestamp="2024-12-13T11:26:24.390" />
<allocation-satisfied id="1179" threadId="000000010F870500" bytesRequested="80" />
<af-end id="1180" timestamp="2024-12-13T11:26:24.390" threadId="000000010F870F90" success="true" from="nursery"/>
<exclusive-end id="1181" timestamp="2024-12-13T11:26:24.390" durationms="0.569" />

<exclusive-start id="1182" timestamp="2024-12-13T11:26:24.406" intervalms="16.222">
  <response-info timems="3.240" idlems="0.845" threads="3" lastid="00000001280AC100" lastname="JIT Compilation Thread-002" />
</exclusive-start>
<af-start id="1183" threadId="000000010F870F90" totalBytesRequested="48" timestamp="2024-12-13T11:26:24.406" intervalms="16.224" type="nursery" />
<cycle-start id="1184" type="scavenge" contextid="0" timestamp="2024-12-13T11:26:24.406" intervalms="16.223" />
<gc-start id="1185" type="scavenge" contextid="1184" timestamp="2024-12-13T11:26:24.406">
  <mem-info id="1186" free="2033808" total="20054016" percent="10">
    <mem type="nursery" free="0" total="3014656" percent="0">
      <mem type="allocate" free="0" total="2293760" percent="0" />
      <mem type="survivor" free="0" total="720896" percent="0" />
    </mem>
    <mem type="tenure" free="2033808" total="17039360" percent="11">
      <mem type="soa" free="1181840" total="16187392" percent="7" />
      <mem type="loa" free="851968" total="851968" percent="100" />
    </mem>
    <remembered-set count="359" />
  </mem-info>
</gc-start>
<allocation-stats totalBytes="1699848" discardedBytes="1328" >
  <allocated-bytes non-tlh="80" tlh="1699768" />
  <largest-consumer threadName="Default Executor-thread-1" threadId="000000010F870500" bytes="1675304" />
</allocation-stats>
<gc-op id="1187" type="scavenge" timems="0.369" contextid="1184" timestamp="2024-12-13T11:26:24.407">
  <scavenger-info tenureage="2" tenuremask="7ffc" tiltratio="76" />
  <memory-copied type="nursery" objects="7507" bytes="508560" bytesdiscarded="37920" />
  <memory-copied type="tenure" objects="1071" bytes="197208" bytesdiscarded="160" />
  <ownableSynchronizers candidates="50" cleared="21" />
  <references type="weak" candidates="1" cleared="0" enqueued="0" />
  <references type="phantom" candidates="39" cleared="0" enqueued="0" />
  <object-monitors candidates="17" cleared="0"  />
</gc-op>
<gc-end id="1188" type="scavenge" contextid="1184" durationms="0.428" usertimems="1.545" systemtimems="0.266" stalltimems="0.603" timestamp="2024-12-13T11:26:24.407" activeThreads="5">
  <mem-info id="1189" free="3677608" total="20054016" percent="18">
    <mem type="nursery" free="1812288" total="3014656" percent="60">
      <mem type="allocate" free="1812288" total="2359296" percent="76" />
      <mem type="survivor" free="0" total="655360" percent="0" />
    </mem>
    <mem type="tenure" free="1865320" total="17039360" percent="10">
      <mem type="soa" free="1013352" total="16187392" percent="6" />
      <mem type="loa" free="851968" total="851968" percent="100" />
    </mem>
    <remembered-set count="340" />
  </mem-info>
</gc-end>
<cycle-end id="1190" type="scavenge" contextid="1184" timestamp="2024-12-13T11:26:24.407" />
<allocation-satisfied id="1191" threadId="000000010F870500" bytesRequested="48" />
<af-end id="1192" timestamp="2024-12-13T11:26:24.407" threadId="000000010F870F90" success="true" from="nursery"/>
<exclusive-end id="1193" timestamp="2024-12-13T11:26:24.407" durationms="0.580" />

<exclusive-start id="1194" timestamp="2024-12-13T11:26:24.413" intervalms="7.144">
  <response-info timems="0.107" idlems="0.060" threads="1" lastid="0000000128099300" lastname="JIT Compilation Thread-000" />
</exclusive-start>
<af-start id="1195" threadId="000000010F870F90" totalBytesRequested="153456" timestamp="2024-12-13T11:26:24.413" intervalms="7.133" type="nursery" />
<cycle-start id="1196" type="scavenge" contextid="0" timestamp="2024-12-13T11:26:24.413" intervalms="7.131" />
<gc-start id="1197" type="scavenge" contextid="1196" timestamp="2024-12-13T11:26:24.413">
  <mem-info id="1198" free="1908136" total="20054016" percent="9">
    <mem type="nursery" free="42816" total="3014656" percent="1">
      <mem type="allocate" free="42816" total="2359296" percent="1" />
      <mem type="survivor" free="0" total="655360" percent="0" />
    </mem>
    <mem type="tenure" free="1865320" total="17039360" percent="10">
      <mem type="soa" free="1013352" total="16187392" percent="6" />
      <mem type="loa" free="851968" total="851968" percent="100" />
    </mem>
    <remembered-set count="413" />
  </mem-info>
</gc-start>
<allocation-stats totalBytes="1768224" discardedBytes="1248" >
  <allocated-bytes non-tlh="110040" tlh="1658184" />
  <largest-consumer threadName="Default Executor-thread-1" threadId="000000010F870500" bytes="1743656" />
</allocation-stats>
<gc-op id="1199" type="scavenge" timems="0.389" contextid="1196" timestamp="2024-12-13T11:26:24.414">
  <scavenger-info tenureage="2" tenuremask="7ffc" tiltratio="78" />
  <memory-copied type="nursery" objects="5879" bytes="562960" bytesdiscarded="91560" />
  <memory-copied type="tenure" objects="4865" bytes="294344" bytesdiscarded="544" />
  <copy-failed type="nursery" objects="672" bytes="34672" />
  <ownableSynchronizers candidates="57" cleared="18" />
  <references type="weak" candidates="1" cleared="0" enqueued="0" />
  <references type="phantom" candidates="38" cleared="0" enqueued="0" />
  <object-monitors candidates="17" cleared="0"  />
</gc-op>
<gc-end id="1200" type="scavenge" contextid="1196" durationms="0.461" usertimems="1.157" systemtimems="0.263" stalltimems="0.541" timestamp="2024-12-13T11:26:24.414" activeThreads="5">
  <mem-info id="1201" free="3182440" total="20054016" percent="15">
    <mem type="nursery" free="1572864" total="3014656" percent="52">
      <mem type="allocate" free="1572864" total="2228224" percent="70" />
      <mem type="survivor" free="0" total="786432" percent="0" />
    </mem>
    <mem type="tenure" free="1609576" total="17039360" percent="9">
      <mem type="soa" free="757608" total="16187392" percent="4" />
      <mem type="loa" free="851968" total="851968" percent="100" />
    </mem>
    <remembered-set count="441" />
  </mem-info>
</gc-end>
<cycle-end id="1202" type="scavenge" contextid="1196" timestamp="2024-12-13T11:26:24.414" />
<allocation-satisfied id="1203" threadId="000000010F870500" bytesRequested="153456" />
<af-end id="1204" timestamp="2024-12-13T11:26:24.414" threadId="000000010F870F90" success="true" from="nursery"/>
<exclusive-end id="1205" timestamp="2024-12-13T11:26:24.414" durationms="0.607" />

<exclusive-start id="1206" timestamp="2024-12-13T11:26:24.422" intervalms="8.790">
  <response-info timems="4.424" idlems="2.458" threads="2" lastid="00000001280C2300" lastname="JIT Compilation Thread-004" />
</exclusive-start>
<af-start id="1207" threadId="000000010F870F90" totalBytesRequested="24" timestamp="2024-12-13T11:26:24.422" intervalms="8.797" type="nursery" />
<cycle-start id="1208" type="scavenge" contextid="0" timestamp="2024-12-13T11:26:24.422" intervalms="8.805" />
<gc-start id="1209" type="scavenge" contextid="1208" timestamp="2024-12-13T11:26:24.422">
  <mem-info id="1210" free="1609576" total="20054016" percent="8">
    <mem type="nursery" free="0" total="3014656" percent="0">
      <mem type="allocate" free="0" total="2228224" percent="0" />
      <mem type="survivor" free="0" total="786432" percent="0" />
    </mem>
    <mem type="tenure" free="1609576" total="17039360" percent="9">
      <mem type="soa" free="757608" total="16187392" percent="4" />
      <mem type="loa" free="851968" total="851968" percent="100" />
    </mem>
    <remembered-set count="500" />
  </mem-info>
</gc-start>
<allocation-stats totalBytes="1572456" discardedBytes="408" >
  <allocated-bytes non-tlh="153456" tlh="1419000" />
  <largest-consumer threadName="Default Executor-thread-1" threadId="000000010F870500" bytes="1560168" />
</allocation-stats>
<gc-op id="1211" type="scavenge" timems="0.347" contextid="1208" timestamp="2024-12-13T11:26:24.422">
  <scavenger-info tenureage="2" tenuremask="7ffc" tiltratio="73" />
  <memory-copied type="nursery" objects="5602" bytes="673536" bytesdiscarded="112368" />
  <memory-copied type="tenure" objects="2751" bytes="220600" bytesdiscarded="224" />
  <copy-failed type="nursery" objects="249" bytes="12440" />
  <ownableSynchronizers candidates="30" cleared="3" />
  <references type="weak" candidates="1" cleared="0" enqueued="0" />
  <references type="phantom" candidates="21" cleared="0" enqueued="0" />
  <object-monitors candidates="17" cleared="0"  />
</gc-op>
<gc-end id="1212" type="scavenge" contextid="1208" durationms="0.410" usertimems="1.403" systemtimems="0.235" stalltimems="0.514" timestamp="2024-12-13T11:26:24.422" activeThreads="5">
  <mem-info id="1213" free="2713656" total="20054016" percent="13">
    <mem type="nursery" free="1310720" total="3014656" percent="43">
      <mem type="allocate" free="1310720" total="2097152" percent="62" />
      <mem type="survivor" free="0" total="917504" percent="0" />
    </mem>
    <mem type="tenure" free="1402936" total="17039360" percent="8">
      <mem type="soa" free="550968" total="16187392" percent="3" />
      <mem type="loa" free="851968" total="851968" percent="100" />
    </mem>
    <remembered-set count="435" />
  </mem-info>
</gc-end>
<cycle-end id="1214" type="scavenge" contextid="1208" timestamp="2024-12-13T11:26:24.423" />
<allocation-satisfied id="1215" threadId="000000010F870500" bytesRequested="24" />
<af-end id="1216" timestamp="2024-12-13T11:26:24.423" threadId="000000010F870F90" success="true" from="nursery"/>
<exclusive-end id="1217" timestamp="2024-12-13T11:26:24.423" durationms="0.561" />

<concurrent-kickoff id="1218" timestamp="2024-12-13T11:26:24.423">
  <kickoff reason="threshold reached" targetBytes="8286467" thresholdFreeBytes="1144400"  remainingFree="1101800" tenureFreeBytes="1402936" nurseryFreeBytes="1101800" />
</concurrent-kickoff>
<exclusive-start id="1219" timestamp="2024-12-13T11:26:24.423" intervalms="0.946">
  <response-info timems="0.155" idlems="0.117" threads="3" lastid="00000001280B8300" lastname="JIT Compilation Thread-003" />
</exclusive-start>
<cycle-start id="1220" type="global" contextid="0" timestamp="2024-12-13T11:26:24.423" intervalms="167.115" />
<concurrent-start id="1221" type="global mark" contextid="1220" timestamp="2024-12-13T11:26:24.423">
</concurrent-start>
<exclusive-end id="1222" timestamp="2024-12-13T11:26:24.423" durationms="0.037" />

<concurrent-end id="1223" type="global mark" contextid="1220" timestamp="2024-12-13T11:26:24.431">
<gc-op id="1224" type="trace" timems="8.124" contextid="1220" timestamp="2024-12-13T11:26:24.431">
  <trace bytesTraced="9886392" workStackOverflowCount="0" />
  <card-cleaning reason="card cleaning threshold reached" bytesTraced="56568" cardsCleaned="70" />
</gc-op>
</concurrent-end>

<exclusive-start id="1225" timestamp="2024-12-13T11:26:24.433" intervalms="10.238">
  <response-info timems="2.063" idlems="1.037" threads="1" lastid="0000000138015100" lastname="JIT Compilation Thread-006" />
</exclusive-start>
<concurrent-global-final id="1226" timestamp="2024-12-13T11:26:24.433" contextid="1220" intervalms="164.062" >
  <concurrent-trace-info reason="card cleaning threshold reached" tracedByMutators="1018800" tracedByHelpers="8924160" cardsCleaned="70" workStackOverflowCount="0" />
</concurrent-global-final>
<gc-start id="1227" type="global" contextid="1220" timestamp="2024-12-13T11:26:24.433">
  <mem-info id="1228" free="1603616" total="20054016" percent="7">
    <mem type="nursery" free="200680" total="3014656" percent="6">
      <mem type="allocate" free="200680" total="2097152" percent="9" />
      <mem type="survivor" free="0" total="917504" percent="0" />
    </mem>
    <mem type="tenure" free="1402936" total="17039360" percent="8">
      <mem type="soa" free="550968" total="16187392" percent="3" />
      <mem type="loa" free="851968" total="851968" percent="100" />
    </mem>
    <remembered-set count="466" />
  </mem-info>
</gc-start>
<allocation-stats totalBytes="1109184" discardedBytes="856" >
  <allocated-bytes non-tlh="24" tlh="1109160" />
  <largest-consumer threadName="Default Executor-thread-1" threadId="000000010F870500" bytes="1084616" />
</allocation-stats>
<gc-op id="1229" type="rs-scan" timems="0.264" contextid="1220" timestamp="2024-12-13T11:26:24.434">
  <scan objectsFound="6207" bytesTraced="362544" workStackOverflowCount="0" />
</gc-op>
<gc-op id="1230" type="card-cleaning" timems="0.091" contextid="1220" timestamp="2024-12-13T11:26:24.434">
  <card-cleaning cardsCleaned="33" bytesTraced="38752" workStackOverflowCount="0" />
</gc-op>
<gc-op id="1231" type="mark" timems="0.677" contextid="1220" timestamp="2024-12-13T11:26:24.434">
  <trace-info objectcount="175" scancount="155" scanbytes="5736" />
  <finalization candidates="146" enqueued="0" />
  <ownableSynchronizers candidates="874" cleared="15" />
  <references type="soft" candidates="3523" cleared="0" enqueued="0" dynamicThreshold="9" maxThreshold="32" />
  <references type="weak" candidates="3253" cleared="0" enqueued="0" />
  <references type="phantom" candidates="360" cleared="0" enqueued="0" />
  <stringconstants candidates="12583" cleared="0"  />
  <object-monitors candidates="17" cleared="0"  />
</gc-op>
<gc-op id="1232" type="sweep" timems="0.326" contextid="1220" timestamp="2024-12-13T11:26:24.435" />
<heap-resize id="1233" type="expand" space="tenure" amount="4259840" count="1" timems="0.023" reason="insufficient free space following gc" timestamp="2024-12-13T11:26:24.435" />
<gc-end id="1234" type="global" contextid="1220" durationms="1.492" usertimems="3.728" systemtimems="1.629" stalltimems="4.947" timestamp="2024-12-13T11:26:24.435" activeThreads="9">
  <mem-info id="1235" free="7630992" total="24313856" percent="31">
    <mem type="nursery" free="1203600" total="3014656" percent="39">
      <mem type="allocate" free="1203600" total="2097152" percent="57" />
      <mem type="survivor" free="0" total="917504" percent="0" />
    </mem>
    <mem type="tenure" free="6427392" total="21299200" percent="30" micro-fragmented="496295" macro-fragmented="0">
      <mem type="soa" free="5362432" total="20234240" percent="26" />
      <mem type="loa" free="1064960" total="1064960" percent="100" />
    </mem>
    <remembered-set count="466" />
  </mem-info>
</gc-end>
<cycle-end id="1236" type="global" contextid="1220" timestamp="2024-12-13T11:26:24.435" />
<exclusive-end id="1237" timestamp="2024-12-13T11:26:24.435" durationms="1.608" />

<exclusive-start id="1238" timestamp="2024-12-13T11:26:24.450" intervalms="16.527">
  <response-info timems="1.903" idlems="0.496" threads="3" lastid="0000000138015100" lastname="JIT Compilation Thread-006" />
</exclusive-start>
<af-start id="1239" threadId="000000010F870F90" totalBytesRequested="40" timestamp="2024-12-13T11:26:24.450" intervalms="27.718" type="nursery" />
<cycle-start id="1240" type="scavenge" contextid="0" timestamp="2024-12-13T11:26:24.450" intervalms="27.713" />
<gc-start id="1241" type="scavenge" contextid="1240" timestamp="2024-12-13T11:26:24.450">
  <mem-info id="1242" free="6426768" total="24313856" percent="26">
    <mem type="nursery" free="0" total="3014656" percent="0">
      <mem type="allocate" free="0" total="2097152" percent="0" />
      <mem type="survivor" free="0" total="917504" percent="0" />
    </mem>
    <mem type="tenure" free="6426768" total="21299200" percent="30">
      <mem type="soa" free="5361808" total="20234240" percent="26" />
      <mem type="loa" free="1064960" total="1064960" percent="100" />
    </mem>
    <remembered-set count="521" />
  </mem-info>
</gc-start>
<allocation-stats totalBytes="1192256" discardedBytes="10880" >
  <allocated-bytes non-tlh="112840" tlh="1079416" />
  <largest-consumer threadName="Default Executor-thread-1" threadId="000000010F870500" bytes="1154400" />
</allocation-stats>
<gc-op id="1243" type="scavenge" timems="0.489" contextid="1240" timestamp="2024-12-13T11:26:24.450">
  <scavenger-info tenureage="1" tenuremask="7ffe" tiltratio="69" />
  <memory-copied type="nursery" objects="3860" bytes="285616" bytesdiscarded="125400" />
  <memory-copied type="tenure" objects="5572" bytes="671104" bytesdiscarded="2128" />
  <ownableSynchronizers candidates="1720" cleared="1691" />
  <references type="weak" candidates="3" cleared="1" enqueued="1" />
  <references type="phantom" candidates="30" cleared="0" enqueued="0" />
  <object-monitors candidates="17" cleared="0"  />
</gc-op>
<gc-end id="1244" type="scavenge" contextid="1240" durationms="0.540" usertimems="1.134" systemtimems="0.179" stalltimems="1.058" timestamp="2024-12-13T11:26:24.450" activeThreads="5">
  <mem-info id="1245" free="7417360" total="24313856" percent="30">
    <mem type="nursery" free="1685568" total="3014656" percent="55">
      <mem type="allocate" free="1685568" total="2097152" percent="80" />
      <mem type="survivor" free="0" total="917504" percent="0" />
    </mem>
    <mem type="tenure" free="5731792" total="21299200" percent="26">
      <mem type="soa" free="4666832" total="20234240" percent="23" />
      <mem type="loa" free="1064960" total="1064960" percent="100" />
    </mem>
    <pending-finalizers system="0" default="0" reference="1" classloader="0" />
    <remembered-set count="281" />
  </mem-info>
</gc-end>
<cycle-end id="1246" type="scavenge" contextid="1240" timestamp="2024-12-13T11:26:24.450" />
<allocation-satisfied id="1247" threadId="000000010F870500" bytesRequested="40" />
<af-end id="1248" timestamp="2024-12-13T11:26:24.450" threadId="000000010F870F90" success="true" from="nursery"/>
<exclusive-end id="1249" timestamp="2024-12-13T11:26:24.450" durationms="0.674" />

<exclusive-start id="1250" timestamp="2024-12-13T11:26:24.484" intervalms="34.291">
  <response-info timems="0.006" idlems="0.006" threads="0" lastid="000000010F870500" lastname="Default Executor-thread-1" />
</exclusive-start>
<af-start id="1251" threadId="000000010F870F90" totalBytesRequested="2072" timestamp="2024-12-13T11:26:24.484" intervalms="34.294" type="nursery" />
<cycle-start id="1252" type="scavenge" contextid="0" timestamp="2024-12-13T11:26:24.484" intervalms="34.294" />
<gc-start id="1253" type="scavenge" contextid="1252" timestamp="2024-12-13T11:26:24.484">
  <mem-info id="1254" free="5730624" total="24313856" percent="23">
    <mem type="nursery" free="0" total="3014656" percent="0">
      <mem type="allocate" free="0" total="2097152" percent="0" />
      <mem type="survivor" free="0" total="917504" percent="0" />
    </mem>
    <mem type="tenure" free="5730624" total="21299200" percent="26">
      <mem type="soa" free="4665664" total="20234240" percent="23" />
      <mem type="loa" free="1064960" total="1064960" percent="100" />
    </mem>
    <remembered-set count="333" />
  </mem-info>
</gc-start>
<allocation-stats totalBytes="1683808" discardedBytes="2928" >
  <allocated-bytes non-tlh="1208" tlh="1682600" />
  <largest-consumer threadName="Default Executor-thread-1" threadId="000000010F870500" bytes="1679712" />
</allocation-stats>
<gc-op id="1255" type="scavenge" timems="0.357" contextid="1252" timestamp="2024-12-13T11:26:24.484">
  <scavenger-info tenureage="1" tenuremask="7ffe" tiltratio="69" />
  <memory-copied type="nursery" objects="2063" bytes="220960" bytesdiscarded="279216" />
  <memory-copied type="tenure" objects="3834" bytes="284848" bytesdiscarded="1456" />
  <ownableSynchronizers candidates="21" cleared="0" />
  <references type="weak" candidates="9" cleared="6" enqueued="6" />
  <references type="phantom" candidates="3" cleared="0" enqueued="0" />
  <object-monitors candidates="17" cleared="0"  />
</gc-op>
<gc-end id="1256" type="scavenge" contextid="1252" durationms="0.409" usertimems="6.042" systemtimems="0.243" stalltimems="0.588" timestamp="2024-12-13T11:26:24.484" activeThreads="5">
  <mem-info id="1257" free="6963424" total="24313856" percent="28">
    <mem type="nursery" free="1728032" total="3014656" percent="57">
      <mem type="allocate" free="1728032" total="2228224" percent="77" />
      <mem type="survivor" free="0" total="786432" percent="0" />
    </mem>
    <mem type="tenure" free="5235392" total="21299200" percent="24">
      <mem type="soa" free="4170432" total="20234240" percent="20" />
      <mem type="loa" free="1064960" total="1064960" percent="100" />
    </mem>
    <pending-finalizers system="0" default="0" reference="6" classloader="0" />
    <remembered-set count="233" />
  </mem-info>
</gc-end>
<cycle-end id="1258" type="scavenge" contextid="1252" timestamp="2024-12-13T11:26:24.485" />
<allocation-satisfied id="1259" threadId="000000010F870500" bytesRequested="2072" />
<af-end id="1260" timestamp="2024-12-13T11:26:24.485" threadId="000000010F870F90" success="true" from="nursery"/>
<exclusive-end id="1261" timestamp="2024-12-13T11:26:24.485" durationms="0.548" />

<exclusive-start id="1262" timestamp="2024-12-13T11:26:24.497" intervalms="13.483">
  <response-info timems="2.136" idlems="1.424" threads="2" lastid="00000001280C2300" lastname="JIT Compilation Thread-004" />
</exclusive-start>
<af-start id="1263" threadId="000000010F870F90" totalBytesRequested="48" timestamp="2024-12-13T11:26:24.498" intervalms="13.538" type="nursery" />
<cycle-start id="1264" type="scavenge" contextid="0" timestamp="2024-12-13T11:26:24.498" intervalms="13.568" />
<gc-start id="1265" type="scavenge" contextid="1264" timestamp="2024-12-13T11:26:24.498">
  <mem-info id="1266" free="5235392" total="24313856" percent="21">
    <mem type="nursery" free="0" total="3014656" percent="0">
      <mem type="allocate" free="0" total="2228224" percent="0" />
      <mem type="survivor" free="0" total="786432" percent="0" />
    </mem>
    <mem type="tenure" free="5235392" total="21299200" percent="24">
      <mem type="soa" free="4170432" total="20234240" percent="20" />
      <mem type="loa" free="1064960" total="1064960" percent="100" />
    </mem>
    <remembered-set count="255" />
  </mem-info>
</gc-start>
<allocation-stats totalBytes="1727296" discardedBytes="736" >
  <allocated-bytes non-tlh="2072" tlh="1725224" />
  <largest-consumer threadName="Default Executor-thread-1" threadId="000000010F870500" bytes="1727296" />
</allocation-stats>
<gc-op id="1267" type="scavenge" timems="0.294" contextid="1264" timestamp="2024-12-13T11:26:24.498">
  <scavenger-info tenureage="2" tenuremask="7ffc" tiltratio="73" />
  <memory-copied type="nursery" objects="2373" bytes="169728" bytesdiscarded="35744" />
  <ownableSynchronizers candidates="2" cleared="0" />
  <references type="weak" candidates="3" cleared="0" enqueued="0" />
  <references type="phantom" candidates="3" cleared="0" enqueued="0" />
  <object-monitors candidates="17" cleared="0"  />
</gc-op>
<gc-end id="1268" type="scavenge" contextid="1264" durationms="0.361" usertimems="0.492" systemtimems="0.161" stalltimems="0.744" timestamp="2024-12-13T11:26:24.498" activeThreads="5">
  <mem-info id="1269" free="7389216" total="24313856" percent="30">
    <mem type="nursery" free="2153824" total="3014656" percent="71">
      <mem type="allocate" free="2153824" total="2359296" percent="91" />
      <mem type="survivor" free="0" total="655360" percent="0" />
    </mem>
    <mem type="tenure" free="5235392" total="21299200" percent="24">
      <mem type="soa" free="4170432" total="20234240" percent="20" />
      <mem type="loa" free="1064960" total="1064960" percent="100" />
    </mem>
    <remembered-set count="249" />
  </mem-info>
</gc-end>
<cycle-end id="1270" type="scavenge" contextid="1264" timestamp="2024-12-13T11:26:24.498" />
<allocation-satisfied id="1271" threadId="000000010F870500" bytesRequested="48" />
<af-end id="1272" timestamp="2024-12-13T11:26:24.498" threadId="000000010F870F90" success="true" from="nursery"/>
<exclusive-end id="1273" timestamp="2024-12-13T11:26:24.498" durationms="0.625" />

<exclusive-start id="1274" timestamp="2024-12-13T11:26:24.509" intervalms="11.181">
  <response-info timems="0.011" idlems="0.008" threads="1" lastid="000000013800C300" lastname="JIT Compilation Thread-005" />
</exclusive-start>
<af-start id="1275" threadId="000000010F870F90" totalBytesRequested="144" timestamp="2024-12-13T11:26:24.509" intervalms="11.126" type="nursery" />
<cycle-start id="1276" type="scavenge" contextid="0" timestamp="2024-12-13T11:26:24.509" intervalms="11.104" />
<gc-start id="1277" type="scavenge" contextid="1276" timestamp="2024-12-13T11:26:24.509">
  <mem-info id="1278" free="5235392" total="24313856" percent="21">
    <mem type="nursery" free="0" total="3014656" percent="0">
      <mem type="allocate" free="0" total="2359296" percent="0" />
      <mem type="survivor" free="0" total="655360" percent="0" />
    </mem>
    <mem type="tenure" free="5235392" total="21299200" percent="24">
      <mem type="soa" free="4170432" total="20234240" percent="20" />
      <mem type="loa" free="1064960" total="1064960" percent="100" />
    </mem>
    <remembered-set count="266" />
  </mem-info>
</gc-start>
<allocation-stats totalBytes="2150616" discardedBytes="3208" >
  <allocated-bytes non-tlh="48" tlh="2150568" />
  <largest-consumer threadName="Default Executor-thread-1" threadId="000000010F870500" bytes="2150616" />
</allocation-stats>
<gc-op id="1279" type="scavenge" timems="0.367" contextid="1276" timestamp="2024-12-13T11:26:24.509">
  <scavenger-info tenureage="3" tenuremask="7ff8" tiltratio="78" />
  <memory-copied type="nursery" objects="2991" bytes="206624" bytesdiscarded="29056" />
  <ownableSynchronizers candidates="2" cleared="0" />
  <references type="weak" candidates="3" cleared="0" enqueued="0" />
  <references type="phantom" candidates="3" cleared="0" enqueued="0" />
  <object-monitors candidates="17" cleared="0"  />
</gc-op>
<gc-end id="1280" type="scavenge" contextid="1276" durationms="0.440" usertimems="1.450" systemtimems="0.149" stalltimems="0.845" timestamp="2024-12-13T11:26:24.509" activeThreads="4">
  <mem-info id="1281" free="7424544" total="24313856" percent="30">
    <mem type="nursery" free="2189152" total="3014656" percent="72">
      <mem type="allocate" free="2189152" total="2424832" percent="90" />
      <mem type="survivor" free="0" total="589824" percent="0" />
    </mem>
    <mem type="tenure" free="5235392" total="21299200" percent="24">
      <mem type="soa" free="4170432" total="20234240" percent="20" />
      <mem type="loa" free="1064960" total="1064960" percent="100" />
    </mem>
    <remembered-set count="252" />
  </mem-info>
</gc-end>
<cycle-end id="1282" type="scavenge" contextid="1276" timestamp="2024-12-13T11:26:24.509" />
<allocation-satisfied id="1283" threadId="000000010F870500" bytesRequested="144" />
<af-end id="1284" timestamp="2024-12-13T11:26:24.509" threadId="000000010F870F90" success="true" from="nursery"/>
<exclusive-end id="1285" timestamp="2024-12-13T11:26:24.509" durationms="0.601" />

<exclusive-start id="1286" timestamp="2024-12-13T11:26:24.528" intervalms="19.022">
  <response-info timems="3.209" idlems="1.079" threads="2" lastid="0000000138015100" lastname="JIT Compilation Thread-006" />
</exclusive-start>
<af-start id="1287" threadId="000000010F870F90" totalBytesRequested="2072" timestamp="2024-12-13T11:26:24.528" intervalms="19.084" type="nursery" />
<cycle-start id="1288" type="scavenge" contextid="0" timestamp="2024-12-13T11:26:24.528" intervalms="19.108" />
<gc-start id="1289" type="scavenge" contextid="1288" timestamp="2024-12-13T11:26:24.528">
  <mem-info id="1290" free="5235392" total="24313856" percent="21">
    <mem type="nursery" free="0" total="3014656" percent="0">
      <mem type="allocate" free="0" total="2424832" percent="0" />
      <mem type="survivor" free="0" total="589824" percent="0" />
    </mem>
    <mem type="tenure" free="5235392" total="21299200" percent="24">
      <mem type="soa" free="4170432" total="20234240" percent="20" />
      <mem type="loa" free="1064960" total="1064960" percent="100" />
    </mem>
    <remembered-set count="323" />
  </mem-info>
</gc-start>
<allocation-stats totalBytes="2186416" discardedBytes="2736" >
  <allocated-bytes non-tlh="144" tlh="2186272" />
  <largest-consumer threadName="Default Executor-thread-1" threadId="000000010F870500" bytes="2186416" />
</allocation-stats>
<gc-op id="1291" type="scavenge" timems="0.413" contextid="1288" timestamp="2024-12-13T11:26:24.528">
  <scavenger-info tenureage="4" tenuremask="7ff0" tiltratio="80" />
  <memory-copied type="nursery" objects="5359" bytes="508640" bytesdiscarded="81184" />
  <memory-copied type="tenure" objects="406" bytes="13000" bytesdiscarded="0" />
  <copy-failed type="nursery" objects="406" bytes="13000" />
  <ownableSynchronizers candidates="2" cleared="0" />
  <references type="weak" candidates="3" cleared="0" enqueued="0" />
  <references type="phantom" candidates="3" cleared="0" enqueued="0" />
  <object-monitors candidates="17" cleared="0"  />
</gc-op>
<gc-end id="1292" type="scavenge" contextid="1288" durationms="0.473" usertimems="1.492" systemtimems="0.193" stalltimems="0.606" timestamp="2024-12-13T11:26:24.528" activeThreads="4">
  <mem-info id="1293" free="6656448" total="24313856" percent="27">
    <mem type="nursery" free="1441792" total="3014656" percent="47">
      <mem type="allocate" free="1441792" total="2031616" percent="70" />
      <mem type="survivor" free="0" total="983040" percent="0" />
    </mem>
    <mem type="tenure" free="5214656" total="21299200" percent="24">
      <mem type="soa" free="4149696" total="20234240" percent="20" />
      <mem type="loa" free="1064960" total="1064960" percent="100" />
    </mem>
    <remembered-set count="323" />
  </mem-info>
</gc-end>
<cycle-end id="1294" type="scavenge" contextid="1288" timestamp="2024-12-13T11:26:24.528" />
<allocation-satisfied id="1295" threadId="000000010F870500" bytesRequested="2072" />
<af-end id="1296" timestamp="2024-12-13T11:26:24.528" threadId="000000010F870F90" success="true" from="nursery"/>
<exclusive-end id="1297" timestamp="2024-12-13T11:26:24.528" durationms="0.756" />

<exclusive-start id="1298" timestamp="2024-12-13T11:26:24.541" intervalms="13.708">
  <response-info timems="5.220" idlems="2.617" threads="1" lastid="0000000128099300" lastname="JIT Compilation Thread-000" />
</exclusive-start>
<af-start id="1299" threadId="000000010F870F90" totalBytesRequested="32" timestamp="2024-12-13T11:26:24.541" intervalms="13.637" type="nursery" />
<cycle-start id="1300" type="scavenge" contextid="0" timestamp="2024-12-13T11:26:24.541" intervalms="13.604" />
<gc-start id="1301" type="scavenge" contextid="1300" timestamp="2024-12-13T11:26:24.541">
  <mem-info id="1302" free="5214656" total="24313856" percent="21">
    <mem type="nursery" free="0" total="3014656" percent="0">
      <mem type="allocate" free="0" total="2031616" percent="0" />
      <mem type="survivor" free="0" total="983040" percent="0" />
    </mem>
    <mem type="tenure" free="5214656" total="21299200" percent="24">
      <mem type="soa" free="4149696" total="20234240" percent="20" />
      <mem type="loa" free="1064960" total="1064960" percent="100" />
    </mem>
    <remembered-set count="352" />
  </mem-info>
</gc-start>
<allocation-stats totalBytes="1440808" discardedBytes="984" >
  <allocated-bytes non-tlh="2072" tlh="1438736" />
  <largest-consumer threadName="Default Executor-thread-1" threadId="000000010F870500" bytes="1440808" />
</allocation-stats>
<gc-op id="1303" type="scavenge" timems="0.423" contextid="1300" timestamp="2024-12-13T11:26:24.542">
  <scavenger-info tenureage="4" tenuremask="7ff0" tiltratio="67" />
  <memory-copied type="nursery" objects="3687" bytes="195568" bytesdiscarded="38536" />
  <memory-copied type="tenure" objects="1191" bytes="103752" bytesdiscarded="24" />
  <ownableSynchronizers candidates="2" cleared="0" />
  <object-monitors candidates="17" cleared="0"  />
</gc-op>
<gc-end id="1304" type="scavenge" contextid="1300" durationms="0.477" usertimems="1.437" systemtimems="0.180" stalltimems="0.739" timestamp="2024-12-13T11:26:24.542" activeThreads="4">
  <mem-info id="1305" free="6990920" total="24313856" percent="28">
    <mem type="nursery" free="1863048" total="3014656" percent="61">
      <mem type="allocate" free="1863048" total="2097152" percent="88" />
      <mem type="survivor" free="0" total="917504" percent="0" />
    </mem>
    <mem type="tenure" free="5127872" total="21299200" percent="24">
      <mem type="soa" free="4062912" total="20234240" percent="20" />
      <mem type="loa" free="1064960" total="1064960" percent="100" />
    </mem>
    <remembered-set count="340" />
  </mem-info>
</gc-end>
<cycle-end id="1306" type="scavenge" contextid="1300" timestamp="2024-12-13T11:26:24.542" />
<allocation-satisfied id="1307" threadId="000000010F870500" bytesRequested="32" />
<af-end id="1308" timestamp="2024-12-13T11:26:24.542" threadId="000000010F870F90" success="true" from="nursery"/>
<exclusive-end id="1309" timestamp="2024-12-13T11:26:24.542" durationms="0.609" />

<exclusive-start id="1310" timestamp="2024-12-13T11:26:24.551" intervalms="9.916">
  <response-info timems="0.020" idlems="0.011" threads="1" lastid="000000013804ED00" lastname="IProfiler" />
</exclusive-start>
<af-start id="1311" threadId="000000010F870F90" totalBytesRequested="64" timestamp="2024-12-13T11:26:24.551" intervalms="9.940" type="nursery" />
<cycle-start id="1312" type="scavenge" contextid="0" timestamp="2024-12-13T11:26:24.551" intervalms="9.953" />
<gc-start id="1313" type="scavenge" contextid="1312" timestamp="2024-12-13T11:26:24.551">
  <mem-info id="1314" free="5127872" total="24313856" percent="21">
    <mem type="nursery" free="0" total="3014656" percent="0">
      <mem type="allocate" free="0" total="2097152" percent="0" />
      <mem type="survivor" free="0" total="917504" percent="0" />
    </mem>
    <mem type="tenure" free="5127872" total="21299200" percent="24">
      <mem type="soa" free="4062912" total="20234240" percent="20" />
      <mem type="loa" free="1064960" total="1064960" percent="100" />
    </mem>
    <remembered-set count="352" />
  </mem-info>
</gc-start>
<allocation-stats totalBytes="1861784" discardedBytes="1264" >
  <allocated-bytes non-tlh="32" tlh="1861752" />
  <largest-consumer threadName="Default Executor-thread-1" threadId="000000010F870500" bytes="1861784" />
</allocation-stats>
<gc-op id="1315" type="scavenge" timems="0.380" contextid="1312" timestamp="2024-12-13T11:26:24.552">
  <scavenger-info tenureage="5" tenuremask="7fe0" tiltratio="69" />
  <memory-copied type="nursery" objects="4347" bytes="222168" bytesdiscarded="30504" />
  <object-monitors candidates="17" cleared="0"  />
</gc-op>
<gc-end id="1316" type="scavenge" contextid="1312" durationms="0.437" usertimems="6.984" systemtimems="0.185" stalltimems="0.713" timestamp="2024-12-13T11:26:24.552" activeThreads="4">
  <mem-info id="1317" free="7103424" total="24313856" percent="29">
    <mem type="nursery" free="1975552" total="3014656" percent="65">
      <mem type="allocate" free="1975552" total="2228224" percent="88" />
      <mem type="survivor" free="0" total="786432" percent="0" />
    </mem>
    <mem type="tenure" free="5127872" total="21299200" percent="24">
      <mem type="soa" free="4062912" total="20234240" percent="20" />
      <mem type="loa" free="1064960" total="1064960" percent="100" />
    </mem>
    <remembered-set count="352" />
  </mem-info>
</gc-end>
<cycle-end id="1318" type="scavenge" contextid="1312" timestamp="2024-12-13T11:26:24.552" />
<allocation-satisfied id="1319" threadId="000000010F870500" bytesRequested="64" />
<af-end id="1320" timestamp="2024-12-13T11:26:24.552" threadId="000000010F870F90" success="true" from="nursery"/>
<exclusive-end id="1321" timestamp="2024-12-13T11:26:24.552" durationms="0.616" />

<exclusive-start id="1322" timestamp="2024-12-13T11:26:24.566" intervalms="14.752">
  <response-info timems="4.245" idlems="1.094" threads="3" lastid="000000013800C300" lastname="JIT Compilation Thread-005" />
</exclusive-start>
<af-start id="1323" threadId="000000010F870F90" totalBytesRequested="144" timestamp="2024-12-13T11:26:24.566" intervalms="14.751" type="nursery" />
<cycle-start id="1324" type="scavenge" contextid="0" timestamp="2024-12-13T11:26:24.566" intervalms="14.744" />
<gc-start id="1325" type="scavenge" contextid="1324" timestamp="2024-12-13T11:26:24.566">
  <mem-info id="1326" free="5127184" total="24313856" percent="21">
    <mem type="nursery" free="0" total="3014656" percent="0">
      <mem type="allocate" free="0" total="2228224" percent="0" />
      <mem type="survivor" free="0" total="786432" percent="0" />
    </mem>
    <mem type="tenure" free="5127184" total="21299200" percent="24">
      <mem type="soa" free="4062224" total="20234240" percent="20" />
      <mem type="loa" free="1064960" total="1064960" percent="100" />
    </mem>
    <remembered-set count="411" />
  </mem-info>
</gc-start>
<allocation-stats totalBytes="1975280" discardedBytes="960" >
  <allocated-bytes non-tlh="752" tlh="1974528" />
  <largest-consumer threadName="Default Executor-thread-1" threadId="000000010F870500" bytes="1975280" />
</allocation-stats>
<gc-op id="1327" type="scavenge" timems="0.383" contextid="1324" timestamp="2024-12-13T11:26:24.567">
  <scavenger-info tenureage="6" tenuremask="7fc0" tiltratio="73" />
  <memory-copied type="nursery" objects="6148" bytes="408136" bytesdiscarded="72184" />
  <finalization candidates="1" enqueued="0" />
  <references type="weak" candidates="1" cleared="1" enqueued="1" />
  <object-monitors candidates="17" cleared="0"  />
</gc-op>
<gc-end id="1328" type="scavenge" contextid="1324" durationms="0.434" usertimems="0.691" systemtimems="0.103" stalltimems="0.690" timestamp="2024-12-13T11:26:24.567" activeThreads="4">
  <mem-info id="1329" free="6875088" total="24313856" percent="28">
    <mem type="nursery" free="1747904" total="3014656" percent="57">
      <mem type="allocate" free="1747904" total="2228224" percent="78" />
      <mem type="survivor" free="0" total="786432" percent="0" />
    </mem>
    <mem type="tenure" free="5127184" total="21299200" percent="24">
      <mem type="soa" free="4062224" total="20234240" percent="20" />
      <mem type="loa" free="1064960" total="1064960" percent="100" />
    </mem>
    <pending-finalizers system="0" default="0" reference="1" classloader="0" />
    <remembered-set count="404" />
  </mem-info>
</gc-end>
<cycle-end id="1330" type="scavenge" contextid="1324" timestamp="2024-12-13T11:26:24.567" />
<allocation-satisfied id="1331" threadId="000000010F870500" bytesRequested="144" />
<af-end id="1332" timestamp="2024-12-13T11:26:24.567" threadId="000000010F870F90" success="true" from="nursery"/>
<exclusive-end id="1333" timestamp="2024-12-13T11:26:24.567" durationms="0.604" />

<exclusive-start id="1334" timestamp="2024-12-13T11:26:24.573" intervalms="7.176">
  <response-info timems="1.435" idlems="0.719" threads="1" lastid="00000001280C2300" lastname="JIT Compilation Thread-004" />
</exclusive-start>
<af-start id="1335" threadId="000000010F870F90" totalBytesRequested="64" timestamp="2024-12-13T11:26:24.573" intervalms="7.217" type="nursery" />
<cycle-start id="1336" type="scavenge" contextid="0" timestamp="2024-12-13T11:26:24.573" intervalms="7.254" />
<gc-start id="1337" type="scavenge" contextid="1336" timestamp="2024-12-13T11:26:24.573">
  <mem-info id="1338" free="5127184" total="24313856" percent="21">
    <mem type="nursery" free="0" total="3014656" percent="0">
      <mem type="allocate" free="0" total="2228224" percent="0" />
      <mem type="survivor" free="0" total="786432" percent="0" />
    </mem>
    <mem type="tenure" free="5127184" total="21299200" percent="24">
      <mem type="soa" free="4062224" total="20234240" percent="20" />
      <mem type="loa" free="1064960" total="1064960" percent="100" />
    </mem>
    <remembered-set count="416" />
  </mem-info>
</gc-start>
<allocation-stats totalBytes="1746264" discardedBytes="1640" >
  <allocated-bytes non-tlh="144" tlh="1746120" />
  <largest-consumer threadName="Default Executor-thread-1" threadId="000000010F870500" bytes="1746264" />
</allocation-stats>
<gc-op id="1339" type="scavenge" timems="0.408" contextid="1336" timestamp="2024-12-13T11:26:24.574">
  <scavenger-info tenureage="6" tenuremask="7fc0" tiltratio="73" />
  <memory-copied type="nursery" objects="6495" bytes="419656" bytesdiscarded="66840" />
  <memory-copied type="tenure" objects="413" bytes="20464" bytesdiscarded="0" />
  <finalization candidates="2" enqueued="0" />
  <object-monitors candidates="17" cleared="0"  />
</gc-op>
<heap-resize id="1340" type="expand" space="nursery" amount="131072" count="1" timems="0.018" reason="excessive time being spent scavenging" timestamp="2024-12-13T11:26:24.574" />
<gc-end id="1341" type="scavenge" contextid="1336" durationms="0.492" usertimems="1.519" systemtimems="0.214" stalltimems="0.651" timestamp="2024-12-13T11:26:24.574" activeThreads="4">
  <mem-info id="1342" free="7131056" total="24444928" percent="29">
    <mem type="nursery" free="2003872" total="3145728" percent="63">
      <mem type="allocate" free="2003872" total="2490368" percent="80" />
      <mem type="survivor" free="0" total="655360" percent="0" />
    </mem>
    <mem type="tenure" free="5127184" total="21299200" percent="24">
      <mem type="soa" free="4062224" total="20234240" percent="20" />
      <mem type="loa" free="1064960" total="1064960" percent="100" />
    </mem>
    <remembered-set count="396" />
  </mem-info>
</gc-end>
<cycle-end id="1343" type="scavenge" contextid="1336" timestamp="2024-12-13T11:26:24.574" />
<allocation-satisfied id="1344" threadId="000000010F870500" bytesRequested="64" />
<af-end id="1345" timestamp="2024-12-13T11:26:24.574" threadId="000000010F870F90" success="true" from="nursery"/>
<exclusive-end id="1346" timestamp="2024-12-13T11:26:24.574" durationms="0.771" />

<exclusive-start id="1347" timestamp="2024-12-13T11:26:24.586" intervalms="12.909">
  <response-info timems="4.679" idlems="0.973" threads="4" lastid="00000001280AC100" lastname="JIT Compilation Thread-002" />
</exclusive-start>
<af-start id="1348" threadId="000000010F870F90" totalBytesRequested="48" timestamp="2024-12-13T11:26:24.586" intervalms="12.859" type="nursery" />
<cycle-start id="1349" type="scavenge" contextid="0" timestamp="2024-12-13T11:26:24.586" intervalms="12.827" />
<gc-start id="1350" type="scavenge" contextid="1349" timestamp="2024-12-13T11:26:24.586">
  <mem-info id="1351" free="5127184" total="24444928" percent="20">
    <mem type="nursery" free="0" total="3145728" percent="0">
      <mem type="allocate" free="0" total="2490368" percent="0" />
      <mem type="survivor" free="0" total="655360" percent="0" />
    </mem>
    <mem type="tenure" free="5127184" total="21299200" percent="24">
      <mem type="soa" free="4062224" total="20234240" percent="20" />
      <mem type="loa" free="1064960" total="1064960" percent="100" />
    </mem>
    <remembered-set count="417" />
  </mem-info>
</gc-start>
<allocation-stats totalBytes="2002928" discardedBytes="944" >
  <allocated-bytes non-tlh="64" tlh="2002864" />
  <largest-consumer threadName="Default Executor-thread-1" threadId="000000010F870500" bytes="2002928" />
</allocation-stats>
<gc-op id="1352" type="scavenge" timems="0.434" contextid="1349" timestamp="2024-12-13T11:26:24.587">
  <scavenger-info tenureage="5" tenuremask="7fe0" tiltratio="79" />
  <memory-copied type="nursery" objects="7557" bytes="652312" bytesdiscarded="3048" />
  <memory-copied type="tenure" objects="3409" bytes="313624" bytesdiscarded="432" />
  <copy-failed type="nursery" objects="1969" bytes="244536" />
  <finalization candidates="2" enqueued="0" />
  <object-monitors candidates="17" cleared="0"  />
</gc-op>
<gc-end id="1353" type="scavenge" contextid="1349" durationms="0.479" usertimems="1.084" systemtimems="0.127" stalltimems="0.471" timestamp="2024-12-13T11:26:24.587" activeThreads="4">
  <mem-info id="1354" free="5723376" total="24444928" percent="23">
    <mem type="nursery" free="917504" total="3145728" percent="29">
      <mem type="allocate" free="917504" total="1572864" percent="58" />
      <mem type="survivor" free="0" total="1572864" percent="0" />
    </mem>
    <mem type="tenure" free="4805872" total="21299200" percent="22">
      <mem type="soa" free="3740912" total="20234240" percent="18" />
      <mem type="loa" free="1064960" total="1064960" percent="100" />
    </mem>
    <remembered-set count="362" />
  </mem-info>
</gc-end>
<cycle-end id="1355" type="scavenge" contextid="1349" timestamp="2024-12-13T11:26:24.587" />
<allocation-satisfied id="1356" threadId="000000010F870500" bytesRequested="48" />
<af-end id="1357" timestamp="2024-12-13T11:26:24.587" threadId="000000010F870F90" success="true" from="nursery"/>
<exclusive-end id="1358" timestamp="2024-12-13T11:26:24.587" durationms="0.639" />

<exclusive-start id="1359" timestamp="2024-12-13T11:26:24.593" intervalms="6.750">
  <response-info timems="3.283" idlems="1.123" threads="2" lastid="0000000128099300" lastname="JIT Compilation Thread-000" />
</exclusive-start>
<af-start id="1360" threadId="000000010F870F90" totalBytesRequested="64" timestamp="2024-12-13T11:26:24.593" intervalms="6.741" type="nursery" />
<cycle-start id="1361" type="scavenge" contextid="0" timestamp="2024-12-13T11:26:24.593" intervalms="6.732" />
<gc-start id="1362" type="scavenge" contextid="1361" timestamp="2024-12-13T11:26:24.593">
  <mem-info id="1363" free="4805872" total="24444928" percent="19">
    <mem type="nursery" free="0" total="3145728" percent="0">
      <mem type="allocate" free="0" total="1572864" percent="0" />
      <mem type="survivor" free="0" total="1572864" percent="0" />
    </mem>
    <mem type="tenure" free="4805872" total="21299200" percent="22">
      <mem type="soa" free="3740912" total="20234240" percent="18" />
      <mem type="loa" free="1064960" total="1064960" percent="100" />
    </mem>
    <remembered-set count="385" />
  </mem-info>
</gc-start>
<allocation-stats totalBytes="917216" discardedBytes="288" >
  <allocated-bytes non-tlh="48" tlh="917168" />
  <largest-consumer threadName="Default Executor-thread-1" threadId="000000010F870500" bytes="917216" />
</allocation-stats>
<gc-op id="1364" type="scavenge" timems="0.354" contextid="1361" timestamp="2024-12-13T11:26:24.593">
  <scavenger-info tenureage="5" tenuremask="7fe0" tiltratio="50" />
  <memory-copied type="nursery" objects="6534" bytes="711624" bytesdiscarded="133504" />
  <memory-copied type="tenure" objects="1015" bytes="52632" bytesdiscarded="0" />
  <finalization candidates="2" enqueued="0" />
  <object-monitors candidates="17" cleared="0"  />
</gc-op>
<gc-end id="1365" type="scavenge" contextid="1361" durationms="0.399" usertimems="0.908" systemtimems="0.296" stalltimems="0.642" timestamp="2024-12-13T11:26:24.593" activeThreads="5">
  <mem-info id="1366" free="5566120" total="24444928" percent="22">
    <mem type="nursery" free="793272" total="3145728" percent="25">
      <mem type="allocate" free="793272" total="1638400" percent="48" />
      <mem type="survivor" free="0" total="1507328" percent="0" />
    </mem>
    <mem type="tenure" free="4772848" total="21299200" percent="22">
      <mem type="soa" free="3707888" total="20234240" percent="18" />
      <mem type="loa" free="1064960" total="1064960" percent="100" />
    </mem>
    <remembered-set count="356" />
  </mem-info>
</gc-end>
<cycle-end id="1367" type="scavenge" contextid="1361" timestamp="2024-12-13T11:26:24.593" />
<allocation-satisfied id="1368" threadId="000000010F870500" bytesRequested="64" />
<af-end id="1369" timestamp="2024-12-13T11:26:24.593" threadId="000000010F870F90" success="true" from="nursery"/>
<exclusive-end id="1370" timestamp="2024-12-13T11:26:24.593" durationms="0.532" />

<exclusive-start id="1371" timestamp="2024-12-13T11:26:24.600" intervalms="6.675">
  <response-info timems="3.102" idlems="1.060" threads="2" lastid="00000001280B8300" lastname="JIT Compilation Thread-003" />
</exclusive-start>
<af-start id="1372" threadId="000000010F870F90" totalBytesRequested="280" timestamp="2024-12-13T11:26:24.600" intervalms="6.660" type="nursery" />
<cycle-start id="1373" type="scavenge" contextid="0" timestamp="2024-12-13T11:26:24.600" intervalms="6.651" />
<gc-start id="1374" type="scavenge" contextid="1373" timestamp="2024-12-13T11:26:24.600">
  <mem-info id="1375" free="4772848" total="24444928" percent="19">
    <mem type="nursery" free="0" total="3145728" percent="0">
      <mem type="allocate" free="0" total="1638400" percent="0" />
      <mem type="survivor" free="0" total="1507328" percent="0" />
    </mem>
    <mem type="tenure" free="4772848" total="21299200" percent="22">
      <mem type="soa" free="3707888" total="20234240" percent="18" />
      <mem type="loa" free="1064960" total="1064960" percent="100" />
    </mem>
    <remembered-set count="363" />
  </mem-info>
</gc-start>
<allocation-stats totalBytes="792424" discardedBytes="848" >
  <allocated-bytes non-tlh="64" tlh="792360" />
  <largest-consumer threadName="Default Executor-thread-1" threadId="000000010F870500" bytes="792424" />
</allocation-stats>
<gc-op id="1376" type="scavenge" timems="0.266" contextid="1373" timestamp="2024-12-13T11:26:24.600">
  <scavenger-info tenureage="4" tenuremask="7ff0" tiltratio="52" />
  <memory-copied type="nursery" objects="3989" bytes="309424" bytesdiscarded="371552" />
  <memory-copied type="tenure" objects="1178" bytes="58384" bytesdiscarded="40" />
  <finalization candidates="2" enqueued="0" />
  <object-monitors candidates="17" cleared="0"  />
</gc-op>
<gc-end id="1377" type="scavenge" contextid="1373" durationms="0.307" usertimems="0.616" systemtimems="0.153" stalltimems="0.517" timestamp="2024-12-13T11:26:24.600" activeThreads="5">
  <mem-info id="1378" free="5778400" total="24444928" percent="23">
    <mem type="nursery" free="1088496" total="3145728" percent="34">
      <mem type="allocate" free="1088496" total="1769472" percent="61" />
      <mem type="survivor" free="0" total="1376256" percent="0" />
    </mem>
    <mem type="tenure" free="4689904" total="21299200" percent="22">
      <mem type="soa" free="3624944" total="20234240" percent="17" />
      <mem type="loa" free="1064960" total="1064960" percent="100" />
    </mem>
    <remembered-set count="304" />
  </mem-info>
</gc-end>
<cycle-end id="1379" type="scavenge" contextid="1373" timestamp="2024-12-13T11:26:24.600" />
<allocation-satisfied id="1380" threadId="000000010F870500" bytesRequested="280" />
<af-end id="1381" timestamp="2024-12-13T11:26:24.600" threadId="000000010F870F90" success="true" from="nursery"/>
<exclusive-end id="1382" timestamp="2024-12-13T11:26:24.600" durationms="0.410" />

<exclusive-start id="1383" timestamp="2024-12-13T11:26:24.608" intervalms="8.027">
  <response-info timems="5.099" idlems="1.710" threads="2" lastid="000000013800C300" lastname="JIT Compilation Thread-005" />
</exclusive-start>
<af-start id="1384" threadId="000000010F870F90" totalBytesRequested="3536" timestamp="2024-12-13T11:26:24.608" intervalms="8.026" type="nursery" />
<cycle-start id="1385" type="scavenge" contextid="0" timestamp="2024-12-13T11:26:24.608" intervalms="8.024" />
<gc-start id="1386" type="scavenge" contextid="1385" timestamp="2024-12-13T11:26:24.608">
  <mem-info id="1387" free="4689904" total="24444928" percent="19">
    <mem type="nursery" free="0" total="3145728" percent="0">
      <mem type="allocate" free="0" total="1769472" percent="0" />
      <mem type="survivor" free="0" total="1376256" percent="0" />
    </mem>
    <mem type="tenure" free="4689904" total="21299200" percent="22">
      <mem type="soa" free="3624944" total="20234240" percent="17" />
      <mem type="loa" free="1064960" total="1064960" percent="100" />
    </mem>
    <remembered-set count="314" />
  </mem-info>
</gc-start>
<allocation-stats totalBytes="1086232" discardedBytes="2264" >
  <allocated-bytes non-tlh="280" tlh="1085952" />
  <largest-consumer threadName="Default Executor-thread-1" threadId="000000010F870500" bytes="1086232" />
</allocation-stats>
<gc-op id="1388" type="scavenge" timems="0.241" contextid="1385" timestamp="2024-12-13T11:26:24.608">
  <scavenger-info tenureage="4" tenuremask="7ff0" tiltratio="56" />
  <memory-copied type="nursery" objects="3683" bytes="203512" bytesdiscarded="66056" />
  <memory-copied type="tenure" objects="386" bytes="19120" bytesdiscarded="0" />
  <finalization candidates="1" enqueued="0" />
  <object-monitors candidates="17" cleared="0"  />
</gc-op>
<gc-end id="1389" type="scavenge" contextid="1385" durationms="0.282" usertimems="0.765" systemtimems="0.177" stalltimems="0.478" timestamp="2024-12-13T11:26:24.608" activeThreads="5">
  <mem-info id="1390" free="6386416" total="24444928" percent="26">
    <mem type="nursery" free="1696512" total="3145728" percent="53">
      <mem type="allocate" free="1696512" total="1966080" percent="86" />
      <mem type="survivor" free="0" total="1179648" percent="0" />
    </mem>
    <mem type="tenure" free="4689904" total="21299200" percent="22">
      <mem type="soa" free="3624944" total="20234240" percent="17" />
      <mem type="loa" free="1064960" total="1064960" percent="100" />
    </mem>
    <remembered-set count="300" />
  </mem-info>
</gc-end>
<cycle-end id="1391" type="scavenge" contextid="1385" timestamp="2024-12-13T11:26:24.608" />
<allocation-satisfied id="1392" threadId="000000010F870500" bytesRequested="3536" />
<af-end id="1393" timestamp="2024-12-13T11:26:24.608" threadId="000000010F870F90" success="true" from="nursery"/>
<exclusive-end id="1394" timestamp="2024-12-13T11:26:24.608" durationms="0.382" />

<exclusive-start id="1395" timestamp="2024-12-13T11:26:24.612" intervalms="4.914">
  <response-info timems="0.005" idlems="0.005" threads="0" lastid="000000010F870500" lastname="Default Executor-thread-1" />
</exclusive-start>
<af-start id="1396" threadId="000000010F870F90" totalBytesRequested="144" timestamp="2024-12-13T11:26:24.613" intervalms="4.917" type="nursery" />
<cycle-start id="1397" type="scavenge" contextid="0" timestamp="2024-12-13T11:26:24.613" intervalms="4.917" />
<gc-start id="1398" type="scavenge" contextid="1397" timestamp="2024-12-13T11:26:24.613">
  <mem-info id="1399" free="4689904" total="24444928" percent="19">
    <mem type="nursery" free="0" total="3145728" percent="0">
      <mem type="allocate" free="0" total="1966080" percent="0" />
      <mem type="survivor" free="0" total="1179648" percent="0" />
    </mem>
    <mem type="tenure" free="4689904" total="21299200" percent="22">
      <mem type="soa" free="3624944" total="20234240" percent="17" />
      <mem type="loa" free="1064960" total="1064960" percent="100" />
    </mem>
    <remembered-set count="330" />
  </mem-info>
</gc-start>
<allocation-stats totalBytes="1695040" discardedBytes="1472" >
  <allocated-bytes non-tlh="3536" tlh="1691504" />
  <largest-consumer threadName="Default Executor-thread-1" threadId="000000010F870500" bytes="1695040" />
</allocation-stats>
<gc-op id="1400" type="scavenge" timems="0.256" contextid="1397" timestamp="2024-12-13T11:26:24.613">
  <scavenger-info tenureage="4" tenuremask="7ff0" tiltratio="62" />
  <memory-copied type="nursery" objects="3070" bytes="242472" bytesdiscarded="214168" />
  <memory-copied type="tenure" objects="1342" bytes="63312" bytesdiscarded="16" />
  <object-monitors candidates="17" cleared="0"  />
</gc-op>
<heap-resize id="1401" type="expand" space="nursery" amount="131072" count="1" timems="0.013" reason="excessive time being spent scavenging" timestamp="2024-12-13T11:26:24.613" />
<gc-end id="1402" type="scavenge" contextid="1397" durationms="0.326" usertimems="0.890" systemtimems="0.173" stalltimems="0.527" timestamp="2024-12-13T11:26:24.613" activeThreads="5">
  <mem-info id="1403" free="6288688" total="24576000" percent="25">
    <mem type="nursery" free="1771584" total="3276800" percent="54">
      <mem type="allocate" free="1771584" total="2228224" percent="79" />
      <mem type="survivor" free="0" total="1048576" percent="0" />
    </mem>
    <mem type="tenure" free="4517104" total="21299200" percent="21">
      <mem type="soa" free="3452144" total="20234240" percent="17" />
      <mem type="loa" free="1064960" total="1064960" percent="100" />
    </mem>
    <remembered-set count="273" />
  </mem-info>
</gc-end>
<cycle-end id="1404" type="scavenge" contextid="1397" timestamp="2024-12-13T11:26:24.613" />
<allocation-satisfied id="1405" threadId="000000010F870500" bytesRequested="144" />
<af-end id="1406" timestamp="2024-12-13T11:26:24.613" threadId="000000010F870F90" success="true" from="nursery"/>
<exclusive-end id="1407" timestamp="2024-12-13T11:26:24.613" durationms="0.454" />

<exclusive-start id="1408" timestamp="2024-12-13T11:26:24.621" intervalms="9.003">
  <response-info timems="4.022" idlems="1.374" threads="2" lastid="000000013800C300" lastname="JIT Compilation Thread-005" />
</exclusive-start>
<af-start id="1409" threadId="000000010F870F90" totalBytesRequested="144" timestamp="2024-12-13T11:26:24.622" intervalms="9.023" type="nursery" />
<cycle-start id="1410" type="scavenge" contextid="0" timestamp="2024-12-13T11:26:24.622" intervalms="9.035" />
<gc-start id="1411" type="scavenge" contextid="1410" timestamp="2024-12-13T11:26:24.622">
  <mem-info id="1412" free="4517104" total="24576000" percent="18">
    <mem type="nursery" free="0" total="3276800" percent="0">
      <mem type="allocate" free="0" total="2228224" percent="0" />
      <mem type="survivor" free="0" total="1048576" percent="0" />
    </mem>
    <mem type="tenure" free="4517104" total="21299200" percent="21">
      <mem type="soa" free="3452144" total="20234240" percent="17" />
      <mem type="loa" free="1064960" total="1064960" percent="100" />
    </mem>
    <remembered-set count="287" />
  </mem-info>
</gc-start>
<allocation-stats totalBytes="1770176" discardedBytes="1408" >
  <allocated-bytes non-tlh="144" tlh="1770032" />
  <largest-consumer threadName="Default Executor-thread-1" threadId="000000010F870500" bytes="1770176" />
</allocation-stats>
<gc-op id="1413" type="scavenge" timems="0.396" contextid="1410" timestamp="2024-12-13T11:26:24.622">
  <scavenger-info tenureage="4" tenuremask="7ff0" tiltratio="68" />
  <memory-copied type="nursery" objects="6076" bytes="642728" bytesdiscarded="56928" />
  <memory-copied type="tenure" objects="375" bytes="18640" bytesdiscarded="0" />
  <object-monitors candidates="17" cleared="0"  />
</gc-op>
<gc-end id="1414" type="scavenge" contextid="1410" durationms="0.447" usertimems="1.370" systemtimems="0.261" stalltimems="0.843" timestamp="2024-12-13T11:26:24.622" activeThreads="5">
  <mem-info id="1415" free="5914600" total="24576000" percent="24">
    <mem type="nursery" free="1397496" total="3276800" percent="42">
      <mem type="allocate" free="1397496" total="2097152" percent="66" />
      <mem type="survivor" free="0" total="1179648" percent="0" />
    </mem>
    <mem type="tenure" free="4517104" total="21299200" percent="21">
      <mem type="soa" free="3452144" total="20234240" percent="17" />
      <mem type="loa" free="1064960" total="1064960" percent="100" />
    </mem>
    <remembered-set count="256" />
  </mem-info>
</gc-end>
<cycle-end id="1416" type="scavenge" contextid="1410" timestamp="2024-12-13T11:26:24.622" />
<allocation-satisfied id="1417" threadId="000000010F870500" bytesRequested="144" />
<af-end id="1418" timestamp="2024-12-13T11:26:24.622" threadId="000000010F870F90" success="true" from="nursery"/>
<exclusive-end id="1419" timestamp="2024-12-13T11:26:24.622" durationms="0.605" />

<exclusive-start id="1420" timestamp="2024-12-13T11:26:24.629" intervalms="7.118">
  <response-info timems="1.871" idlems="0.944" threads="1" lastid="0000000128099300" lastname="JIT Compilation Thread-000" />
</exclusive-start>
<af-start id="1421" threadId="000000010F870F90" totalBytesRequested="2064" timestamp="2024-12-13T11:26:24.629" intervalms="7.100" type="nursery" />
<cycle-start id="1422" type="scavenge" contextid="0" timestamp="2024-12-13T11:26:24.629" intervalms="7.097" />
<gc-start id="1423" type="scavenge" contextid="1422" timestamp="2024-12-13T11:26:24.629">
  <mem-info id="1424" free="4517104" total="24576000" percent="18">
    <mem type="nursery" free="0" total="3276800" percent="0">
      <mem type="allocate" free="0" total="2097152" percent="0" />
      <mem type="survivor" free="0" total="1179648" percent="0" />
    </mem>
    <mem type="tenure" free="4517104" total="21299200" percent="21">
      <mem type="soa" free="3452144" total="20234240" percent="17" />
      <mem type="loa" free="1064960" total="1064960" percent="100" />
    </mem>
    <remembered-set count="271" />
  </mem-info>
</gc-start>
<allocation-stats totalBytes="1393712" discardedBytes="3784" >
  <allocated-bytes non-tlh="144" tlh="1393568" />
  <largest-consumer threadName="Default Executor-thread-1" threadId="000000010F870500" bytes="1393712" />
</allocation-stats>
<gc-op id="1425" type="scavenge" timems="0.228" contextid="1422" timestamp="2024-12-13T11:26:24.629">
  <scavenger-info tenureage="3" tenuremask="7ff8" tiltratio="64" />
  <memory-copied type="nursery" objects="1881" bytes="124336" bytesdiscarded="33104" />
  <memory-copied type="tenure" objects="793" bytes="41104" bytesdiscarded="464" />
  <object-monitors candidates="17" cleared="0"  />
</gc-op>
<gc-end id="1426" type="scavenge" contextid="1422" durationms="0.288" usertimems="0.533" systemtimems="0.131" stalltimems="0.510" timestamp="2024-12-13T11:26:24.629" activeThreads="5">
  <mem-info id="1427" free="6489328" total="24576000" percent="26">
    <mem type="nursery" free="2005248" total="3276800" percent="61">
      <mem type="allocate" free="2005248" total="2162688" percent="92" />
      <mem type="survivor" free="0" total="1114112" percent="0" />
    </mem>
    <mem type="tenure" free="4484080" total="21299200" percent="21">
      <mem type="soa" free="3419120" total="20234240" percent="16" />
      <mem type="loa" free="1064960" total="1064960" percent="100" />
    </mem>
    <remembered-set count="247" />
  </mem-info>
</gc-end>
<cycle-end id="1428" type="scavenge" contextid="1422" timestamp="2024-12-13T11:26:24.629" />
<allocation-satisfied id="1429" threadId="000000010F870500" bytesRequested="2064" />
<af-end id="1430" timestamp="2024-12-13T11:26:24.629" threadId="000000010F870F90" success="true" from="nursery"/>
<exclusive-end id="1431" timestamp="2024-12-13T11:26:24.629" durationms="0.412" />

<exclusive-start id="1432" timestamp="2024-12-13T11:26:24.635" intervalms="6.579">
  <response-info timems="1.449" idlems="0.727" threads="1" lastid="00000001280C2300" lastname="JIT Compilation Thread-004" />
</exclusive-start>
<af-start id="1433" threadId="000000010F870F90" totalBytesRequested="2072" timestamp="2024-12-13T11:26:24.635" intervalms="6.589" type="nursery" />
<cycle-start id="1434" type="scavenge" contextid="0" timestamp="2024-12-13T11:26:24.635" intervalms="6.600" />
<gc-start id="1435" type="scavenge" contextid="1434" timestamp="2024-12-13T11:26:24.635">
  <mem-info id="1436" free="4484080" total="24576000" percent="18">
    <mem type="nursery" free="0" total="3276800" percent="0">
      <mem type="allocate" free="0" total="2162688" percent="0" />
      <mem type="survivor" free="0" total="1114112" percent="0" />
    </mem>
    <mem type="tenure" free="4484080" total="21299200" percent="21">
      <mem type="soa" free="3419120" total="20234240" percent="16" />
      <mem type="loa" free="1064960" total="1064960" percent="100" />
    </mem>
    <remembered-set count="267" />
  </mem-info>
</gc-start>
<allocation-stats totalBytes="2002264" discardedBytes="2984" >
  <allocated-bytes non-tlh="2064" tlh="2000200" />
  <largest-consumer threadName="Default Executor-thread-1" threadId="000000010F870500" bytes="2002264" />
</allocation-stats>
<gc-op id="1437" type="scavenge" timems="0.224" contextid="1434" timestamp="2024-12-13T11:26:24.636">
  <scavenger-info tenureage="4" tenuremask="7ff0" tiltratio="66" />
  <memory-copied type="nursery" objects="3193" bytes="365504" bytesdiscarded="201296" />
  <object-monitors candidates="17" cleared="0"  />
</gc-op>
<gc-end id="1438" type="scavenge" contextid="1434" durationms="0.275" usertimems="0.657" systemtimems="0.094" stalltimems="0.243" timestamp="2024-12-13T11:26:24.636" activeThreads="4">
  <mem-info id="1439" free="6145504" total="24576000" percent="25">
    <mem type="nursery" free="1661424" total="3276800" percent="50">
      <mem type="allocate" free="1661424" total="2228224" percent="74" />
      <mem type="survivor" free="0" total="1048576" percent="0" />
    </mem>
    <mem type="tenure" free="4484080" total="21299200" percent="21">
      <mem type="soa" free="3419120" total="20234240" percent="16" />
      <mem type="loa" free="1064960" total="1064960" percent="100" />
    </mem>
    <remembered-set count="266" />
  </mem-info>
</gc-end>
<cycle-end id="1440" type="scavenge" contextid="1434" timestamp="2024-12-13T11:26:24.636" />
<allocation-satisfied id="1441" threadId="000000010F870500" bytesRequested="2072" />
<af-end id="1442" timestamp="2024-12-13T11:26:24.636" threadId="000000010F870F90" success="true" from="nursery"/>
<exclusive-end id="1443" timestamp="2024-12-13T11:26:24.636" durationms="0.426" />

<exclusive-start id="1444" timestamp="2024-12-13T11:26:24.644" intervalms="8.346">
  <response-info timems="2.755" idlems="1.382" threads="1" lastid="00000001280C2300" lastname="JIT Compilation Thread-004" />
</exclusive-start>
<af-start id="1445" threadId="000000010F870F90" totalBytesRequested="40" timestamp="2024-12-13T11:26:24.644" intervalms="8.388" type="nursery" />
<cycle-start id="1446" type="scavenge" contextid="0" timestamp="2024-12-13T11:26:24.644" intervalms="8.412" />
<gc-start id="1447" type="scavenge" contextid="1446" timestamp="2024-12-13T11:26:24.644">
  <mem-info id="1448" free="4484080" total="24576000" percent="18">
    <mem type="nursery" free="0" total="3276800" percent="0">
      <mem type="allocate" free="0" total="2228224" percent="0" />
      <mem type="survivor" free="0" total="1048576" percent="0" />
    </mem>
    <mem type="tenure" free="4484080" total="21299200" percent="21">
      <mem type="soa" free="3419120" total="20234240" percent="16" />
      <mem type="loa" free="1064960" total="1064960" percent="100" />
    </mem>
    <remembered-set count="296" />
  </mem-info>
</gc-start>
<allocation-stats totalBytes="1660776" discardedBytes="648" >
  <allocated-bytes non-tlh="2072" tlh="1658704" />
  <largest-consumer threadName="Default Executor-thread-1" threadId="000000010F870500" bytes="1660776" />
</allocation-stats>
<gc-op id="1449" type="scavenge" timems="0.297" contextid="1446" timestamp="2024-12-13T11:26:24.644">
  <scavenger-info tenureage="4" tenuremask="7ff0" tiltratio="68" />
  <memory-copied type="nursery" objects="2002" bytes="111328" bytesdiscarded="50056" />
  <memory-copied type="tenure" objects="532" bytes="26336" bytesdiscarded="64" />
  <object-monitors candidates="17" cleared="0"  />
</gc-op>
<gc-end id="1450" type="scavenge" contextid="1446" durationms="0.355" usertimems="0.471" systemtimems="0.083" stalltimems="0.539" timestamp="2024-12-13T11:26:24.644" activeThreads="4">
  <mem-info id="1451" free="6648968" total="24576000" percent="27">
    <mem type="nursery" free="2197912" total="3276800" percent="67">
      <mem type="allocate" free="2197912" total="2359296" percent="93" />
      <mem type="survivor" free="0" total="917504" percent="0" />
    </mem>
    <mem type="tenure" free="4451056" total="21299200" percent="20">
      <mem type="soa" free="3386096" total="20234240" percent="16" />
      <mem type="loa" free="1064960" total="1064960" percent="100" />
    </mem>
    <remembered-set count="268" />
  </mem-info>
</gc-end>
<cycle-end id="1452" type="scavenge" contextid="1446" timestamp="2024-12-13T11:26:24.644" />
<allocation-satisfied id="1453" threadId="000000010F870500" bytesRequested="40" />
<af-end id="1454" timestamp="2024-12-13T11:26:24.644" threadId="000000010F870F90" success="true" from="nursery"/>
<exclusive-end id="1455" timestamp="2024-12-13T11:26:24.644" durationms="0.593" />

<exclusive-start id="1456" timestamp="2024-12-13T11:26:24.671" intervalms="27.552">
  <response-info timems="0.858" idlems="0.434" threads="1" lastid="000000013800C300" lastname="JIT Compilation Thread-005" />
</exclusive-start>
<af-start id="1457" threadId="000000010F870F90" totalBytesRequested="528" timestamp="2024-12-13T11:26:24.671" intervalms="27.573" type="nursery" />
<cycle-start id="1458" type="scavenge" contextid="0" timestamp="2024-12-13T11:26:24.671" intervalms="27.563" />
<gc-start id="1459" type="scavenge" contextid="1458" timestamp="2024-12-13T11:26:24.671">
  <mem-info id="1460" free="4450496" total="24576000" percent="18">
    <mem type="nursery" free="0" total="3276800" percent="0">
      <mem type="allocate" free="0" total="2359296" percent="0" />
      <mem type="survivor" free="0" total="917504" percent="0" />
    </mem>
    <mem type="tenure" free="4450496" total="21299200" percent="20">
      <mem type="soa" free="3385536" total="20234240" percent="16" />
      <mem type="loa" free="1064960" total="1064960" percent="100" />
    </mem>
    <remembered-set count="321" />
  </mem-info>
</gc-start>
<allocation-stats totalBytes="2196728" discardedBytes="1744" >
  <allocated-bytes non-tlh="600" tlh="2196128" />
  <largest-consumer threadName="Default Executor-thread-1" threadId="000000010F870500" bytes="2196728" />
</allocation-stats>
<gc-op id="1461" type="scavenge" timems="0.333" contextid="1458" timestamp="2024-12-13T11:26:24.672">
  <scavenger-info tenureage="5" tenuremask="7fe0" tiltratio="72" />
  <memory-copied type="nursery" objects="7796" bytes="745432" bytesdiscarded="59008" />
  <references type="weak" candidates="2" cleared="2" enqueued="2" />
  <object-monitors candidates="17" cleared="0"  />
</gc-op>
<gc-end id="1462" type="scavenge" contextid="1458" durationms="0.394" usertimems="0.917" systemtimems="0.124" stalltimems="0.337" timestamp="2024-12-13T11:26:24.672" activeThreads="4">
  <mem-info id="1463" free="5481064" total="24576000" percent="22">
    <mem type="nursery" free="1030568" total="3276800" percent="31">
      <mem type="allocate" free="1030568" total="1835008" percent="56" />
      <mem type="survivor" free="0" total="1441792" percent="0" />
    </mem>
    <mem type="tenure" free="4450496" total="21299200" percent="20">
      <mem type="soa" free="3385536" total="20234240" percent="16" />
      <mem type="loa" free="1064960" total="1064960" percent="100" />
    </mem>
    <pending-finalizers system="0" default="0" reference="2" classloader="0" />
    <remembered-set count="316" />
  </mem-info>
</gc-end>
<cycle-end id="1464" type="scavenge" contextid="1458" timestamp="2024-12-13T11:26:24.672" />
<allocation-satisfied id="1465" threadId="000000010F870500" bytesRequested="528" />
<af-end id="1466" timestamp="2024-12-13T11:26:24.672" threadId="000000010F870F90" success="true" from="nursery"/>
<exclusive-end id="1467" timestamp="2024-12-13T11:26:24.672" durationms="0.628" />

<exclusive-start id="1468" timestamp="2024-12-13T11:26:24.678" intervalms="6.676">
  <response-info timems="2.647" idlems="0.886" threads="2" lastid="00000001280A3300" lastname="JIT Compilation Thread-001" />
</exclusive-start>
<af-start id="1469" threadId="000000010F870F90" totalBytesRequested="24" timestamp="2024-12-13T11:26:24.678" intervalms="6.607" type="nursery" />
<cycle-start id="1470" type="scavenge" contextid="0" timestamp="2024-12-13T11:26:24.678" intervalms="6.583" />
<gc-start id="1471" type="scavenge" contextid="1470" timestamp="2024-12-13T11:26:24.678">
  <mem-info id="1472" free="4450496" total="24576000" percent="18">
    <mem type="nursery" free="0" total="3276800" percent="0">
      <mem type="allocate" free="0" total="1835008" percent="0" />
      <mem type="survivor" free="0" total="1441792" percent="0" />
    </mem>
    <mem type="tenure" free="4450496" total="21299200" percent="20">
      <mem type="soa" free="3385536" total="20234240" percent="16" />
      <mem type="loa" free="1064960" total="1064960" percent="100" />
    </mem>
    <remembered-set count="352" />
  </mem-info>
</gc-start>
<allocation-stats totalBytes="1029192" discardedBytes="1376" >
  <allocated-bytes non-tlh="528" tlh="1028664" />
  <largest-consumer threadName="Default Executor-thread-1" threadId="000000010F870500" bytes="1029192" />
</allocation-stats>
<gc-op id="1473" type="scavenge" timems="0.210" contextid="1470" timestamp="2024-12-13T11:26:24.678">
  <scavenger-info tenureage="4" tenuremask="7ff0" tiltratio="56" />
  <memory-copied type="nursery" objects="2600" bytes="142560" bytesdiscarded="52104" />
  <memory-copied type="tenure" objects="635" bytes="32056" bytesdiscarded="16" />
  <object-monitors candidates="17" cleared="0"  />
</gc-op>
<gc-end id="1474" type="scavenge" contextid="1470" durationms="0.261" usertimems="0.454" systemtimems="0.082" stalltimems="0.317" timestamp="2024-12-13T11:26:24.678" activeThreads="4">
  <mem-info id="1475" free="6114904" total="24576000" percent="24">
    <mem type="nursery" free="1705880" total="3276800" percent="52">
      <mem type="allocate" free="1705880" total="1900544" percent="89" />
      <mem type="survivor" free="0" total="1376256" percent="0" />
    </mem>
    <mem type="tenure" free="4409024" total="21299200" percent="20">
      <mem type="soa" free="3344064" total="20234240" percent="16" />
      <mem type="loa" free="1064960" total="1064960" percent="100" />
    </mem>
    <remembered-set count="329" />
  </mem-info>
</gc-end>
<cycle-end id="1476" type="scavenge" contextid="1470" timestamp="2024-12-13T11:26:24.678" />
<allocation-satisfied id="1477" threadId="000000010F870500" bytesRequested="24" />
<af-end id="1478" timestamp="2024-12-13T11:26:24.678" threadId="000000010F870F90" success="true" from="nursery"/>
<exclusive-end id="1479" timestamp="2024-12-13T11:26:24.678" durationms="0.382" />

<exclusive-start id="1480" timestamp="2024-12-13T11:26:24.685" intervalms="7.009">
  <response-info timems="0.946" idlems="0.320" threads="2" lastid="00000001280B8300" lastname="JIT Compilation Thread-003" />
</exclusive-start>
<af-start id="1481" threadId="000000010F870F90" totalBytesRequested="96" timestamp="2024-12-13T11:26:24.685" intervalms="7.029" type="nursery" />
<cycle-start id="1482" type="scavenge" contextid="0" timestamp="2024-12-13T11:26:24.685" intervalms="7.033" />
<gc-start id="1483" type="scavenge" contextid="1482" timestamp="2024-12-13T11:26:24.685">
  <mem-info id="1484" free="4409024" total="24576000" percent="17">
    <mem type="nursery" free="0" total="3276800" percent="0">
      <mem type="allocate" free="0" total="1900544" percent="0" />
      <mem type="survivor" free="0" total="1376256" percent="0" />
    </mem>
    <mem type="tenure" free="4409024" total="21299200" percent="20">
      <mem type="soa" free="3344064" total="20234240" percent="16" />
      <mem type="loa" free="1064960" total="1064960" percent="100" />
    </mem>
    <remembered-set count="355" />
  </mem-info>
</gc-start>
<allocation-stats totalBytes="1704984" discardedBytes="896" >
  <allocated-bytes non-tlh="24" tlh="1704960" />
  <largest-consumer threadName="Default Executor-thread-1" threadId="000000010F870500" bytes="1704984" />
</allocation-stats>
<gc-op id="1485" type="scavenge" timems="0.193" contextid="1482" timestamp="2024-12-13T11:26:24.685">
  <scavenger-info tenureage="5" tenuremask="7fe0" tiltratio="58" />
  <memory-copied type="nursery" objects="3206" bytes="171160" bytesdiscarded="36200" />
  <object-monitors candidates="17" cleared="0"  />
</gc-op>
<gc-end id="1486" type="scavenge" contextid="1482" durationms="0.236" usertimems="0.444" systemtimems="0.083" stalltimems="0.254" timestamp="2024-12-13T11:26:24.685" activeThreads="4">
  <mem-info id="1487" free="6364352" total="24576000" percent="25">
    <mem type="nursery" free="1955328" total="3276800" percent="59">
      <mem type="allocate" free="1955328" total="2162688" percent="90" />
      <mem type="survivor" free="0" total="1114112" percent="0" />
    </mem>
    <mem type="tenure" free="4409024" total="21299200" percent="20">
      <mem type="soa" free="3344064" total="20234240" percent="16" />
      <mem type="loa" free="1064960" total="1064960" percent="100" />
    </mem>
    <remembered-set count="350" />
  </mem-info>
</gc-end>
<cycle-end id="1488" type="scavenge" contextid="1482" timestamp="2024-12-13T11:26:24.685" />
<allocation-satisfied id="1489" threadId="000000010F870500" bytesRequested="96" />
<af-end id="1490" timestamp="2024-12-13T11:26:24.685" threadId="000000010F870F90" success="true" from="nursery"/>
<exclusive-end id="1491" timestamp="2024-12-13T11:26:24.685" durationms="0.388" />

<exclusive-start id="1492" timestamp="2024-12-13T11:26:24.697" intervalms="11.925">
  <response-info timems="4.045" idlems="0.737" threads="5" lastid="0000000128099300" lastname="JIT Compilation Thread-000" />
</exclusive-start>
<af-start id="1493" threadId="000000010F870F90" totalBytesRequested="24" timestamp="2024-12-13T11:26:24.697" intervalms="11.938" type="nursery" />
<cycle-start id="1494" type="scavenge" contextid="0" timestamp="2024-12-13T11:26:24.697" intervalms="11.942" />
<gc-start id="1495" type="scavenge" contextid="1494" timestamp="2024-12-13T11:26:24.697">
  <mem-info id="1496" free="4409024" total="24576000" percent="17">
    <mem type="nursery" free="0" total="3276800" percent="0">
      <mem type="allocate" free="0" total="2162688" percent="0" />
      <mem type="survivor" free="0" total="1114112" percent="0" />
    </mem>
    <mem type="tenure" free="4409024" total="21299200" percent="20">
      <mem type="soa" free="3344064" total="20234240" percent="16" />
      <mem type="loa" free="1064960" total="1064960" percent="100" />
    </mem>
    <remembered-set count="364" />
  </mem-info>
</gc-start>
<allocation-stats totalBytes="1953576" discardedBytes="1752" >
  <allocated-bytes non-tlh="96" tlh="1953480" />
  <largest-consumer threadName="Default Executor-thread-1" threadId="000000010F870500" bytes="1953576" />
</allocation-stats>
<gc-op id="1497" type="scavenge" timems="0.224" contextid="1494" timestamp="2024-12-13T11:26:24.697">
  <scavenger-info tenureage="3" tenuremask="7fd8" tiltratio="66" />
  <memory-copied type="nursery" objects="3391" bytes="192832" bytesdiscarded="26816" />
  <memory-copied type="tenure" objects="1217" bytes="58352" bytesdiscarded="96" />
  <object-monitors candidates="17" cleared="0"  />
</gc-op>
<gc-end id="1498" type="scavenge" contextid="1494" durationms="0.271" usertimems="0.539" systemtimems="0.089" stalltimems="0.204" timestamp="2024-12-13T11:26:24.697" activeThreads="4">
  <mem-info id="1499" free="6429376" total="24576000" percent="26">
    <mem type="nursery" free="2074112" total="3276800" percent="63">
      <mem type="allocate" free="2074112" total="2293760" percent="90" />
      <mem type="survivor" free="0" total="983040" percent="0" />
    </mem>
    <mem type="tenure" free="4355264" total="21299200" percent="20">
      <mem type="soa" free="3290304" total="20234240" percent="16" />
      <mem type="loa" free="1064960" total="1064960" percent="100" />
    </mem>
    <remembered-set count="289" />
  </mem-info>
</gc-end>
<cycle-end id="1500" type="scavenge" contextid="1494" timestamp="2024-12-13T11:26:24.697" />
<allocation-satisfied id="1501" threadId="000000010F870500" bytesRequested="24" />
<af-end id="1502" timestamp="2024-12-13T11:26:24.697" threadId="000000010F870F90" success="true" from="nursery"/>
<exclusive-end id="1503" timestamp="2024-12-13T11:26:24.697" durationms="0.449" />

<exclusive-start id="1504" timestamp="2024-12-13T11:26:24.704" intervalms="7.292">
  <response-info timems="0.010" idlems="0.010" threads="0" lastid="000000010F870500" lastname="Default Executor-thread-1" />
</exclusive-start>
<af-start id="1505" threadId="000000010F870F90" totalBytesRequested="2072" timestamp="2024-12-13T11:26:24.704" intervalms="7.266" type="nursery" />
<cycle-start id="1506" type="scavenge" contextid="0" timestamp="2024-12-13T11:26:24.704" intervalms="7.260" />
<gc-start id="1507" type="scavenge" contextid="1506" timestamp="2024-12-13T11:26:24.704">
  <mem-info id="1508" free="4355264" total="24576000" percent="17">
    <mem type="nursery" free="0" total="3276800" percent="0">
      <mem type="allocate" free="0" total="2293760" percent="0" />
      <mem type="survivor" free="0" total="983040" percent="0" />
    </mem>
    <mem type="tenure" free="4355264" total="21299200" percent="20">
      <mem type="soa" free="3290304" total="20234240" percent="16" />
      <mem type="loa" free="1064960" total="1064960" percent="100" />
    </mem>
    <remembered-set count="306" />
  </mem-info>
</gc-start>
<allocation-stats totalBytes="2069120" discardedBytes="4992" >
  <allocated-bytes non-tlh="24" tlh="2069096" />
  <largest-consumer threadName="Default Executor-thread-1" threadId="000000010F870500" bytes="2069120" />
</allocation-stats>
<gc-op id="1509" type="scavenge" timems="0.263" contextid="1506" timestamp="2024-12-13T11:26:24.704">
  <scavenger-info tenureage="7" tenuremask="7f80" tiltratio="70" />
  <memory-copied type="nursery" objects="4093" bytes="420816" bytesdiscarded="174192" />
  <object-monitors candidates="17" cleared="0"  />
</gc-op>
<gc-end id="1510" type="scavenge" contextid="1506" durationms="0.355" usertimems="4.641" systemtimems="0.131" stalltimems="0.255" timestamp="2024-12-13T11:26:24.704" activeThreads="4">
  <mem-info id="1511" free="6119552" total="24576000" percent="24">
    <mem type="nursery" free="1764288" total="3276800" percent="53">
      <mem type="allocate" free="1764288" total="2359296" percent="74" />
      <mem type="survivor" free="0" total="917504" percent="0" />
    </mem>
    <mem type="tenure" free="4355264" total="21299200" percent="20">
      <mem type="soa" free="3290304" total="20234240" percent="16" />
      <mem type="loa" free="1064960" total="1064960" percent="100" />
    </mem>
    <remembered-set count="306" />
  </mem-info>
</gc-end>
<cycle-end id="1512" type="scavenge" contextid="1506" timestamp="2024-12-13T11:26:24.704" />
<allocation-satisfied id="1513" threadId="000000010F870500" bytesRequested="2072" />
<af-end id="1514" timestamp="2024-12-13T11:26:24.705" threadId="000000010F870F90" success="true" from="nursery"/>
<exclusive-end id="1515" timestamp="2024-12-13T11:26:24.705" durationms="0.529" />

<exclusive-start id="1516" timestamp="2024-12-13T11:26:24.715" intervalms="10.805">
  <response-info timems="4.494" idlems="2.257" threads="1" lastid="0000000138015100" lastname="JIT Compilation Thread-006" />
</exclusive-start>
<af-start id="1517" threadId="000000010F870F90" totalBytesRequested="2072" timestamp="2024-12-13T11:26:24.715" intervalms="10.821" type="nursery" />
<cycle-start id="1518" type="scavenge" contextid="0" timestamp="2024-12-13T11:26:24.715" intervalms="10.822" />
<gc-start id="1519" type="scavenge" contextid="1518" timestamp="2024-12-13T11:26:24.715">
  <mem-info id="1520" free="4355264" total="24576000" percent="17">
    <mem type="nursery" free="0" total="3276800" percent="0">
      <mem type="allocate" free="0" total="2359296" percent="0" />
      <mem type="survivor" free="0" total="917504" percent="0" />
    </mem>
    <mem type="tenure" free="4355264" total="21299200" percent="20">
      <mem type="soa" free="3290304" total="20234240" percent="16" />
      <mem type="loa" free="1064960" total="1064960" percent="100" />
    </mem>
    <remembered-set count="381" />
  </mem-info>
</gc-start>
<allocation-stats totalBytes="1759976" discardedBytes="4312" >
  <allocated-bytes non-tlh="2072" tlh="1757904" />
  <largest-consumer threadName="Default Executor-thread-1" threadId="000000010F870500" bytes="1759976" />
</allocation-stats>
<gc-op id="1521" type="scavenge" timems="0.307" contextid="1518" timestamp="2024-12-13T11:26:24.715">
  <scavenger-info tenureage="7" tenuremask="7f80" tiltratio="72" />
  <memory-copied type="nursery" objects="6073" bytes="747424" bytesdiscarded="131056" />
  <memory-copied type="tenure" objects="138" bytes="7568" bytesdiscarded="0" />
  <object-monitors candidates="17" cleared="0"  />
</gc-op>
<gc-end id="1522" type="scavenge" contextid="1518" durationms="0.367" usertimems="0.769" systemtimems="0.102" stalltimems="0.329" timestamp="2024-12-13T11:26:24.715" activeThreads="4">
  <mem-info id="1523" free="5573936" total="24576000" percent="22">
    <mem type="nursery" free="1218672" total="3276800" percent="37">
      <mem type="allocate" free="1218672" total="2097152" percent="58" />
      <mem type="survivor" free="0" total="1179648" percent="0" />
    </mem>
    <mem type="tenure" free="4355264" total="21299200" percent="20">
      <mem type="soa" free="3290304" total="20234240" percent="16" />
      <mem type="loa" free="1064960" total="1064960" percent="100" />
    </mem>
    <remembered-set count="365" />
  </mem-info>
</gc-end>
<cycle-end id="1524" type="scavenge" contextid="1518" timestamp="2024-12-13T11:26:24.715" />
<allocation-satisfied id="1525" threadId="000000010F870500" bytesRequested="2072" />
<af-end id="1526" timestamp="2024-12-13T11:26:24.715" threadId="000000010F870F90" success="true" from="nursery"/>
<exclusive-end id="1527" timestamp="2024-12-13T11:26:24.715" durationms="0.548" />

<exclusive-start id="1528" timestamp="2024-12-13T11:26:24.723" intervalms="8.058">
  <response-info timems="4.635" idlems="2.319" threads="1" lastid="00000001280C2300" lastname="JIT Compilation Thread-004" />
</exclusive-start>
<af-start id="1529" threadId="000000010F870F90" totalBytesRequested="4120" timestamp="2024-12-13T11:26:24.723" intervalms="8.059" type="nursery" />
<cycle-start id="1530" type="scavenge" contextid="0" timestamp="2024-12-13T11:26:24.723" intervalms="8.062" />
<gc-start id="1531" type="scavenge" contextid="1530" timestamp="2024-12-13T11:26:24.723">
  <mem-info id="1532" free="4355264" total="24576000" percent="17">
    <mem type="nursery" free="0" total="3276800" percent="0">
      <mem type="allocate" free="0" total="2097152" percent="0" />
      <mem type="survivor" free="0" total="1179648" percent="0" />
    </mem>
    <mem type="tenure" free="4355264" total="21299200" percent="20">
      <mem type="soa" free="3290304" total="20234240" percent="16" />
      <mem type="loa" free="1064960" total="1064960" percent="100" />
    </mem>
    <remembered-set count="397" />
  </mem-info>
</gc-start>
<allocation-stats totalBytes="1215216" discardedBytes="3456" >
  <allocated-bytes non-tlh="2072" tlh="1213144" />
  <largest-consumer threadName="Default Executor-thread-1" threadId="000000010F870500" bytes="1215216" />
</allocation-stats>
<gc-op id="1533" type="scavenge" timems="0.349" contextid="1530" timestamp="2024-12-13T11:26:24.723">
  <scavenger-info tenureage="6" tenuremask="7fc0" tiltratio="64" />
  <memory-copied type="nursery" objects="4014" bytes="217152" bytesdiscarded="69584" />
  <object-monitors candidates="17" cleared="0"  />
</gc-op>
<gc-end id="1534" type="scavenge" contextid="1530" durationms="0.392" usertimems="1.384" systemtimems="0.130" stalltimems="0.613" timestamp="2024-12-13T11:26:24.723" activeThreads="4">
  <mem-info id="1535" free="6231216" total="24576000" percent="25">
    <mem type="nursery" free="1875952" total="3276800" percent="57">
      <mem type="allocate" free="1875952" total="2162688" percent="86" />
      <mem type="survivor" free="0" total="1114112" percent="0" />
    </mem>
    <mem type="tenure" free="4355264" total="21299200" percent="20">
      <mem type="soa" free="3290304" total="20234240" percent="16" />
      <mem type="loa" free="1064960" total="1064960" percent="100" />
    </mem>
    <remembered-set count="396" />
  </mem-info>
</gc-end>
<cycle-end id="1536" type="scavenge" contextid="1530" timestamp="2024-12-13T11:26:24.723" />
<allocation-satisfied id="1537" threadId="000000010F870500" bytesRequested="4120" />
<af-end id="1538" timestamp="2024-12-13T11:26:24.723" threadId="000000010F870F90" success="true" from="nursery"/>
<exclusive-end id="1539" timestamp="2024-12-13T11:26:24.723" durationms="0.554" />

<exclusive-start id="1540" timestamp="2024-12-13T11:26:24.734" intervalms="11.003">
  <response-info timems="0.012" idlems="0.010" threads="1" lastid="00000001280B8300" lastname="JIT Compilation Thread-003" />
</exclusive-start>
<af-start id="1541" threadId="000000010F870F90" totalBytesRequested="40" timestamp="2024-12-13T11:26:24.734" intervalms="10.996" type="nursery" />
<cycle-start id="1542" type="scavenge" contextid="0" timestamp="2024-12-13T11:26:24.734" intervalms="10.999" />
<gc-start id="1543" type="scavenge" contextid="1542" timestamp="2024-12-13T11:26:24.734">
  <mem-info id="1544" free="4355264" total="24576000" percent="17">
    <mem type="nursery" free="0" total="3276800" percent="0">
      <mem type="allocate" free="0" total="2162688" percent="0" />
      <mem type="survivor" free="0" total="1114112" percent="0" />
    </mem>
    <mem type="tenure" free="4355264" total="21299200" percent="20">
      <mem type="soa" free="3290304" total="20234240" percent="16" />
      <mem type="loa" free="1064960" total="1064960" percent="100" />
    </mem>
    <remembered-set count="425" />
  </mem-info>
</gc-start>
<allocation-stats totalBytes="1874560" discardedBytes="1392" >
  <allocated-bytes non-tlh="4120" tlh="1870440" />
  <largest-consumer threadName="Default Executor-thread-1" threadId="000000010F870500" bytes="1874560" />
</allocation-stats>
<gc-op id="1545" type="scavenge" timems="0.293" contextid="1542" timestamp="2024-12-13T11:26:24.734">
  <scavenger-info tenureage="5" tenuremask="7fe0" tiltratio="66" />
  <memory-copied type="nursery" objects="4344" bytes="232280" bytesdiscarded="53416" />
  <memory-copied type="tenure" objects="706" bytes="34000" bytesdiscarded="24" />
  <object-monitors candidates="17" cleared="0"  />
</gc-op>
<gc-end id="1546" type="scavenge" contextid="1542" durationms="0.351" usertimems="1.237" systemtimems="0.120" stalltimems="0.357" timestamp="2024-12-13T11:26:24.734" activeThreads="4">
  <mem-info id="1547" free="6321856" total="24576000" percent="25">
    <mem type="nursery" free="2008064" total="3276800" percent="61">
      <mem type="allocate" free="2008064" total="2293760" percent="87" />
      <mem type="survivor" free="0" total="983040" percent="0" />
    </mem>
    <mem type="tenure" free="4313792" total="21299200" percent="20">
      <mem type="soa" free="3248832" total="20234240" percent="16" />
      <mem type="loa" free="1064960" total="1064960" percent="100" />
    </mem>
    <remembered-set count="384" />
  </mem-info>
</gc-end>
<cycle-end id="1548" type="scavenge" contextid="1542" timestamp="2024-12-13T11:26:24.734" />
<allocation-satisfied id="1549" threadId="000000010F870500" bytesRequested="40" />
<af-end id="1550" timestamp="2024-12-13T11:26:24.734" threadId="000000010F870F90" success="true" from="nursery"/>
<exclusive-end id="1551" timestamp="2024-12-13T11:26:24.734" durationms="0.516" />

<exclusive-start id="1552" timestamp="2024-12-13T11:26:24.744" intervalms="10.605">
  <response-info timems="5.246" idlems="1.765" threads="2" lastid="000000013800C300" lastname="JIT Compilation Thread-005" />
</exclusive-start>
<af-start id="1553" threadId="000000010F870F90" totalBytesRequested="144" timestamp="2024-12-13T11:26:24.745" intervalms="10.619" type="nursery" />
<cycle-start id="1554" type="scavenge" contextid="0" timestamp="2024-12-13T11:26:24.745" intervalms="10.614" />
<gc-start id="1555" type="scavenge" contextid="1554" timestamp="2024-12-13T11:26:24.745">
  <mem-info id="1556" free="4313792" total="24576000" percent="17">
    <mem type="nursery" free="0" total="3276800" percent="0">
      <mem type="allocate" free="0" total="2293760" percent="0" />
      <mem type="survivor" free="0" total="983040" percent="0" />
    </mem>
    <mem type="tenure" free="4313792" total="21299200" percent="20">
      <mem type="soa" free="3248832" total="20234240" percent="16" />
      <mem type="loa" free="1064960" total="1064960" percent="100" />
    </mem>
    <remembered-set count="388" />
  </mem-info>
</gc-start>
<allocation-stats totalBytes="2006664" discardedBytes="1400" >
  <allocated-bytes non-tlh="40" tlh="2006624" />
  <largest-consumer threadName="Default Executor-thread-1" threadId="000000010F870500" bytes="2006664" />
</allocation-stats>
<gc-op id="1557" type="scavenge" timems="0.471" contextid="1554" timestamp="2024-12-13T11:26:24.745">
  <scavenger-info tenureage="3" tenuremask="7fc8" tiltratio="70" />
  <memory-copied type="nursery" objects="10311" bytes="965464" bytesdiscarded="17576" />
  <memory-copied type="tenure" objects="4711" bytes="492952" bytesdiscarded="600" />
  <copy-failed type="nursery" objects="3803" bytes="450192" />
  <object-monitors candidates="17" cleared="0"  />
</gc-op>
<gc-end id="1558" type="scavenge" contextid="1554" durationms="0.533" usertimems="1.261" systemtimems="0.147" stalltimems="0.452" timestamp="2024-12-13T11:26:24.745" activeThreads="4">
  <mem-info id="1559" free="4420280" total="24576000" percent="17">
    <mem type="nursery" free="655360" total="3276800" percent="20">
      <mem type="allocate" free="655360" total="1638400" percent="40" />
      <mem type="survivor" free="0" total="1638400" percent="0" />
    </mem>
    <mem type="tenure" free="3764920" total="21299200" percent="17">
      <mem type="soa" free="2699960" total="20234240" percent="13" />
      <mem type="loa" free="1064960" total="1064960" percent="100" />
    </mem>
    <remembered-set count="363" />
  </mem-info>
</gc-end>
<cycle-end id="1560" type="scavenge" contextid="1554" timestamp="2024-12-13T11:26:24.745" />
<allocation-satisfied id="1561" threadId="000000010F870500" bytesRequested="144" />
<af-end id="1562" timestamp="2024-12-13T11:26:24.745" threadId="000000010F870F90" success="true" from="nursery"/>
<exclusive-end id="1563" timestamp="2024-12-13T11:26:24.745" durationms="0.718" />

<exclusive-start id="1564" timestamp="2024-12-13T11:26:24.751" intervalms="6.975">
  <response-info timems="3.319" idlems="1.661" threads="1" lastid="00000001280B8300" lastname="JIT Compilation Thread-003" />
</exclusive-start>
<af-start id="1565" threadId="000000010F870F90" totalBytesRequested="40" timestamp="2024-12-13T11:26:24.751" intervalms="6.943" type="nursery" />
<cycle-start id="1566" type="scavenge" contextid="0" timestamp="2024-12-13T11:26:24.751" intervalms="6.942" />
<gc-start id="1567" type="scavenge" contextid="1566" timestamp="2024-12-13T11:26:24.752">
  <mem-info id="1568" free="3764920" total="24576000" percent="15">
    <mem type="nursery" free="0" total="3276800" percent="0">
      <mem type="allocate" free="0" total="1638400" percent="0" />
      <mem type="survivor" free="0" total="1638400" percent="0" />
    </mem>
    <mem type="tenure" free="3764920" total="21299200" percent="17">
      <mem type="soa" free="2699960" total="20234240" percent="13" />
      <mem type="loa" free="1064960" total="1064960" percent="100" />
    </mem>
    <remembered-set count="469" />
  </mem-info>
</gc-start>
<allocation-stats totalBytes="654832" discardedBytes="528" >
  <allocated-bytes non-tlh="144" tlh="654688" />
  <largest-consumer threadName="Default Executor-thread-1" threadId="000000010F870500" bytes="642544" />
</allocation-stats>
<gc-op id="1569" type="scavenge" timems="0.410" contextid="1566" timestamp="2024-12-13T11:26:24.752">
  <scavenger-info tenureage="3" tenuremask="ffe8" tiltratio="50" />
  <memory-copied type="nursery" objects="12300" bytes="1142008" bytesdiscarded="245912" />
  <memory-copied type="tenure" objects="1962" bytes="102816" bytesdiscarded="16" />
  <ownableSynchronizers candidates="4" cleared="0" />
  <references type="weak" candidates="2" cleared="0" enqueued="0" />
  <object-monitors candidates="19" cleared="0"  />
</gc-op>
<heap-resize id="1570" type="expand" space="nursery" amount="262144" count="1" timems="0.019" reason="excessive time being spent scavenging" timestamp="2024-12-13T11:26:24.752" />
<gc-end id="1571" type="scavenge" contextid="1566" durationms="0.483" usertimems="1.479" systemtimems="0.247" stalltimems="0.510" timestamp="2024-12-13T11:26:24.752" activeThreads="5">
  <mem-info id="1572" free="4076568" total="24838144" percent="16">
    <mem type="nursery" free="381536" total="3538944" percent="10">
      <mem type="allocate" free="381536" total="1769472" percent="21" />
      <mem type="survivor" free="0" total="1769472" percent="0" />
    </mem>
    <mem type="tenure" free="3695032" total="21299200" percent="17">
      <mem type="soa" free="2630072" total="20234240" percent="12" />
      <mem type="loa" free="1064960" total="1064960" percent="100" />
    </mem>
    <remembered-set count="383" />
  </mem-info>
</gc-end>
<cycle-end id="1573" type="scavenge" contextid="1566" timestamp="2024-12-13T11:26:24.752" />
<allocation-satisfied id="1574" threadId="000000010F870500" bytesRequested="40" />
<af-end id="1575" timestamp="2024-12-13T11:26:24.752" threadId="000000010F870F90" success="true" from="nursery"/>
<exclusive-end id="1576" timestamp="2024-12-13T11:26:24.752" durationms="0.626" />

<exclusive-start id="1577" timestamp="2024-12-13T11:26:24.753" intervalms="1.490">
  <response-info timems="0.008" idlems="0.006" threads="2" lastid="0000000128099300" lastname="JIT Compilation Thread-000" />
</exclusive-start>
<af-start id="1578" threadId="000000010F870F90" totalBytesRequested="24" timestamp="2024-12-13T11:26:24.753" intervalms="1.470" type="nursery" />
<cycle-start id="1579" type="scavenge" contextid="0" timestamp="2024-12-13T11:26:24.753" intervalms="1.452" />
<gc-start id="1580" type="scavenge" contextid="1579" timestamp="2024-12-13T11:26:24.753">
  <mem-info id="1581" free="3695032" total="24838144" percent="14">
    <mem type="nursery" free="0" total="3538944" percent="0">
      <mem type="allocate" free="0" total="1769472" percent="0" />
      <mem type="survivor" free="0" total="1769472" percent="0" />
    </mem>
    <mem type="tenure" free="3695032" total="21299200" percent="17">
      <mem type="soa" free="2630072" total="20234240" percent="12" />
      <mem type="loa" free="1064960" total="1064960" percent="100" />
    </mem>
    <remembered-set count="416" />
  </mem-info>
</gc-start>
<allocation-stats totalBytes="381176" discardedBytes="360" >
  <allocated-bytes non-tlh="40" tlh="381136" />
  <largest-consumer threadName="Default Executor-thread-1" threadId="000000010F870500" bytes="381176" />
</allocation-stats>
<gc-op id="1582" type="scavenge" timems="0.686" contextid="1579" timestamp="2024-12-13T11:26:24.754">
  <scavenger-info tenureage="2" tenuremask="fffc" tiltratio="50" />
  <memory-copied type="nursery" objects="6213" bytes="446240" bytesdiscarded="74464" />
  <memory-copied type="tenure" objects="8237" bytes="856984" bytesdiscarded="832" />
  <ownableSynchronizers candidates="4" cleared="0" />
  <references type="weak" candidates="2" cleared="0" enqueued="0" />
  <object-monitors candidates="19" cleared="0"  />
</gc-op>
<heap-resize id="1583" type="expand" space="nursery" amount="786432" count="1" timems="0.018" reason="excessive time being spent scavenging" timestamp="2024-12-13T11:26:24.754" />
<gc-end id="1584" type="scavenge" contextid="1579" durationms="0.781" usertimems="2.122" systemtimems="0.571" stalltimems="1.904" timestamp="2024-12-13T11:26:24.754" activeThreads="6">
  <mem-info id="1585" free="4672952" total="25624576" percent="18">
    <mem type="nursery" free="1641984" total="4325376" percent="37">
      <mem type="allocate" free="1641984" total="2162688" percent="75" />
      <mem type="survivor" free="0" total="2162688" percent="0" />
    </mem>
    <mem type="tenure" free="3030968" total="21299200" percent="14">
      <mem type="soa" free="1966008" total="20234240" percent="9" />
      <mem type="loa" free="1064960" total="1064960" percent="100" />
    </mem>
    <remembered-set count="403" />
  </mem-info>
</gc-end>
<cycle-end id="1586" type="scavenge" contextid="1579" timestamp="2024-12-13T11:26:24.754" />
<allocation-satisfied id="1587" threadId="000000010F870500" bytesRequested="24" />
<af-end id="1588" timestamp="2024-12-13T11:26:24.754" threadId="000000010F870F90" success="true" from="nursery"/>
<exclusive-end id="1589" timestamp="2024-12-13T11:26:24.754" durationms="0.884" />

<exclusive-start id="1590" timestamp="2024-12-13T11:26:24.764" intervalms="11.196">
  <response-info timems="5.438" idlems="2.722" threads="1" lastid="00000001280C2300" lastname="JIT Compilation Thread-004" />
</exclusive-start>
<af-start id="1591" threadId="000000010F870F90" totalBytesRequested="144" timestamp="2024-12-13T11:26:24.764" intervalms="11.283" type="nursery" />
<cycle-start id="1592" type="scavenge" contextid="0" timestamp="2024-12-13T11:26:24.764" intervalms="11.337" />
<gc-start id="1593" type="scavenge" contextid="1592" timestamp="2024-12-13T11:26:24.764">
  <mem-info id="1594" free="3030968" total="25624576" percent="11">
    <mem type="nursery" free="0" total="4325376" percent="0">
      <mem type="allocate" free="0" total="2162688" percent="0" />
      <mem type="survivor" free="0" total="2162688" percent="0" />
    </mem>
    <mem type="tenure" free="3030968" total="21299200" percent="14">
      <mem type="soa" free="1966008" total="20234240" percent="9" />
      <mem type="loa" free="1064960" total="1064960" percent="100" />
    </mem>
    <remembered-set count="565" />
  </mem-info>
</gc-start>
<allocation-stats totalBytes="1640736" discardedBytes="1248" >
  <allocated-bytes non-tlh="24" tlh="1640712" />
  <largest-consumer threadName="Default Executor-thread-1" threadId="000000010F870500" bytes="1640736" />
</allocation-stats>
<gc-op id="1595" type="scavenge" timems="0.379" contextid="1592" timestamp="2024-12-13T11:26:24.765">
  <scavenger-info tenureage="4" tenuremask="fff0" tiltratio="50" />
  <memory-copied type="nursery" objects="10629" bytes="778128" bytesdiscarded="181040" />
  <ownableSynchronizers candidates="4" cleared="0" />
  <references type="weak" candidates="2" cleared="0" enqueued="0" />
  <object-monitors candidates="19" cleared="0"  />
</gc-op>
<gc-end id="1596" type="scavenge" contextid="1592" durationms="0.447" usertimems="1.305" systemtimems="0.291" stalltimems="0.634" timestamp="2024-12-13T11:26:24.765" activeThreads="6">
  <mem-info id="1597" free="4234488" total="25624576" percent="16">
    <mem type="nursery" free="1203520" total="4325376" percent="27">
      <mem type="allocate" free="1203520" total="2162688" percent="55" />
      <mem type="survivor" free="0" total="2162688" percent="0" />
    </mem>
    <mem type="tenure" free="3030968" total="21299200" percent="14">
      <mem type="soa" free="1966008" total="20234240" percent="9" />
      <mem type="loa" free="1064960" total="1064960" percent="100" />
    </mem>
    <remembered-set count="565" />
  </mem-info>
</gc-end>
<cycle-end id="1598" type="scavenge" contextid="1592" timestamp="2024-12-13T11:26:24.765" />
<allocation-satisfied id="1599" threadId="000000010F870500" bytesRequested="144" />
<af-end id="1600" timestamp="2024-12-13T11:26:24.765" threadId="000000010F870F90" success="true" from="nursery"/>
<exclusive-end id="1601" timestamp="2024-12-13T11:26:24.765" durationms="0.697" />

<exclusive-start id="1602" timestamp="2024-12-13T11:26:24.772" intervalms="8.274">
  <response-info timems="3.148" idlems="1.060" threads="2" lastid="0000000138015100" lastname="JIT Compilation Thread-006" />
</exclusive-start>
<af-start id="1603" threadId="000000010F870F90" totalBytesRequested="48" timestamp="2024-12-13T11:26:24.772" intervalms="8.245" type="nursery" />
<cycle-start id="1604" type="scavenge" contextid="0" timestamp="2024-12-13T11:26:24.773" intervalms="8.214" />
<gc-start id="1605" type="scavenge" contextid="1604" timestamp="2024-12-13T11:26:24.773">
  <mem-info id="1606" free="3030968" total="25624576" percent="11">
    <mem type="nursery" free="0" total="4325376" percent="0">
      <mem type="allocate" free="0" total="2162688" percent="0" />
      <mem type="survivor" free="0" total="2162688" percent="0" />
    </mem>
    <mem type="tenure" free="3030968" total="21299200" percent="14">
      <mem type="soa" free="1966008" total="20234240" percent="9" />
      <mem type="loa" free="1064960" total="1064960" percent="100" />
    </mem>
    <remembered-set count="595" />
  </mem-info>
</gc-start>
<allocation-stats totalBytes="1203040" discardedBytes="480" >
  <allocated-bytes non-tlh="144" tlh="1202896" />
  <largest-consumer threadName="Default Executor-thread-1" threadId="000000010F870500" bytes="1203040" />
</allocation-stats>
<gc-op id="1607" type="scavenge" timems="0.456" contextid="1604" timestamp="2024-12-13T11:26:24.773">
  <scavenger-info tenureage="3" tenuremask="fff8" tiltratio="50" />
  <memory-copied type="nursery" objects="8445" bytes="704616" bytesdiscarded="272496" />
  <memory-copied type="tenure" objects="3828" bytes="271976" bytesdiscarded="472" />
  <ownableSynchronizers candidates="4" cleared="0" />
  <object-monitors candidates="19" cleared="0"  />
</gc-op>
<gc-end id="1608" type="scavenge" contextid="1604" durationms="0.512" usertimems="1.388" systemtimems="0.290" stalltimems="0.990" timestamp="2024-12-13T11:26:24.773" activeThreads="6">
  <mem-info id="1609" free="4095968" total="25624576" percent="15">
    <mem type="nursery" free="1382184" total="4325376" percent="31">
      <mem type="allocate" free="1382184" total="2359296" percent="58" />
      <mem type="survivor" free="0" total="1966080" percent="0" />
    </mem>
    <mem type="tenure" free="2713784" total="21299200" percent="12">
      <mem type="soa" free="1648824" total="20234240" percent="8" />
      <mem type="loa" free="1064960" total="1064960" percent="100" />
    </mem>
    <remembered-set count="517" />
  </mem-info>
</gc-end>
<cycle-end id="1610" type="scavenge" contextid="1604" timestamp="2024-12-13T11:26:24.773" />
<allocation-satisfied id="1611" threadId="000000010F870500" bytesRequested="48" />
<af-end id="1612" timestamp="2024-12-13T11:26:24.773" threadId="000000010F870F90" success="true" from="nursery"/>
<exclusive-end id="1613" timestamp="2024-12-13T11:26:24.773" durationms="0.689" />

<exclusive-start id="1614" timestamp="2024-12-13T11:26:24.780" intervalms="7.916">
  <response-info timems="1.998" idlems="1.002" threads="1" lastid="000000013800C300" lastname="JIT Compilation Thread-005" />
</exclusive-start>
<af-start id="1615" threadId="000000010F870F90" totalBytesRequested="32" timestamp="2024-12-13T11:26:24.780" intervalms="7.928" type="nursery" />
<cycle-start id="1616" type="scavenge" contextid="0" timestamp="2024-12-13T11:26:24.780" intervalms="7.941" />
<gc-start id="1617" type="scavenge" contextid="1616" timestamp="2024-12-13T11:26:24.780">
  <mem-info id="1618" free="2713784" total="25624576" percent="10">
    <mem type="nursery" free="0" total="4325376" percent="0">
      <mem type="allocate" free="0" total="2359296" percent="0" />
      <mem type="survivor" free="0" total="1966080" percent="0" />
    </mem>
    <mem type="tenure" free="2713784" total="21299200" percent="12">
      <mem type="soa" free="1648824" total="20234240" percent="8" />
      <mem type="loa" free="1064960" total="1064960" percent="100" />
    </mem>
    <remembered-set count="559" />
  </mem-info>
</gc-start>
<allocation-stats totalBytes="1381208" discardedBytes="976" >
  <allocated-bytes non-tlh="48" tlh="1381160" />
  <largest-consumer threadName="Default Executor-thread-1" threadId="000000010F870500" bytes="1381208" />
</allocation-stats>
<gc-op id="1619" type="scavenge" timems="0.386" contextid="1616" timestamp="2024-12-13T11:26:24.781">
  <scavenger-info tenureage="3" tenuremask="7ff8" tiltratio="54" />
  <memory-copied type="nursery" objects="4360" bytes="245344" bytesdiscarded="113888" />
  <memory-copied type="tenure" objects="2120" bytes="159776" bytesdiscarded="760" />
  <object-monitors candidates="19" cleared="0"  />
</gc-op>
<heap-resize id="1620" type="expand" space="nursery" amount="262144" count="1" timems="0.012" reason="excessive time being spent scavenging" timestamp="2024-12-13T11:26:24.781" />
<gc-end id="1621" type="scavenge" contextid="1616" durationms="0.468" usertimems="0.751" systemtimems="0.291" stalltimems="1.236" timestamp="2024-12-13T11:26:24.781" activeThreads="6">
  <mem-info id="1622" free="4999544" total="25886720" percent="19">
    <mem type="nursery" free="2393280" total="4587520" percent="52">
      <mem type="allocate" free="2393280" total="2752512" percent="86" />
      <mem type="survivor" free="0" total="1835008" percent="0" />
    </mem>
    <mem type="tenure" free="2606264" total="21299200" percent="12">
      <mem type="soa" free="1541304" total="20234240" percent="7" />
      <mem type="loa" free="1064960" total="1064960" percent="100" />
    </mem>
    <remembered-set count="560" />
  </mem-info>
</gc-end>
<cycle-end id="1623" type="scavenge" contextid="1616" timestamp="2024-12-13T11:26:24.781" />
<allocation-satisfied id="1624" threadId="000000010F870500" bytesRequested="32" />
<af-end id="1625" timestamp="2024-12-13T11:26:24.781" threadId="000000010F870F90" success="true" from="nursery"/>
<exclusive-end id="1626" timestamp="2024-12-13T11:26:24.781" durationms="0.672" />

<exclusive-start id="1627" timestamp="2024-12-13T11:26:24.787" intervalms="7.002">
  <response-info timems="1.325" idlems="0.458" threads="2" lastid="0000000128099300" lastname="JIT Compilation Thread-000" />
</exclusive-start>
<af-start id="1628" threadId="000000010F870F90" totalBytesRequested="56" timestamp="2024-12-13T11:26:24.787" intervalms="6.972" type="nursery" />
<cycle-start id="1629" type="scavenge" contextid="0" timestamp="2024-12-13T11:26:24.787" intervalms="6.980" />
<gc-start id="1630" type="scavenge" contextid="1629" timestamp="2024-12-13T11:26:24.787">
  <mem-info id="1631" free="2606264" total="25886720" percent="10">
    <mem type="nursery" free="0" total="4587520" percent="0">
      <mem type="allocate" free="0" total="2752512" percent="0" />
      <mem type="survivor" free="0" total="1835008" percent="0" />
    </mem>
    <mem type="tenure" free="2606264" total="21299200" percent="12">
      <mem type="soa" free="1541304" total="20234240" percent="7" />
      <mem type="loa" free="1064960" total="1064960" percent="100" />
    </mem>
    <remembered-set count="581" />
  </mem-info>
</gc-start>
<allocation-stats totalBytes="2391032" discardedBytes="2248" >
  <allocated-bytes non-tlh="32" tlh="2391000" />
  <largest-consumer threadName="Default Executor-thread-1" threadId="000000010F870500" bytes="2391032" />
</allocation-stats>
<gc-op id="1632" type="scavenge" timems="0.383" contextid="1629" timestamp="2024-12-13T11:26:24.788">
  <scavenger-info tenureage="4" tenuremask="fff0" tiltratio="60" />
  <memory-copied type="nursery" objects="10408" bytes="991592" bytesdiscarded="92480" />
  <object-monitors candidates="19" cleared="0"  />
</gc-op>
<gc-end id="1633" type="scavenge" contextid="1629" durationms="0.433" usertimems="1.134" systemtimems="0.186" stalltimems="0.625" timestamp="2024-12-13T11:26:24.788" activeThreads="5">
  <mem-info id="1634" free="4143632" total="25886720" percent="16">
    <mem type="nursery" free="1537368" total="4587520" percent="33">
      <mem type="allocate" free="1537368" total="2621440" percent="58" />
      <mem type="survivor" free="0" total="1966080" percent="0" />
    </mem>
    <mem type="tenure" free="2606264" total="21299200" percent="12">
      <mem type="soa" free="1541304" total="20234240" percent="7" />
      <mem type="loa" free="1064960" total="1064960" percent="100" />
    </mem>
    <remembered-set count="581" />
  </mem-info>
</gc-end>
<cycle-end id="1635" type="scavenge" contextid="1629" timestamp="2024-12-13T11:26:24.788" />
<allocation-satisfied id="1636" threadId="000000010F870500" bytesRequested="56" />
<af-end id="1637" timestamp="2024-12-13T11:26:24.788" threadId="000000010F870F90" success="true" from="nursery"/>
<exclusive-end id="1638" timestamp="2024-12-13T11:26:24.788" durationms="0.624" />

<exclusive-start id="1639" timestamp="2024-12-13T11:26:24.794" intervalms="7.047">
  <response-info timems="0.010" idlems="0.007" threads="1" lastid="000000013804ED00" lastname="IProfiler" />
</exclusive-start>
<af-start id="1640" threadId="000000010F870F90" totalBytesRequested="48" timestamp="2024-12-13T11:26:24.794" intervalms="7.040" type="nursery" />
<cycle-start id="1641" type="scavenge" contextid="0" timestamp="2024-12-13T11:26:24.794" intervalms="7.010" />
<gc-start id="1642" type="scavenge" contextid="1641" timestamp="2024-12-13T11:26:24.794">
  <mem-info id="1643" free="2606264" total="25886720" percent="10">
    <mem type="nursery" free="0" total="4587520" percent="0">
      <mem type="allocate" free="0" total="2621440" percent="0" />
      <mem type="survivor" free="0" total="1966080" percent="0" />
    </mem>
    <mem type="tenure" free="2606264" total="21299200" percent="12">
      <mem type="soa" free="1541304" total="20234240" percent="7" />
      <mem type="loa" free="1064960" total="1064960" percent="100" />
    </mem>
    <remembered-set count="651" />
  </mem-info>
</gc-start>
<allocation-stats totalBytes="1536424" discardedBytes="944" >
  <allocated-bytes non-tlh="56" tlh="1536368" />
  <largest-consumer threadName="Default Executor-thread-1" threadId="000000010F870500" bytes="1536424" />
</allocation-stats>
<gc-op id="1644" type="scavenge" timems="0.322" contextid="1641" timestamp="2024-12-13T11:26:24.795">
  <scavenger-info tenureage="3" tenuremask="7ff8" tiltratio="57" />
  <memory-copied type="nursery" objects="3329" bytes="186096" bytesdiscarded="53520" />
  <memory-copied type="tenure" objects="2501" bytes="125256" bytesdiscarded="168" />
  <object-monitors candidates="19" cleared="0"  />
</gc-op>
<gc-end id="1645" type="scavenge" contextid="1641" durationms="0.404" usertimems="4.309" systemtimems="0.168" stalltimems="0.571" timestamp="2024-12-13T11:26:24.795" activeThreads="5">
  <mem-info id="1646" free="5023416" total="25886720" percent="19">
    <mem type="nursery" free="2578432" total="4587520" percent="56">
      <mem type="allocate" free="2578432" total="2818048" percent="91" />
      <mem type="survivor" free="0" total="1769472" percent="0" />
    </mem>
    <mem type="tenure" free="2444984" total="21299200" percent="11">
      <mem type="soa" free="1380024" total="20234240" percent="6" />
      <mem type="loa" free="1064960" total="1064960" percent="100" />
    </mem>
    <remembered-set count="336" />
  </mem-info>
</gc-end>
<cycle-end id="1647" type="scavenge" contextid="1641" timestamp="2024-12-13T11:26:24.795" />
<allocation-satisfied id="1648" threadId="000000010F870500" bytesRequested="48" />
<af-end id="1649" timestamp="2024-12-13T11:26:24.795" threadId="000000010F870F90" success="true" from="nursery"/>
<exclusive-end id="1650" timestamp="2024-12-13T11:26:24.795" durationms="0.581" />

<exclusive-start id="1651" timestamp="2024-12-13T11:26:24.809" intervalms="15.092">
  <response-info timems="2.086" idlems="1.047" threads="1" lastid="000000013800C300" lastname="JIT Compilation Thread-005" />
</exclusive-start>
<af-start id="1652" threadId="000000010F870F90" totalBytesRequested="2072" timestamp="2024-12-13T11:26:24.810" intervalms="15.125" type="nursery" />
<cycle-start id="1653" type="scavenge" contextid="0" timestamp="2024-12-13T11:26:24.810" intervalms="15.141" />
<gc-start id="1654" type="scavenge" contextid="1653" timestamp="2024-12-13T11:26:24.810">
  <mem-info id="1655" free="2444984" total="25886720" percent="9">
    <mem type="nursery" free="0" total="4587520" percent="0">
      <mem type="allocate" free="0" total="2818048" percent="0" />
      <mem type="survivor" free="0" total="1769472" percent="0" />
    </mem>
    <mem type="tenure" free="2444984" total="21299200" percent="11">
      <mem type="soa" free="1380024" total="20234240" percent="6" />
      <mem type="loa" free="1064960" total="1064960" percent="100" />
    </mem>
    <remembered-set count="424" />
  </mem-info>
</gc-start>
<allocation-stats totalBytes="2576248" discardedBytes="2184" >
  <allocated-bytes non-tlh="48" tlh="2576200" />
  <largest-consumer threadName="Default Executor-thread-1" threadId="000000010F870500" bytes="2576248" />
</allocation-stats>
<gc-op id="1656" type="scavenge" timems="0.427" contextid="1653" timestamp="2024-12-13T11:26:24.810">
  <scavenger-info tenureage="3" tenuremask="fff8" tiltratio="61" />
  <memory-copied type="nursery" objects="8744" bytes="992896" bytesdiscarded="205232" />
  <memory-copied type="tenure" objects="518" bytes="25376" bytesdiscarded="8" />
  <object-monitors candidates="19" cleared="0"  />
</gc-op>
<gc-end id="1657" type="scavenge" contextid="1653" durationms="0.500" usertimems="1.103" systemtimems="0.204" stalltimems="0.824" timestamp="2024-12-13T11:26:24.810" activeThreads="5">
  <mem-info id="1658" free="3782024" total="25886720" percent="14">
    <mem type="nursery" free="1357776" total="4587520" percent="29">
      <mem type="allocate" free="1357776" total="2555904" percent="53" />
      <mem type="survivor" free="0" total="2031616" percent="0" />
    </mem>
    <mem type="tenure" free="2424248" total="21299200" percent="11">
      <mem type="soa" free="1359288" total="20234240" percent="6" />
      <mem type="loa" free="1064960" total="1064960" percent="100" />
    </mem>
    <remembered-set count="383" />
  </mem-info>
</gc-end>
<cycle-end id="1659" type="scavenge" contextid="1653" timestamp="2024-12-13T11:26:24.810" />
<allocation-satisfied id="1660" threadId="000000010F870500" bytesRequested="2072" />
<af-end id="1661" timestamp="2024-12-13T11:26:24.810" threadId="000000010F870F90" success="true" from="nursery"/>
<exclusive-end id="1662" timestamp="2024-12-13T11:26:24.810" durationms="0.710" />

<exclusive-start id="1663" timestamp="2024-12-13T11:26:24.813" intervalms="3.501">
  <response-info timems="0.006" idlems="0.003" threads="1" lastid="000000013804ED00" lastname="IProfiler" />
</exclusive-start>
<af-start id="1664" threadId="000000010F870F90" totalBytesRequested="96" timestamp="2024-12-13T11:26:24.813" intervalms="3.453" type="nursery" />
<cycle-start id="1665" type="scavenge" contextid="0" timestamp="2024-12-13T11:26:24.813" intervalms="3.433" />
<gc-start id="1666" type="scavenge" contextid="1665" timestamp="2024-12-13T11:26:24.813">
  <mem-info id="1667" free="2424248" total="25886720" percent="9">
    <mem type="nursery" free="0" total="4587520" percent="0">
      <mem type="allocate" free="0" total="2555904" percent="0" />
      <mem type="survivor" free="0" total="2031616" percent="0" />
    </mem>
    <mem type="tenure" free="2424248" total="21299200" percent="11">
      <mem type="soa" free="1359288" total="20234240" percent="6" />
      <mem type="loa" free="1064960" total="1064960" percent="100" />
    </mem>
    <remembered-set count="383" />
  </mem-info>
</gc-start>
<allocation-stats totalBytes="1356992" discardedBytes="784" >
  <allocated-bytes non-tlh="2072" tlh="1354920" />
  <largest-consumer threadName="Default Executor-thread-1" threadId="000000010F870500" bytes="1356992" />
</allocation-stats>
<gc-op id="1668" type="scavenge" timems="0.606" contextid="1665" timestamp="2024-12-13T11:26:24.814">
  <scavenger-info tenureage="3" tenuremask="7ff8" tiltratio="55" />
  <memory-copied type="nursery" objects="18038" bytes="1632224" bytesdiscarded="66336" />
  <memory-copied type="tenure" objects="689" bytes="35160" bytesdiscarded="0" />
  <object-monitors candidates="19" cleared="0"  />
</gc-op>
<heap-resize id="1669" type="expand" space="nursery" amount="524288" count="1" timems="0.025" reason="excessive time being spent scavenging" timestamp="2024-12-13T11:26:24.814" />
<gc-end id="1670" type="scavenge" contextid="1665" durationms="0.721" usertimems="9.064" systemtimems="0.414" stalltimems="0.809" timestamp="2024-12-13T11:26:24.814" activeThreads="5">
  <mem-info id="1671" free="3248568" total="26411008" percent="12">
    <mem type="nursery" free="857344" total="5111808" percent="16">
      <mem type="allocate" free="857344" total="2555904" percent="33" />
      <mem type="survivor" free="0" total="2555904" percent="0" />
    </mem>
    <mem type="tenure" free="2391224" total="21299200" percent="11">
      <mem type="soa" free="1326264" total="20234240" percent="6" />
      <mem type="loa" free="1064960" total="1064960" percent="100" />
    </mem>
    <remembered-set count="360" />
  </mem-info>
</gc-end>
<cycle-end id="1672" type="scavenge" contextid="1665" timestamp="2024-12-13T11:26:24.814" />
<allocation-satisfied id="1673" threadId="000000010F870500" bytesRequested="96" />
<af-end id="1674" timestamp="2024-12-13T11:26:24.814" threadId="000000010F870F90" success="true" from="nursery"/>
<exclusive-end id="1675" timestamp="2024-12-13T11:26:24.814" durationms="0.865" />

<exclusive-start id="1676" timestamp="2024-12-13T11:26:24.816" intervalms="2.753">
  <response-info timems="0.007" idlems="0.005" threads="1" lastid="0000000138015100" lastname="JIT Compilation Thread-006" />
</exclusive-start>
<af-start id="1677" threadId="000000010F870F90" totalBytesRequested="32" timestamp="2024-12-13T11:26:24.816" intervalms="2.744" type="nursery" />
<cycle-start id="1678" type="scavenge" contextid="0" timestamp="2024-12-13T11:26:24.816" intervalms="2.758" />
<gc-start id="1679" type="scavenge" contextid="1678" timestamp="2024-12-13T11:26:24.816">
  <mem-info id="1680" free="2391224" total="26411008" percent="9">
    <mem type="nursery" free="0" total="5111808" percent="0">
      <mem type="allocate" free="0" total="2555904" percent="0" />
      <mem type="survivor" free="0" total="2555904" percent="0" />
    </mem>
    <mem type="tenure" free="2391224" total="21299200" percent="11">
      <mem type="soa" free="1326264" total="20234240" percent="6" />
      <mem type="loa" free="1064960" total="1064960" percent="100" />
    </mem>
    <remembered-set count="360" />
  </mem-info>
</gc-start>
<allocation-stats totalBytes="856736" discardedBytes="608" >
  <allocated-bytes non-tlh="96" tlh="856640" />
  <largest-consumer threadName="Default Executor-thread-1" threadId="000000010F870500" bytes="856736" />
</allocation-stats>
<gc-op id="1681" type="scavenge" timems="0.932" contextid="1678" timestamp="2024-12-13T11:26:24.817">
  <scavenger-info tenureage="2" tenuremask="7ffc" tiltratio="50" />
  <memory-copied type="nursery" objects="15176" bytes="1041032" bytesdiscarded="167944" />
  <memory-copied type="tenure" objects="7968" bytes="952408" bytesdiscarded="2384" />
  <object-monitors candidates="19" cleared="0"  />
</gc-op>
<heap-resize id="1682" type="expand" space="nursery" amount="917504" count="1" timems="0.016" reason="excessive time being spent scavenging" timestamp="2024-12-13T11:26:24.817" />
<gc-end id="1683" type="scavenge" contextid="1678" durationms="1.034" usertimems="3.706" systemtimems="0.735" stalltimems="2.644" timestamp="2024-12-13T11:26:24.817" activeThreads="6">
  <mem-info id="1684" free="3220696" total="27328512" percent="11">
    <mem type="nursery" free="2002288" total="6029312" percent="33">
      <mem type="allocate" free="2002288" total="3211264" percent="62" />
      <mem type="survivor" free="0" total="2818048" percent="0" />
    </mem>
    <mem type="tenure" free="1218408" total="21299200" percent="5">
      <mem type="soa" free="153448" total="20234240" percent="0" />
      <mem type="loa" free="1064960" total="1064960" percent="100" />
    </mem>
    <remembered-set count="292" />
  </mem-info>
</gc-end>
<cycle-end id="1685" type="scavenge" contextid="1678" timestamp="2024-12-13T11:26:24.817" />
<allocation-satisfied id="1686" threadId="000000010F870500" bytesRequested="32" />
<af-end id="1687" timestamp="2024-12-13T11:26:24.817" threadId="000000010F870F90" success="true" from="nursery"/>
<exclusive-end id="1688" timestamp="2024-12-13T11:26:24.817" durationms="1.180" />

<concurrent-kickoff id="1689" timestamp="2024-12-13T11:26:24.818">
  <kickoff reason="threshold reached" targetBytes="10752016" thresholdFreeBytes="1485594"  remainingFree="1428816" tenureFreeBytes="1218408" nurseryFreeBytes="1428816" />
</concurrent-kickoff>
<exclusive-start id="1690" timestamp="2024-12-13T11:26:24.818" intervalms="2.098">
  <response-info timems="0.008" idlems="0.008" threads="0" lastid="000000010F870500" lastname="Default Executor-thread-1" />
</exclusive-start>
<cycle-start id="1691" type="global" contextid="0" timestamp="2024-12-13T11:26:24.818" intervalms="394.887" />
<concurrent-start id="1692" type="global mark" contextid="1691" timestamp="2024-12-13T11:26:24.818">
</concurrent-start>
<exclusive-end id="1693" timestamp="2024-12-13T11:26:24.818" durationms="0.017" />

<concurrent-end id="1694" type="global mark" contextid="1691" timestamp="2024-12-13T11:26:24.826">
<gc-op id="1695" type="trace" timems="8.679" contextid="1691" timestamp="2024-12-13T11:26:24.827">
  <trace bytesTraced="11397936" workStackOverflowCount="0" />
  <card-cleaning reason="card cleaning threshold reached" bytesTraced="16360" cardsCleaned="34" />
</gc-op>
</concurrent-end>

<exclusive-start id="1696" timestamp="2024-12-13T11:26:24.830" intervalms="12.116">
  <response-info timems="3.387" idlems="1.700" threads="1" lastid="00000001280C2300" lastname="JIT Compilation Thread-004" />
</exclusive-start>
<concurrent-global-final id="1697" timestamp="2024-12-13T11:26:24.830" contextid="1691" intervalms="396.784" >
  <concurrent-trace-info reason="card cleaning threshold reached" tracedByMutators="1031880" tracedByHelpers="10382416" cardsCleaned="34" workStackOverflowCount="0" />
</concurrent-global-final>
<gc-start id="1698" type="global" contextid="1691" timestamp="2024-12-13T11:26:24.830">
  <mem-info id="1699" free="1218408" total="27328512" percent="4">
    <mem type="nursery" free="0" total="6029312" percent="0">
      <mem type="allocate" free="0" total="3211264" percent="0" />
      <mem type="survivor" free="0" total="2818048" percent="0" />
    </mem>
    <mem type="tenure" free="1218408" total="21299200" percent="5">
      <mem type="soa" free="153448" total="20234240" percent="0" />
      <mem type="loa" free="1064960" total="1064960" percent="100" />
    </mem>
    <remembered-set count="396" />
  </mem-info>
</gc-start>
<allocation-stats totalBytes="2000464" discardedBytes="1824" >
  <allocated-bytes non-tlh="32" tlh="2000432" />
  <largest-consumer threadName="Default Executor-thread-1" threadId="000000010F870500" bytes="2000464" />
</allocation-stats>
<gc-op id="1700" type="rs-scan" timems="0.808" contextid="1691" timestamp="2024-12-13T11:26:24.831">
  <scan objectsFound="24376" bytesTraced="1934016" workStackOverflowCount="0" />
</gc-op>
<gc-op id="1701" type="card-cleaning" timems="0.143" contextid="1691" timestamp="2024-12-13T11:26:24.831">
  <card-cleaning cardsCleaned="44" bytesTraced="24688" workStackOverflowCount="0" />
</gc-op>
<gc-op id="1702" type="mark" timems="0.962" contextid="1691" timestamp="2024-12-13T11:26:24.832">
  <trace-info objectcount="2813" scancount="2810" scanbytes="169288" />
  <finalization candidates="148" enqueued="0" />
  <ownableSynchronizers candidates="873" cleared="2" />
  <references type="soft" candidates="3523" cleared="0" enqueued="0" dynamicThreshold="9" maxThreshold="32" />
  <references type="weak" candidates="3258" cleared="0" enqueued="0" />
  <references type="phantom" candidates="344" cleared="0" enqueued="0" />
  <stringconstants candidates="12590" cleared="0"  />
  <object-monitors candidates="19" cleared="0"  />
</gc-op>
<gc-op id="1703" type="sweep" timems="0.461" contextid="1691" timestamp="2024-12-13T11:26:24.833" />
<heap-resize id="1704" type="expand" space="tenure" amount="3670016" count="1" timems="0.050" reason="insufficient free space following gc" timestamp="2024-12-13T11:26:24.833" />
<gc-end id="1705" type="global" contextid="1691" durationms="2.575" usertimems="8.091" systemtimems="3.197" stalltimems="8.668" timestamp="2024-12-13T11:26:24.833" activeThreads="10">
  <mem-info id="1706" free="7989016" total="30998528" percent="25">
    <mem type="nursery" free="480088" total="6029312" percent="7">
      <mem type="allocate" free="480088" total="3211264" percent="14" />
      <mem type="survivor" free="0" total="2818048" percent="0" />
    </mem>
    <mem type="tenure" free="7508928" total="24969216" percent="30" micro-fragmented="513280" macro-fragmented="0">
      <mem type="soa" free="6259648" total="23719936" percent="26" />
      <mem type="loa" free="1249280" total="1249280" percent="100" />
    </mem>
    <remembered-set count="396" />
  </mem-info>
</gc-end>
<cycle-end id="1707" type="global" contextid="1691" timestamp="2024-12-13T11:26:24.833" />
<exclusive-end id="1708" timestamp="2024-12-13T11:26:24.833" durationms="2.719" />

<exclusive-start id="1709" timestamp="2024-12-13T11:26:24.839" intervalms="8.698">
  <response-info timems="3.302" idlems="1.110" threads="2" lastid="00000001280C2300" lastname="JIT Compilation Thread-004" />
</exclusive-start>
<af-start id="1710" threadId="000000010F870F90" totalBytesRequested="2072" timestamp="2024-12-13T11:26:24.839" intervalms="22.932" type="nursery" />
<cycle-start id="1711" type="scavenge" contextid="0" timestamp="2024-12-13T11:26:24.839" intervalms="22.944" />
<gc-start id="1712" type="scavenge" contextid="1711" timestamp="2024-12-13T11:26:24.839">
  <mem-info id="1713" free="7508928" total="30998528" percent="24">
    <mem type="nursery" free="0" total="6029312" percent="0">
      <mem type="allocate" free="0" total="3211264" percent="0" />
      <mem type="survivor" free="0" total="2818048" percent="0" />
    </mem>
    <mem type="tenure" free="7508928" total="24969216" percent="30">
      <mem type="soa" free="6259648" total="23719936" percent="26" />
      <mem type="loa" free="1249280" total="1249280" percent="100" />
    </mem>
    <remembered-set count="479" />
  </mem-info>
</gc-start>
<allocation-stats totalBytes="466528" discardedBytes="12208" >
  <allocated-bytes non-tlh="24768" tlh="441760" />
  <largest-consumer threadName="Default Executor-thread-1" threadId="000000010F870500" bytes="466528" />
</allocation-stats>
<gc-op id="1714" type="scavenge" timems="0.718" contextid="1711" timestamp="2024-12-13T11:26:24.840">
  <scavenger-info tenureage="1" tenuremask="7ffe" tiltratio="53" />
  <memory-copied type="nursery" objects="12508" bytes="941272" bytesdiscarded="326216" />
  <memory-copied type="tenure" objects="14968" bytes="1028936" bytesdiscarded="12152" />
  <ownableSynchronizers candidates="1742" cleared="1742" />
  <object-monitors candidates="19" cleared="0"  />
</gc-op>
<gc-end id="1715" type="scavenge" contextid="1711" durationms="0.776" usertimems="2.857" systemtimems="0.332" stalltimems="1.205" timestamp="2024-12-13T11:26:24.840" activeThreads="6">
  <mem-info id="1716" free="8687048" total="30998528" percent="28">
    <mem type="nursery" free="2533600" total="6029312" percent="42">
      <mem type="allocate" free="2533600" total="3801088" percent="66" />
      <mem type="survivor" free="0" total="2228224" percent="0" />
    </mem>
    <mem type="tenure" free="6153448" total="24969216" percent="24">
      <mem type="soa" free="4904168" total="23719936" percent="20" />
      <mem type="loa" free="1249280" total="1249280" percent="100" />
    </mem>
    <remembered-set count="658" />
  </mem-info>
</gc-end>
<cycle-end id="1717" type="scavenge" contextid="1711" timestamp="2024-12-13T11:26:24.840" />
<allocation-satisfied id="1718" threadId="000000010F870500" bytesRequested="2072" />
<af-end id="1719" timestamp="2024-12-13T11:26:24.840" threadId="000000010F870F90" success="true" from="nursery"/>
<exclusive-end id="1720" timestamp="2024-12-13T11:26:24.840" durationms="0.957" />

<exclusive-start id="1721" timestamp="2024-12-13T11:26:24.845" intervalms="6.876">
  <response-info timems="1.713" idlems="0.355" threads="4" lastid="00000001280B8300" lastname="JIT Compilation Thread-003" />
</exclusive-start>
<af-start id="1722" threadId="000000010F870F90" totalBytesRequested="64" timestamp="2024-12-13T11:26:24.846" intervalms="6.868" type="nursery" />
<cycle-start id="1723" type="scavenge" contextid="0" timestamp="2024-12-13T11:26:24.846" intervalms="6.850" />
<gc-start id="1724" type="scavenge" contextid="1723" timestamp="2024-12-13T11:26:24.846">
  <mem-info id="1725" free="6153448" total="30998528" percent="19">
    <mem type="nursery" free="0" total="6029312" percent="0">
      <mem type="allocate" free="0" total="3801088" percent="0" />
      <mem type="survivor" free="0" total="2228224" percent="0" />
    </mem>
    <mem type="tenure" free="6153448" total="24969216" percent="24">
      <mem type="soa" free="4904168" total="23719936" percent="20" />
      <mem type="loa" free="1249280" total="1249280" percent="100" />
    </mem>
    <remembered-set count="661" />
  </mem-info>
</gc-start>
<allocation-stats totalBytes="2531240" discardedBytes="2360" >
  <allocated-bytes non-tlh="2072" tlh="2529168" />
  <largest-consumer threadName="Default Executor-thread-1" threadId="000000010F870500" bytes="2531240" />
</allocation-stats>
<gc-op id="1726" type="scavenge" timems="0.420" contextid="1723" timestamp="2024-12-13T11:26:24.846">
  <scavenger-info tenureage="1" tenuremask="7ffe" tiltratio="63" />
  <memory-copied type="nursery" objects="3641" bytes="395848" bytesdiscarded="195544" />
  <memory-copied type="tenure" objects="10733" bytes="714520" bytesdiscarded="3688" />
  <object-monitors candidates="19" cleared="0"  />
</gc-op>
<gc-end id="1727" type="scavenge" contextid="1723" durationms="0.484" usertimems="1.449" systemtimems="0.456" stalltimems="1.050" timestamp="2024-12-13T11:26:24.846" activeThreads="7">
  <mem-info id="1728" free="8814640" total="30998528" percent="28">
    <mem type="nursery" free="3471840" total="6029312" percent="57">
      <mem type="allocate" free="3471840" total="4063232" percent="85" />
      <mem type="survivor" free="0" total="1966080" percent="0" />
    </mem>
    <mem type="tenure" free="5342800" total="24969216" percent="21">
      <mem type="soa" free="4093520" total="23719936" percent="17" />
      <mem type="loa" free="1249280" total="1249280" percent="100" />
    </mem>
    <remembered-set count="203" />
  </mem-info>
</gc-end>
<cycle-end id="1729" type="scavenge" contextid="1723" timestamp="2024-12-13T11:26:24.846" />
<allocation-satisfied id="1730" threadId="000000010F870500" bytesRequested="64" />
<af-end id="1731" timestamp="2024-12-13T11:26:24.846" threadId="000000010F870F90" success="true" from="nursery"/>
<exclusive-end id="1732" timestamp="2024-12-13T11:26:24.846" durationms="0.641" />

<exclusive-start id="1733" timestamp="2024-12-13T11:26:24.859" intervalms="13.499">
  <response-info timems="4.344" idlems="2.179" threads="1" lastid="0000000128099300" lastname="JIT Compilation Thread-000" />
</exclusive-start>
<af-start id="1734" threadId="000000010F870F90" totalBytesRequested="280" timestamp="2024-12-13T11:26:24.859" intervalms="13.507" type="nursery" />
<cycle-start id="1735" type="scavenge" contextid="0" timestamp="2024-12-13T11:26:24.859" intervalms="13.525" />
<gc-start id="1736" type="scavenge" contextid="1735" timestamp="2024-12-13T11:26:24.859">
  <mem-info id="1737" free="5342800" total="30998528" percent="17">
    <mem type="nursery" free="0" total="6029312" percent="0">
      <mem type="allocate" free="0" total="4063232" percent="0" />
      <mem type="survivor" free="0" total="1966080" percent="0" />
    </mem>
    <mem type="tenure" free="5342800" total="24969216" percent="21">
      <mem type="soa" free="4093520" total="23719936" percent="17" />
      <mem type="loa" free="1249280" total="1249280" percent="100" />
    </mem>
    <remembered-set count="259" />
  </mem-info>
</gc-start>
<allocation-stats totalBytes="3469264" discardedBytes="2576" >
  <allocated-bytes non-tlh="64" tlh="3469200" />
  <largest-consumer threadName="Default Executor-thread-1" threadId="000000010F870500" bytes="3469264" />
</allocation-stats>
<gc-op id="1738" type="scavenge" timems="0.268" contextid="1735" timestamp="2024-12-13T11:26:24.859">
  <scavenger-info tenureage="2" tenuremask="7ffc" tiltratio="67" />
  <memory-copied type="nursery" objects="2281" bytes="220112" bytesdiscarded="110536" />
  <object-monitors candidates="19" cleared="0"  />
</gc-op>
<gc-end id="1739" type="scavenge" contextid="1735" durationms="0.343" usertimems="0.629" systemtimems="0.274" stalltimems="0.893" timestamp="2024-12-13T11:26:24.859" activeThreads="7">
  <mem-info id="1740" free="9403064" total="30998528" percent="30">
    <mem type="nursery" free="4060264" total="6029312" percent="67">
      <mem type="allocate" free="4060264" total="4390912" percent="92" />
      <mem type="survivor" free="0" total="1638400" percent="0" />
    </mem>
    <mem type="tenure" free="5342800" total="24969216" percent="21">
      <mem type="soa" free="4093520" total="23719936" percent="17" />
      <mem type="loa" free="1249280" total="1249280" percent="100" />
    </mem>
    <remembered-set count="259" />
  </mem-info>
</gc-end>
<cycle-end id="1741" type="scavenge" contextid="1735" timestamp="2024-12-13T11:26:24.860" />
<allocation-satisfied id="1742" threadId="000000010F870500" bytesRequested="280" />
<af-end id="1743" timestamp="2024-12-13T11:26:24.860" threadId="000000010F870F90" success="true" from="nursery"/>
<exclusive-end id="1744" timestamp="2024-12-13T11:26:24.860" durationms="0.529" />

<exclusive-start id="1745" timestamp="2024-12-13T11:26:24.872" intervalms="13.116">
  <response-info timems="0.026" idlems="0.016" threads="1" lastid="000000013804ED00" lastname="IProfiler" />
</exclusive-start>
<af-start id="1746" threadId="000000010F870F90" totalBytesRequested="32" timestamp="2024-12-13T11:26:24.872" intervalms="13.106" type="nursery" />
<cycle-start id="1747" type="scavenge" contextid="0" timestamp="2024-12-13T11:26:24.872" intervalms="13.085" />
<gc-start id="1748" type="scavenge" contextid="1747" timestamp="2024-12-13T11:26:24.872">
  <mem-info id="1749" free="5342800" total="30998528" percent="17">
    <mem type="nursery" free="0" total="6029312" percent="0">
      <mem type="allocate" free="0" total="4390912" percent="0" />
      <mem type="survivor" free="0" total="1638400" percent="0" />
    </mem>
    <mem type="tenure" free="5342800" total="24969216" percent="21">
      <mem type="soa" free="4093520" total="23719936" percent="17" />
      <mem type="loa" free="1249280" total="1249280" percent="100" />
    </mem>
    <remembered-set count="309" />
  </mem-info>
</gc-start>
<allocation-stats totalBytes="4057528" discardedBytes="2736" >
  <allocated-bytes non-tlh="280" tlh="4057248" />
  <largest-consumer threadName="Default Executor-thread-1" threadId="000000010F870500" bytes="4057528" />
</allocation-stats>
<gc-op id="1750" type="scavenge" timems="0.320" contextid="1747" timestamp="2024-12-13T11:26:24.873">
  <scavenger-info tenureage="3" tenuremask="7ff8" tiltratio="72" />
  <memory-copied type="nursery" objects="2553" bytes="144240" bytesdiscarded="81824" />
  <object-monitors candidates="19" cleared="0"  />
</gc-op>
<gc-end id="1751" type="scavenge" contextid="1747" durationms="0.380" usertimems="0.950" systemtimems="0.234" stalltimems="1.049" timestamp="2024-12-13T11:26:24.873" activeThreads="6">
  <mem-info id="1752" free="9769792" total="30998528" percent="31">
    <mem type="nursery" free="4426992" total="6029312" percent="73">
      <mem type="allocate" free="4426992" total="4653056" percent="95" />
      <mem type="survivor" free="0" total="1376256" percent="0" />
    </mem>
    <mem type="tenure" free="5342800" total="24969216" percent="21">
      <mem type="soa" free="4093520" total="23719936" percent="17" />
      <mem type="loa" free="1249280" total="1249280" percent="100" />
    </mem>
    <remembered-set count="309" />
  </mem-info>
</gc-end>
<cycle-end id="1753" type="scavenge" contextid="1747" timestamp="2024-12-13T11:26:24.873" />
<allocation-satisfied id="1754" threadId="000000010F870500" bytesRequested="32" />
<af-end id="1755" timestamp="2024-12-13T11:26:24.873" threadId="000000010F870F90" success="true" from="nursery"/>
<exclusive-end id="1756" timestamp="2024-12-13T11:26:24.873" durationms="0.512" />

<exclusive-start id="1757" timestamp="2024-12-13T11:26:24.889" intervalms="16.867">
  <response-info timems="2.577" idlems="1.293" threads="1" lastid="0000000138015100" lastname="JIT Compilation Thread-006" />
</exclusive-start>
<af-start id="1758" threadId="000000010F870F90" totalBytesRequested="2072" timestamp="2024-12-13T11:26:24.889" intervalms="16.913" type="nursery" />
<cycle-start id="1759" type="scavenge" contextid="0" timestamp="2024-12-13T11:26:24.889" intervalms="16.926" />
<gc-start id="1760" type="scavenge" contextid="1759" timestamp="2024-12-13T11:26:24.889">
  <mem-info id="1761" free="5342800" total="30998528" percent="17">
    <mem type="nursery" free="0" total="6029312" percent="0">
      <mem type="allocate" free="0" total="4653056" percent="0" />
      <mem type="survivor" free="0" total="1376256" percent="0" />
    </mem>
    <mem type="tenure" free="5342800" total="24969216" percent="21">
      <mem type="soa" free="4093520" total="23719936" percent="17" />
      <mem type="loa" free="1249280" total="1249280" percent="100" />
    </mem>
    <remembered-set count="465" />
  </mem-info>
</gc-start>
<allocation-stats totalBytes="4422808" discardedBytes="4184" >
  <allocated-bytes non-tlh="32" tlh="4422776" />
  <largest-consumer threadName="Default Executor-thread-1" threadId="000000010F870500" bytes="4422808" />
</allocation-stats>
<gc-op id="1762" type="scavenge" timems="0.352" contextid="1759" timestamp="2024-12-13T11:26:24.890">
  <scavenger-info tenureage="4" tenuremask="7ff0" tiltratio="77" />
  <memory-copied type="nursery" objects="6654" bytes="619304" bytesdiscarded="165928" />
  <object-monitors candidates="19" cleared="0"  />
</gc-op>
<gc-end id="1763" type="scavenge" contextid="1759" durationms="0.435" usertimems="0.787" systemtimems="0.149" stalltimems="0.779" timestamp="2024-12-13T11:26:24.890" activeThreads="5">
  <mem-info id="1764" free="9210624" total="30998528" percent="29">
    <mem type="nursery" free="3867824" total="6029312" percent="64">
      <mem type="allocate" free="3867824" total="4653056" percent="83" />
      <mem type="survivor" free="0" total="1376256" percent="0" />
    </mem>
    <mem type="tenure" free="5342800" total="24969216" percent="21">
      <mem type="soa" free="4093520" total="23719936" percent="17" />
      <mem type="loa" free="1249280" total="1249280" percent="100" />
    </mem>
    <remembered-set count="465" />
  </mem-info>
</gc-end>
<cycle-end id="1765" type="scavenge" contextid="1759" timestamp="2024-12-13T11:26:24.890" />
<allocation-satisfied id="1766" threadId="000000010F870500" bytesRequested="2072" />
<af-end id="1767" timestamp="2024-12-13T11:26:24.890" threadId="000000010F870F90" success="true" from="nursery"/>
<exclusive-end id="1768" timestamp="2024-12-13T11:26:24.890" durationms="0.645" />

<exclusive-start id="1769" timestamp="2024-12-13T11:26:24.902" intervalms="13.105">
  <response-info timems="4.087" idlems="1.048" threads="3" lastid="000000013800C300" lastname="JIT Compilation Thread-005" />
</exclusive-start>
<af-start id="1770" threadId="000000010F870F90" totalBytesRequested="64" timestamp="2024-12-13T11:26:24.902" intervalms="13.093" type="nursery" />
<cycle-start id="1771" type="scavenge" contextid="0" timestamp="2024-12-13T11:26:24.902" intervalms="13.099" />
<gc-start id="1772" type="scavenge" contextid="1771" timestamp="2024-12-13T11:26:24.902">
  <mem-info id="1773" free="5342800" total="30998528" percent="17">
    <mem type="nursery" free="0" total="6029312" percent="0">
      <mem type="allocate" free="0" total="4653056" percent="0" />
      <mem type="survivor" free="0" total="1376256" percent="0" />
    </mem>
    <mem type="tenure" free="5342800" total="24969216" percent="21">
      <mem type="soa" free="4093520" total="23719936" percent="17" />
      <mem type="loa" free="1249280" total="1249280" percent="100" />
    </mem>
    <remembered-set count="493" />
  </mem-info>
</gc-start>
<allocation-stats totalBytes="3863760" discardedBytes="4064" >
  <allocated-bytes non-tlh="2072" tlh="3861688" />
  <largest-consumer threadName="Default Executor-thread-1" threadId="000000010F870500" bytes="3863760" />
</allocation-stats>
<gc-op id="1774" type="scavenge" timems="0.396" contextid="1771" timestamp="2024-12-13T11:26:24.903">
  <scavenger-info tenureage="4" tenuremask="7ff0" tiltratio="77" />
  <memory-copied type="nursery" objects="8586" bytes="1017856" bytesdiscarded="191328" />
  <memory-copied type="tenure" objects="220" bytes="12040" bytesdiscarded="0" />
  <object-monitors candidates="19" cleared="0"  />
</gc-op>
<gc-end id="1775" type="scavenge" contextid="1771" durationms="0.454" usertimems="1.094" systemtimems="0.208" stalltimems="0.673" timestamp="2024-12-13T11:26:24.903" activeThreads="5">
  <mem-info id="1776" free="8569328" total="30998528" percent="27">
    <mem type="nursery" free="3247264" total="6029312" percent="53">
      <mem type="allocate" free="3247264" total="4456448" percent="72" />
      <mem type="survivor" free="0" total="1572864" percent="0" />
    </mem>
    <mem type="tenure" free="5322064" total="24969216" percent="21">
      <mem type="soa" free="4072784" total="23719936" percent="17" />
      <mem type="loa" free="1249280" total="1249280" percent="100" />
    </mem>
    <remembered-set count="489" />
  </mem-info>
</gc-end>
<cycle-end id="1777" type="scavenge" contextid="1771" timestamp="2024-12-13T11:26:24.903" />
<allocation-satisfied id="1778" threadId="000000010F870500" bytesRequested="64" />
<af-end id="1779" timestamp="2024-12-13T11:26:24.903" threadId="000000010F870F90" success="true" from="nursery"/>
<exclusive-end id="1780" timestamp="2024-12-13T11:26:24.903" durationms="0.638" />

<exclusive-start id="1781" timestamp="2024-12-13T11:26:24.909" intervalms="6.855">
  <response-info timems="0.008" idlems="0.008" threads="0" lastid="000000010F870500" lastname="Default Executor-thread-1" />
</exclusive-start>
<af-start id="1782" threadId="000000010F870F90" totalBytesRequested="120" timestamp="2024-12-13T11:26:24.909" intervalms="6.815" type="nursery" />
<cycle-start id="1783" type="scavenge" contextid="0" timestamp="2024-12-13T11:26:24.909" intervalms="6.792" />
<gc-start id="1784" type="scavenge" contextid="1783" timestamp="2024-12-13T11:26:24.909">
  <mem-info id="1785" free="5322064" total="30998528" percent="17">
    <mem type="nursery" free="0" total="6029312" percent="0">
      <mem type="allocate" free="0" total="4456448" percent="0" />
      <mem type="survivor" free="0" total="1572864" percent="0" />
    </mem>
    <mem type="tenure" free="5322064" total="24969216" percent="21">
      <mem type="soa" free="4072784" total="23719936" percent="17" />
      <mem type="loa" free="1249280" total="1249280" percent="100" />
    </mem>
    <remembered-set count="504" />
  </mem-info>
</gc-start>
<allocation-stats totalBytes="3245632" discardedBytes="1632" >
  <allocated-bytes non-tlh="64" tlh="3245568" />
  <largest-consumer threadName="Default Executor-thread-1" threadId="000000010F870500" bytes="3245632" />
</allocation-stats>
<gc-op id="1786" type="scavenge" timems="0.344" contextid="1783" timestamp="2024-12-13T11:26:24.909">
  <scavenger-info tenureage="4" tenuremask="7ff0" tiltratio="73" />
  <memory-copied type="nursery" objects="5567" bytes="462472" bytesdiscarded="255000" />
  <memory-copied type="tenure" objects="639" bytes="31536" bytesdiscarded="40" />
  <object-monitors candidates="19" cleared="0"  />
</gc-op>
<heap-resize id="1787" type="expand" space="nursery" amount="262144" count="1" timems="0.015" reason="excessive time being spent scavenging" timestamp="2024-12-13T11:26:24.909" />
<gc-end id="1788" type="scavenge" contextid="1783" durationms="0.419" usertimems="0.682" systemtimems="0.132" stalltimems="0.819" timestamp="2024-12-13T11:26:24.909" activeThreads="5">
  <mem-info id="1789" free="9281712" total="31260672" percent="29">
    <mem type="nursery" free="4001120" total="6291456" percent="63">
      <mem type="allocate" free="4001120" total="4718592" percent="84" />
      <mem type="survivor" free="0" total="1572864" percent="0" />
    </mem>
    <mem type="tenure" free="5280592" total="24969216" percent="21">
      <mem type="soa" free="4031312" total="23719936" percent="16" />
      <mem type="loa" free="1249280" total="1249280" percent="100" />
    </mem>
    <remembered-set count="455" />
  </mem-info>
</gc-end>
<cycle-end id="1790" type="scavenge" contextid="1783" timestamp="2024-12-13T11:26:24.909" />
<allocation-satisfied id="1791" threadId="000000010F870500" bytesRequested="120" />
<af-end id="1792" timestamp="2024-12-13T11:26:24.909" threadId="000000010F870F90" success="true" from="nursery"/>
<exclusive-end id="1793" timestamp="2024-12-13T11:26:24.909" durationms="0.537" />

<exclusive-start id="1794" timestamp="2024-12-13T11:26:24.916" intervalms="7.192">
  <response-info timems="0.027" idlems="0.018" threads="2" lastid="000000013804ED00" lastname="IProfiler" />
</exclusive-start>
<af-start id="1795" threadId="000000010F870F90" totalBytesRequested="280" timestamp="2024-12-13T11:26:24.916" intervalms="7.192" type="nursery" />
<cycle-start id="1796" type="scavenge" contextid="0" timestamp="2024-12-13T11:26:24.916" intervalms="7.194" />
<gc-start id="1797" type="scavenge" contextid="1796" timestamp="2024-12-13T11:26:24.916">
  <mem-info id="1798" free="5280592" total="31260672" percent="16">
    <mem type="nursery" free="0" total="6291456" percent="0">
      <mem type="allocate" free="0" total="4718592" percent="0" />
      <mem type="survivor" free="0" total="1572864" percent="0" />
    </mem>
    <mem type="tenure" free="5280592" total="24969216" percent="21">
      <mem type="soa" free="4031312" total="23719936" percent="16" />
      <mem type="loa" free="1249280" total="1249280" percent="100" />
    </mem>
    <remembered-set count="494" />
  </mem-info>
</gc-start>
<allocation-stats totalBytes="3998928" discardedBytes="2192" >
  <allocated-bytes non-tlh="120" tlh="3998808" />
  <largest-consumer threadName="Default Executor-thread-1" threadId="000000010F870500" bytes="3998928" />
</allocation-stats>
<gc-op id="1799" type="scavenge" timems="0.378" contextid="1796" timestamp="2024-12-13T11:26:24.917">
  <scavenger-info tenureage="5" tenuremask="7fe0" tiltratio="75" />
  <memory-copied type="nursery" objects="7243" bytes="704464" bytesdiscarded="348960" />
  <object-monitors candidates="19" cleared="0"  />
</gc-op>
<gc-end id="1800" type="scavenge" contextid="1796" durationms="0.424" usertimems="1.241" systemtimems="0.226" stalltimems="0.709" timestamp="2024-12-13T11:26:24.917" activeThreads="5">
  <mem-info id="1801" free="9076832" total="31260672" percent="29">
    <mem type="nursery" free="3796240" total="6291456" percent="60">
      <mem type="allocate" free="3796240" total="4849664" percent="78" />
      <mem type="survivor" free="0" total="1441792" percent="0" />
    </mem>
    <mem type="tenure" free="5280592" total="24969216" percent="21">
      <mem type="soa" free="4031312" total="23719936" percent="16" />
      <mem type="loa" free="1249280" total="1249280" percent="100" />
    </mem>
    <remembered-set count="494" />
  </mem-info>
</gc-end>
<cycle-end id="1802" type="scavenge" contextid="1796" timestamp="2024-12-13T11:26:24.917" />
<allocation-satisfied id="1803" threadId="000000010F870500" bytesRequested="280" />
<af-end id="1804" timestamp="2024-12-13T11:26:24.917" threadId="000000010F870F90" success="true" from="nursery"/>
<exclusive-end id="1805" timestamp="2024-12-13T11:26:24.917" durationms="0.545" />

<exclusive-start id="1806" timestamp="2024-12-13T11:26:24.925" intervalms="9.275">
  <response-info timems="0.781" idlems="0.521" threads="2" lastid="0000000138015100" lastname="JIT Compilation Thread-006" />
</exclusive-start>
<af-start id="1807" threadId="000000010F870F90" totalBytesRequested="40" timestamp="2024-12-13T11:26:24.925" intervalms="9.332" type="nursery" />
<cycle-start id="1808" type="scavenge" contextid="0" timestamp="2024-12-13T11:26:24.926" intervalms="9.358" />
<gc-start id="1809" type="scavenge" contextid="1808" timestamp="2024-12-13T11:26:24.926">
  <mem-info id="1810" free="5280592" total="31260672" percent="16">
    <mem type="nursery" free="0" total="6291456" percent="0">
      <mem type="allocate" free="0" total="4849664" percent="0" />
      <mem type="survivor" free="0" total="1441792" percent="0" />
    </mem>
    <mem type="tenure" free="5280592" total="24969216" percent="21">
      <mem type="soa" free="4031312" total="23719936" percent="16" />
      <mem type="loa" free="1249280" total="1249280" percent="100" />
    </mem>
    <remembered-set count="506" />
  </mem-info>
</gc-start>
<allocation-stats totalBytes="3794296" discardedBytes="1944" >
  <allocated-bytes non-tlh="280" tlh="3794016" />
  <largest-consumer threadName="Default Executor-thread-1" threadId="000000010F870500" bytes="3794296" />
</allocation-stats>
<gc-op id="1811" type="scavenge" timems="0.677" contextid="1808" timestamp="2024-12-13T11:26:24.926">
  <scavenger-info tenureage="5" tenuremask="7fe0" tiltratio="77" />
  <memory-copied type="nursery" objects="14741" bytes="1388080" bytesdiscarded="53712" />
  <memory-copied type="tenure" objects="6487" bytes="642600" bytesdiscarded="2912" />
  <copy-failed type="nursery" objects="5643" bytes="601000" />
  <object-monitors candidates="19" cleared="0"  />
</gc-op>
<heap-resize id="1812" type="expand" space="nursery" amount="393216" count="1" timems="0.012" reason="excessive time being spent scavenging" timestamp="2024-12-13T11:26:24.926" />
<gc-end id="1813" type="scavenge" contextid="1808" durationms="0.779" usertimems="1.960" systemtimems="0.375" stalltimems="1.116" timestamp="2024-12-13T11:26:24.926" activeThreads="5">
  <mem-info id="1814" free="6546536" total="31653888" percent="20">
    <mem type="nursery" free="1900544" total="6684672" percent="28">
      <mem type="allocate" free="1900544" total="3342336" percent="56" />
      <mem type="survivor" free="0" total="3342336" percent="0" />
    </mem>
    <mem type="tenure" free="4645992" total="24969216" percent="18">
      <mem type="soa" free="3396712" total="23719936" percent="14" />
      <mem type="loa" free="1249280" total="1249280" percent="100" />
    </mem>
    <remembered-set count="488" />
  </mem-info>
</gc-end>
<cycle-end id="1815" type="scavenge" contextid="1808" timestamp="2024-12-13T11:26:24.926" />
<allocation-satisfied id="1816" threadId="000000010F870500" bytesRequested="40" />
<af-end id="1817" timestamp="2024-12-13T11:26:24.926" threadId="000000010F870F90" success="true" from="nursery"/>
<exclusive-end id="1818" timestamp="2024-12-13T11:26:24.926" durationms="1.016" />

<exclusive-start id="1819" timestamp="2024-12-13T11:26:24.933" intervalms="7.225">
  <response-info timems="0.142" idlems="0.053" threads="2" lastid="0000000138015100" lastname="JIT Compilation Thread-006" />
</exclusive-start>
<af-start id="1820" threadId="000000010F870F90" totalBytesRequested="144" timestamp="2024-12-13T11:26:24.933" intervalms="7.160" type="nursery" />
<cycle-start id="1821" type="scavenge" contextid="0" timestamp="2024-12-13T11:26:24.933" intervalms="7.143" />
<gc-start id="1822" type="scavenge" contextid="1821" timestamp="2024-12-13T11:26:24.933">
  <mem-info id="1823" free="4645992" total="31653888" percent="14">
    <mem type="nursery" free="0" total="6684672" percent="0">
      <mem type="allocate" free="0" total="3342336" percent="0" />
      <mem type="survivor" free="0" total="3342336" percent="0" />
    </mem>
    <mem type="tenure" free="4645992" total="24969216" percent="18">
      <mem type="soa" free="3396712" total="23719936" percent="14" />
      <mem type="loa" free="1249280" total="1249280" percent="100" />
    </mem>
    <remembered-set count="570" />
  </mem-info>
</gc-start>
<allocation-stats totalBytes="1898520" discardedBytes="2024" >
  <allocated-bytes non-tlh="40" tlh="1898480" />
  <largest-consumer threadName="Default Executor-thread-1" threadId="000000010F870500" bytes="1898520" />
</allocation-stats>
<gc-op id="1824" type="scavenge" timems="0.526" contextid="1821" timestamp="2024-12-13T11:26:24.933">
  <scavenger-info tenureage="4" tenuremask="7ff0" tiltratio="50" />
  <memory-copied type="nursery" objects="9553" bytes="1061824" bytesdiscarded="217760" />
  <memory-copied type="tenure" objects="2260" bytes="109840" bytesdiscarded="56" />
  <object-monitors candidates="19" cleared="0"  />
</gc-op>
<gc-end id="1825" type="scavenge" contextid="1821" durationms="0.579" usertimems="1.525" systemtimems="0.296" stalltimems="1.056" timestamp="2024-12-13T11:26:24.933" activeThreads="5">
  <mem-info id="1826" free="6593544" total="31653888" percent="20">
    <mem type="nursery" free="2062752" total="6684672" percent="30">
      <mem type="allocate" free="2062752" total="3342336" percent="61" />
      <mem type="survivor" free="0" total="3342336" percent="0" />
    </mem>
    <mem type="tenure" free="4530792" total="24969216" percent="18">
      <mem type="soa" free="3281512" total="23719936" percent="13" />
      <mem type="loa" free="1249280" total="1249280" percent="100" />
    </mem>
    <remembered-set count="389" />
  </mem-info>
</gc-end>
<cycle-end id="1827" type="scavenge" contextid="1821" timestamp="2024-12-13T11:26:24.933" />
<allocation-satisfied id="1828" threadId="000000010F870500" bytesRequested="144" />
<af-end id="1829" timestamp="2024-12-13T11:26:24.933" threadId="000000010F870F90" success="true" from="nursery"/>
<exclusive-end id="1830" timestamp="2024-12-13T11:26:24.933" durationms="0.694" />

<exclusive-start id="1831" timestamp="2024-12-13T11:26:24.945" intervalms="12.811">
  <response-info timems="1.689" idlems="0.583" threads="2" lastid="0000000138015100" lastname="JIT Compilation Thread-006" />
</exclusive-start>
<af-start id="1832" threadId="000000010F870F90" totalBytesRequested="24" timestamp="2024-12-13T11:26:24.946" intervalms="12.863" type="nursery" />
<cycle-start id="1833" type="scavenge" contextid="0" timestamp="2024-12-13T11:26:24.946" intervalms="12.877" />
<gc-start id="1834" type="scavenge" contextid="1833" timestamp="2024-12-13T11:26:24.946">
  <mem-info id="1835" free="4530792" total="31653888" percent="14">
    <mem type="nursery" free="0" total="6684672" percent="0">
      <mem type="allocate" free="0" total="3342336" percent="0" />
      <mem type="survivor" free="0" total="3342336" percent="0" />
    </mem>
    <mem type="tenure" free="4530792" total="24969216" percent="18">
      <mem type="soa" free="3281512" total="23719936" percent="13" />
      <mem type="loa" free="1249280" total="1249280" percent="100" />
    </mem>
    <remembered-set count="394" />
  </mem-info>
</gc-start>
<allocation-stats totalBytes="2062176" discardedBytes="576" >
  <allocated-bytes non-tlh="144" tlh="2062032" />
  <largest-consumer threadName="Default Executor-thread-1" threadId="000000010F870500" bytes="2062176" />
</allocation-stats>
<gc-op id="1836" type="scavenge" timems="0.567" contextid="1833" timestamp="2024-12-13T11:26:24.946">
  <scavenger-info tenureage="3" tenuremask="7ff8" tiltratio="50" />
  <memory-copied type="nursery" objects="12259" bytes="697360" bytesdiscarded="109040" />
  <memory-copied type="tenure" objects="1451" bytes="75144" bytesdiscarded="0" />
  <object-monitors candidates="19" cleared="0"  />
</gc-op>
<gc-end id="1837" type="scavenge" contextid="1833" durationms="0.622" usertimems="1.440" systemtimems="0.181" stalltimems="1.144" timestamp="2024-12-13T11:26:24.946" activeThreads="5">
  <mem-info id="1838" free="7394408" total="31653888" percent="23">
    <mem type="nursery" free="2863616" total="6684672" percent="42">
      <mem type="allocate" free="2863616" total="3670016" percent="78" />
      <mem type="survivor" free="0" total="3014656" percent="0" />
    </mem>
    <mem type="tenure" free="4530792" total="24969216" percent="18">
      <mem type="soa" free="3281512" total="23719936" percent="13" />
      <mem type="loa" free="1249280" total="1249280" percent="100" />
    </mem>
    <remembered-set count="332" />
  </mem-info>
</gc-end>
<cycle-end id="1839" type="scavenge" contextid="1833" timestamp="2024-12-13T11:26:24.946" />
<allocation-satisfied id="1840" threadId="000000010F870500" bytesRequested="24" />
<af-end id="1841" timestamp="2024-12-13T11:26:24.946" threadId="000000010F870F90" success="true" from="nursery"/>
<exclusive-end id="1842" timestamp="2024-12-13T11:26:24.946" durationms="0.833" />

<exclusive-start id="1843" timestamp="2024-12-13T11:26:24.978" intervalms="32.323">
  <response-info timems="0.009" idlems="0.006" threads="1" lastid="000000013804ED00" lastname="IProfiler" />
</exclusive-start>
<af-start id="1844" threadId="000000010F870F90" totalBytesRequested="72" timestamp="2024-12-13T11:26:24.978" intervalms="32.292" type="nursery" />
<cycle-start id="1845" type="scavenge" contextid="0" timestamp="2024-12-13T11:26:24.978" intervalms="32.277" />
<gc-start id="1846" type="scavenge" contextid="1845" timestamp="2024-12-13T11:26:24.978">
  <mem-info id="1847" free="4529688" total="31653888" percent="14">
    <mem type="nursery" free="0" total="6684672" percent="0">
      <mem type="allocate" free="0" total="3670016" percent="0" />
      <mem type="survivor" free="0" total="3014656" percent="0" />
    </mem>
    <mem type="tenure" free="4529688" total="24969216" percent="18">
      <mem type="soa" free="3280408" total="23719936" percent="13" />
      <mem type="loa" free="1249280" total="1249280" percent="100" />
    </mem>
    <remembered-set count="411" />
  </mem-info>
</gc-start>
<allocation-stats totalBytes="2863600" discardedBytes="1120" >
  <allocated-bytes non-tlh="83680" tlh="2779920" />
  <largest-consumer threadName="Default Executor-thread-1" threadId="000000010F870500" bytes="2487088" />
</allocation-stats>
<gc-op id="1848" type="scavenge" timems="0.546" contextid="1845" timestamp="2024-12-13T11:26:24.978">
  <scavenger-info tenureage="3" tenuremask="7ff8" tiltratio="54" />
  <memory-copied type="nursery" objects="13526" bytes="928720" bytesdiscarded="86136" />
  <memory-copied type="tenure" objects="625" bytes="32432" bytesdiscarded="88" />
  <references type="soft" candidates="1" cleared="0" enqueued="0" dynamicThreshold="9" maxThreshold="32" />
  <references type="weak" candidates="6" cleared="3" enqueued="3" />
  <references type="phantom" candidates="31" cleared="0" enqueued="0" />
  <object-monitors candidates="19" cleared="0"  />
</gc-op>
<gc-end id="1849" type="scavenge" contextid="1845" durationms="0.602" usertimems="11.846" systemtimems="0.276" stalltimems="0.964" timestamp="2024-12-13T11:26:24.978" activeThreads="5">
  <mem-info id="1850" free="7446464" total="31653888" percent="23">
    <mem type="nursery" free="2982824" total="6684672" percent="44">
      <mem type="allocate" free="2982824" total="3997696" percent="74" />
      <mem type="survivor" free="0" total="2686976" percent="0" />
    </mem>
    <mem type="tenure" free="4463640" total="24969216" percent="17">
      <mem type="soa" free="3214360" total="23719936" percent="13" />
      <mem type="loa" free="1249280" total="1249280" percent="100" />
    </mem>
    <pending-finalizers system="0" default="0" reference="3" classloader="0" />
    <remembered-set count="367" />
  </mem-info>
</gc-end>
<cycle-end id="1851" type="scavenge" contextid="1845" timestamp="2024-12-13T11:26:24.978" />
<allocation-satisfied id="1852" threadId="000000010F870500" bytesRequested="72" />
<af-end id="1853" timestamp="2024-12-13T11:26:24.979" threadId="000000010F870F90" success="true" from="nursery"/>
<exclusive-end id="1854" timestamp="2024-12-13T11:26:24.979" durationms="0.746" />

<exclusive-start id="1855" timestamp="2024-12-13T11:26:25.039" intervalms="60.997">
  <response-info timems="0.027" idlems="0.017" threads="3" lastid="00000001280A3300" lastname="JIT Compilation Thread-001" />
</exclusive-start>
<af-start id="1856" threadId="000000010F870F90" totalBytesRequested="112" timestamp="2024-12-13T11:26:25.039" intervalms="60.995" type="nursery" />
<cycle-start id="1857" type="scavenge" contextid="0" timestamp="2024-12-13T11:26:25.039" intervalms="60.995" />
<gc-start id="1858" type="scavenge" contextid="1857" timestamp="2024-12-13T11:26:25.039">
  <mem-info id="1859" free="4463144" total="31653888" percent="14">
    <mem type="nursery" free="0" total="6684672" percent="0">
      <mem type="allocate" free="0" total="3997696" percent="0" />
      <mem type="survivor" free="0" total="2686976" percent="0" />
    </mem>
    <mem type="tenure" free="4463144" total="24969216" percent="17">
      <mem type="soa" free="3213864" total="23719936" percent="13" />
      <mem type="loa" free="1249280" total="1249280" percent="100" />
    </mem>
    <remembered-set count="417" />
  </mem-info>
</gc-start>
<allocation-stats totalBytes="2982224" discardedBytes="1096" >
  <allocated-bytes non-tlh="568" tlh="2981656" />
  <largest-consumer threadName="Default Executor-thread-1" threadId="000000010F870500" bytes="2978128" />
</allocation-stats>
<gc-op id="1860" type="scavenge" timems="0.612" contextid="1857" timestamp="2024-12-13T11:26:25.039">
  <scavenger-info tenureage="3" tenuremask="7ff8" tiltratio="59" />
  <memory-copied type="nursery" objects="19054" bytes="1506376" bytesdiscarded="107544" />
  <memory-copied type="tenure" objects="1073" bytes="61040" bytesdiscarded="216" />
  <references type="soft" candidates="1" cleared="0" enqueued="0" dynamicThreshold="9" maxThreshold="32" />
  <references type="weak" candidates="4" cleared="1" enqueued="1" />
  <references type="phantom" candidates="64" cleared="0" enqueued="0" />
  <object-monitors candidates="19" cleared="0"  />
</gc-op>
<gc-end id="1861" type="scavenge" contextid="1857" durationms="0.675" usertimems="2.499" systemtimems="0.229" stalltimems="0.916" timestamp="2024-12-13T11:26:25.040" activeThreads="5">
  <mem-info id="1862" free="6989360" total="31653888" percent="22">
    <mem type="nursery" free="2579976" total="6684672" percent="38">
      <mem type="allocate" free="2579976" total="4194304" percent="61" />
      <mem type="survivor" free="0" total="2490368" percent="0" />
    </mem>
    <mem type="tenure" free="4409384" total="24969216" percent="17">
      <mem type="soa" free="3160104" total="23719936" percent="13" />
      <mem type="loa" free="1249280" total="1249280" percent="100" />
    </mem>
    <pending-finalizers system="0" default="0" reference="1" classloader="0" />
    <remembered-set count="312" />
  </mem-info>
</gc-end>
<cycle-end id="1863" type="scavenge" contextid="1857" timestamp="2024-12-13T11:26:25.040" />
<allocation-satisfied id="1864" threadId="000000010F870500" bytesRequested="112" />
<af-end id="1865" timestamp="2024-12-13T11:26:25.040" threadId="000000010F870F90" success="true" from="nursery"/>
<exclusive-end id="1866" timestamp="2024-12-13T11:26:25.040" durationms="0.825" />

<exclusive-start id="1867" timestamp="2024-12-13T11:26:25.061" intervalms="22.364">
  <response-info timems="0.094" idlems="0.065" threads="3" lastid="0000000138015100" lastname="JIT Compilation Thread-006" />
</exclusive-start>
<af-start id="1868" threadId="000000010F870F90" totalBytesRequested="40" timestamp="2024-12-13T11:26:25.061" intervalms="22.361" type="nursery" />
<cycle-start id="1869" type="scavenge" contextid="0" timestamp="2024-12-13T11:26:25.061" intervalms="22.357" />
<gc-start id="1870" type="scavenge" contextid="1869" timestamp="2024-12-13T11:26:25.061">
  <mem-info id="1871" free="4409216" total="31653888" percent="13">
    <mem type="nursery" free="0" total="6684672" percent="0">
      <mem type="allocate" free="0" total="4194304" percent="0" />
      <mem type="survivor" free="0" total="2490368" percent="0" />
    </mem>
    <mem type="tenure" free="4409216" total="24969216" percent="17">
      <mem type="soa" free="3159936" total="23719936" percent="13" />
      <mem type="loa" free="1249280" total="1249280" percent="100" />
    </mem>
    <remembered-set count="363" />
  </mem-info>
</gc-start>
<allocation-stats totalBytes="2578608" discardedBytes="1536" >
  <allocated-bytes non-tlh="280" tlh="2578328" />
  <largest-consumer threadName="Default Executor-thread-1" threadId="000000010F870500" bytes="2574512" />
</allocation-stats>
<gc-op id="1872" type="scavenge" timems="0.831" contextid="1869" timestamp="2024-12-13T11:26:25.062">
  <scavenger-info tenureage="2" tenuremask="7ffc" tiltratio="62" />
  <memory-copied type="nursery" objects="9811" bytes="1096608" bytesdiscarded="121328" />
  <memory-copied type="tenure" objects="11413" bytes="803224" bytesdiscarded="1704" />
  <references type="weak" candidates="1" cleared="0" enqueued="0" />
  <references type="phantom" candidates="109" cleared="0" enqueued="0" />
  <object-monitors candidates="19" cleared="0"  />
</gc-op>
<gc-end id="1873" type="scavenge" contextid="1869" durationms="0.918" usertimems="3.714" systemtimems="0.641" stalltimems="2.298" timestamp="2024-12-13T11:26:25.062" activeThreads="6">
  <mem-info id="1874" free="6949272" total="31653888" percent="21">
    <mem type="nursery" free="3172912" total="6684672" percent="47">
      <mem type="allocate" free="3172912" total="4390912" percent="72" />
      <mem type="survivor" free="0" total="2293760" percent="0" />
    </mem>
    <mem type="tenure" free="3776360" total="24969216" percent="15">
      <mem type="soa" free="2527080" total="23719936" percent="10" />
      <mem type="loa" free="1249280" total="1249280" percent="100" />
    </mem>
    <remembered-set count="296" />
  </mem-info>
</gc-end>
<cycle-end id="1875" type="scavenge" contextid="1869" timestamp="2024-12-13T11:26:25.062" />
<allocation-satisfied id="1876" threadId="000000010F870500" bytesRequested="40" />
<af-end id="1877" timestamp="2024-12-13T11:26:25.062" threadId="000000010F870F90" success="true" from="nursery"/>
<exclusive-end id="1878" timestamp="2024-12-13T11:26:25.062" durationms="1.091" />

<exclusive-start id="1879" timestamp="2024-12-13T11:26:25.090" intervalms="28.730">
  <response-info timems="1.422" idlems="0.713" threads="1" lastid="0000000138015100" lastname="JIT Compilation Thread-006" />
</exclusive-start>
<af-start id="1880" threadId="000000010F870F90" totalBytesRequested="12176" timestamp="2024-12-13T11:26:25.090" intervalms="28.750" type="nursery" />
<cycle-start id="1881" type="scavenge" contextid="0" timestamp="2024-12-13T11:26:25.090" intervalms="28.759" />
<gc-start id="1882" type="scavenge" contextid="1881" timestamp="2024-12-13T11:26:25.090">
  <mem-info id="1883" free="3776136" total="31653888" percent="11">
    <mem type="nursery" free="0" total="6684672" percent="0">
      <mem type="allocate" free="0" total="4390912" percent="0" />
      <mem type="survivor" free="0" total="2293760" percent="0" />
    </mem>
    <mem type="tenure" free="3776136" total="24969216" percent="15">
      <mem type="soa" free="2526856" total="23719936" percent="10" />
      <mem type="loa" free="1249280" total="1249280" percent="100" />
    </mem>
    <remembered-set count="329" />
  </mem-info>
</gc-start>
<allocation-stats totalBytes="3165184" discardedBytes="7952" >
  <allocated-bytes non-tlh="157208" tlh="3007976" />
  <largest-consumer threadName="Default Executor-thread-1" threadId="000000010F870500" bytes="3161088" />
</allocation-stats>
<gc-op id="1884" type="scavenge" timems="0.591" contextid="1881" timestamp="2024-12-13T11:26:25.091">
  <scavenger-info tenureage="2" tenuremask="7ffc" tiltratio="65" />
  <memory-copied type="nursery" objects="6930" bytes="1147488" bytesdiscarded="223352" />
  <memory-copied type="tenure" objects="7288" bytes="676096" bytesdiscarded="1280" />
  <references type="weak" candidates="1" cleared="0" enqueued="0" />
  <references type="phantom" candidates="131" cleared="0" enqueued="0" />
  <object-monitors candidates="19" cleared="0"  />
</gc-op>
<gc-end id="1885" type="scavenge" contextid="1881" durationms="0.657" usertimems="1.661" systemtimems="0.413" stalltimems="1.566" timestamp="2024-12-13T11:26:25.091" activeThreads="6">
  <mem-info id="1886" free="6178176" total="31653888" percent="19">
    <mem type="nursery" free="3151080" total="6684672" percent="47">
      <mem type="allocate" free="3151080" total="4521984" percent="69" />
      <mem type="survivor" free="0" total="2162688" percent="0" />
    </mem>
    <mem type="tenure" free="3027096" total="24969216" percent="12">
      <mem type="soa" free="1777816" total="23719936" percent="7" />
      <mem type="loa" free="1249280" total="1249280" percent="100" />
    </mem>
    <remembered-set count="317" />
  </mem-info>
</gc-end>
<cycle-end id="1887" type="scavenge" contextid="1881" timestamp="2024-12-13T11:26:25.091" />
<allocation-satisfied id="1888" threadId="000000010F870500" bytesRequested="12176" />
<af-end id="1889" timestamp="2024-12-13T11:26:25.091" threadId="000000010F870F90" success="true" from="nursery"/>
<exclusive-end id="1890" timestamp="2024-12-13T11:26:25.091" durationms="0.845" />

<exclusive-start id="1891" timestamp="2024-12-13T11:26:25.122" intervalms="31.967">
  <response-info timems="0.061" idlems="0.041" threads="2" lastid="00000001280AC100" lastname="JIT Compilation Thread-002" />
</exclusive-start>
<af-start id="1892" threadId="000000010F870F90" totalBytesRequested="40" timestamp="2024-12-13T11:26:25.122" intervalms="31.952" type="nursery" />
<cycle-start id="1893" type="scavenge" contextid="0" timestamp="2024-12-13T11:26:25.122" intervalms="31.957" />
<gc-start id="1894" type="scavenge" contextid="1893" timestamp="2024-12-13T11:26:25.122">
  <mem-info id="1895" free="3024704" total="31653888" percent="9">
    <mem type="nursery" free="0" total="6684672" percent="0">
      <mem type="allocate" free="0" total="4521984" percent="0" />
      <mem type="survivor" free="0" total="2162688" percent="0" />
    </mem>
    <mem type="tenure" free="3024704" total="24969216" percent="12">
      <mem type="soa" free="1775424" total="23719936" percent="7" />
      <mem type="loa" free="1249280" total="1249280" percent="100" />
    </mem>
    <remembered-set count="396" />
  </mem-info>
</gc-start>
<allocation-stats totalBytes="3150160" discardedBytes="3312" >
  <allocated-bytes non-tlh="104720" tlh="3045440" />
  <largest-consumer threadName="Default Executor-thread-1" threadId="000000010F870500" bytes="3083360" />
</allocation-stats>
<gc-op id="1896" type="scavenge" timems="0.736" contextid="1893" timestamp="2024-12-13T11:26:25.123">
  <scavenger-info tenureage="2" tenuremask="7ffc" tiltratio="67" />
  <memory-copied type="nursery" objects="13151" bytes="1467272" bytesdiscarded="52728" />
  <memory-copied type="tenure" objects="2170" bytes="392880" bytesdiscarded="1976" />
  <references type="weak" candidates="42" cleared="19" enqueued="14" />
  <references type="phantom" candidates="99" cleared="0" enqueued="0" />
  <object-monitors candidates="19" cleared="0"  />
</gc-op>
<gc-end id="1897" type="scavenge" contextid="1893" durationms="0.798" usertimems="3.176" systemtimems="0.479" stalltimems="2.161" timestamp="2024-12-13T11:26:25.123" activeThreads="6">
  <mem-info id="1898" free="5703072" total="31653888" percent="18">
    <mem type="nursery" free="3067360" total="6684672" percent="45">
      <mem type="allocate" free="3067360" total="4587520" percent="66" />
      <mem type="survivor" free="0" total="2097152" percent="0" />
    </mem>
    <mem type="tenure" free="2635712" total="24969216" percent="10">
      <mem type="soa" free="1386432" total="23719936" percent="5" />
      <mem type="loa" free="1249280" total="1249280" percent="100" />
    </mem>
    <pending-finalizers system="0" default="0" reference="14" classloader="0" />
    <remembered-set count="332" />
  </mem-info>
</gc-end>
<cycle-end id="1899" type="scavenge" contextid="1893" timestamp="2024-12-13T11:26:25.123" />
<allocation-satisfied id="1900" threadId="000000010F870500" bytesRequested="40" />
<af-end id="1901" timestamp="2024-12-13T11:26:25.123" threadId="000000010F870F90" success="true" from="nursery"/>
<exclusive-end id="1902" timestamp="2024-12-13T11:26:25.123" durationms="0.967" />

<concurrent-kickoff id="1903" timestamp="2024-12-13T11:26:25.131">
  <kickoff reason="threshold reached" targetBytes="12750271" thresholdFreeBytes="1761784"  remainingFree="1677472" tenureFreeBytes="2635712" nurseryFreeBytes="1677472" />
</concurrent-kickoff>
<exclusive-start id="1904" timestamp="2024-12-13T11:26:25.136" intervalms="14.466">
  <response-info timems="5.063" idlems="2.538" threads="1" lastid="0000000128099300" lastname="JIT Compilation Thread-000" />
</exclusive-start>
<cycle-start id="1905" type="global" contextid="0" timestamp="2024-12-13T11:26:25.136" intervalms="318.505" />
<concurrent-start id="1906" type="global mark" contextid="1905" timestamp="2024-12-13T11:26:25.136">
</concurrent-start>
<exclusive-end id="1907" timestamp="2024-12-13T11:26:25.136" durationms="0.037" />

<concurrent-end id="1908" type="global mark" contextid="1905" timestamp="2024-12-13T11:26:25.159">
<gc-op id="1909" type="trace" timems="22.355" contextid="1905" timestamp="2024-12-13T11:26:25.159">
  <trace bytesTraced="11000192" workStackOverflowCount="0" />
  <card-cleaning reason="card cleaning threshold reached" bytesTraced="92664" cardsCleaned="213" />
</gc-op>
</concurrent-end>

<exclusive-start id="1910" timestamp="2024-12-13T11:26:25.161" intervalms="24.320">
  <response-info timems="1.892" idlems="0.489" threads="3" lastid="00000001280AC100" lastname="JIT Compilation Thread-002" />
</exclusive-start>
<concurrent-global-final id="1911" timestamp="2024-12-13T11:26:25.161" contextid="1905" intervalms="330.709" >
  <concurrent-trace-info reason="card cleaning threshold reached" tracedByMutators="267944" tracedByHelpers="10824912" cardsCleaned="213" workStackOverflowCount="0" />
</concurrent-global-final>
<gc-start id="1912" type="global" contextid="1905" timestamp="2024-12-13T11:26:25.161">
  <mem-info id="1913" free="2634144" total="31653888" percent="8">
    <mem type="nursery" free="0" total="6684672" percent="0">
      <mem type="allocate" free="0" total="4587520" percent="0" />
      <mem type="survivor" free="0" total="2097152" percent="0" />
    </mem>
    <mem type="tenure" free="2634144" total="24969216" percent="10">
      <mem type="soa" free="1384864" total="23719936" percent="5" />
      <mem type="loa" free="1249280" total="1249280" percent="100" />
    </mem>
    <remembered-set count="566" />
  </mem-info>
</gc-start>
<allocation-stats totalBytes="3067464" discardedBytes="1464" >
  <allocated-bytes non-tlh="265056" tlh="2802408" />
  <largest-consumer threadName="Default Executor-thread-1" threadId="000000010F870500" bytes="3059272" />
</allocation-stats>
<gc-op id="1914" type="rs-scan" timems="0.466" contextid="1905" timestamp="2024-12-13T11:26:25.161">
  <scan objectsFound="17132" bytesTraced="1048544" workStackOverflowCount="0" />
</gc-op>
<gc-op id="1915" type="card-cleaning" timems="0.133" contextid="1905" timestamp="2024-12-13T11:26:25.161">
  <card-cleaning cardsCleaned="3" bytesTraced="2744" workStackOverflowCount="0" />
</gc-op>
<gc-op id="1916" type="mark" timems="0.972" contextid="1905" timestamp="2024-12-13T11:26:25.162">
  <trace-info objectcount="327" scancount="322" scanbytes="16680" />
  <finalization candidates="148" enqueued="0" />
  <ownableSynchronizers candidates="880" cleared="2" />
  <references type="soft" candidates="3524" cleared="0" enqueued="0" dynamicThreshold="9" maxThreshold="32" />
  <references type="weak" candidates="3411" cleared="4" enqueued="2" />
  <references type="phantom" candidates="283" cleared="0" enqueued="0" />
  <stringconstants candidates="12642" cleared="26"  />
  <object-monitors candidates="19" cleared="0"  />
</gc-op>
<gc-op id="1917" type="sweep" timems="0.514" contextid="1905" timestamp="2024-12-13T11:26:25.163" />
<gc-end id="1918" type="global" contextid="1905" durationms="2.208" usertimems="5.478" systemtimems="4.084" stalltimems="9.372" timestamp="2024-12-13T11:26:25.163" activeThreads="10">
  <mem-info id="1919" free="11545328" total="31653888" percent="36">
    <mem type="nursery" free="2299088" total="6684672" percent="34">
      <mem type="allocate" free="2299088" total="4587520" percent="50" />
      <mem type="survivor" free="0" total="2097152" percent="0" />
    </mem>
    <mem type="tenure" free="9246240" total="24969216" percent="37" micro-fragmented="531598" macro-fragmented="0">
      <mem type="soa" free="7996960" total="23719936" percent="33" />
      <mem type="loa" free="1249280" total="1249280" percent="100" />
    </mem>
    <pending-finalizers system="0" default="0" reference="2" classloader="0" />
    <remembered-set count="535" />
  </mem-info>
</gc-end>
<cycle-end id="1920" type="global" contextid="1905" timestamp="2024-12-13T11:26:25.163" />
<exclusive-end id="1921" timestamp="2024-12-13T11:26:25.163" durationms="2.388" />

<exclusive-start id="1922" timestamp="2024-12-13T11:26:25.237" intervalms="76.866">
  <response-info timems="0.496" idlems="0.316" threads="7" lastid="0000000128099300" lastname="JIT Compilation Thread-000" />
</exclusive-start>
<af-start id="1923" threadId="000000011F910F90" totalBytesRequested="32" timestamp="2024-12-13T11:26:25.237" intervalms="115.653" type="nursery" />
<cycle-start id="1924" type="scavenge" contextid="0" timestamp="2024-12-13T11:26:25.238" intervalms="115.647" />
<gc-start id="1925" type="scavenge" contextid="1924" timestamp="2024-12-13T11:26:25.238">
  <mem-info id="1926" free="9237488" total="31653888" percent="29">
    <mem type="nursery" free="0" total="6684672" percent="0">
      <mem type="allocate" free="0" total="4587520" percent="0" />
      <mem type="survivor" free="0" total="2097152" percent="0" />
    </mem>
    <mem type="tenure" free="9237488" total="24969216" percent="36">
      <mem type="soa" free="7988208" total="23719936" percent="33" />
      <mem type="loa" free="1249280" total="1249280" percent="100" />
    </mem>
    <remembered-set count="857" />
  </mem-info>
</gc-start>
<allocation-stats totalBytes="2273488" discardedBytes="31112" >
  <allocated-bytes non-tlh="174352" tlh="2099136" />
  <largest-consumer threadName="Default Executor-thread-1" threadId="000000010F870500" bytes="1617648" />
</allocation-stats>
<gc-op id="1927" type="scavenge" timems="0.623" contextid="1924" timestamp="2024-12-13T11:26:25.238">
  <scavenger-info tenureage="1" tenuremask="7ffe" tiltratio="68" />
  <memory-copied type="nursery" objects="6599" bytes="1011288" bytesdiscarded="403376" />
  <memory-copied type="tenure" objects="12765" bytes="1439776" bytesdiscarded="12816" />
  <ownableSynchronizers candidates="1809" cleared="1753" />
  <references type="soft" candidates="4" cleared="0" enqueued="0" dynamicThreshold="11" maxThreshold="32" />
  <references type="weak" candidates="157" cleared="3" enqueued="3" />
  <references type="phantom" candidates="69" cleared="0" enqueued="0" />
  <object-monitors candidates="20" cleared="0"  />
</gc-op>
<gc-end id="1928" type="scavenge" contextid="1924" durationms="0.723" usertimems="2.686" systemtimems="0.376" stalltimems="0.714" timestamp="2024-12-13T11:26:25.238" activeThreads="6">
  <mem-info id="1929" free="10937312" total="31653888" percent="34">
    <mem type="nursery" free="3238136" total="6684672" percent="48">
      <mem type="allocate" free="3238136" total="4653056" percent="69" />
      <mem type="survivor" free="0" total="2031616" percent="0" />
    </mem>
    <mem type="tenure" free="7699176" total="24969216" percent="30">
      <mem type="soa" free="6449896" total="23719936" percent="27" />
      <mem type="loa" free="1249280" total="1249280" percent="100" />
    </mem>
    <pending-finalizers system="0" default="0" reference="3" classloader="0" />
    <remembered-set count="753" />
  </mem-info>
</gc-end>
<cycle-end id="1930" type="scavenge" contextid="1924" timestamp="2024-12-13T11:26:25.238" />
<allocation-satisfied id="1931" threadId="000000011F910500" bytesRequested="32" />
<af-end id="1932" timestamp="2024-12-13T11:26:25.238" threadId="000000011F910F90" success="true" from="nursery"/>
<exclusive-end id="1933" timestamp="2024-12-13T11:26:25.238" durationms="0.930" />

<exclusive-start id="1934" timestamp="2024-12-13T11:26:25.270" intervalms="32.974">
  <response-info timems="0.056" idlems="0.035" threads="8" lastid="00000001280C2300" lastname="JIT Compilation Thread-004" />
</exclusive-start>
<af-start id="1935" threadId="000000011F90A790" totalBytesRequested="56760" timestamp="2024-12-13T11:26:25.270" intervalms="32.979" type="nursery" />
<cycle-start id="1936" type="scavenge" contextid="0" timestamp="2024-12-13T11:26:25.271" intervalms="33.005" />
<gc-start id="1937" type="scavenge" contextid="1936" timestamp="2024-12-13T11:26:25.271">
  <mem-info id="1938" free="7706336" total="31653888" percent="24">
    <mem type="nursery" free="30336" total="6684672" percent="0">
      <mem type="allocate" free="30336" total="4653056" percent="0" />
      <mem type="survivor" free="0" total="2031616" percent="0" />
    </mem>
    <mem type="tenure" free="7676000" total="24969216" percent="30">
      <mem type="soa" free="6426720" total="23719936" percent="27" />
      <mem type="loa" free="1249280" total="1249280" percent="100" />
    </mem>
    <remembered-set count="1128" />
  </mem-info>
</gc-start>
<allocation-stats totalBytes="3224304" discardedBytes="5200" >
  <allocated-bytes non-tlh="104288" tlh="3120016" />
  <largest-consumer threadName="Equinox start level thread - Equinox Container: 3d07d356-8ac3-4c95-bf6d-d0b019020d2b" threadId="000000011F909D00" bytes="919624" />
</allocation-stats>
<gc-op id="1939" type="scavenge" timems="0.572" contextid="1936" timestamp="2024-12-13T11:26:25.271">
  <scavenger-info tenureage="1" tenuremask="7ffe" tiltratio="69" />
  <memory-copied type="nursery" objects="6968" bytes="499632" bytesdiscarded="433624" />
  <memory-copied type="tenure" objects="6182" bytes="976368" bytesdiscarded="5248" />
  <ownableSynchronizers candidates="278" cleared="78" />
  <references type="soft" candidates="74" cleared="0" enqueued="0" dynamicThreshold="11" maxThreshold="32" />
  <references type="weak" candidates="91" cleared="50" enqueued="50" />
  <references type="phantom" candidates="29" cleared="0" enqueued="0" />
  <object-monitors candidates="21" cleared="0"  />
</gc-op>
<gc-end id="1940" type="scavenge" contextid="1936" durationms="0.649" usertimems="3.795" systemtimems="0.404" stalltimems="1.250" timestamp="2024-12-13T11:26:25.271" activeThreads="7">
  <mem-info id="1941" free="10629928" total="31653888" percent="33">
    <mem type="nursery" free="3915856" total="6684672" percent="58">
      <mem type="allocate" free="3915856" total="4849664" percent="80" />
      <mem type="survivor" free="0" total="1835008" percent="0" />
    </mem>
    <mem type="tenure" free="6714072" total="24969216" percent="26">
      <mem type="soa" free="5464792" total="23719936" percent="23" />
      <mem type="loa" free="1249280" total="1249280" percent="100" />
    </mem>
    <pending-finalizers system="0" default="0" reference="50" classloader="0" />
    <remembered-set count="715" />
  </mem-info>
</gc-end>
<cycle-end id="1942" type="scavenge" contextid="1936" timestamp="2024-12-13T11:26:25.271" />
<allocation-satisfied id="1943" threadId="000000011F909D00" bytesRequested="56760" />
<af-end id="1944" timestamp="2024-12-13T11:26:25.271" threadId="000000011F90A790" success="true" from="nursery"/>
<exclusive-end id="1945" timestamp="2024-12-13T11:26:25.271" durationms="0.866" />

<exclusive-start id="1946" timestamp="2024-12-13T11:26:25.290" intervalms="19.957">
  <response-info timems="0.043" idlems="0.034" threads="5" lastid="000000013800C300" lastname="JIT Compilation Thread-005" />
</exclusive-start>
<af-start id="1947" threadId="000000011F887D90" totalBytesRequested="4816" timestamp="2024-12-13T11:26:25.290" intervalms="19.956" type="nursery" />
<cycle-start id="1948" type="scavenge" contextid="0" timestamp="2024-12-13T11:26:25.290" intervalms="19.943" />
<gc-start id="1949" type="scavenge" contextid="1948" timestamp="2024-12-13T11:26:25.291">
  <mem-info id="1950" free="6701952" total="31653888" percent="21">
    <mem type="nursery" free="0" total="6684672" percent="0">
      <mem type="allocate" free="0" total="4849664" percent="0" />
      <mem type="survivor" free="0" total="1835008" percent="0" />
    </mem>
    <mem type="tenure" free="6701952" total="24969216" percent="26">
      <mem type="soa" free="5452672" total="23719936" percent="22" />
      <mem type="loa" free="1249280" total="1249280" percent="100" />
    </mem>
    <remembered-set count="897" />
  </mem-info>
</gc-start>
<allocation-stats totalBytes="3917304" discardedBytes="10672" >
  <allocated-bytes non-tlh="68880" tlh="3848424" />
  <largest-consumer threadName="Equinox start level thread - Equinox Container: 3d07d356-8ac3-4c95-bf6d-d0b019020d2b" threadId="000000011F909D00" bytes="1584208" />
</allocation-stats>
<gc-op id="1951" type="scavenge" timems="0.581" contextid="1948" timestamp="2024-12-13T11:26:25.291">
  <scavenger-info tenureage="1" tenuremask="7ffe" tiltratio="72" />
  <memory-copied type="nursery" objects="6444" bytes="489256" bytesdiscarded="71240" />
  <memory-copied type="tenure" objects="6161" bytes="458000" bytesdiscarded="1976" />
  <ownableSynchronizers candidates="385" cleared="116" />
  <references type="soft" candidates="39" cleared="0" enqueued="0" dynamicThreshold="11" maxThreshold="32" />
  <references type="weak" candidates="42" cleared="22" enqueued="22" />
  <references type="phantom" candidates="13" cleared="0" enqueued="0" />
  <object-monitors candidates="21" cleared="0"  />
</gc-op>
<gc-end id="1952" type="scavenge" contextid="1948" durationms="0.656" usertimems="2.169" systemtimems="0.467" stalltimems="1.416" timestamp="2024-12-13T11:26:25.291" activeThreads="7">
  <mem-info id="1953" free="10804864" total="31653888" percent="34">
    <mem type="nursery" free="4550744" total="6684672" percent="68">
      <mem type="allocate" free="4550744" total="5111808" percent="89" />
      <mem type="survivor" free="0" total="1572864" percent="0" />
    </mem>
    <mem type="tenure" free="6254120" total="24969216" percent="25">
      <mem type="soa" free="5004840" total="23719936" percent="21" />
      <mem type="loa" free="1249280" total="1249280" percent="100" />
    </mem>
    <pending-finalizers system="0" default="0" reference="22" classloader="0" />
    <remembered-set count="701" />
  </mem-info>
</gc-end>
<cycle-end id="1954" type="scavenge" contextid="1948" timestamp="2024-12-13T11:26:25.291" />
<allocation-satisfied id="1955" threadId="000000011F887300" bytesRequested="4816" />
<af-end id="1956" timestamp="2024-12-13T11:26:25.291" threadId="000000011F887D90" success="true" from="nursery"/>
<exclusive-end id="1957" timestamp="2024-12-13T11:26:25.291" durationms="0.859" />

<exclusive-start id="1958" timestamp="2024-12-13T11:26:25.308" intervalms="17.323">
  <response-info timems="0.050" idlems="0.031" threads="7" lastid="0000000128099300" lastname="JIT Compilation Thread-000" />
</exclusive-start>
<af-start id="1959" threadId="000000011F901B90" totalBytesRequested="48" timestamp="2024-12-13T11:26:25.308" intervalms="17.320" type="nursery" />
<cycle-start id="1960" type="scavenge" contextid="0" timestamp="2024-12-13T11:26:25.308" intervalms="17.306" />
<gc-start id="1961" type="scavenge" contextid="1960" timestamp="2024-12-13T11:26:25.308">
  <mem-info id="1962" free="6242680" total="31653888" percent="19">
    <mem type="nursery" free="0" total="6684672" percent="0">
      <mem type="allocate" free="0" total="5111808" percent="0" />
      <mem type="survivor" free="0" total="1572864" percent="0" />
    </mem>
    <mem type="tenure" free="6242680" total="24969216" percent="25">
      <mem type="soa" free="4993400" total="23719936" percent="21" />
      <mem type="loa" free="1249280" total="1249280" percent="100" />
    </mem>
    <remembered-set count="924" />
  </mem-info>
</gc-start>
<allocation-stats totalBytes="4551536" discardedBytes="7768" >
  <allocated-bytes non-tlh="13376" tlh="4538160" />
  <largest-consumer threadName="Equinox start level thread - Equinox Container: 3d07d356-8ac3-4c95-bf6d-d0b019020d2b" threadId="000000011F909D00" bytes="1348448" />
</allocation-stats>
<gc-op id="1963" type="scavenge" timems="0.604" contextid="1960" timestamp="2024-12-13T11:26:25.308">
  <scavenger-info tenureage="2" tenuremask="7ffc" tiltratio="76" />
  <memory-copied type="nursery" objects="13387" bytes="913088" bytesdiscarded="69040" />
  <ownableSynchronizers candidates="350" cleared="113" />
  <references type="soft" candidates="66" cleared="0" enqueued="0" dynamicThreshold="11" maxThreshold="32" />
  <references type="weak" candidates="50" cleared="21" enqueued="21" />
  <references type="phantom" candidates="20" cleared="0" enqueued="0" />
  <object-monitors candidates="21" cleared="0"  />
</gc-op>
<gc-end id="1964" type="scavenge" contextid="1960" durationms="0.691" usertimems="3.744" systemtimems="0.751" stalltimems="1.751" timestamp="2024-12-13T11:26:25.309" activeThreads="7">
  <mem-info id="1965" free="10371800" total="31653888" percent="32">
    <mem type="nursery" free="4129120" total="6684672" percent="61">
      <mem type="allocate" free="4129120" total="5111808" percent="80" />
      <mem type="survivor" free="0" total="1572864" percent="0" />
    </mem>
    <mem type="tenure" free="6242680" total="24969216" percent="25">
      <mem type="soa" free="4993400" total="23719936" percent="21" />
      <mem type="loa" free="1249280" total="1249280" percent="100" />
    </mem>
    <pending-finalizers system="0" default="0" reference="21" classloader="0" />
    <remembered-set count="676" />
  </mem-info>
</gc-end>
<cycle-end id="1966" type="scavenge" contextid="1960" timestamp="2024-12-13T11:26:25.309" />
<allocation-satisfied id="1967" threadId="000000011F901100" bytesRequested="48" />
<af-end id="1968" timestamp="2024-12-13T11:26:25.309" threadId="000000011F901B90" success="true" from="nursery"/>
<exclusive-end id="1969" timestamp="2024-12-13T11:26:25.309" durationms="0.869" />

<exclusive-start id="1970" timestamp="2024-12-13T11:26:25.347" intervalms="39.109">
  <response-info timems="0.227" idlems="0.080" threads="9" lastid="00000001280A3300" lastname="JIT Compilation Thread-001" />
</exclusive-start>
<af-start id="1971" threadId="000000011F910F90" totalBytesRequested="32" timestamp="2024-12-13T11:26:25.347" intervalms="39.158" type="nursery" />
<cycle-start id="1972" type="scavenge" contextid="0" timestamp="2024-12-13T11:26:25.347" intervalms="39.180" />
<gc-start id="1973" type="scavenge" contextid="1972" timestamp="2024-12-13T11:26:25.347">
  <mem-info id="1974" free="6224288" total="31653888" percent="19">
    <mem type="nursery" free="0" total="6684672" percent="0">
      <mem type="allocate" free="0" total="5111808" percent="0" />
      <mem type="survivor" free="0" total="1572864" percent="0" />
    </mem>
    <mem type="tenure" free="6224288" total="24969216" percent="24">
      <mem type="soa" free="4975008" total="23719936" percent="20" />
      <mem type="loa" free="1249280" total="1249280" percent="100" />
    </mem>
    <remembered-set count="877" />
  </mem-info>
</gc-start>
<allocation-stats totalBytes="4113800" discardedBytes="30824" >
  <allocated-bytes non-tlh="15552" tlh="4098248" />
  <largest-consumer threadName="Equinox start level thread - Equinox Container: 3d07d356-8ac3-4c95-bf6d-d0b019020d2b" threadId="000000011F910500" bytes="2096592" />
</allocation-stats>
<gc-op id="1975" type="scavenge" timems="0.755" contextid="1972" timestamp="2024-12-13T11:26:25.348">
  <scavenger-info tenureage="2" tenuremask="7ffc" tiltratio="76" />
  <memory-copied type="nursery" objects="13672" bytes="825664" bytesdiscarded="200376" />
  <memory-copied type="tenure" objects="5726" bytes="433744" bytesdiscarded="632" />
  <ownableSynchronizers candidates="417" cleared="52" />
  <references type="soft" candidates="65" cleared="0" enqueued="0" dynamicThreshold="11" maxThreshold="32" />
  <references type="weak" candidates="71" cleared="42" enqueued="42" />
  <references type="phantom" candidates="11" cleared="0" enqueued="0" />
  <object-monitors candidates="21" cleared="0"  />
</gc-op>
<gc-end id="1976" type="scavenge" contextid="1972" durationms="0.858" usertimems="2.878" systemtimems="0.477" stalltimems="1.976" timestamp="2024-12-13T11:26:25.348" activeThreads="7">
  <mem-info id="1977" free="9760976" total="31653888" percent="30">
    <mem type="nursery" free="4150848" total="6684672" percent="62">
      <mem type="allocate" free="4150848" total="5177344" percent="80" />
      <mem type="survivor" free="0" total="1507328" percent="0" />
    </mem>
    <mem type="tenure" free="5610128" total="24969216" percent="22">
      <mem type="soa" free="4360848" total="23719936" percent="18" />
      <mem type="loa" free="1249280" total="1249280" percent="100" />
    </mem>
    <pending-finalizers system="0" default="0" reference="42" classloader="0" />
    <remembered-set count="719" />
  </mem-info>
</gc-end>
<cycle-end id="1978" type="scavenge" contextid="1972" timestamp="2024-12-13T11:26:25.348" />
<allocation-satisfied id="1979" threadId="000000011F910500" bytesRequested="32" />
<af-end id="1980" timestamp="2024-12-13T11:26:25.348" threadId="000000011F910F90" success="true" from="nursery"/>
<exclusive-end id="1981" timestamp="2024-12-13T11:26:25.348" durationms="1.151" />

<exclusive-start id="1982" timestamp="2024-12-13T11:26:25.374" intervalms="27.639">
  <response-info timems="0.055" idlems="0.033" threads="7" lastid="000000011F887300" lastname="Equinox start level thread - Equinox Container: 3d07d356-8ac3-4" />
</exclusive-start>
<af-start id="1983" threadId="000000011F90A790" totalBytesRequested="5736" timestamp="2024-12-13T11:26:25.374" intervalms="27.590" type="nursery" />
<cycle-start id="1984" type="scavenge" contextid="0" timestamp="2024-12-13T11:26:25.375" intervalms="27.574" />
<gc-start id="1985" type="scavenge" contextid="1984" timestamp="2024-12-13T11:26:25.375">
  <mem-info id="1986" free="5579864" total="31653888" percent="17">
    <mem type="nursery" free="0" total="6684672" percent="0">
      <mem type="allocate" free="0" total="5177344" percent="0" />
      <mem type="survivor" free="0" total="1507328" percent="0" />
    </mem>
    <mem type="tenure" free="5579864" total="24969216" percent="22">
      <mem type="soa" free="4330584" total="23719936" percent="18" />
      <mem type="loa" free="1249280" total="1249280" percent="100" />
    </mem>
    <remembered-set count="1163" />
  </mem-info>
</gc-start>
<allocation-stats totalBytes="4158064" discardedBytes="23048" >
  <allocated-bytes non-tlh="30296" tlh="4127768" />
  <largest-consumer threadName="Equinox start level thread - Equinox Container: 3d07d356-8ac3-4c95-bf6d-d0b019020d2b" threadId="000000011F910500" bytes="2252544" />
</allocation-stats>
<gc-op id="1987" type="scavenge" timems="0.727" contextid="1984" timestamp="2024-12-13T11:26:25.375">
  <scavenger-info tenureage="2" tenuremask="7ffc" tiltratio="77" />
  <memory-copied type="nursery" objects="13028" bytes="695600" bytesdiscarded="205552" />
  <memory-copied type="tenure" objects="6894" bytes="431856" bytesdiscarded="224" />
  <ownableSynchronizers candidates="705" cleared="291" />
  <references type="soft" candidates="124" cleared="0" enqueued="0" dynamicThreshold="11" maxThreshold="32" />
  <references type="weak" candidates="158" cleared="91" enqueued="87" />
  <references type="phantom" candidates="8" cleared="0" enqueued="0" />
  <object-monitors candidates="21" cleared="0"  />
</gc-op>
<gc-end id="1988" type="scavenge" contextid="1984" durationms="0.809" usertimems="3.458" systemtimems="0.457" stalltimems="1.903" timestamp="2024-12-13T11:26:25.375" activeThreads="7">
  <mem-info id="1989" free="9518160" total="31653888" percent="30">
    <mem type="nursery" free="4406784" total="6684672" percent="65">
      <mem type="allocate" free="4406784" total="5308416" percent="83" />
      <mem type="survivor" free="0" total="1376256" percent="0" />
    </mem>
    <mem type="tenure" free="5111376" total="24969216" percent="20">
      <mem type="soa" free="3862096" total="23719936" percent="16" />
      <mem type="loa" free="1249280" total="1249280" percent="100" />
    </mem>
    <pending-finalizers system="0" default="0" reference="87" classloader="0" />
    <remembered-set count="1018" />
  </mem-info>
</gc-end>
<cycle-end id="1990" type="scavenge" contextid="1984" timestamp="2024-12-13T11:26:25.375" />
<allocation-satisfied id="1991" threadId="000000011F909D00" bytesRequested="5736" />
<af-end id="1992" timestamp="2024-12-13T11:26:25.375" threadId="000000011F90A790" success="true" from="nursery"/>
<exclusive-end id="1993" timestamp="2024-12-13T11:26:25.375" durationms="1.006" />

<exclusive-start id="1994" timestamp="2024-12-13T11:26:25.417" intervalms="42.962">
  <response-info timems="0.080" idlems="0.041" threads="7" lastid="00000001280C2300" lastname="JIT Compilation Thread-004" />
</exclusive-start>
<af-start id="1995" threadId="000000011F910F90" totalBytesRequested="288" timestamp="2024-12-13T11:26:25.417" intervalms="42.963" type="nursery" />
<cycle-start id="1996" type="scavenge" contextid="0" timestamp="2024-12-13T11:26:25.418" intervalms="42.963" />
<gc-start id="1997" type="scavenge" contextid="1996" timestamp="2024-12-13T11:26:25.418">
  <mem-info id="1998" free="5065768" total="31653888" percent="16">
    <mem type="nursery" free="0" total="6684672" percent="0">
      <mem type="allocate" free="0" total="5308416" percent="0" />
      <mem type="survivor" free="0" total="1376256" percent="0" />
    </mem>
    <mem type="tenure" free="5065768" total="24969216" percent="20">
      <mem type="soa" free="3816488" total="23719936" percent="16" />
      <mem type="loa" free="1249280" total="1249280" percent="100" />
    </mem>
    <remembered-set count="1713" />
  </mem-info>
</gc-start>
<allocation-stats totalBytes="4446816" discardedBytes="5576" >
  <allocated-bytes non-tlh="107328" tlh="4339488" />
  <largest-consumer threadName="Equinox start level thread - Equinox Container: 3d07d356-8ac3-4c95-bf6d-d0b019020d2b" threadId="000000011F910500" bytes="1571040" />
</allocation-stats>
<gc-op id="1999" type="scavenge" timems="0.905" contextid="1996" timestamp="2024-12-13T11:26:25.418">
  <scavenger-info tenureage="2" tenuremask="7ffc" tiltratio="79" />
  <memory-copied type="nursery" objects="13734" bytes="834584" bytesdiscarded="257304" />
  <memory-copied type="tenure" objects="6172" bytes="313184" bytesdiscarded="384" />
  <finalization candidates="2" enqueued="0" />
  <ownableSynchronizers candidates="535" cleared="80" />
  <references type="soft" candidates="247" cleared="0" enqueued="0" dynamicThreshold="11" maxThreshold="32" />
  <references type="weak" candidates="253" cleared="109" enqueued="97" />
  <references type="phantom" candidates="38" cleared="0" enqueued="0" />
  <object-monitors candidates="21" cleared="0"  />
</gc-op>
<gc-end id="2000" type="scavenge" contextid="1996" durationms="1.001" usertimems="5.447" systemtimems="0.735" stalltimems="2.225" timestamp="2024-12-13T11:26:25.419" activeThreads="7">
  <mem-info id="2001" free="9106208" total="31653888" percent="28">
    <mem type="nursery" free="4281536" total="6684672" percent="64">
      <mem type="allocate" free="4281536" total="5373952" percent="79" />
      <mem type="survivor" free="0" total="1310720" percent="0" />
    </mem>
    <mem type="tenure" free="4824672" total="24969216" percent="19">
      <mem type="soa" free="3575392" total="23719936" percent="15" />
      <mem type="loa" free="1249280" total="1249280" percent="100" />
    </mem>
    <pending-finalizers system="0" default="0" reference="97" classloader="0" />
    <remembered-set count="1559" />
  </mem-info>
</gc-end>
<cycle-end id="2002" type="scavenge" contextid="1996" timestamp="2024-12-13T11:26:25.419" />
<allocation-satisfied id="2003" threadId="000000011F910500" bytesRequested="288" />
<af-end id="2004" timestamp="2024-12-13T11:26:25.419" threadId="000000011F910F90" success="true" from="nursery"/>
<exclusive-end id="2005" timestamp="2024-12-13T11:26:25.419" durationms="1.221" />

<exclusive-start id="2006" timestamp="2024-12-13T11:26:25.443" intervalms="25.408">
  <response-info timems="1.214" idlems="0.627" threads="11" lastid="00000001280AC100" lastname="JIT Compilation Thread-002" />
</exclusive-start>
<af-start id="2007" threadId="000000011F887D90" totalBytesRequested="24" timestamp="2024-12-13T11:26:25.443" intervalms="25.390" type="nursery" />
<cycle-start id="2008" type="scavenge" contextid="0" timestamp="2024-12-13T11:26:25.443" intervalms="25.400" />
<gc-start id="2009" type="scavenge" contextid="2008" timestamp="2024-12-13T11:26:25.443">
  <mem-info id="2010" free="4794272" total="31653888" percent="15">
    <mem type="nursery" free="0" total="6684672" percent="0">
      <mem type="allocate" free="0" total="5373952" percent="0" />
      <mem type="survivor" free="0" total="1310720" percent="0" />
    </mem>
    <mem type="tenure" free="4794272" total="24969216" percent="19">
      <mem type="soa" free="3544992" total="23719936" percent="14" />
      <mem type="loa" free="1249280" total="1249280" percent="100" />
    </mem>
    <remembered-set count="2024" />
  </mem-info>
</gc-start>
<allocation-stats totalBytes="4235184" discardedBytes="73096" >
  <allocated-bytes non-tlh="274128" tlh="3961056" />
  <largest-consumer threadName="Equinox start level thread - Equinox Container: 3d07d356-8ac3-4c95-bf6d-d0b019020d2b" threadId="000000011F901100" bytes="2037008" />
</allocation-stats>
<gc-op id="2011" type="scavenge" timems="0.999" contextid="2008" timestamp="2024-12-13T11:26:25.444">
  <scavenger-info tenureage="2" tenuremask="7ffc" tiltratio="80" />
  <memory-copied type="nursery" objects="7109" bytes="1309664" bytesdiscarded="880" />
  <memory-copied type="tenure" objects="11156" bytes="820224" bytesdiscarded="3392" />
  <copy-failed type="nursery" objects="4970" bytes="474168" />
  <finalization candidates="2" enqueued="0" />
  <ownableSynchronizers candidates="452" cleared="57" />
  <references type="soft" candidates="53" cleared="0" enqueued="0" dynamicThreshold="11" maxThreshold="32" />
  <references type="weak" candidates="83" cleared="0" enqueued="0" />
  <references type="phantom" candidates="205" cleared="0" enqueued="0" />
  <object-monitors candidates="21" cleared="0"  />
</gc-op>
<gc-end id="2012" type="scavenge" contextid="2008" durationms="1.072" usertimems="3.623" systemtimems="1.052" stalltimems="2.633" timestamp="2024-12-13T11:26:25.444" activeThreads="7">
  <mem-info id="2013" free="5980064" total="31653888" percent="18">
    <mem type="nursery" free="2228224" total="6684672" percent="33">
      <mem type="allocate" free="2228224" total="3538944" percent="62" />
      <mem type="survivor" free="0" total="3145728" percent="0" />
    </mem>
    <mem type="tenure" free="3751840" total="24969216" percent="15">
      <mem type="soa" free="2502560" total="23719936" percent="10" />
      <mem type="loa" free="1249280" total="1249280" percent="100" />
    </mem>
    <remembered-set count="1845" />
  </mem-info>
</gc-end>
<cycle-end id="2014" type="scavenge" contextid="2008" timestamp="2024-12-13T11:26:25.444" />
<allocation-satisfied id="2015" threadId="000000011F887300" bytesRequested="24" />
<af-end id="2016" timestamp="2024-12-13T11:26:25.444" threadId="000000011F887D90" success="true" from="nursery"/>
<exclusive-end id="2017" timestamp="2024-12-13T11:26:25.444" durationms="1.264" />

<exclusive-start id="2018" timestamp="2024-12-13T11:26:25.452" intervalms="9.286">
  <response-info timems="0.083" idlems="0.030" threads="8" lastid="000000011F909D00" lastname="Equinox start level thread - Equinox Container: 3d07d356-8ac3-4" />
</exclusive-start>
<af-start id="2019" threadId="000000011F901B90" totalBytesRequested="144" timestamp="2024-12-13T11:26:25.452" intervalms="9.321" type="nursery" />
<cycle-start id="2020" type="scavenge" contextid="0" timestamp="2024-12-13T11:26:25.452" intervalms="9.326" />
<gc-start id="2021" type="scavenge" contextid="2020" timestamp="2024-12-13T11:26:25.452">
  <mem-info id="2022" free="3738504" total="31653888" percent="11">
    <mem type="nursery" free="0" total="6684672" percent="0">
      <mem type="allocate" free="0" total="3538944" percent="0" />
      <mem type="survivor" free="0" total="3145728" percent="0" />
    </mem>
    <mem type="tenure" free="3738504" total="24969216" percent="14">
      <mem type="soa" free="2489224" total="23719936" percent="10" />
      <mem type="loa" free="1249280" total="1249280" percent="100" />
    </mem>
    <remembered-set count="2045" />
  </mem-info>
</gc-start>
<allocation-stats totalBytes="2231008" discardedBytes="6880" >
  <allocated-bytes non-tlh="100024" tlh="2130984" />
  <largest-consumer threadName="Equinox start level thread - Equinox Container: 3d07d356-8ac3-4c95-bf6d-d0b019020d2b" threadId="000000011F910500" bytes="1187512" />
</allocation-stats>
<gc-op id="2023" type="scavenge" timems="0.649" contextid="2020" timestamp="2024-12-13T11:26:25.453">
  <scavenger-info tenureage="1" tenuremask="7ffe" tiltratio="52" />
  <memory-copied type="nursery" objects="1988" bytes="308888" bytesdiscarded="563456" />
  <memory-copied type="tenure" objects="6606" bytes="1285736" bytesdiscarded="4904" />
  <finalization candidates="2" enqueued="0" />
  <ownableSynchronizers candidates="172" cleared="22" />
  <references type="soft" candidates="4" cleared="0" enqueued="0" dynamicThreshold="11" maxThreshold="32" />
  <references type="weak" candidates="26" cleared="11" enqueued="11" />
  <references type="phantom" candidates="28" cleared="0" enqueued="0" />
  <object-monitors candidates="21" cleared="0"  />
</gc-op>
<heap-resize id="2024" type="expand" space="nursery" amount="393216" count="1" timems="0.019" reason="excessive time being spent scavenging" timestamp="2024-12-13T11:26:25.453" />
<gc-end id="2025" type="scavenge" contextid="2020" durationms="0.768" usertimems="2.348" systemtimems="0.544" stalltimems="1.636" timestamp="2024-12-13T11:26:25.453" activeThreads="7">
  <mem-info id="2026" free="5417600" total="32047104" percent="16">
    <mem type="nursery" free="3059672" total="7077888" percent="43">
      <mem type="allocate" free="3059672" total="3932160" percent="77" />
      <mem type="survivor" free="0" total="3145728" percent="0" />
    </mem>
    <mem type="tenure" free="2357928" total="24969216" percent="9">
      <mem type="soa" free="1108648" total="23719936" percent="4" />
      <mem type="loa" free="1249280" total="1249280" percent="100" />
    </mem>
    <pending-finalizers system="0" default="0" reference="11" classloader="0" />
    <remembered-set count="766" />
  </mem-info>
</gc-end>
<cycle-end id="2027" type="scavenge" contextid="2020" timestamp="2024-12-13T11:26:25.453" />
<allocation-satisfied id="2028" threadId="000000011F901100" bytesRequested="144" />
<af-end id="2029" timestamp="2024-12-13T11:26:25.453" threadId="000000011F901B90" success="true" from="nursery"/>
<exclusive-end id="2030" timestamp="2024-12-13T11:26:25.453" durationms="1.021" />

<concurrent-kickoff id="2031" timestamp="2024-12-13T11:26:25.458">
  <kickoff reason="threshold reached" targetBytes="12418623" thresholdFreeBytes="1716502"  remainingFree="1691608" tenureFreeBytes="2354944" nurseryFreeBytes="1691608" />
</concurrent-kickoff>
<exclusive-start id="2032" timestamp="2024-12-13T11:26:25.462" intervalms="9.942">
  <response-info timems="3.800" idlems="0.800" threads="4" lastid="000000011F910500" lastname="Equinox start level thread - Equinox Container: 3d07d356-8ac3-4" />
</exclusive-start>
<cycle-start id="2033" type="global" contextid="0" timestamp="2024-12-13T11:26:25.462" intervalms="325.801" />
<concurrent-start id="2034" type="global mark" contextid="2033" timestamp="2024-12-13T11:26:25.462">
</concurrent-start>
<exclusive-end id="2035" timestamp="2024-12-13T11:26:25.462" durationms="0.051" />

<concurrent-end id="2036" type="global mark" contextid="2033" timestamp="2024-12-13T11:26:25.471">
<gc-op id="2037" type="trace" timems="9.289" contextid="2033" timestamp="2024-12-13T11:26:25.471">
  <trace bytesTraced="13806640" workStackOverflowCount="0" />
  <card-cleaning reason="card cleaning threshold reached" bytesTraced="105280" cardsCleaned="235" />
</gc-op>
</concurrent-end>

<exclusive-start id="2038" timestamp="2024-12-13T11:26:25.472" intervalms="9.468">
  <response-info timems="0.101" idlems="0.074" threads="5" lastid="0000000128099300" lastname="JIT Compilation Thread-000" />
</exclusive-start>
<concurrent-global-final id="2039" timestamp="2024-12-13T11:26:25.472" contextid="2033" intervalms="310.905" >
  <concurrent-trace-info reason="card cleaning threshold reached" tracedByMutators="1524648" tracedByHelpers="12387272" cardsCleaned="235" workStackOverflowCount="0" />
</concurrent-global-final>
<gc-start id="2040" type="global" contextid="2033" timestamp="2024-12-13T11:26:25.472">
  <mem-info id="2041" free="2656336" total="32047104" percent="8">
    <mem type="nursery" free="311240" total="7077888" percent="4">
      <mem type="allocate" free="311240" total="3932160" percent="7" />
      <mem type="survivor" free="0" total="3145728" percent="0" />
    </mem>
    <mem type="tenure" free="2345096" total="24969216" percent="9">
      <mem type="soa" free="1095816" total="23719936" percent="4" />
      <mem type="loa" free="1249280" total="1249280" percent="100" />
    </mem>
    <remembered-set count="1043" />
  </mem-info>
</gc-start>
<allocation-stats totalBytes="2756600" discardedBytes="4664" >
  <allocated-bytes non-tlh="383160" tlh="2373440" />
  <largest-consumer threadName="Equinox start level thread - Equinox Container: 3d07d356-8ac3-4c95-bf6d-d0b019020d2b" threadId="000000011F901100" bytes="1326376" />
</allocation-stats>
<gc-op id="2042" type="rs-scan" timems="0.318" contextid="2033" timestamp="2024-12-13T11:26:25.472">
  <scan objectsFound="5169" bytesTraced="361008" workStackOverflowCount="0" />
</gc-op>
<gc-op id="2043" type="card-cleaning" timems="0.113" contextid="2033" timestamp="2024-12-13T11:26:25.472">
  <card-cleaning cardsCleaned="37" bytesTraced="45808" workStackOverflowCount="0" />
</gc-op>
<gc-op id="2044" type="mark" timems="1.770" contextid="2033" timestamp="2024-12-13T11:26:25.474">
  <trace-info objectcount="1087" scancount="983" scanbytes="63800" />
  <finalization candidates="150" enqueued="0" />
  <ownableSynchronizers candidates="1939" cleared="48" />
  <references type="soft" candidates="3996" cleared="0" enqueued="0" dynamicThreshold="11" maxThreshold="32" />
  <references type="weak" candidates="3760" cleared="49" enqueued="45" />
  <references type="phantom" candidates="313" cleared="0" enqueued="0" />
  <stringconstants candidates="13640" cleared="2"  />
  <object-monitors candidates="22" cleared="0"  />
</gc-op>
<gc-op id="2045" type="classunload" timems="0.004" contextid="2033" timestamp="2024-12-13T11:26:25.474">
  <classunload-info classloadercandidates="64" classloadersunloaded="0" classesunloaded="0" anonymousclassesunloaded="0" quiescems="0.000" setupms="0.004" scanms="0.000" postms="0.000" />
</gc-op>
<gc-op id="2046" type="sweep" timems="0.563" contextid="2033" timestamp="2024-12-13T11:26:25.474" />
<heap-resize id="2047" type="expand" space="tenure" amount="3276800" count="1" timems="0.023" reason="insufficient free space following gc" timestamp="2024-12-13T11:26:25.475" />
<gc-end id="2048" type="global" contextid="2033" durationms="2.949" usertimems="6.119" systemtimems="2.908" stalltimems="16.504" timestamp="2024-12-13T11:26:25.475" activeThreads="10">
  <mem-info id="2049" free="11536456" total="35323904" percent="32">
    <mem type="nursery" free="3023648" total="7077888" percent="42">
      <mem type="allocate" free="3023648" total="3932160" percent="76" />
      <mem type="survivor" free="0" total="3145728" percent="0" />
    </mem>
    <mem type="tenure" free="8512808" total="28246016" percent="30" micro-fragmented="675628" macro-fragmented="0">
      <mem type="soa" free="7099688" total="26832896" percent="26" />
      <mem type="loa" free="1413120" total="1413120" percent="100" />
    </mem>
    <pending-finalizers system="0" default="0" reference="45" classloader="0" />
    <remembered-set count="893" />
  </mem-info>
</gc-end>
<cycle-end id="2050" type="global" contextid="2033" timestamp="2024-12-13T11:26:25.475" />
<exclusive-end id="2051" timestamp="2024-12-13T11:26:25.475" durationms="3.083" />

<exclusive-start id="2052" timestamp="2024-12-13T11:26:25.495" intervalms="23.298">
  <response-info timems="0.031" idlems="0.022" threads="3" lastid="000000011F909D00" lastname="Equinox start level thread - Equinox Container: 3d07d356-8ac3-4" />
</exclusive-start>
<af-start id="2053" threadId="000000011F901B90" totalBytesRequested="72" timestamp="2024-12-13T11:26:25.495" intervalms="42.690" type="nursery" />
<cycle-start id="2054" type="scavenge" contextid="0" timestamp="2024-12-13T11:26:25.495" intervalms="42.674" />
<gc-start id="2055" type="scavenge" contextid="2054" timestamp="2024-12-13T11:26:25.495">
  <mem-info id="2056" free="8475752" total="35323904" percent="23">
    <mem type="nursery" free="0" total="7077888" percent="0">
      <mem type="allocate" free="0" total="3932160" percent="0" />
      <mem type="survivor" free="0" total="3145728" percent="0" />
    </mem>
    <mem type="tenure" free="8475752" total="28246016" percent="30">
      <mem type="soa" free="7062632" total="26832896" percent="26" />
      <mem type="loa" free="1413120" total="1413120" percent="100" />
    </mem>
    <remembered-set count="1378" />
  </mem-info>
</gc-start>
<allocation-stats totalBytes="3018840" discardedBytes="29736" >
  <allocated-bytes non-tlh="305704" tlh="2713136" />
  <largest-consumer threadName="Equinox start level thread - Equinox Container: 3d07d356-8ac3-4c95-bf6d-d0b019020d2b" threadId="000000011F909D00" bytes="1119016" />
</allocation-stats>
<gc-op id="2057" type="scavenge" timems="0.572" contextid="2054" timestamp="2024-12-13T11:26:25.496">
  <scavenger-info tenureage="2" tenuremask="7ffc" tiltratio="55" />
  <memory-copied type="nursery" objects="10135" bytes="1108528" bytesdiscarded="86272" />
  <ownableSynchronizers candidates="3886" cleared="3722" />
  <references type="soft" candidates="52" cleared="0" enqueued="0" dynamicThreshold="9" maxThreshold="32" />
  <references type="weak" candidates="119" cleared="24" enqueued="22" />
  <references type="phantom" candidates="70" cleared="0" enqueued="0" />
  <object-monitors candidates="22" cleared="0"  />
</gc-op>
<gc-end id="2058" type="scavenge" contextid="2054" durationms="0.627" usertimems="1.869" systemtimems="0.548" stalltimems="1.672" timestamp="2024-12-13T11:26:25.496" activeThreads="7">
  <mem-info id="2059" free="11540144" total="35323904" percent="32">
    <mem type="nursery" free="3064392" total="7077888" percent="43">
      <mem type="allocate" free="3064392" total="4259840" percent="71" />
      <mem type="survivor" free="0" total="2818048" percent="0" />
    </mem>
    <mem type="tenure" free="8475752" total="28246016" percent="30">
      <mem type="soa" free="7062632" total="26832896" percent="26" />
      <mem type="loa" free="1413120" total="1413120" percent="100" />
    </mem>
    <pending-finalizers system="0" default="0" reference="22" classloader="0" />
    <remembered-set count="1099" />
  </mem-info>
</gc-end>
<cycle-end id="2060" type="scavenge" contextid="2054" timestamp="2024-12-13T11:26:25.496" />
<allocation-satisfied id="2061" threadId="000000011F901100" bytesRequested="72" />
<af-end id="2062" timestamp="2024-12-13T11:26:25.496" threadId="000000011F901B90" success="true" from="nursery"/>
<exclusive-end id="2063" timestamp="2024-12-13T11:26:25.496" durationms="0.797" />

<exclusive-start id="2064" timestamp="2024-12-13T11:26:25.514" intervalms="18.922">
  <response-info timems="0.029" idlems="0.015" threads="3" lastid="00000001280B8300" lastname="JIT Compilation Thread-003" />
</exclusive-start>
<af-start id="2065" threadId="000000011F910F90" totalBytesRequested="48" timestamp="2024-12-13T11:26:25.514" intervalms="18.932" type="nursery" />
<cycle-start id="2066" type="scavenge" contextid="0" timestamp="2024-12-13T11:26:25.514" intervalms="18.942" />
<gc-start id="2067" type="scavenge" contextid="2066" timestamp="2024-12-13T11:26:25.514">
  <mem-info id="2068" free="8444736" total="35323904" percent="23">
    <mem type="nursery" free="0" total="7077888" percent="0">
      <mem type="allocate" free="0" total="4259840" percent="0" />
      <mem type="survivor" free="0" total="2818048" percent="0" />
    </mem>
    <mem type="tenure" free="8444736" total="28246016" percent="29">
      <mem type="soa" free="7031616" total="26832896" percent="26" />
      <mem type="loa" free="1413120" total="1413120" percent="100" />
    </mem>
    <remembered-set count="1404" />
  </mem-info>
</gc-start>
<allocation-stats totalBytes="3048120" discardedBytes="32992" >
  <allocated-bytes non-tlh="16792" tlh="3031328" />
  <largest-consumer threadName="Equinox start level thread - Equinox Container: 3d07d356-8ac3-4c95-bf6d-d0b019020d2b" threadId="000000011F901100" bytes="950552" />
</allocation-stats>
<gc-op id="2069" type="scavenge" timems="0.671" contextid="2066" timestamp="2024-12-13T11:26:25.515">
  <scavenger-info tenureage="2" tenuremask="7ffc" tiltratio="60" />
  <memory-copied type="nursery" objects="13241" bytes="1197456" bytesdiscarded="186528" />
  <memory-copied type="tenure" objects="1640" bytes="199736" bytesdiscarded="3000" />
  <ownableSynchronizers candidates="378" cleared="97" />
  <references type="soft" candidates="73" cleared="0" enqueued="0" dynamicThreshold="9" maxThreshold="32" />
  <references type="weak" candidates="131" cleared="24" enqueued="24" />
  <references type="phantom" candidates="51" cleared="0" enqueued="0" />
  <object-monitors candidates="22" cleared="0"  />
</gc-op>
<gc-end id="2070" type="scavenge" contextid="2066" durationms="0.764" usertimems="2.987" systemtimems="0.753" stalltimems="2.129" timestamp="2024-12-13T11:26:25.515" activeThreads="7">
  <mem-info id="2071" free="11335336" total="35323904" percent="32">
    <mem type="nursery" free="3137608" total="7077888" percent="44">
      <mem type="allocate" free="3137608" total="4521984" percent="69" />
      <mem type="survivor" free="0" total="2555904" percent="0" />
    </mem>
    <mem type="tenure" free="8197728" total="28246016" percent="29">
      <mem type="soa" free="6784608" total="26832896" percent="25" />
      <mem type="loa" free="1413120" total="1413120" percent="100" />
    </mem>
    <pending-finalizers system="0" default="0" reference="24" classloader="0" />
    <remembered-set count="1214" />
  </mem-info>
</gc-end>
<cycle-end id="2072" type="scavenge" contextid="2066" timestamp="2024-12-13T11:26:25.515" />
<allocation-satisfied id="2073" threadId="000000011F910500" bytesRequested="48" />
<af-end id="2074" timestamp="2024-12-13T11:26:25.515" threadId="000000011F910F90" success="true" from="nursery"/>
<exclusive-end id="2075" timestamp="2024-12-13T11:26:25.515" durationms="1.055" />

<exclusive-start id="2076" timestamp="2024-12-13T11:26:25.526" intervalms="12.479">
  <response-info timems="0.045" idlems="0.020" threads="10" lastid="0000000138015100" lastname="JIT Compilation Thread-006" />
</exclusive-start>
<af-start id="2077" threadId="000000011F90A790" totalBytesRequested="27552" timestamp="2024-12-13T11:26:25.526" intervalms="12.468" type="nursery" />
<cycle-start id="2078" type="scavenge" contextid="0" timestamp="2024-12-13T11:26:25.526" intervalms="12.463" />
<gc-start id="2079" type="scavenge" contextid="2078" timestamp="2024-12-13T11:26:25.526">
  <mem-info id="2080" free="8183968" total="35323904" percent="23">
    <mem type="nursery" free="0" total="7077888" percent="0">
      <mem type="allocate" free="0" total="4521984" percent="0" />
      <mem type="survivor" free="0" total="2555904" percent="0" />
    </mem>
    <mem type="tenure" free="8183968" total="28246016" percent="28">
      <mem type="soa" free="6770848" total="26832896" percent="25" />
      <mem type="loa" free="1413120" total="1413120" percent="100" />
    </mem>
    <remembered-set count="1367" />
  </mem-info>
</gc-start>
<allocation-stats totalBytes="2877984" discardedBytes="272656" >
  <allocated-bytes non-tlh="13080" tlh="2864904" />
  <largest-consumer threadName="Equinox start level thread - Equinox Container: 3d07d356-8ac3-4c95-bf6d-d0b019020d2b" threadId="000000011F909D00" bytes="1066584" />
</allocation-stats>
<gc-op id="2081" type="scavenge" timems="0.577" contextid="2078" timestamp="2024-12-13T11:26:25.527">
  <scavenger-info tenureage="2" tenuremask="7ffc" tiltratio="63" />
  <memory-copied type="nursery" objects="7747" bytes="462536" bytesdiscarded="406464" />
  <memory-copied type="tenure" objects="7832" bytes="866272" bytesdiscarded="2280" />
  <ownableSynchronizers candidates="293" cleared="12" />
  <references type="soft" candidates="75" cleared="0" enqueued="0" dynamicThreshold="9" maxThreshold="32" />
  <references type="weak" candidates="51" cleared="16" enqueued="16" />
  <references type="phantom" candidates="9" cleared="0" enqueued="0" />
  <object-monitors candidates="22" cleared="0"  />
</gc-op>
<gc-end id="2082" type="scavenge" contextid="2078" durationms="0.632" usertimems="2.499" systemtimems="0.309" stalltimems="1.155" timestamp="2024-12-13T11:26:25.527" activeThreads="7">
  <mem-info id="2083" free="11108888" total="35323904" percent="31">
    <mem type="nursery" free="3914936" total="7077888" percent="55">
      <mem type="allocate" free="3914936" total="4784128" percent="81" />
      <mem type="survivor" free="0" total="2293760" percent="0" />
    </mem>
    <mem type="tenure" free="7193952" total="28246016" percent="25">
      <mem type="soa" free="5780832" total="26832896" percent="21" />
      <mem type="loa" free="1413120" total="1413120" percent="100" />
    </mem>
    <pending-finalizers system="0" default="0" reference="16" classloader="0" />
    <remembered-set count="760" />
  </mem-info>
</gc-end>
<cycle-end id="2084" type="scavenge" contextid="2078" timestamp="2024-12-13T11:26:25.527" />
<allocation-satisfied id="2085" threadId="000000011F909D00" bytesRequested="27552" />
<af-end id="2086" timestamp="2024-12-13T11:26:25.527" threadId="000000011F90A790" success="true" from="nursery"/>
<exclusive-end id="2087" timestamp="2024-12-13T11:26:25.527" durationms="0.809" />

<exclusive-start id="2088" timestamp="2024-12-13T11:26:25.554" intervalms="27.417">
  <response-info timems="0.067" idlems="0.043" threads="9" lastid="000000011F887300" lastname="Equinox start level thread - Equinox Container: 3d07d356-8ac3-4" />
</exclusive-start>
<af-start id="2089" threadId="000000011F90A790" totalBytesRequested="2960" timestamp="2024-12-13T11:26:25.554" intervalms="27.427" type="nursery" />
<cycle-start id="2090" type="scavenge" contextid="0" timestamp="2024-12-13T11:26:25.554" intervalms="27.434" />
<gc-start id="2091" type="scavenge" contextid="2090" timestamp="2024-12-13T11:26:25.554">
  <mem-info id="2092" free="7148920" total="35323904" percent="20">
    <mem type="nursery" free="0" total="7077888" percent="0">
      <mem type="allocate" free="0" total="4784128" percent="0" />
      <mem type="survivor" free="0" total="2293760" percent="0" />
    </mem>
    <mem type="tenure" free="7148920" total="28246016" percent="25">
      <mem type="soa" free="5735800" total="26832896" percent="21" />
      <mem type="loa" free="1413120" total="1413120" percent="100" />
    </mem>
    <remembered-set count="1330" />
  </mem-info>
</gc-start>
<allocation-stats totalBytes="3875264" discardedBytes="80248" >
  <allocated-bytes non-tlh="302416" tlh="3572848" />
  <largest-consumer threadName="Equinox start level thread - Equinox Container: 3d07d356-8ac3-4c95-bf6d-d0b019020d2b" threadId="000000011F887300" bytes="1615968" />
</allocation-stats>
<gc-op id="2093" type="scavenge" timems="0.648" contextid="2090" timestamp="2024-12-13T11:26:25.554">
  <scavenger-info tenureage="3" tenuremask="7ff8" tiltratio="67" />
  <memory-copied type="nursery" objects="19189" bytes="991320" bytesdiscarded="168128" />
  <ownableSynchronizers candidates="485" cleared="102" />
  <references type="soft" candidates="339" cleared="0" enqueued="0" dynamicThreshold="9" maxThreshold="32" />
  <references type="weak" candidates="93" cleared="38" enqueued="38" />
  <references type="phantom" candidates="15" cleared="0" enqueued="0" />
  <object-monitors candidates="22" cleared="0"  />
</gc-op>
<gc-end id="2094" type="scavenge" contextid="2090" durationms="0.740" usertimems="2.459" systemtimems="0.490" stalltimems="2.169" timestamp="2024-12-13T11:26:25.555" activeThreads="8">
  <mem-info id="2095" free="10838888" total="35323904" percent="30">
    <mem type="nursery" free="3689968" total="7077888" percent="52">
      <mem type="allocate" free="3689968" total="4849664" percent="76" />
      <mem type="survivor" free="0" total="2228224" percent="0" />
    </mem>
    <mem type="tenure" free="7148920" total="28246016" percent="25">
      <mem type="soa" free="5735800" total="26832896" percent="21" />
      <mem type="loa" free="1413120" total="1413120" percent="100" />
    </mem>
    <pending-finalizers system="0" default="0" reference="38" classloader="0" />
    <remembered-set count="1132" />
  </mem-info>
</gc-end>
<cycle-end id="2096" type="scavenge" contextid="2090" timestamp="2024-12-13T11:26:25.555" />
<allocation-satisfied id="2097" threadId="000000011F909D00" bytesRequested="2960" />
<af-end id="2098" timestamp="2024-12-13T11:26:25.555" threadId="000000011F90A790" success="true" from="nursery"/>
<exclusive-end id="2099" timestamp="2024-12-13T11:26:25.555" durationms="0.989" />

<exclusive-start id="2100" timestamp="2024-12-13T11:26:25.589" intervalms="35.293">
  <response-info timems="0.209" idlems="0.125" threads="9" lastid="0000000138015100" lastname="JIT Compilation Thread-006" />
</exclusive-start>
<af-start id="2101" threadId="000000011F910F90" totalBytesRequested="32" timestamp="2024-12-13T11:26:25.589" intervalms="35.288" type="nursery" />
<cycle-start id="2102" type="scavenge" contextid="0" timestamp="2024-12-13T11:26:25.589" intervalms="35.273" />
<gc-start id="2103" type="scavenge" contextid="2102" timestamp="2024-12-13T11:26:25.589">
  <mem-info id="2104" free="7096488" total="35323904" percent="20">
    <mem type="nursery" free="0" total="7077888" percent="0">
      <mem type="allocate" free="0" total="4849664" percent="0" />
      <mem type="survivor" free="0" total="2228224" percent="0" />
    </mem>
    <mem type="tenure" free="7096488" total="28246016" percent="25">
      <mem type="soa" free="5683368" total="26832896" percent="21" />
      <mem type="loa" free="1413120" total="1413120" percent="100" />
    </mem>
    <remembered-set count="1680" />
  </mem-info>
</gc-start>
<allocation-stats totalBytes="3670336" discardedBytes="64824" >
  <allocated-bytes non-tlh="163008" tlh="3507328" />
  <largest-consumer threadName="Equinox start level thread - Equinox Container: 3d07d356-8ac3-4c95-bf6d-d0b019020d2b" threadId="000000011F909D00" bytes="1387712" />
</allocation-stats>
<gc-op id="2105" type="scavenge" timems="0.883" contextid="2102" timestamp="2024-12-13T11:26:25.590">
  <scavenger-info tenureage="3" tenuremask="7ff8" tiltratio="68" />
  <memory-copied type="nursery" objects="18616" bytes="993968" bytesdiscarded="263864" />
  <memory-copied type="tenure" objects="4830" bytes="258536" bytesdiscarded="2376" />
  <finalization candidates="1" enqueued="0" />
  <ownableSynchronizers candidates="530" cleared="48" />
  <references type="soft" candidates="434" cleared="0" enqueued="0" dynamicThreshold="9" maxThreshold="32" />
  <references type="weak" candidates="97" cleared="40" enqueued="40" />
  <references type="phantom" candidates="13" cleared="0" enqueued="0" />
  <object-monitors candidates="23" cleared="0"  />
</gc-op>
<gc-end id="2106" type="scavenge" contextid="2102" durationms="0.982" usertimems="3.277" systemtimems="0.896" stalltimems="2.586" timestamp="2024-12-13T11:26:25.590" activeThreads="7">
  <mem-info id="2107" free="10666528" total="35323904" percent="30">
    <mem type="nursery" free="3853704" total="7077888" percent="54">
      <mem type="allocate" free="3853704" total="5111808" percent="75" />
      <mem type="survivor" free="0" total="1966080" percent="0" />
    </mem>
    <mem type="tenure" free="6812824" total="28246016" percent="24">
      <mem type="soa" free="5399704" total="26832896" percent="20" />
      <mem type="loa" free="1413120" total="1413120" percent="100" />
    </mem>
    <pending-finalizers system="0" default="0" reference="40" classloader="0" />
    <remembered-set count="1482" />
  </mem-info>
</gc-end>
<cycle-end id="2108" type="scavenge" contextid="2102" timestamp="2024-12-13T11:26:25.590" />
<allocation-satisfied id="2109" threadId="000000011F910500" bytesRequested="32" />
<af-end id="2110" timestamp="2024-12-13T11:26:25.590" threadId="000000011F910F90" success="true" from="nursery"/>
<exclusive-end id="2111" timestamp="2024-12-13T11:26:25.590" durationms="1.188" />

<exclusive-start id="2112" timestamp="2024-12-13T11:26:25.625" intervalms="36.232">
  <response-info timems="0.145" idlems="0.100" threads="5" lastid="0000000138015100" lastname="JIT Compilation Thread-006" />
</exclusive-start>
<af-start id="2113" threadId="000000011F910F90" totalBytesRequested="8512" timestamp="2024-12-13T11:26:25.625" intervalms="36.234" type="nursery" />
<cycle-start id="2114" type="scavenge" contextid="0" timestamp="2024-12-13T11:26:25.625" intervalms="36.251" />
<gc-start id="2115" type="scavenge" contextid="2114" timestamp="2024-12-13T11:26:25.625">
  <mem-info id="2116" free="6769504" total="35323904" percent="19">
    <mem type="nursery" free="0" total="7077888" percent="0">
      <mem type="allocate" free="0" total="5111808" percent="0" />
      <mem type="survivor" free="0" total="1966080" percent="0" />
    </mem>
    <mem type="tenure" free="6769504" total="28246016" percent="23">
      <mem type="soa" free="5356384" total="26832896" percent="19" />
      <mem type="loa" free="1413120" total="1413120" percent="100" />
    </mem>
    <remembered-set count="2090" />
  </mem-info>
</gc-start>
<allocation-stats totalBytes="3883280" discardedBytes="10200" >
  <allocated-bytes non-tlh="106440" tlh="3776840" />
  <largest-consumer threadName="Equinox start level thread - Equinox Container: 3d07d356-8ac3-4c95-bf6d-d0b019020d2b" threadId="000000011F910500" bytes="1548696" />
</allocation-stats>
<gc-op id="2117" type="scavenge" timems="0.813" contextid="2114" timestamp="2024-12-13T11:26:25.626">
  <scavenger-info tenureage="3" tenuremask="7ff8" tiltratio="72" />
  <memory-copied type="nursery" objects="22936" bytes="1231056" bytesdiscarded="332864" />
  <memory-copied type="tenure" objects="2291" bytes="119936" bytesdiscarded="720" />
  <finalization candidates="1" enqueued="0" />
  <ownableSynchronizers candidates="585" cleared="89" />
  <references type="soft" candidates="683" cleared="0" enqueued="0" dynamicThreshold="9" maxThreshold="32" />
  <references type="weak" candidates="128" cleared="48" enqueued="48" />
  <references type="phantom" candidates="18" cleared="0" enqueued="0" />
  <object-monitors candidates="23" cleared="0"  />
</gc-op>
<gc-end id="2118" type="scavenge" contextid="2114" durationms="0.904" usertimems="3.937" systemtimems="0.488" stalltimems="2.025" timestamp="2024-12-13T11:26:25.626" activeThreads="7">
  <mem-info id="2119" free="10337288" total="35323904" percent="29">
    <mem type="nursery" free="3744112" total="7077888" percent="52">
      <mem type="allocate" free="3744112" total="5308416" percent="70" />
      <mem type="survivor" free="0" total="1769472" percent="0" />
    </mem>
    <mem type="tenure" free="6593176" total="28246016" percent="23">
      <mem type="soa" free="5180056" total="26832896" percent="19" />
      <mem type="loa" free="1413120" total="1413120" percent="100" />
    </mem>
    <pending-finalizers system="0" default="0" reference="48" classloader="0" />
    <remembered-set count="1766" />
  </mem-info>
</gc-end>
<cycle-end id="2120" type="scavenge" contextid="2114" timestamp="2024-12-13T11:26:25.626" />
<allocation-satisfied id="2121" threadId="000000011F910500" bytesRequested="8512" />
<af-end id="2122" timestamp="2024-12-13T11:26:25.626" threadId="000000011F910F90" success="true" from="nursery"/>
<exclusive-end id="2123" timestamp="2024-12-13T11:26:25.626" durationms="1.157" />

<exclusive-start id="2124" timestamp="2024-12-13T11:26:25.647" intervalms="21.588">
  <response-info timems="0.036" idlems="0.022" threads="4" lastid="00000001280C2300" lastname="JIT Compilation Thread-004" />
</exclusive-start>
<af-start id="2125" threadId="000000011F90A790" totalBytesRequested="1168" timestamp="2024-12-13T11:26:25.647" intervalms="21.577" type="nursery" />
<cycle-start id="2126" type="scavenge" contextid="0" timestamp="2024-12-13T11:26:25.647" intervalms="21.566" />
<gc-start id="2127" type="scavenge" contextid="2126" timestamp="2024-12-13T11:26:25.647">
  <mem-info id="2128" free="6561464" total="35323904" percent="18">
    <mem type="nursery" free="0" total="7077888" percent="0">
      <mem type="allocate" free="0" total="5308416" percent="0" />
      <mem type="survivor" free="0" total="1769472" percent="0" />
    </mem>
    <mem type="tenure" free="6561464" total="28246016" percent="23">
      <mem type="soa" free="5148344" total="26832896" percent="19" />
      <mem type="loa" free="1413120" total="1413120" percent="100" />
    </mem>
    <remembered-set count="2224" />
  </mem-info>
</gc-start>
<allocation-stats totalBytes="3751776" discardedBytes="21848" >
  <allocated-bytes non-tlh="38024" tlh="3713752" />
  <largest-consumer threadName="Equinox start level thread - Equinox Container: 3d07d356-8ac3-4c95-bf6d-d0b019020d2b" threadId="000000011F909D00" bytes="1273568" />
</allocation-stats>
<gc-op id="2129" type="scavenge" timems="0.982" contextid="2126" timestamp="2024-12-13T11:26:25.648">
  <scavenger-info tenureage="3" tenuremask="7ff8" tiltratio="75" />
  <memory-copied type="nursery" objects="16876" bytes="932480" bytesdiscarded="511120" />
  <memory-copied type="tenure" objects="11240" bytes="573976" bytesdiscarded="2144" />
  <finalization candidates="1" enqueued="0" />
  <ownableSynchronizers candidates="692" cleared="100" />
  <references type="soft" candidates="512" cleared="0" enqueued="0" dynamicThreshold="9" maxThreshold="32" />
  <references type="weak" candidates="170" cleared="67" enqueued="67" />
  <references type="phantom" candidates="17" cleared="0" enqueued="0" />
  <object-monitors candidates="23" cleared="0"  />
</gc-op>
<gc-end id="2130" type="scavenge" contextid="2126" durationms="1.105" usertimems="3.561" systemtimems="0.714" stalltimems="2.831" timestamp="2024-12-13T11:26:25.648" activeThreads="7">
  <mem-info id="2131" free="10006496" total="35323904" percent="28">
    <mem type="nursery" free="3929840" total="7077888" percent="55">
      <mem type="allocate" free="3929840" total="5373952" percent="73" />
      <mem type="survivor" free="0" total="1703936" percent="0" />
    </mem>
    <mem type="tenure" free="6076656" total="28246016" percent="21">
      <mem type="soa" free="4663536" total="26832896" percent="17" />
      <mem type="loa" free="1413120" total="1413120" percent="100" />
    </mem>
    <pending-finalizers system="0" default="0" reference="67" classloader="0" />
    <remembered-set count="1637" />
  </mem-info>
</gc-end>
<cycle-end id="2132" type="scavenge" contextid="2126" timestamp="2024-12-13T11:26:25.648" />
<allocation-satisfied id="2133" threadId="000000011F909D00" bytesRequested="1168" />
<af-end id="2134" timestamp="2024-12-13T11:26:25.648" threadId="000000011F90A790" success="true" from="nursery"/>
<exclusive-end id="2135" timestamp="2024-12-13T11:26:25.648" durationms="1.361" />

<exclusive-start id="2136" timestamp="2024-12-13T11:26:25.673" intervalms="25.901">
  <response-info timems="0.100" idlems="0.079" threads="5" lastid="000000011F901100" lastname="Equinox start level thread - Equinox Container: 3d07d356-8ac3-4" />
</exclusive-start>
<af-start id="2137" threadId="000000011F90A790" totalBytesRequested="32" timestamp="2024-12-13T11:26:25.673" intervalms="25.909" type="nursery" />
<cycle-start id="2138" type="scavenge" contextid="0" timestamp="2024-12-13T11:26:25.673" intervalms="25.911" />
<gc-start id="2139" type="scavenge" contextid="2138" timestamp="2024-12-13T11:26:25.673">
  <mem-info id="2140" free="6049944" total="35323904" percent="17">
    <mem type="nursery" free="0" total="7077888" percent="0">
      <mem type="allocate" free="0" total="5373952" percent="0" />
      <mem type="survivor" free="0" total="1703936" percent="0" />
    </mem>
    <mem type="tenure" free="6049944" total="28246016" percent="21">
      <mem type="soa" free="4636824" total="26832896" percent="17" />
      <mem type="loa" free="1413120" total="1413120" percent="100" />
    </mem>
    <remembered-set count="2044" />
  </mem-info>
</gc-start>
<allocation-stats totalBytes="3940520" discardedBytes="16032" >
  <allocated-bytes non-tlh="252328" tlh="3688192" />
  <largest-consumer threadName="Equinox start level thread - Equinox Container: 3d07d356-8ac3-4c95-bf6d-d0b019020d2b" threadId="000000011F909D00" bytes="1546448" />
</allocation-stats>
<gc-op id="2141" type="scavenge" timems="0.764" contextid="2138" timestamp="2024-12-13T11:26:25.674">
  <scavenger-info tenureage="3" tenuremask="7ff8" tiltratio="75" />
  <memory-copied type="nursery" objects="18757" bytes="1023688" bytesdiscarded="237472" />
  <memory-copied type="tenure" objects="4345" bytes="234912" bytesdiscarded="320" />
  <finalization candidates="1" enqueued="0" />
  <ownableSynchronizers candidates="615" cleared="135" />
  <references type="soft" candidates="450" cleared="0" enqueued="0" dynamicThreshold="9" maxThreshold="32" />
  <references type="weak" candidates="260" cleared="75" enqueued="71" />
  <references type="phantom" candidates="19" cleared="0" enqueued="0" />
  <object-monitors candidates="23" cleared="0"  />
</gc-op>
<gc-end id="2142" type="scavenge" contextid="2138" durationms="0.849" usertimems="3.938" systemtimems="0.425" stalltimems="1.801" timestamp="2024-12-13T11:26:25.674" activeThreads="7">
  <mem-info id="2143" free="9996032" total="35323904" percent="28">
    <mem type="nursery" free="4177904" total="7077888" percent="59">
      <mem type="allocate" free="4177904" total="5439488" percent="76" />
      <mem type="survivor" free="0" total="1638400" percent="0" />
    </mem>
    <mem type="tenure" free="5818128" total="28246016" percent="20">
      <mem type="soa" free="4405008" total="26832896" percent="16" />
      <mem type="loa" free="1413120" total="1413120" percent="100" />
    </mem>
    <pending-finalizers system="0" default="0" reference="71" classloader="0" />
    <remembered-set count="1383" />
  </mem-info>
</gc-end>
<cycle-end id="2144" type="scavenge" contextid="2138" timestamp="2024-12-13T11:26:25.674" />
<allocation-satisfied id="2145" threadId="000000011F909D00" bytesRequested="32" />
<af-end id="2146" timestamp="2024-12-13T11:26:25.674" threadId="000000011F90A790" success="true" from="nursery"/>
<exclusive-end id="2147" timestamp="2024-12-13T11:26:25.674" durationms="1.069" />

<exclusive-start id="2148" timestamp="2024-12-13T11:26:25.717" intervalms="44.622">
  <response-info timems="0.122" idlems="0.057" threads="6" lastid="000000011F887300" lastname="Equinox start level thread - Equinox Container: 3d07d356-8ac3-4" />
</exclusive-start>
<af-start id="2149" threadId="000000011F901B90" totalBytesRequested="504" timestamp="2024-12-13T11:26:25.717" intervalms="44.622" type="nursery" />
<cycle-start id="2150" type="scavenge" contextid="0" timestamp="2024-12-13T11:26:25.717" intervalms="44.619" />
<gc-start id="2151" type="scavenge" contextid="2150" timestamp="2024-12-13T11:26:25.717">
  <mem-info id="2152" free="5772312" total="35323904" percent="16">
    <mem type="nursery" free="0" total="7077888" percent="0">
      <mem type="allocate" free="0" total="5439488" percent="0" />
      <mem type="survivor" free="0" total="1638400" percent="0" />
    </mem>
    <mem type="tenure" free="5772312" total="28246016" percent="20">
      <mem type="soa" free="4359192" total="26832896" percent="16" />
      <mem type="loa" free="1413120" total="1413120" percent="100" />
    </mem>
    <remembered-set count="1955" />
  </mem-info>
</gc-start>
<allocation-stats totalBytes="4190480" discardedBytes="29704" >
  <allocated-bytes non-tlh="566600" tlh="3623880" />
  <largest-consumer threadName="Equinox start level thread - Equinox Container: 3d07d356-8ac3-4c95-bf6d-d0b019020d2b" threadId="000000011F910500" bytes="1410968" />
</allocation-stats>
<gc-op id="2153" type="scavenge" timems="0.748" contextid="2150" timestamp="2024-12-13T11:26:25.718">
  <scavenger-info tenureage="3" tenuremask="7ff8" tiltratio="76" />
  <memory-copied type="nursery" objects="15751" bytes="1029448" bytesdiscarded="305336" />
  <memory-copied type="tenure" objects="6878" bytes="378928" bytesdiscarded="928" />
  <ownableSynchronizers candidates="560" cleared="46" />
  <references type="soft" candidates="192" cleared="0" enqueued="0" dynamicThreshold="9" maxThreshold="32" />
  <references type="weak" candidates="242" cleared="51" enqueued="51" />
  <references type="phantom" candidates="18" cleared="0" enqueued="0" />
  <object-monitors candidates="23" cleared="0"  />
</gc-op>
<gc-end id="2154" type="scavenge" contextid="2150" durationms="0.848" usertimems="3.173" systemtimems="0.431" stalltimems="1.708" timestamp="2024-12-13T11:26:25.718" activeThreads="7">
  <mem-info id="2155" free="9156272" total="35323904" percent="25">
    <mem type="nursery" free="4235456" total="7077888" percent="59">
      <mem type="allocate" free="4235456" total="5570560" percent="76" />
      <mem type="survivor" free="0" total="1507328" percent="0" />
    </mem>
    <mem type="tenure" free="4920816" total="28246016" percent="17">
      <mem type="soa" free="3507696" total="26832896" percent="13" />
      <mem type="loa" free="1413120" total="1413120" percent="100" />
    </mem>
    <pending-finalizers system="0" default="0" reference="51" classloader="0" />
    <remembered-set count="1521" />
  </mem-info>
</gc-end>
<cycle-end id="2156" type="scavenge" contextid="2150" timestamp="2024-12-13T11:26:25.718" />
<allocation-satisfied id="2157" threadId="000000011F901100" bytesRequested="504" />
<af-end id="2158" timestamp="2024-12-13T11:26:25.718" threadId="000000011F901B90" success="true" from="nursery"/>
<exclusive-end id="2159" timestamp="2024-12-13T11:26:25.718" durationms="1.076" />

<exclusive-start id="2160" timestamp="2024-12-13T11:26:25.740" intervalms="23.223">
  <response-info timems="0.045" idlems="0.032" threads="7" lastid="000000011F910500" lastname="Equinox start level thread - Equinox Container: 3d07d356-8ac3-4" />
</exclusive-start>
<af-start id="2161" threadId="000000011F901B90" totalBytesRequested="176" timestamp="2024-12-13T11:26:25.741" intervalms="23.222" type="nursery" />
<cycle-start id="2162" type="scavenge" contextid="0" timestamp="2024-12-13T11:26:25.741" intervalms="23.231" />
<gc-start id="2163" type="scavenge" contextid="2162" timestamp="2024-12-13T11:26:25.741">
  <mem-info id="2164" free="4905864" total="35323904" percent="13">
    <mem type="nursery" free="0" total="7077888" percent="0">
      <mem type="allocate" free="0" total="5570560" percent="0" />
      <mem type="survivor" free="0" total="1507328" percent="0" />
    </mem>
    <mem type="tenure" free="4905864" total="28246016" percent="17">
      <mem type="soa" free="3492744" total="26832896" percent="13" />
      <mem type="loa" free="1413120" total="1413120" percent="100" />
    </mem>
    <remembered-set count="1784" />
  </mem-info>
</gc-start>
<allocation-stats totalBytes="4192384" discardedBytes="58024" >
  <allocated-bytes non-tlh="366432" tlh="3825952" />
  <largest-consumer threadName="Equinox start level thread - Equinox Container: 3d07d356-8ac3-4c95-bf6d-d0b019020d2b" threadId="000000011F910500" bytes="2060432" />
</allocation-stats>
<gc-op id="2165" type="scavenge" timems="0.668" contextid="2162" timestamp="2024-12-13T11:26:25.741">
  <scavenger-info tenureage="3" tenuremask="7ff8" tiltratio="78" />
  <memory-copied type="nursery" objects="12688" bytes="692328" bytesdiscarded="53944" />
  <memory-copied type="tenure" objects="5203" bytes="282064" bytesdiscarded="80" />
  <ownableSynchronizers candidates="493" cleared="49" />
  <references type="soft" candidates="114" cleared="0" enqueued="0" dynamicThreshold="9" maxThreshold="32" />
  <references type="weak" candidates="168" cleared="12" enqueued="12" />
  <references type="phantom" candidates="13" cleared="0" enqueued="0" />
  <object-monitors candidates="23" cleared="0"  />
</gc-op>
<gc-end id="2166" type="scavenge" contextid="2162" durationms="0.738" usertimems="2.632" systemtimems="0.425" stalltimems="1.611" timestamp="2024-12-13T11:26:25.741" activeThreads="7">
  <mem-info id="2167" free="9717128" total="35323904" percent="27">
    <mem type="nursery" free="4889600" total="7077888" percent="69">
      <mem type="allocate" free="4889600" total="5636096" percent="86" />
      <mem type="survivor" free="0" total="1441792" percent="0" />
    </mem>
    <mem type="tenure" free="4827528" total="28246016" percent="17">
      <mem type="soa" free="3414408" total="26832896" percent="12" />
      <mem type="loa" free="1413120" total="1413120" percent="100" />
    </mem>
    <pending-finalizers system="0" default="0" reference="12" classloader="0" />
    <remembered-set count="1377" />
  </mem-info>
</gc-end>
<cycle-end id="2168" type="scavenge" contextid="2162" timestamp="2024-12-13T11:26:25.741" />
<allocation-satisfied id="2169" threadId="000000011F901100" bytesRequested="176" />
<af-end id="2170" timestamp="2024-12-13T11:26:25.741" threadId="000000011F901B90" success="true" from="nursery"/>
<exclusive-end id="2171" timestamp="2024-12-13T11:26:25.741" durationms="0.972" />

<exclusive-start id="2172" timestamp="2024-12-13T11:26:25.802" intervalms="61.228">
  <response-info timems="0.079" idlems="0.045" threads="7" lastid="000000011F909D00" lastname="Equinox start level thread - Equinox Container: 3d07d356-8ac3-4" />
</exclusive-start>
<af-start id="2173" threadId="000000011F901B90" totalBytesRequested="4608" timestamp="2024-12-13T11:26:25.802" intervalms="61.230" type="nursery" />
<cycle-start id="2174" type="scavenge" contextid="0" timestamp="2024-12-13T11:26:25.802" intervalms="61.225" />
<gc-start id="2175" type="scavenge" contextid="2174" timestamp="2024-12-13T11:26:25.802">
  <mem-info id="2176" free="4690296" total="35323904" percent="13">
    <mem type="nursery" free="0" total="7077888" percent="0">
      <mem type="allocate" free="0" total="5636096" percent="0" />
      <mem type="survivor" free="0" total="1441792" percent="0" />
    </mem>
    <mem type="tenure" free="4690296" total="28246016" percent="16">
      <mem type="soa" free="3277176" total="26832896" percent="12" />
      <mem type="loa" free="1413120" total="1413120" percent="100" />
    </mem>
    <remembered-set count="3067" />
  </mem-info>
</gc-start>
<allocation-stats totalBytes="4932184" discardedBytes="94648" >
  <allocated-bytes non-tlh="526568" tlh="4405616" />
  <largest-consumer threadName="Equinox start level thread - Equinox Container: 3d07d356-8ac3-4c95-bf6d-d0b019020d2b" threadId="000000011F901100" bytes="1780136" />
</allocation-stats>
<gc-op id="2177" type="scavenge" timems="0.690" contextid="2174" timestamp="2024-12-13T11:26:25.803">
  <scavenger-info tenureage="3" tenuremask="7ff8" tiltratio="79" />
  <memory-copied type="nursery" objects="12286" bytes="667720" bytesdiscarded="163560" />
  <memory-copied type="tenure" objects="6302" bytes="345096" bytesdiscarded="144" />
  <ownableSynchronizers candidates="537" cleared="37" />
  <references type="soft" candidates="241" cleared="0" enqueued="0" dynamicThreshold="9" maxThreshold="32" />
  <references type="weak" candidates="227" cleared="91" enqueued="87" />
  <references type="phantom" candidates="14" cleared="0" enqueued="0" />
  <object-monitors candidates="24" cleared="0"  />
</gc-op>
<gc-end id="2178" type="scavenge" contextid="2174" durationms="0.778" usertimems="3.183" systemtimems="0.418" stalltimems="1.506" timestamp="2024-12-13T11:26:25.803" activeThreads="7">
  <mem-info id="2179" free="9132664" total="35323904" percent="25">
    <mem type="nursery" free="4935424" total="7077888" percent="69">
      <mem type="allocate" free="4935424" total="5767168" percent="85" />
      <mem type="survivor" free="0" total="1310720" percent="0" />
    </mem>
    <mem type="tenure" free="4197240" total="28246016" percent="14">
      <mem type="soa" free="2784120" total="26832896" percent="10" />
      <mem type="loa" free="1413120" total="1413120" percent="100" />
    </mem>
    <pending-finalizers system="0" default="0" reference="87" classloader="0" />
    <remembered-set count="2494" />
  </mem-info>
</gc-end>
<cycle-end id="2180" type="scavenge" contextid="2174" timestamp="2024-12-13T11:26:25.803" />
<allocation-satisfied id="2181" threadId="000000011F901100" bytesRequested="4608" />
<af-end id="2182" timestamp="2024-12-13T11:26:25.803" threadId="000000011F901B90" success="true" from="nursery"/>
<exclusive-end id="2183" timestamp="2024-12-13T11:26:25.803" durationms="0.983" />

<exclusive-start id="2184" timestamp="2024-12-13T11:26:25.902" intervalms="100.140">
  <response-info timems="0.025" idlems="0.014" threads="1" lastid="000000013804ED00" lastname="IProfiler" />
</exclusive-start>
<af-start id="2185" threadId="000000011F901B90" totalBytesRequested="944" timestamp="2024-12-13T11:26:25.902" intervalms="100.137" type="nursery" />
<cycle-start id="2186" type="scavenge" contextid="0" timestamp="2024-12-13T11:26:25.902" intervalms="100.137" />
<gc-start id="2187" type="scavenge" contextid="2186" timestamp="2024-12-13T11:26:25.902">
  <mem-info id="2188" free="4086968" total="35323904" percent="11">
    <mem type="nursery" free="0" total="7077888" percent="0">
      <mem type="allocate" free="0" total="5767168" percent="0" />
      <mem type="survivor" free="0" total="1310720" percent="0" />
    </mem>
    <mem type="tenure" free="4086968" total="28246016" percent="14">
      <mem type="soa" free="2673848" total="26832896" percent="9" />
      <mem type="loa" free="1413120" total="1413120" percent="100" />
    </mem>
    <remembered-set count="3970" />
  </mem-info>
</gc-start>
<allocation-stats totalBytes="4908368" discardedBytes="137328" >
  <allocated-bytes non-tlh="160760" tlh="4747608" />
  <largest-consumer threadName="Equinox start level thread - Equinox Container: 3d07d356-8ac3-4c95-bf6d-d0b019020d2b" threadId="000000011F901100" bytes="3250008" />
</allocation-stats>
<gc-op id="2189" type="scavenge" timems="0.682" contextid="2186" timestamp="2024-12-13T11:26:25.903">
  <scavenger-info tenureage="3" tenuremask="7ff8" tiltratio="81" />
  <memory-copied type="nursery" objects="12809" bytes="728400" bytesdiscarded="142224" />
  <memory-copied type="tenure" objects="3473" bytes="188944" bytesdiscarded="56" />
  <ownableSynchronizers candidates="467" cleared="12" />
  <references type="soft" candidates="450" cleared="0" enqueued="0" dynamicThreshold="9" maxThreshold="32" />
  <references type="weak" candidates="278" cleared="104" enqueued="101" />
  <references type="phantom" candidates="21" cleared="0" enqueued="0" />
  <object-monitors candidates="24" cleared="0"  />
</gc-op>
<gc-end id="2190" type="scavenge" contextid="2186" durationms="0.759" usertimems="8.098" systemtimems="0.472" stalltimems="1.380" timestamp="2024-12-13T11:26:25.903" activeThreads="7">
  <mem-info id="2191" free="8925096" total="35323904" percent="25">
    <mem type="nursery" free="4961776" total="7077888" percent="70">
      <mem type="allocate" free="4961776" total="5832704" percent="85" />
      <mem type="survivor" free="0" total="1245184" percent="0" />
    </mem>
    <mem type="tenure" free="3963320" total="28246016" percent="14">
      <mem type="soa" free="2550200" total="26832896" percent="9" />
      <mem type="loa" free="1413120" total="1413120" percent="100" />
    </mem>
    <pending-finalizers system="0" default="0" reference="101" classloader="0" />
    <remembered-set count="3582" />
  </mem-info>
</gc-end>
<cycle-end id="2192" type="scavenge" contextid="2186" timestamp="2024-12-13T11:26:25.903" />
<allocation-satisfied id="2193" threadId="000000011F901100" bytesRequested="944" />
<af-end id="2194" timestamp="2024-12-13T11:26:25.903" threadId="000000011F901B90" success="true" from="nursery"/>
<exclusive-end id="2195" timestamp="2024-12-13T11:26:25.903" durationms="0.967" />

<exclusive-start id="2196" timestamp="2024-12-13T11:26:26.051" intervalms="149.044">
  <response-info timems="0.028" idlems="0.018" threads="2" lastid="000000013804ED00" lastname="IProfiler" />
</exclusive-start>
<af-start id="2197" threadId="000000011F910F90" totalBytesRequested="568" timestamp="2024-12-13T11:26:26.051" intervalms="149.044" type="nursery" />
<cycle-start id="2198" type="scavenge" contextid="0" timestamp="2024-12-13T11:26:26.051" intervalms="149.047" />
<gc-start id="2199" type="scavenge" contextid="2198" timestamp="2024-12-13T11:26:26.051">
  <mem-info id="2200" free="3912264" total="35323904" percent="11">
    <mem type="nursery" free="0" total="7077888" percent="0">
      <mem type="allocate" free="0" total="5832704" percent="0" />
      <mem type="survivor" free="0" total="1245184" percent="0" />
    </mem>
    <mem type="tenure" free="3912264" total="28246016" percent="13">
      <mem type="soa" free="2499144" total="26832896" percent="9" />
      <mem type="loa" free="1413120" total="1413120" percent="100" />
    </mem>
    <remembered-set count="4318" />
  </mem-info>
</gc-start>
<allocation-stats totalBytes="5000696" discardedBytes="12136" >
  <allocated-bytes non-tlh="52000" tlh="4948696" />
  <largest-consumer threadName="Equinox start level thread - Equinox Container: 3d07d356-8ac3-4c95-bf6d-d0b019020d2b" threadId="000000011F910500" bytes="2995848" />
</allocation-stats>
<gc-op id="2201" type="scavenge" timems="0.709" contextid="2198" timestamp="2024-12-13T11:26:26.052">
  <scavenger-info tenureage="3" tenuremask="7ff8" tiltratio="82" />
  <memory-copied type="nursery" objects="15472" bytes="922360" bytesdiscarded="214712" />
  <memory-copied type="tenure" objects="2458" bytes="128416" bytesdiscarded="232" />
  <ownableSynchronizers candidates="588" cleared="105" />
  <references type="soft" candidates="580" cleared="0" enqueued="0" dynamicThreshold="9" maxThreshold="32" />
  <references type="weak" candidates="280" cleared="66" enqueued="66" />
  <references type="phantom" candidates="25" cleared="0" enqueued="0" />
  <object-monitors candidates="24" cleared="0"  />
</gc-op>
<gc-end id="2202" type="scavenge" contextid="2198" durationms="0.778" usertimems="5.141" systemtimems="0.684" stalltimems="2.105" timestamp="2024-12-13T11:26:26.052" activeThreads="8">
  <mem-info id="2203" free="8376384" total="35323904" percent="23">
    <mem type="nursery" free="4629512" total="7077888" percent="65">
      <mem type="allocate" free="4629512" total="5767168" percent="80" />
      <mem type="survivor" free="0" total="1310720" percent="0" />
    </mem>
    <mem type="tenure" free="3746872" total="28246016" percent="13">
      <mem type="soa" free="2333752" total="26832896" percent="8" />
      <mem type="loa" free="1413120" total="1413120" percent="100" />
    </mem>
    <pending-finalizers system="0" default="0" reference="66" classloader="0" />
    <remembered-set count="2899" />
  </mem-info>
</gc-end>
<cycle-end id="2204" type="scavenge" contextid="2198" timestamp="2024-12-13T11:26:26.052" />
<allocation-satisfied id="2205" threadId="000000011F910500" bytesRequested="568" />
<af-end id="2206" timestamp="2024-12-13T11:26:26.052" threadId="000000011F910F90" success="true" from="nursery"/>
<exclusive-end id="2207" timestamp="2024-12-13T11:26:26.052" durationms="0.990" />

<exclusive-start id="2208" timestamp="2024-12-13T11:26:26.141" intervalms="90.000">
  <response-info timems="0.011" idlems="0.006" threads="1" lastid="000000013804ED00" lastname="IProfiler" />
</exclusive-start>
<af-start id="2209" threadId="00000001381B6390" totalBytesRequested="16400" timestamp="2024-12-13T11:26:26.141" intervalms="89.992" type="nursery" />
<cycle-start id="2210" type="scavenge" contextid="0" timestamp="2024-12-13T11:26:26.141" intervalms="89.987" />
<gc-start id="2211" type="scavenge" contextid="2210" timestamp="2024-12-13T11:26:26.141">
  <mem-info id="2212" free="3717144" total="35323904" percent="10">
    <mem type="nursery" free="0" total="7077888" percent="0">
      <mem type="allocate" free="0" total="5767168" percent="0" />
      <mem type="survivor" free="0" total="1310720" percent="0" />
    </mem>
    <mem type="tenure" free="3717144" total="28246016" percent="13">
      <mem type="soa" free="2304024" total="26832896" percent="8" />
      <mem type="loa" free="1413120" total="1413120" percent="100" />
    </mem>
    <remembered-set count="3296" />
  </mem-info>
</gc-start>
<allocation-stats totalBytes="4642720" discardedBytes="16520" >
  <allocated-bytes non-tlh="49168" tlh="4593552" />
  <largest-consumer threadName="Equinox start level thread - Equinox Container: 3d07d356-8ac3-4c95-bf6d-d0b019020d2b" threadId="000000011F910500" bytes="4073144" />
</allocation-stats>
<gc-op id="2213" type="scavenge" timems="0.694" contextid="2210" timestamp="2024-12-13T11:26:26.142">
  <scavenger-info tenureage="3" tenuremask="7ff8" tiltratio="81" />
  <memory-copied type="nursery" objects="13203" bytes="811520" bytesdiscarded="159656" />
  <memory-copied type="tenure" objects="4915" bytes="282520" bytesdiscarded="120" />
  <ownableSynchronizers candidates="558" cleared="51" />
  <references type="soft" candidates="513" cleared="0" enqueued="0" dynamicThreshold="9" maxThreshold="32" />
  <references type="weak" candidates="221" cleared="49" enqueued="49" />
  <references type="phantom" candidates="29" cleared="1" enqueued="1" />
  <object-monitors candidates="24" cleared="0"  />
</gc-op>
<gc-end id="2214" type="scavenge" contextid="2210" durationms="0.754" usertimems="2.997" systemtimems="0.447" stalltimems="1.874" timestamp="2024-12-13T11:26:26.142" activeThreads="8">
  <mem-info id="2215" free="8130584" total="35323904" percent="23">
    <mem type="nursery" free="4861184" total="7077888" percent="68">
      <mem type="allocate" free="4861184" total="5832704" percent="83" />
      <mem type="survivor" free="0" total="1245184" percent="0" />
    </mem>
    <mem type="tenure" free="3269400" total="28246016" percent="11">
      <mem type="soa" free="1856280" total="26832896" percent="6" />
      <mem type="loa" free="1413120" total="1413120" percent="100" />
    </mem>
    <pending-finalizers system="0" default="0" reference="50" classloader="0" />
    <remembered-set count="1838" />
  </mem-info>
</gc-end>
<cycle-end id="2216" type="scavenge" contextid="2210" timestamp="2024-12-13T11:26:26.142" />
<allocation-satisfied id="2217" threadId="00000001381B5900" bytesRequested="16400" />
<af-end id="2218" timestamp="2024-12-13T11:26:26.142" threadId="00000001381B6390" success="true" from="nursery"/>
<exclusive-end id="2219" timestamp="2024-12-13T11:26:26.142" durationms="0.948" />

<exclusive-start id="2220" timestamp="2024-12-13T11:26:26.331" intervalms="189.915">
  <response-info timems="3.237" idlems="0.843" threads="3" lastid="00000001280AC100" lastname="JIT Compilation Thread-002" />
</exclusive-start>
<af-start id="2221" threadId="00000001381B6390" totalBytesRequested="592" timestamp="2024-12-13T11:26:26.331" intervalms="189.933" type="nursery" />
<cycle-start id="2222" type="scavenge" contextid="0" timestamp="2024-12-13T11:26:26.331" intervalms="189.952" />
<gc-start id="2223" type="scavenge" contextid="2222" timestamp="2024-12-13T11:26:26.331">
  <mem-info id="2224" free="3171328" total="35323904" percent="8">
    <mem type="nursery" free="0" total="7077888" percent="0">
      <mem type="allocate" free="0" total="5832704" percent="0" />
      <mem type="survivor" free="0" total="1245184" percent="0" />
    </mem>
    <mem type="tenure" free="3171328" total="28246016" percent="11">
      <mem type="soa" free="1758208" total="26832896" percent="6" />
      <mem type="loa" free="1413120" total="1413120" percent="100" />
    </mem>
    <remembered-set count="2895" />
  </mem-info>
</gc-start>
<allocation-stats totalBytes="4953184" discardedBytes="6072" >
  <allocated-bytes non-tlh="114472" tlh="4838712" />
  <largest-consumer threadName="Default Executor-thread-2" threadId="00000001381B5900" bytes="4936800" />
</allocation-stats>
<gc-op id="2225" type="scavenge" timems="0.704" contextid="2222" timestamp="2024-12-13T11:26:26.332">
  <scavenger-info tenureage="3" tenuremask="7ff8" tiltratio="82" />
  <memory-copied type="nursery" objects="11659" bytes="849904" bytesdiscarded="276216" />
  <memory-copied type="tenure" objects="4035" bytes="263912" bytesdiscarded="736" />
  <finalization candidates="1" enqueued="0" />
  <ownableSynchronizers candidates="408" cleared="15" />
  <references type="soft" candidates="313" cleared="0" enqueued="0" dynamicThreshold="9" maxThreshold="32" />
  <references type="weak" candidates="347" cleared="90" enqueued="82" />
  <references type="phantom" candidates="32" cleared="0" enqueued="0" />
  <object-monitors candidates="24" cleared="0"  />
</gc-op>
<gc-end id="2226" type="scavenge" contextid="2222" durationms="0.774" usertimems="3.010" systemtimems="0.649" stalltimems="1.963" timestamp="2024-12-13T11:26:26.332" activeThreads="8">
  <mem-info id="2227" free="7764840" total="35323904" percent="21">
    <mem type="nursery" free="4771216" total="7077888" percent="67">
      <mem type="allocate" free="4771216" total="5898240" percent="80" />
      <mem type="survivor" free="0" total="1179648" percent="0" />
    </mem>
    <mem type="tenure" free="2993624" total="28246016" percent="10">
      <mem type="soa" free="1580504" total="26832896" percent="5" />
      <mem type="loa" free="1413120" total="1413120" percent="100" />
    </mem>
    <pending-finalizers system="0" default="0" reference="82" classloader="0" />
    <remembered-set count="2032" />
  </mem-info>
</gc-end>
<cycle-end id="2228" type="scavenge" contextid="2222" timestamp="2024-12-13T11:26:26.332" />
<allocation-satisfied id="2229" threadId="00000001381B5900" bytesRequested="592" />
<af-end id="2230" timestamp="2024-12-13T11:26:26.332" threadId="00000001381B6390" success="true" from="nursery"/>
<exclusive-end id="2231" timestamp="2024-12-13T11:26:26.332" durationms="1.042" />

<exclusive-start id="2232" timestamp="2024-12-13T11:26:26.608" intervalms="276.781">
  <response-info timems="0.031" idlems="0.019" threads="1" lastid="0000000138015100" lastname="JIT Compilation Thread-006" />
</exclusive-start>
<af-start id="2233" threadId="00000001381B6390" totalBytesRequested="8792" timestamp="2024-12-13T11:26:26.608" intervalms="276.771" type="nursery" />
<cycle-start id="2234" type="scavenge" contextid="0" timestamp="2024-12-13T11:26:26.608" intervalms="276.761" />
<gc-start id="2235" type="scavenge" contextid="2234" timestamp="2024-12-13T11:26:26.608">
  <mem-info id="2236" free="2904232" total="35323904" percent="8">
    <mem type="nursery" free="0" total="7077888" percent="0">
      <mem type="allocate" free="0" total="5898240" percent="0" />
      <mem type="survivor" free="0" total="1179648" percent="0" />
    </mem>
    <mem type="tenure" free="2904232" total="28246016" percent="10">
      <mem type="soa" free="1491112" total="26832896" percent="5" />
      <mem type="loa" free="1413120" total="1413120" percent="100" />
    </mem>
    <remembered-set count="3123" />
  </mem-info>
</gc-start>
<allocation-stats totalBytes="4825000" discardedBytes="35608" >
  <allocated-bytes non-tlh="89984" tlh="4735016" />
  <largest-consumer threadName="Default Executor-thread-2" threadId="00000001381B5900" bytes="4413632" />
</allocation-stats>
<gc-op id="2237" type="scavenge" timems="0.927" contextid="2234" timestamp="2024-12-13T11:26:26.609">
  <scavenger-info tenureage="3" tenuremask="7ff8" tiltratio="83" />
  <memory-copied type="nursery" objects="8468" bytes="697584" bytesdiscarded="377592" />
  <memory-copied type="tenure" objects="5806" bytes="340448" bytesdiscarded="72" />
  <finalization candidates="2" enqueued="0" />
  <ownableSynchronizers candidates="379" cleared="21" />
  <references type="soft" candidates="258" cleared="0" enqueued="0" dynamicThreshold="9" maxThreshold="32" />
  <references type="weak" candidates="441" cleared="98" enqueued="95" />
  <references type="phantom" candidates="35" cleared="0" enqueued="0" />
  <object-monitors candidates="24" cleared="0"  />
</gc-op>
<gc-end id="2238" type="scavenge" contextid="2234" durationms="1.021" usertimems="3.805" systemtimems="1.229" stalltimems="2.782" timestamp="2024-12-13T11:26:26.609" activeThreads="8">
  <mem-info id="2239" free="7225296" total="35323904" percent="20">
    <mem type="nursery" free="4822072" total="7077888" percent="68">
      <mem type="allocate" free="4822072" total="5898240" percent="81" />
      <mem type="survivor" free="0" total="1179648" percent="0" />
    </mem>
    <mem type="tenure" free="2403224" total="28246016" percent="8">
      <mem type="soa" free="990104" total="26832896" percent="3" />
      <mem type="loa" free="1413120" total="1413120" percent="100" />
    </mem>
    <pending-finalizers system="0" default="0" reference="95" classloader="0" />
    <remembered-set count="2528" />
  </mem-info>
</gc-end>
<cycle-end id="2240" type="scavenge" contextid="2234" timestamp="2024-12-13T11:26:26.609" />
<allocation-satisfied id="2241" threadId="00000001381B5900" bytesRequested="8792" />
<af-end id="2242" timestamp="2024-12-13T11:26:26.609" threadId="00000001381B6390" success="true" from="nursery"/>
<exclusive-end id="2243" timestamp="2024-12-13T11:26:26.609" durationms="1.294" />

<concurrent-kickoff id="2244" timestamp="2024-12-13T11:26:26.703">
  <kickoff reason="threshold reached" targetBytes="14441253" thresholdFreeBytes="1995685"  remainingFree="1954272" tenureFreeBytes="2348776" nurseryFreeBytes="1954272" />
</concurrent-kickoff>
<exclusive-start id="2245" timestamp="2024-12-13T11:26:26.709" intervalms="101.583">
  <response-info timems="5.817" idlems="2.911" threads="1" lastid="00000001280B8300" lastname="JIT Compilation Thread-003" />
</exclusive-start>
<cycle-start id="2246" type="global" contextid="0" timestamp="2024-12-13T11:26:26.709" intervalms="1247.138" />
<concurrent-start id="2247" type="global mark" contextid="2246" timestamp="2024-12-13T11:26:26.709">
</concurrent-start>
<exclusive-end id="2248" timestamp="2024-12-13T11:26:26.709" durationms="0.046" />

<exclusive-start id="2249" timestamp="2024-12-13T11:26:26.752" intervalms="42.696">
  <response-info timems="0.006" idlems="0.004" threads="1" lastid="00000001280C9700" lastname="Concurrent Mark Helper" />
</exclusive-start>
<af-start id="2250" threadId="00000001381B6390" totalBytesRequested="40536" timestamp="2024-12-13T11:26:26.752" intervalms="144.277" type="nursery" />
<cycle-start id="2251" type="scavenge" contextid="0" timestamp="2024-12-13T11:26:26.752" intervalms="144.272" />
<gc-start id="2252" type="scavenge" contextid="2251" timestamp="2024-12-13T11:26:26.752">
  <mem-info id="2253" free="2317000" total="35323904" percent="6">
    <mem type="nursery" free="0" total="7077888" percent="0">
      <mem type="allocate" free="0" total="5898240" percent="0" />
      <mem type="survivor" free="0" total="1179648" percent="0" />
    </mem>
    <mem type="tenure" free="2317000" total="28246016" percent="8">
      <mem type="soa" free="903880" total="26832896" percent="3" />
      <mem type="loa" free="1413120" total="1413120" percent="100" />
    </mem>
    <remembered-set count="3614" />
  </mem-info>
</gc-start>
<allocation-stats totalBytes="4805024" discardedBytes="102520" >
  <allocated-bytes non-tlh="422024" tlh="4383000" />
  <largest-consumer threadName="Default Executor-thread-2" threadId="00000001381B5900" bytes="4792736" />
</allocation-stats>
<gc-op id="2254" type="scavenge" timems="0.668" contextid="2251" timestamp="2024-12-13T11:26:26.753">
  <scavenger-info tenureage="3" tenuremask="7ff8" tiltratio="83" />
  <memory-copied type="nursery" objects="9625" bytes="910768" bytesdiscarded="268448" />
  <memory-copied type="tenure" objects="2477" bytes="154288" bytesdiscarded="144" />
  <finalization candidates="7" enqueued="0" />
  <ownableSynchronizers candidates="206" cleared="0" />
  <references type="soft" candidates="194" cleared="0" enqueued="0" dynamicThreshold="9" maxThreshold="32" />
  <references type="weak" candidates="1147" cleared="442" enqueued="314" />
  <references type="phantom" candidates="28" cleared="0" enqueued="0" />
  <object-monitors candidates="24" cleared="0"  />
</gc-op>
<gc-end id="2255" type="scavenge" contextid="2251" durationms="0.791" usertimems="2.539" systemtimems="0.586" stalltimems="2.342" timestamp="2024-12-13T11:26:26.753" activeThreads="8">
  <mem-info id="2256" free="6789320" total="35323904" percent="19">
    <mem type="nursery" free="4587520" total="7077888" percent="64">
      <mem type="allocate" free="4587520" total="5767168" percent="79" />
      <mem type="survivor" free="0" total="1310720" percent="0" />
    </mem>
    <mem type="tenure" free="2201800" total="28246016" percent="7">
      <mem type="soa" free="788680" total="26832896" percent="2" />
      <mem type="loa" free="1413120" total="1413120" percent="100" />
    </mem>
    <pending-finalizers system="0" default="0" reference="314" classloader="0" />
    <remembered-set count="2679" />
  </mem-info>
</gc-end>
<cycle-end id="2257" type="scavenge" contextid="2251" timestamp="2024-12-13T11:26:26.753" />
<allocation-satisfied id="2258" threadId="00000001381B5900" bytesRequested="40536" />
<af-end id="2259" timestamp="2024-12-13T11:26:26.753" threadId="00000001381B6390" success="true" from="nursery"/>
<exclusive-end id="2260" timestamp="2024-12-13T11:26:26.753" durationms="1.280" />

<concurrent-end id="2261" type="global mark" contextid="2246" timestamp="2024-12-13T11:26:26.753">
<gc-op id="2262" type="trace" timems="43.970" contextid="2246" timestamp="2024-12-13T11:26:26.753">
  <trace bytesTraced="17302192" workStackOverflowCount="0" />
  <card-cleaning reason="card cleaning threshold reached" bytesTraced="200432" cardsCleaned="541" />
</gc-op>
</concurrent-end>

<exclusive-start id="2263" timestamp="2024-12-13T11:26:26.753" intervalms="1.325">
  <response-info timems="0.006" idlems="0.006" threads="0" lastid="00000001381B5900" lastname="Default Executor-thread-2" />
</exclusive-start>
<concurrent-global-final id="2264" timestamp="2024-12-13T11:26:26.753" contextid="2246" intervalms="1281.685" >
  <concurrent-trace-info reason="card cleaning threshold reached" tracedByMutators="1998824" tracedByHelpers="15503800" cardsCleaned="541" workStackOverflowCount="0" />
</concurrent-global-final>
<gc-start id="2265" type="global" contextid="2246" timestamp="2024-12-13T11:26:26.753">
  <mem-info id="2266" free="6683248" total="35323904" percent="18">
    <mem type="nursery" free="4481448" total="7077888" percent="63">
      <mem type="allocate" free="4481448" total="5767168" percent="77" />
      <mem type="survivor" free="0" total="1310720" percent="0" />
    </mem>
    <mem type="tenure" free="2201800" total="28246016" percent="7">
      <mem type="soa" free="788680" total="26832896" percent="2" />
      <mem type="loa" free="1413120" total="1413120" percent="100" />
    </mem>
    <pending-finalizers system="0" default="0" reference="314" classloader="0" />
    <remembered-set count="2679" />
  </mem-info>
</gc-start>
<allocation-stats totalBytes="106072" discardedBytes="0" >
  <allocated-bytes non-tlh="40536" tlh="65536" />
  <largest-consumer threadName="Default Executor-thread-2" threadId="00000001381B5900" bytes="106072" />
</allocation-stats>
<gc-op id="2267" type="rs-scan" timems="0.591" contextid="2246" timestamp="2024-12-13T11:26:26.754">
  <scan objectsFound="15361" bytesTraced="1071192" workStackOverflowCount="0" />
</gc-op>
<gc-op id="2268" type="card-cleaning" timems="0.117" contextid="2246" timestamp="2024-12-13T11:26:26.754">
  <card-cleaning cardsCleaned="0" bytesTraced="0" workStackOverflowCount="0" />
</gc-op>
<gc-op id="2269" type="mark" timems="2.086" contextid="2246" timestamp="2024-12-13T11:26:26.756">
  <trace-info objectcount="1618" scancount="1531" scanbytes="99328" />
  <finalization candidates="158" enqueued="0" />
  <ownableSynchronizers candidates="3664" cleared="12" />
  <references type="soft" candidates="5888" cleared="224" enqueued="219" dynamicThreshold="9" maxThreshold="32" />
  <references type="weak" candidates="5035" cleared="52" enqueued="26" />
  <references type="phantom" candidates="341" cleared="0" enqueued="0" />
  <stringconstants candidates="18604" cleared="48"  />
  <object-monitors candidates="24" cleared="0"  />
</gc-op>
<gc-op id="2270" type="classunload" timems="0.376" contextid="2246" timestamp="2024-12-13T11:26:26.756">
  <classunload-info classloadercandidates="123" classloadersunloaded="5" classesunloaded="5" anonymousclassesunloaded="0" quiescems="0.000" setupms="0.369" scanms="0.003" postms="0.002" />
</gc-op>
<gc-op id="2271" type="sweep" timems="0.583" contextid="2246" timestamp="2024-12-13T11:26:26.757" />
<heap-resize id="2272" type="expand" space="tenure" amount="7012352" count="1" timems="0.033" reason="insufficient free space following gc" timestamp="2024-12-13T11:26:26.757" />
<gc-end id="2273" type="global" contextid="2246" durationms="3.920" usertimems="10.255" systemtimems="4.075" stalltimems="17.366" timestamp="2024-12-13T11:26:26.757" activeThreads="10">
  <mem-info id="2274" free="15420264" total="42336256" percent="36">
    <mem type="nursery" free="4814816" total="7077888" percent="68">
      <mem type="allocate" free="4814816" total="5767168" percent="83" />
      <mem type="survivor" free="0" total="1310720" percent="0" />
    </mem>
    <mem type="tenure" free="10605448" total="35258368" percent="30" micro-fragmented="936094" macro-fragmented="0">
      <mem type="soa" free="8842120" total="33495040" percent="26" />
      <mem type="loa" free="1763328" total="1763328" percent="100" />
    </mem>
    <pending-finalizers system="0" default="0" reference="559" classloader="0" />
    <remembered-set count="2007" />
  </mem-info>
</gc-end>
<cycle-end id="2275" type="global" contextid="2246" timestamp="2024-12-13T11:26:26.757" />
<exclusive-end id="2276" timestamp="2024-12-13T11:26:26.757" durationms="4.026" />

<exclusive-start id="2277" timestamp="2024-12-13T11:26:26.799" intervalms="46.313">
  <response-info timems="0.010" idlems="0.010" threads="0" lastid="00000001381B5900" lastname="Default Executor-thread-2" />
</exclusive-start>
<af-start id="2278" threadId="00000001381B6390" totalBytesRequested="112" timestamp="2024-12-13T11:26:26.800" intervalms="47.630" type="nursery" />
<cycle-start id="2279" type="scavenge" contextid="0" timestamp="2024-12-13T11:26:26.800" intervalms="47.624" />
<gc-start id="2280" type="scavenge" contextid="2279" timestamp="2024-12-13T11:26:26.800">
  <mem-info id="2281" free="10539888" total="42336256" percent="24">
    <mem type="nursery" free="0" total="7077888" percent="0">
      <mem type="allocate" free="0" total="5767168" percent="0" />
      <mem type="survivor" free="0" total="1310720" percent="0" />
    </mem>
    <mem type="tenure" free="10539888" total="35258368" percent="29">
      <mem type="soa" free="8776560" total="33495040" percent="26" />
      <mem type="loa" free="1763328" total="1763328" percent="100" />
    </mem>
    <remembered-set count="3003" />
  </mem-info>
</gc-start>
<allocation-stats totalBytes="4868848" discardedBytes="5760" >
  <allocated-bytes non-tlh="175088" tlh="4693760" />
  <largest-consumer threadName="Default Executor-thread-2" threadId="00000001381B5900" bytes="4825680" />
</allocation-stats>
<gc-op id="2282" type="scavenge" timems="0.673" contextid="2279" timestamp="2024-12-13T11:26:26.800">
  <scavenger-info tenureage="3" tenuremask="7ff8" tiltratio="81" />
  <memory-copied type="nursery" objects="10509" bytes="721680" bytesdiscarded="546264" />
  <memory-copied type="tenure" objects="2185" bytes="298312" bytesdiscarded="3552" />
  <finalization candidates="7" enqueued="0" />
  <ownableSynchronizers candidates="7367" cleared="7191" />
  <references type="soft" candidates="213" cleared="0" enqueued="0" dynamicThreshold="9" maxThreshold="32" />
  <references type="weak" candidates="734" cleared="113" enqueued="104" />
  <references type="phantom" candidates="25" cleared="0" enqueued="0" />
  <object-monitors candidates="24" cleared="0"  />
</gc-op>
<gc-end id="2283" type="scavenge" contextid="2279" durationms="0.733" usertimems="2.649" systemtimems="0.571" stalltimems="2.334" timestamp="2024-12-13T11:26:26.800" activeThreads="8">
  <mem-info id="2284" free="14789008" total="42336256" percent="34">
    <mem type="nursery" free="4564312" total="7077888" percent="64">
      <mem type="allocate" free="4564312" total="5832704" percent="78" />
      <mem type="survivor" free="0" total="1245184" percent="0" />
    </mem>
    <mem type="tenure" free="10224696" total="35258368" percent="28">
      <mem type="soa" free="8461368" total="33495040" percent="25" />
      <mem type="loa" free="1763328" total="1763328" percent="100" />
    </mem>
    <pending-finalizers system="0" default="0" reference="104" classloader="0" />
    <remembered-set count="2195" />
  </mem-info>
</gc-end>
<cycle-end id="2285" type="scavenge" contextid="2279" timestamp="2024-12-13T11:26:26.800" />
<allocation-satisfied id="2286" threadId="00000001381B5900" bytesRequested="112" />
<af-end id="2287" timestamp="2024-12-13T11:26:26.800" threadId="00000001381B6390" success="true" from="nursery"/>
<exclusive-end id="2288" timestamp="2024-12-13T11:26:26.800" durationms="0.932" />

<exclusive-start id="2289" timestamp="2024-12-13T11:26:26.861" intervalms="61.678">
  <response-info timems="0.010" idlems="0.010" threads="0" lastid="00000001381B5900" lastname="Default Executor-thread-2" />
</exclusive-start>
<af-start id="2290" threadId="00000001381B6390" totalBytesRequested="1872" timestamp="2024-12-13T11:26:26.861" intervalms="61.703" type="nursery" />
<cycle-start id="2291" type="scavenge" contextid="0" timestamp="2024-12-13T11:26:26.861" intervalms="61.722" />
<gc-start id="2292" type="scavenge" contextid="2291" timestamp="2024-12-13T11:26:26.861">
  <mem-info id="2293" free="10172576" total="42336256" percent="24">
    <mem type="nursery" free="0" total="7077888" percent="0">
      <mem type="allocate" free="0" total="5832704" percent="0" />
      <mem type="survivor" free="0" total="1245184" percent="0" />
    </mem>
    <mem type="tenure" free="10172576" total="35258368" percent="28">
      <mem type="soa" free="8409248" total="33495040" percent="25" />
      <mem type="loa" free="1763328" total="1763328" percent="100" />
    </mem>
    <remembered-set count="2719" />
  </mem-info>
</gc-start>
<allocation-stats totalBytes="4601848" discardedBytes="5144" >
  <allocated-bytes non-tlh="173896" tlh="4427952" />
  <largest-consumer threadName="Default Executor-thread-2" threadId="00000001381B5900" bytes="4556808" />
</allocation-stats>
<gc-op id="2294" type="scavenge" timems="0.828" contextid="2291" timestamp="2024-12-13T11:26:26.862">
  <scavenger-info tenureage="3" tenuremask="7ff8" tiltratio="82" />
  <memory-copied type="nursery" objects="8399" bytes="598888" bytesdiscarded="496584" />
  <memory-copied type="tenure" objects="3260" bytes="208592" bytesdiscarded="1920" />
  <finalization candidates="6" enqueued="0" />
  <ownableSynchronizers candidates="149" cleared="4" />
  <references type="soft" candidates="175" cleared="0" enqueued="0" dynamicThreshold="9" maxThreshold="32" />
  <references type="weak" candidates="599" cleared="59" enqueued="51" />
  <references type="phantom" candidates="18" cleared="0" enqueued="0" />
  <object-monitors candidates="24" cleared="0"  />
</gc-op>
<gc-end id="2295" type="scavenge" contextid="2291" durationms="0.942" usertimems="3.832" systemtimems="1.227" stalltimems="3.361" timestamp="2024-12-13T11:26:26.862" activeThreads="8">
  <mem-info id="2296" free="14740832" total="42336256" percent="34">
    <mem type="nursery" free="4802624" total="7077888" percent="67">
      <mem type="allocate" free="4802624" total="5898240" percent="81" />
      <mem type="survivor" free="0" total="1179648" percent="0" />
    </mem>
    <mem type="tenure" free="9938208" total="35258368" percent="28">
      <mem type="soa" free="8174880" total="33495040" percent="24" />
      <mem type="loa" free="1763328" total="1763328" percent="100" />
    </mem>
    <pending-finalizers system="0" default="0" reference="51" classloader="0" />
    <remembered-set count="1978" />
  </mem-info>
</gc-end>
<cycle-end id="2297" type="scavenge" contextid="2291" timestamp="2024-12-13T11:26:26.862" />
<allocation-satisfied id="2298" threadId="00000001381B5900" bytesRequested="1872" />
<af-end id="2299" timestamp="2024-12-13T11:26:26.862" threadId="00000001381B6390" success="true" from="nursery"/>
<exclusive-end id="2300" timestamp="2024-12-13T11:26:26.862" durationms="1.244" />

<exclusive-start id="2301" timestamp="2024-12-13T11:26:26.900" intervalms="38.831">
  <response-info timems="0.010" idlems="0.010" threads="0" lastid="00000001381B5900" lastname="Default Executor-thread-2" />
</exclusive-start>
<af-start id="2302" threadId="00000001381B6390" totalBytesRequested="24" timestamp="2024-12-13T11:26:26.900" intervalms="38.818" type="nursery" />
<cycle-start id="2303" type="scavenge" contextid="0" timestamp="2024-12-13T11:26:26.900" intervalms="38.803" />
<gc-start id="2304" type="scavenge" contextid="2303" timestamp="2024-12-13T11:26:26.900">
  <mem-info id="2305" free="9893192" total="42336256" percent="23">
    <mem type="nursery" free="0" total="7077888" percent="0">
      <mem type="allocate" free="0" total="5898240" percent="0" />
      <mem type="survivor" free="0" total="1179648" percent="0" />
    </mem>
    <mem type="tenure" free="9893192" total="35258368" percent="28">
      <mem type="soa" free="8129864" total="33495040" percent="24" />
      <mem type="loa" free="1763328" total="1763328" percent="100" />
    </mem>
    <remembered-set count="2493" />
  </mem-info>
</gc-start>
<allocation-stats totalBytes="4834952" discardedBytes="3944" >
  <allocated-bytes non-tlh="103696" tlh="4731256" />
  <largest-consumer threadName="Default Executor-thread-2" threadId="00000001381B5900" bytes="4826760" />
</allocation-stats>
<gc-op id="2306" type="scavenge" timems="0.621" contextid="2303" timestamp="2024-12-13T11:26:26.901">
  <scavenger-info tenureage="3" tenuremask="7ff8" tiltratio="83" />
  <memory-copied type="nursery" objects="7515" bytes="465960" bytesdiscarded="591672" />
  <memory-copied type="tenure" objects="3326" bytes="248896" bytesdiscarded="472" />
  <finalization candidates="5" enqueued="0" />
  <ownableSynchronizers candidates="91" cleared="3" />
  <references type="soft" candidates="177" cleared="0" enqueued="0" dynamicThreshold="9" maxThreshold="32" />
  <references type="weak" candidates="300" cleared="81" enqueued="74" />
  <references type="phantom" candidates="14" cleared="0" enqueued="0" />
  <object-monitors candidates="24" cleared="0"  />
</gc-op>
<gc-end id="2307" type="scavenge" contextid="2303" durationms="0.704" usertimems="2.197" systemtimems="0.466" stalltimems="1.801" timestamp="2024-12-13T11:26:26.901" activeThreads="7">
  <mem-info id="2308" free="14462432" total="42336256" percent="34">
    <mem type="nursery" free="4971360" total="7077888" percent="70">
      <mem type="allocate" free="4971360" total="6029312" percent="82" />
      <mem type="survivor" free="0" total="1048576" percent="0" />
    </mem>
    <mem type="tenure" free="9491072" total="35258368" percent="26">
      <mem type="soa" free="7727744" total="33495040" percent="23" />
      <mem type="loa" free="1763328" total="1763328" percent="100" />
    </mem>
    <pending-finalizers system="0" default="0" reference="74" classloader="0" />
    <remembered-set count="1621" />
  </mem-info>
</gc-end>
<cycle-end id="2309" type="scavenge" contextid="2303" timestamp="2024-12-13T11:26:26.901" />
<allocation-satisfied id="2310" threadId="00000001381B5900" bytesRequested="24" />
<af-end id="2311" timestamp="2024-12-13T11:26:26.901" threadId="00000001381B6390" success="true" from="nursery"/>
<exclusive-end id="2312" timestamp="2024-12-13T11:26:26.901" durationms="0.929" />

<exclusive-start id="2313" timestamp="2024-12-13T11:26:26.937" intervalms="37.201">
  <response-info timems="0.011" idlems="0.011" threads="0" lastid="00000001381B5900" lastname="Default Executor-thread-2" />
</exclusive-start>
<af-start id="2314" threadId="00000001381B6390" totalBytesRequested="11808" timestamp="2024-12-13T11:26:26.937" intervalms="37.198" type="nursery" />
<cycle-start id="2315" type="scavenge" contextid="0" timestamp="2024-12-13T11:26:26.937" intervalms="37.195" />
<gc-start id="2316" type="scavenge" contextid="2315" timestamp="2024-12-13T11:26:26.937">
  <mem-info id="2317" free="9426232" total="42336256" percent="22">
    <mem type="nursery" free="0" total="7077888" percent="0">
      <mem type="allocate" free="0" total="6029312" percent="0" />
      <mem type="survivor" free="0" total="1048576" percent="0" />
    </mem>
    <mem type="tenure" free="9426232" total="35258368" percent="26">
      <mem type="soa" free="7662904" total="33495040" percent="22" />
      <mem type="loa" free="1763328" total="1763328" percent="100" />
    </mem>
    <remembered-set count="2264" />
  </mem-info>
</gc-start>
<allocation-stats totalBytes="5023680" discardedBytes="11824" >
  <allocated-bytes non-tlh="64168" tlh="4959512" />
  <largest-consumer threadName="Default Executor-thread-2" threadId="00000001381B5900" bytes="5015488" />
</allocation-stats>
<gc-op id="2318" type="scavenge" timems="0.500" contextid="2315" timestamp="2024-12-13T11:26:26.938">
  <scavenger-info tenureage="4" tenuremask="7ff0" tiltratio="85" />
  <memory-copied type="nursery" objects="8670" bytes="552816" bytesdiscarded="214528" />
  <finalization candidates="23" enqueued="0" />
  <ownableSynchronizers candidates="87" cleared="9" />
  <references type="soft" candidates="229" cleared="0" enqueued="0" dynamicThreshold="9" maxThreshold="32" />
  <references type="weak" candidates="556" cleared="127" enqueued="99" />
  <references type="phantom" candidates="16" cleared="0" enqueued="0" />
  <object-monitors candidates="24" cleared="0"  />
</gc-op>
<gc-end id="2319" type="scavenge" contextid="2315" durationms="0.581" usertimems="1.895" systemtimems="0.492" stalltimems="1.382" timestamp="2024-12-13T11:26:26.938" activeThreads="7">
  <mem-info id="2320" free="14753576" total="42336256" percent="34">
    <mem type="nursery" free="5327344" total="7077888" percent="75">
      <mem type="allocate" free="5327344" total="6094848" percent="87" />
      <mem type="survivor" free="0" total="983040" percent="0" />
    </mem>
    <mem type="tenure" free="9426232" total="35258368" percent="26">
      <mem type="soa" free="7662904" total="33495040" percent="22" />
      <mem type="loa" free="1763328" total="1763328" percent="100" />
    </mem>
    <pending-finalizers system="0" default="0" reference="99" classloader="0" />
    <remembered-set count="1852" />
  </mem-info>
</gc-end>
<cycle-end id="2321" type="scavenge" contextid="2315" timestamp="2024-12-13T11:26:26.938" />
<allocation-satisfied id="2322" threadId="00000001381B5900" bytesRequested="11808" />
<af-end id="2323" timestamp="2024-12-13T11:26:26.938" threadId="00000001381B6390" success="true" from="nursery"/>
<exclusive-end id="2324" timestamp="2024-12-13T11:26:26.938" durationms="0.811" />

<exclusive-start id="2325" timestamp="2024-12-13T11:26:26.991" intervalms="53.616">
  <response-info timems="0.010" idlems="0.009" threads="1" lastid="00000001280A3300" lastname="JIT Compilation Thread-001" />
</exclusive-start>
<af-start id="2326" threadId="00000001381B6390" totalBytesRequested="21112" timestamp="2024-12-13T11:26:26.991" intervalms="53.624" type="nursery" />
<cycle-start id="2327" type="scavenge" contextid="0" timestamp="2024-12-13T11:26:26.991" intervalms="53.632" />
<gc-start id="2328" type="scavenge" contextid="2327" timestamp="2024-12-13T11:26:26.991">
  <mem-info id="2329" free="9313472" total="42336256" percent="21">
    <mem type="nursery" free="0" total="7077888" percent="0">
      <mem type="allocate" free="0" total="6094848" percent="0" />
      <mem type="survivor" free="0" total="983040" percent="0" />
    </mem>
    <mem type="tenure" free="9313472" total="35258368" percent="26">
      <mem type="soa" free="7550144" total="33495040" percent="22" />
      <mem type="loa" free="1763328" total="1763328" percent="100" />
    </mem>
    <remembered-set count="2775" />
  </mem-info>
</gc-start>
<allocation-stats totalBytes="5412048" discardedBytes="27304" >
  <allocated-bytes non-tlh="123816" tlh="5288232" />
  <largest-consumer threadName="Default Executor-thread-2" threadId="00000001381B5900" bytes="5380192" />
</allocation-stats>
<gc-op id="2330" type="scavenge" timems="0.667" contextid="2327" timestamp="2024-12-13T11:26:26.992">
  <scavenger-info tenureage="4" tenuremask="7ff0" tiltratio="86" />
  <memory-copied type="nursery" objects="10065" bytes="650040" bytesdiscarded="253728" />
  <memory-copied type="tenure" objects="2734" bytes="175544" bytesdiscarded="320" />
  <finalization candidates="23" enqueued="0" />
  <ownableSynchronizers candidates="82" cleared="0" />
  <references type="soft" candidates="230" cleared="0" enqueued="0" dynamicThreshold="9" maxThreshold="32" />
  <references type="weak" candidates="583" cleared="108" enqueued="73" />
  <references type="phantom" candidates="6" cleared="0" enqueued="0" />
  <object-monitors candidates="24" cleared="0"  />
</gc-op>
<gc-end id="2331" type="scavenge" contextid="2327" durationms="0.739" usertimems="2.431" systemtimems="0.483" stalltimems="1.250" timestamp="2024-12-13T11:26:26.992" activeThreads="6">
  <mem-info id="2332" free="14101352" total="42336256" percent="33">
    <mem type="nursery" free="5190960" total="7077888" percent="73">
      <mem type="allocate" free="5190960" total="6094848" percent="85" />
      <mem type="survivor" free="0" total="983040" percent="0" />
    </mem>
    <mem type="tenure" free="8910392" total="35258368" percent="25">
      <mem type="soa" free="7147064" total="33495040" percent="21" />
      <mem type="loa" free="1763328" total="1763328" percent="100" />
    </mem>
    <pending-finalizers system="0" default="0" reference="73" classloader="0" />
    <remembered-set count="2203" />
  </mem-info>
</gc-end>
<cycle-end id="2333" type="scavenge" contextid="2327" timestamp="2024-12-13T11:26:26.992" />
<allocation-satisfied id="2334" threadId="00000001381B5900" bytesRequested="21112" />
<af-end id="2335" timestamp="2024-12-13T11:26:26.992" threadId="00000001381B6390" success="true" from="nursery"/>
<exclusive-end id="2336" timestamp="2024-12-13T11:26:26.992" durationms="0.973" />

<exclusive-start id="2337" timestamp="2024-12-13T11:26:27.033" intervalms="42.328">
  <response-info timems="0.018" idlems="0.011" threads="1" lastid="00000001280AC100" lastname="JIT Compilation Thread-002" />
</exclusive-start>
<af-start id="2338" threadId="00000001381B6390" totalBytesRequested="176" timestamp="2024-12-13T11:26:27.033" intervalms="42.317" type="nursery" />
<cycle-start id="2339" type="scavenge" contextid="0" timestamp="2024-12-13T11:26:27.033" intervalms="42.316" />
<gc-start id="2340" type="scavenge" contextid="2339" timestamp="2024-12-13T11:26:27.033">
  <mem-info id="2341" free="8843728" total="42336256" percent="20">
    <mem type="nursery" free="0" total="7077888" percent="0">
      <mem type="allocate" free="0" total="6094848" percent="0" />
      <mem type="survivor" free="0" total="983040" percent="0" />
    </mem>
    <mem type="tenure" free="8843728" total="35258368" percent="25">
      <mem type="soa" free="7080400" total="33495040" percent="21" />
      <mem type="loa" free="1763328" total="1763328" percent="100" />
    </mem>
    <remembered-set count="2835" />
  </mem-info>
</gc-start>
<allocation-stats totalBytes="5252256" discardedBytes="5368" >
  <allocated-bytes non-tlh="87776" tlh="5164480" />
  <largest-consumer threadName="Default Executor-thread-2" threadId="00000001381B5900" bytes="5213056" />
</allocation-stats>
<gc-op id="2342" type="scavenge" timems="0.946" contextid="2339" timestamp="2024-12-13T11:26:27.034">
  <scavenger-info tenureage="4" tenuremask="7ff0" tiltratio="86" />
  <memory-copied type="nursery" objects="15717" bytes="912312" bytesdiscarded="70256" />
  <memory-copied type="tenure" objects="1795" bytes="114176" bytesdiscarded="48" />
  <finalization candidates="24" enqueued="0" />
  <ownableSynchronizers candidates="28" cleared="3" />
  <references type="soft" candidates="292" cleared="0" enqueued="0" dynamicThreshold="9" maxThreshold="32" />
  <references type="weak" candidates="551" cleared="68" enqueued="60" />
  <references type="phantom" candidates="11" cleared="0" enqueued="0" />
  <object-monitors candidates="24" cleared="0"  />
</gc-op>
<gc-end id="2343" type="scavenge" contextid="2339" durationms="1.006" usertimems="3.194" systemtimems="0.450" stalltimems="2.771" timestamp="2024-12-13T11:26:27.034" activeThreads="6">
  <mem-info id="2344" free="13336016" total="42336256" percent="31">
    <mem type="nursery" free="4784128" total="7077888" percent="67">
      <mem type="allocate" free="4784128" total="5767168" percent="82" />
      <mem type="survivor" free="0" total="1310720" percent="0" />
    </mem>
    <mem type="tenure" free="8551888" total="35258368" percent="24">
      <mem type="soa" free="6788560" total="33495040" percent="20" />
      <mem type="loa" free="1763328" total="1763328" percent="100" />
    </mem>
    <pending-finalizers system="0" default="0" reference="60" classloader="0" />
    <remembered-set count="2328" />
  </mem-info>
</gc-end>
<cycle-end id="2345" type="scavenge" contextid="2339" timestamp="2024-12-13T11:26:27.034" />
<allocation-satisfied id="2346" threadId="00000001381B5900" bytesRequested="176" />
<af-end id="2347" timestamp="2024-12-13T11:26:27.034" threadId="00000001381B6390" success="true" from="nursery"/>
<exclusive-end id="2348" timestamp="2024-12-13T11:26:27.034" durationms="1.221" />

<exclusive-start id="2349" timestamp="2024-12-13T11:26:27.084" intervalms="50.922">
  <response-info timems="0.011" idlems="0.011" threads="0" lastid="00000001381B5900" lastname="Default Executor-thread-2" />
</exclusive-start>
<af-start id="2350" threadId="00000001381B6390" totalBytesRequested="35600" timestamp="2024-12-13T11:26:27.084" intervalms="50.931" type="nursery" />
<cycle-start id="2351" type="scavenge" contextid="0" timestamp="2024-12-13T11:26:27.084" intervalms="50.939" />
<gc-start id="2352" type="scavenge" contextid="2351" timestamp="2024-12-13T11:26:27.084">
  <mem-info id="2353" free="8482144" total="42336256" percent="20">
    <mem type="nursery" free="0" total="7077888" percent="0">
      <mem type="allocate" free="0" total="5767168" percent="0" />
      <mem type="survivor" free="0" total="1310720" percent="0" />
    </mem>
    <mem type="tenure" free="8482144" total="35258368" percent="24">
      <mem type="soa" free="6718816" total="33495040" percent="20" />
      <mem type="loa" free="1763328" total="1763328" percent="100" />
    </mem>
    <remembered-set count="3185" />
  </mem-info>
</gc-start>
<allocation-stats totalBytes="4841248" discardedBytes="12624" >
  <allocated-bytes non-tlh="101088" tlh="4740160" />
  <largest-consumer threadName="Default Executor-thread-2" threadId="00000001381B5900" bytes="4543992" />
</allocation-stats>
<gc-op id="2354" type="scavenge" timems="1.011" contextid="2351" timestamp="2024-12-13T11:26:27.085">
  <scavenger-info tenureage="4" tenuremask="7ff0" tiltratio="81" />
  <memory-copied type="nursery" objects="22340" bytes="1269048" bytesdiscarded="41264" />
  <memory-copied type="tenure" objects="3375" bytes="177304" bytesdiscarded="24" />
  <copy-failed type="nursery" objects="1704" bytes="59672" />
  <finalization candidates="44" enqueued="0" />
  <ownableSynchronizers candidates="22" cleared="0" />
  <references type="soft" candidates="555" cleared="0" enqueued="0" dynamicThreshold="9" maxThreshold="32" />
  <references type="weak" candidates="763" cleared="101" enqueued="67" />
  <references type="phantom" candidates="11" cleared="0" enqueued="0" />
  <object-monitors candidates="24" cleared="0"  />
</gc-op>
<gc-end id="2355" type="scavenge" contextid="2351" durationms="1.101" usertimems="4.470" systemtimems="0.624" stalltimems="2.399" timestamp="2024-12-13T11:26:27.085" activeThreads="6">
  <mem-info id="2356" free="12176224" total="42336256" percent="28">
    <mem type="nursery" free="3735552" total="7077888" percent="52">
      <mem type="allocate" free="3735552" total="5046272" percent="74" />
      <mem type="survivor" free="0" total="2031616" percent="0" />
    </mem>
    <mem type="tenure" free="8440672" total="35258368" percent="23">
      <mem type="soa" free="6677344" total="33495040" percent="19" />
      <mem type="loa" free="1763328" total="1763328" percent="100" />
    </mem>
    <pending-finalizers system="0" default="0" reference="67" classloader="0" />
    <remembered-set count="2757" />
  </mem-info>
</gc-end>
<cycle-end id="2357" type="scavenge" contextid="2351" timestamp="2024-12-13T11:26:27.085" />
<allocation-satisfied id="2358" threadId="00000001381B5900" bytesRequested="35600" />
<af-end id="2359" timestamp="2024-12-13T11:26:27.085" threadId="00000001381B6390" success="true" from="nursery"/>
<exclusive-end id="2360" timestamp="2024-12-13T11:26:27.085" durationms="1.354" />

<exclusive-start id="2361" timestamp="2024-12-13T11:26:27.147" intervalms="63.324">
  <response-info timems="0.048" idlems="0.033" threads="3" lastid="000000012FA5C700" lastname="Default Executor-thread-5" />
</exclusive-start>
<af-start id="2362" threadId="00000001381BA390" totalBytesRequested="64" timestamp="2024-12-13T11:26:27.147" intervalms="63.323" type="nursery" />
<cycle-start id="2363" type="scavenge" contextid="0" timestamp="2024-12-13T11:26:27.147" intervalms="63.324" />
<gc-start id="2364" type="scavenge" contextid="2363" timestamp="2024-12-13T11:26:27.148">
  <mem-info id="2365" free="8392016" total="42336256" percent="19">
    <mem type="nursery" free="0" total="7077888" percent="0">
      <mem type="allocate" free="0" total="5046272" percent="0" />
      <mem type="survivor" free="0" total="2031616" percent="0" />
    </mem>
    <mem type="tenure" free="8392016" total="35258368" percent="23">
      <mem type="soa" free="6628688" total="33495040" percent="19" />
      <mem type="loa" free="1763328" total="1763328" percent="100" />
    </mem>
    <remembered-set count="3302" />
  </mem-info>
</gc-start>
<allocation-stats totalBytes="3773952" discardedBytes="10256" >
  <allocated-bytes non-tlh="313416" tlh="3460536" />
  <largest-consumer threadName="Default Executor-thread-2" threadId="00000001381B5900" bytes="3485888" />
</allocation-stats>
<gc-op id="2366" type="scavenge" timems="0.862" contextid="2363" timestamp="2024-12-13T11:26:27.148">
  <scavenger-info tenureage="3" tenuremask="7fe8" tiltratio="71" />
  <memory-copied type="nursery" objects="21375" bytes="1243456" bytesdiscarded="79864" />
  <memory-copied type="tenure" objects="4133" bytes="230520" bytesdiscarded="64" />
  <finalization candidates="66" enqueued="0" />
  <ownableSynchronizers candidates="16" cleared="3" />
  <references type="soft" candidates="589" cleared="0" enqueued="0" dynamicThreshold="9" maxThreshold="32" />
  <references type="weak" candidates="764" cleared="92" enqueued="76" />
  <references type="phantom" candidates="12" cleared="0" enqueued="0" />
  <object-monitors candidates="27" cleared="1"  />
</gc-op>
<gc-end id="2367" type="scavenge" contextid="2363" durationms="0.931" usertimems="4.705" systemtimems="0.455" stalltimems="1.493" timestamp="2024-12-13T11:26:27.148" activeThreads="6">
  <mem-info id="2368" free="11896512" total="42336256" percent="28">
    <mem type="nursery" free="3853936" total="7077888" percent="54">
      <mem type="allocate" free="3853936" total="5177344" percent="74" />
      <mem type="survivor" free="0" total="1900544" percent="0" />
    </mem>
    <mem type="tenure" free="8042576" total="35258368" percent="22">
      <mem type="soa" free="6279248" total="33495040" percent="18" />
      <mem type="loa" free="1763328" total="1763328" percent="100" />
    </mem>
    <pending-finalizers system="0" default="0" reference="76" classloader="0" />
    <remembered-set count="2664" />
  </mem-info>
</gc-end>
<cycle-end id="2369" type="scavenge" contextid="2363" timestamp="2024-12-13T11:26:27.149" />
<allocation-satisfied id="2370" threadId="00000001381B9900" bytesRequested="64" />
<af-end id="2371" timestamp="2024-12-13T11:26:27.149" threadId="00000001381BA390" success="true" from="nursery"/>
<exclusive-end id="2372" timestamp="2024-12-13T11:26:27.149" durationms="1.172" />

<exclusive-start id="2373" timestamp="2024-12-13T11:26:27.201" intervalms="53.547">
  <response-info timems="0.009" idlems="0.009" threads="0" lastid="00000001381B5900" lastname="Default Executor-thread-2" />
</exclusive-start>
<af-start id="2374" threadId="00000001381B6390" totalBytesRequested="3288" timestamp="2024-12-13T11:26:27.201" intervalms="53.542" type="nursery" />
<cycle-start id="2375" type="scavenge" contextid="0" timestamp="2024-12-13T11:26:27.201" intervalms="53.525" />
<gc-start id="2376" type="scavenge" contextid="2375" timestamp="2024-12-13T11:26:27.201">
  <mem-info id="2377" free="8004424" total="42336256" percent="18">
    <mem type="nursery" free="0" total="7077888" percent="0">
      <mem type="allocate" free="0" total="5177344" percent="0" />
      <mem type="survivor" free="0" total="1900544" percent="0" />
    </mem>
    <mem type="tenure" free="8004424" total="35258368" percent="22">
      <mem type="soa" free="6241096" total="33495040" percent="18" />
      <mem type="loa" free="1763328" total="1763328" percent="100" />
    </mem>
    <remembered-set count="3115" />
  </mem-info>
</gc-start>
<allocation-stats totalBytes="3881808" discardedBytes="10280" >
  <allocated-bytes non-tlh="48560" tlh="3833248" />
  <largest-consumer threadName="Default Executor-thread-5" threadId="000000012FA5C700" bytes="1056984" />
</allocation-stats>
<gc-op id="2378" type="scavenge" timems="0.980" contextid="2375" timestamp="2024-12-13T11:26:27.202">
  <scavenger-info tenureage="3" tenuremask="7fe8" tiltratio="73" />
  <memory-copied type="nursery" objects="19872" bytes="1135648" bytesdiscarded="104192" />
  <memory-copied type="tenure" objects="9270" bytes="531824" bytesdiscarded="184" />
  <finalization candidates="95" enqueued="0" />
  <ownableSynchronizers candidates="9" cleared="0" />
  <references type="soft" candidates="475" cleared="0" enqueued="0" dynamicThreshold="9" maxThreshold="32" />
  <references type="weak" candidates="500" cleared="29" enqueued="25" />
  <references type="phantom" candidates="5" cleared="0" enqueued="0" />
  <object-monitors candidates="48" cleared="16"  />
</gc-op>
<gc-end id="2379" type="scavenge" contextid="2375" durationms="1.080" usertimems="3.925" systemtimems="0.808" stalltimems="2.464" timestamp="2024-12-13T11:26:27.202" activeThreads="7">
  <mem-info id="2380" free="11359880" total="42336256" percent="26">
    <mem type="nursery" free="4002288" total="7077888" percent="56">
      <mem type="allocate" free="4002288" total="5242880" percent="76" />
      <mem type="survivor" free="0" total="1835008" percent="0" />
    </mem>
    <mem type="tenure" free="7357592" total="35258368" percent="20">
      <mem type="soa" free="5594264" total="33495040" percent="16" />
      <mem type="loa" free="1763328" total="1763328" percent="100" />
    </mem>
    <pending-finalizers system="0" default="0" reference="25" classloader="0" />
    <remembered-set count="2105" />
  </mem-info>
</gc-end>
<cycle-end id="2381" type="scavenge" contextid="2375" timestamp="2024-12-13T11:26:27.202" />
<allocation-satisfied id="2382" threadId="00000001381B5900" bytesRequested="3288" />
<af-end id="2383" timestamp="2024-12-13T11:26:27.202" threadId="00000001381B6390" success="true" from="nursery"/>
<exclusive-end id="2384" timestamp="2024-12-13T11:26:27.202" durationms="1.359" />

<exclusive-start id="2385" timestamp="2024-12-13T11:26:27.258" intervalms="56.874">
  <response-info timems="3.646" idlems="1.829" threads="1" lastid="00000001280AC100" lastname="JIT Compilation Thread-002" />
</exclusive-start>
<af-start id="2386" threadId="000000012FA5D190" totalBytesRequested="64" timestamp="2024-12-13T11:26:27.258" intervalms="56.878" type="nursery" />
<cycle-start id="2387" type="scavenge" contextid="0" timestamp="2024-12-13T11:26:27.258" intervalms="56.877" />
<gc-start id="2388" type="scavenge" contextid="2387" timestamp="2024-12-13T11:26:27.258">
  <mem-info id="2389" free="7331760" total="42336256" percent="17">
    <mem type="nursery" free="0" total="7077888" percent="0">
      <mem type="allocate" free="0" total="5242880" percent="0" />
      <mem type="survivor" free="0" total="1835008" percent="0" />
    </mem>
    <mem type="tenure" free="7331760" total="35258368" percent="20">
      <mem type="soa" free="5568432" total="33495040" percent="16" />
      <mem type="loa" free="1763328" total="1763328" percent="100" />
    </mem>
    <remembered-set count="2405" />
  </mem-info>
</gc-start>
<allocation-stats totalBytes="4000608" discardedBytes="27512" >
  <allocated-bytes non-tlh="29120" tlh="3971488" />
  <largest-consumer threadName="Default Executor-thread-2" threadId="00000001381B5900" bytes="1585328" />
</allocation-stats>
<gc-op id="2390" type="scavenge" timems="0.907" contextid="2387" timestamp="2024-12-13T11:26:27.259">
  <scavenger-info tenureage="3" tenuremask="7fe8" tiltratio="74" />
  <memory-copied type="nursery" objects="20716" bytes="1117424" bytesdiscarded="108016" />
  <memory-copied type="tenure" objects="8019" bytes="459288" bytesdiscarded="384" />
  <finalization candidates="71" enqueued="0" />
  <ownableSynchronizers candidates="17" cleared="8" />
  <references type="soft" candidates="223" cleared="0" enqueued="0" dynamicThreshold="9" maxThreshold="32" />
  <references type="weak" candidates="294" cleared="19" enqueued="15" />
  <references type="phantom" candidates="5" cleared="0" enqueued="0" />
  <object-monitors candidates="32" cleared="0"  />
</gc-op>
<gc-end id="2391" type="scavenge" contextid="2387" durationms="0.972" usertimems="3.421" systemtimems="0.467" stalltimems="2.527" timestamp="2024-12-13T11:26:27.259" activeThreads="7">
  <mem-info id="2392" free="11056720" total="42336256" percent="26">
    <mem type="nursery" free="4148448" total="7077888" percent="58">
      <mem type="allocate" free="4148448" total="5373952" percent="77" />
      <mem type="survivor" free="0" total="1703936" percent="0" />
    </mem>
    <mem type="tenure" free="6908272" total="35258368" percent="19">
      <mem type="soa" free="5144944" total="33495040" percent="15" />
      <mem type="loa" free="1763328" total="1763328" percent="100" />
    </mem>
    <pending-finalizers system="0" default="0" reference="15" classloader="0" />
    <remembered-set count="1460" />
  </mem-info>
</gc-end>
<cycle-end id="2393" type="scavenge" contextid="2387" timestamp="2024-12-13T11:26:27.259" />
<allocation-satisfied id="2394" threadId="000000012FA5C700" bytesRequested="64" />
<af-end id="2395" timestamp="2024-12-13T11:26:27.259" threadId="000000012FA5D190" success="true" from="nursery"/>
<exclusive-end id="2396" timestamp="2024-12-13T11:26:27.259" durationms="1.195" />

<exclusive-start id="2397" timestamp="2024-12-13T11:26:27.331" intervalms="73.121">
  <response-info timems="0.028" idlems="0.018" threads="5" lastid="0000000128099300" lastname="JIT Compilation Thread-000" />
</exclusive-start>
<af-start id="2398" threadId="000000012C818990" totalBytesRequested="37256" timestamp="2024-12-13T11:26:27.331" intervalms="73.111" type="nursery" />
<cycle-start id="2399" type="scavenge" contextid="0" timestamp="2024-12-13T11:26:27.331" intervalms="73.137" />
<gc-start id="2400" type="scavenge" contextid="2399" timestamp="2024-12-13T11:26:27.331">
  <mem-info id="2401" free="6775064" total="42336256" percent="16">
    <mem type="nursery" free="0" total="7077888" percent="0">
      <mem type="allocate" free="0" total="5373952" percent="0" />
      <mem type="survivor" free="0" total="1703936" percent="0" />
    </mem>
    <mem type="tenure" free="6775064" total="35258368" percent="19">
      <mem type="soa" free="5011736" total="33495040" percent="14" />
      <mem type="loa" free="1763328" total="1763328" percent="100" />
    </mem>
    <remembered-set count="3108" />
  </mem-info>
</gc-start>
<allocation-stats totalBytes="4215096" discardedBytes="66560" >
  <allocated-bytes non-tlh="561304" tlh="3653792" />
  <largest-consumer threadName="Default Executor-thread-2" threadId="00000001381B5900" bytes="1588944" />
</allocation-stats>
<gc-op id="2402" type="scavenge" timems="0.611" contextid="2399" timestamp="2024-12-13T11:26:27.332">
  <scavenger-info tenureage="5" tenuremask="7fe0" tiltratio="75" />
  <memory-copied type="nursery" objects="11635" bytes="772872" bytesdiscarded="198560" />
  <finalization candidates="52" enqueued="0" />
  <ownableSynchronizers candidates="28" cleared="2" />
  <references type="soft" candidates="309" cleared="0" enqueued="0" dynamicThreshold="9" maxThreshold="32" />
  <references type="weak" candidates="506" cleared="96" enqueued="78" />
  <references type="phantom" candidates="6" cleared="0" enqueued="0" />
  <object-monitors candidates="35" cleared="5"  />
</gc-op>
<gc-end id="2403" type="scavenge" contextid="2399" durationms="0.711" usertimems="2.302" systemtimems="0.442" stalltimems="1.396" timestamp="2024-12-13T11:26:27.332" activeThreads="7">
  <mem-info id="2404" free="11242904" total="42336256" percent="26">
    <mem type="nursery" free="4467840" total="7077888" percent="63">
      <mem type="allocate" free="4467840" total="5439488" percent="82" />
      <mem type="survivor" free="0" total="1638400" percent="0" />
    </mem>
    <mem type="tenure" free="6775064" total="35258368" percent="19">
      <mem type="soa" free="5011736" total="33495040" percent="14" />
      <mem type="loa" free="1763328" total="1763328" percent="100" />
    </mem>
    <pending-finalizers system="0" default="0" reference="78" classloader="0" />
    <remembered-set count="2708" />
  </mem-info>
</gc-end>
<cycle-end id="2405" type="scavenge" contextid="2399" timestamp="2024-12-13T11:26:27.332" />
<allocation-satisfied id="2406" threadId="000000012C817F00" bytesRequested="37256" />
<af-end id="2407" timestamp="2024-12-13T11:26:27.332" threadId="000000012C818990" success="true" from="nursery"/>
<exclusive-end id="2408" timestamp="2024-12-13T11:26:27.332" durationms="0.998" />

<exclusive-start id="2409" timestamp="2024-12-13T11:26:27.399" intervalms="68.473">
  <response-info timems="0.014" idlems="0.010" threads="3" lastid="000000012C817F00" lastname="Default Executor-thread-3" />
</exclusive-start>
<af-start id="2410" threadId="00000001381BA390" totalBytesRequested="12016" timestamp="2024-12-13T11:26:27.399" intervalms="68.477" type="nursery" />
<cycle-start id="2411" type="scavenge" contextid="0" timestamp="2024-12-13T11:26:27.399" intervalms="68.455" />
<gc-start id="2412" type="scavenge" contextid="2411" timestamp="2024-12-13T11:26:27.400">
  <mem-info id="2413" free="6641016" total="42336256" percent="15">
    <mem type="nursery" free="0" total="7077888" percent="0">
      <mem type="allocate" free="0" total="5439488" percent="0" />
      <mem type="survivor" free="0" total="1638400" percent="0" />
    </mem>
    <mem type="tenure" free="6641016" total="35258368" percent="18">
      <mem type="soa" free="4877688" total="33495040" percent="14" />
      <mem type="loa" free="1763328" total="1763328" percent="100" />
    </mem>
    <remembered-set count="3958" />
  </mem-info>
</gc-start>
<allocation-stats totalBytes="4589088" discardedBytes="12800" >
  <allocated-bytes non-tlh="499024" tlh="4090064" />
  <largest-consumer threadName="Default Executor-thread-3" threadId="000000012C817F00" bytes="2329632" />
</allocation-stats>
<gc-op id="2414" type="scavenge" timems="0.692" contextid="2411" timestamp="2024-12-13T11:26:27.400">
  <scavenger-info tenureage="5" tenuremask="7fe0" tiltratio="76" />
  <memory-copied type="nursery" objects="16691" bytes="1445072" bytesdiscarded="101720" />
  <finalization candidates="54" enqueued="0" />
  <ownableSynchronizers candidates="40" cleared="1" />
  <references type="soft" candidates="404" cleared="0" enqueued="0" dynamicThreshold="9" maxThreshold="32" />
  <references type="weak" candidates="634" cleared="123" enqueued="105" />
  <references type="phantom" candidates="13" cleared="0" enqueued="0" />
  <object-monitors candidates="30" cleared="0"  />
</gc-op>
<gc-end id="2415" type="scavenge" contextid="2411" durationms="0.794" usertimems="3.617" systemtimems="0.799" stalltimems="1.514" timestamp="2024-12-13T11:26:27.400" activeThreads="7">
  <mem-info id="2416" free="9878256" total="42336256" percent="23">
    <mem type="nursery" free="3237240" total="7077888" percent="45">
      <mem type="allocate" free="3237240" total="4784128" percent="67" />
      <mem type="survivor" free="0" total="2293760" percent="0" />
    </mem>
    <mem type="tenure" free="6641016" total="35258368" percent="18">
      <mem type="soa" free="4877688" total="33495040" percent="14" />
      <mem type="loa" free="1763328" total="1763328" percent="100" />
    </mem>
    <pending-finalizers system="0" default="0" reference="105" classloader="0" />
    <remembered-set count="3703" />
  </mem-info>
</gc-end>
<cycle-end id="2417" type="scavenge" contextid="2411" timestamp="2024-12-13T11:26:27.400" />
<allocation-satisfied id="2418" threadId="00000001381B9900" bytesRequested="12016" />
<af-end id="2419" timestamp="2024-12-13T11:26:27.400" threadId="00000001381BA390" success="true" from="nursery"/>
<exclusive-end id="2420" timestamp="2024-12-13T11:26:27.400" durationms="1.064" />

<exclusive-start id="2421" timestamp="2024-12-13T11:26:27.401" intervalms="1.411">
  <response-info timems="0.017" idlems="0.013" threads="1" lastid="000000012C817F00" lastname="Default Executor-thread-3" />
</exclusive-start>
<af-start id="2422" threadId="00000001381BA390" totalBytesRequested="10816" timestamp="2024-12-13T11:26:27.401" intervalms="1.392" type="nursery" />
<cycle-start id="2423" type="scavenge" contextid="0" timestamp="2024-12-13T11:26:27.401" intervalms="1.380" />
<gc-start id="2424" type="scavenge" contextid="2423" timestamp="2024-12-13T11:26:27.401">
  <mem-info id="2425" free="6640624" total="42336256" percent="15">
    <mem type="nursery" free="0" total="7077888" percent="0">
      <mem type="allocate" free="0" total="4784128" percent="0" />
      <mem type="survivor" free="0" total="2293760" percent="0" />
    </mem>
    <mem type="tenure" free="6640624" total="35258368" percent="18">
      <mem type="soa" free="4877296" total="33495040" percent="14" />
      <mem type="loa" free="1763328" total="1763328" percent="100" />
    </mem>
    <remembered-set count="3721" />
  </mem-info>
</gc-start>
<allocation-stats totalBytes="3053192" discardedBytes="184440" >
  <allocated-bytes non-tlh="12408" tlh="3040784" />
  <largest-consumer threadName="Default Executor-thread-6" threadId="00000001381B9900" bytes="2967696" />
</allocation-stats>
<gc-op id="2426" type="scavenge" timems="0.724" contextid="2423" timestamp="2024-12-13T11:26:27.402">
  <scavenger-info tenureage="4" tenuremask="7ff0" tiltratio="67" />
  <memory-copied type="nursery" objects="10333" bytes="1074112" bytesdiscarded="385472" />
  <memory-copied type="tenure" objects="6149" bytes="382848" bytesdiscarded="784" />
  <finalization candidates="54" enqueued="0" />
  <ownableSynchronizers candidates="39" cleared="0" />
  <references type="soft" candidates="255" cleared="0" enqueued="0" dynamicThreshold="9" maxThreshold="32" />
  <references type="weak" candidates="275" cleared="2" enqueued="2" />
  <references type="phantom" candidates="8" cleared="0" enqueued="0" />
  <object-monitors candidates="30" cleared="0"  />
</gc-op>
<heap-resize id="2427" type="expand" space="nursery" amount="2228224" count="1" timems="0.023" reason="excessive time being spent scavenging" timestamp="2024-12-13T11:26:27.402" />
<gc-end id="2428" type="scavenge" contextid="2423" durationms="0.816" usertimems="3.125" systemtimems="0.440" stalltimems="2.079" timestamp="2024-12-13T11:26:27.402" activeThreads="7">
  <mem-info id="2429" free="11310688" total="44564480" percent="25">
    <mem type="nursery" free="4962944" total="9306112" percent="53">
      <mem type="allocate" free="4962944" total="6422528" percent="77" />
      <mem type="survivor" free="0" total="2883584" percent="0" />
    </mem>
    <mem type="tenure" free="6347744" total="35258368" percent="18">
      <mem type="soa" free="4584416" total="33495040" percent="13" />
      <mem type="loa" free="1763328" total="1763328" percent="100" />
    </mem>
    <pending-finalizers system="0" default="0" reference="2" classloader="0" />
    <remembered-set count="1984" />
  </mem-info>
</gc-end>
<cycle-end id="2430" type="scavenge" contextid="2423" timestamp="2024-12-13T11:26:27.402" />
<allocation-satisfied id="2431" threadId="00000001381B9900" bytesRequested="10816" />
<af-end id="2432" timestamp="2024-12-13T11:26:27.402" threadId="00000001381BA390" success="true" from="nursery"/>
<exclusive-end id="2433" timestamp="2024-12-13T11:26:27.402" durationms="0.951" />

<exclusive-start id="2434" timestamp="2024-12-13T11:26:27.402" intervalms="1.714">
  <response-info timems="0.171" idlems="0.042" threads="4" lastid="00000001280B8300" lastname="JIT Compilation Thread-003" />
</exclusive-start>
<af-start id="2435" threadId="00000001381BA390" totalBytesRequested="8512" timestamp="2024-12-13T11:26:27.403" intervalms="1.721" type="nursery" />
<cycle-start id="2436" type="scavenge" contextid="0" timestamp="2024-12-13T11:26:27.403" intervalms="1.722" />
<gc-start id="2437" type="scavenge" contextid="2436" timestamp="2024-12-13T11:26:27.403">
  <mem-info id="2438" free="6347464" total="44564480" percent="14">
    <mem type="nursery" free="0" total="9306112" percent="0">
      <mem type="allocate" free="0" total="6422528" percent="0" />
      <mem type="survivor" free="0" total="2883584" percent="0" />
    </mem>
    <mem type="tenure" free="6347464" total="35258368" percent="18">
      <mem type="soa" free="4584136" total="33495040" percent="13" />
      <mem type="loa" free="1763328" total="1763328" percent="100" />
    </mem>
    <remembered-set count="1991" />
  </mem-info>
</gc-start>
<allocation-stats totalBytes="4735192" discardedBytes="228032" >
  <allocated-bytes non-tlh="11096" tlh="4724096" />
  <largest-consumer threadName="Default Executor-thread-6" threadId="00000001381B9900" bytes="4668048" />
</allocation-stats>
<gc-op id="2439" type="scavenge" timems="0.692" contextid="2436" timestamp="2024-12-13T11:26:27.403">
  <scavenger-info tenureage="3" tenuremask="7ff8" tiltratio="69" />
  <memory-copied type="nursery" objects="5205" bytes="776712" bytesdiscarded="148888" />
  <memory-copied type="tenure" objects="5125" bytes="299592" bytesdiscarded="160" />
  <finalization candidates="3" enqueued="0" />
  <ownableSynchronizers candidates="39" cleared="0" />
  <references type="soft" candidates="102" cleared="0" enqueued="0" dynamicThreshold="9" maxThreshold="32" />
  <references type="weak" candidates="102" cleared="0" enqueued="0" />
  <references type="phantom" candidates="7" cleared="0" enqueued="0" />
  <object-monitors candidates="30" cleared="0"  />
</gc-op>
<heap-resize id="2440" type="expand" space="nursery" amount="2097152" count="1" timems="0.022" reason="excessive time being spent scavenging" timestamp="2024-12-13T11:26:27.403" />
<gc-end id="2441" type="scavenge" contextid="2436" durationms="0.810" usertimems="1.980" systemtimems="0.647" stalltimems="2.312" timestamp="2024-12-13T11:26:27.403" activeThreads="7">
  <mem-info id="2442" free="14247192" total="46661632" percent="30">
    <mem type="nursery" free="8052832" total="11403264" percent="70">
      <mem type="allocate" free="8052832" total="8978432" percent="89" />
      <mem type="survivor" free="0" total="2424832" percent="0" />
    </mem>
    <mem type="tenure" free="6194360" total="35258368" percent="17">
      <mem type="soa" free="4431032" total="33495040" percent="13" />
      <mem type="loa" free="1763328" total="1763328" percent="100" />
    </mem>
    <remembered-set count="581" />
  </mem-info>
</gc-end>
<cycle-end id="2443" type="scavenge" contextid="2436" timestamp="2024-12-13T11:26:27.403" />
<allocation-satisfied id="2444" threadId="00000001381B9900" bytesRequested="8512" />
<af-end id="2445" timestamp="2024-12-13T11:26:27.403" threadId="00000001381BA390" success="true" from="nursery"/>
<exclusive-end id="2446" timestamp="2024-12-13T11:26:27.404" durationms="1.008" />

<exclusive-start id="2447" timestamp="2024-12-13T11:26:27.412" intervalms="9.764">
  <response-info timems="0.366" idlems="0.083" threads="4" lastid="00000001280A3300" lastname="JIT Compilation Thread-001" />
</exclusive-start>
<af-start id="2448" threadId="000000012C818990" totalBytesRequested="54336" timestamp="2024-12-13T11:26:27.412" intervalms="9.767" type="nursery" />
<cycle-start id="2449" type="scavenge" contextid="0" timestamp="2024-12-13T11:26:27.412" intervalms="9.770" />
<gc-start id="2450" type="scavenge" contextid="2449" timestamp="2024-12-13T11:26:27.412">
  <mem-info id="2451" free="6189872" total="46661632" percent="13">
    <mem type="nursery" free="0" total="11403264" percent="0">
      <mem type="allocate" free="0" total="8978432" percent="0" />
      <mem type="survivor" free="0" total="2424832" percent="0" />
    </mem>
    <mem type="tenure" free="6189872" total="35258368" percent="17">
      <mem type="soa" free="4426544" total="33495040" percent="13" />
      <mem type="loa" free="1763328" total="1763328" percent="100" />
    </mem>
    <remembered-set count="660" />
  </mem-info>
</gc-start>
<allocation-stats totalBytes="7955360" discardedBytes="101960" >
  <allocated-bytes non-tlh="137552" tlh="7817808" />
  <largest-consumer threadName="Default Executor-thread-6" threadId="00000001381B9900" bytes="7733192" />
</allocation-stats>
<gc-op id="2452" type="scavenge" timems="0.515" contextid="2449" timestamp="2024-12-13T11:26:27.413">
  <scavenger-info tenureage="3" tenuremask="7fe8" tiltratio="78" />
  <memory-copied type="nursery" objects="408" bytes="108216" bytesdiscarded="109176" />
  <memory-copied type="tenure" objects="5059" bytes="732304" bytesdiscarded="696" />
  <finalization candidates="2" enqueued="0" />
  <ownableSynchronizers candidates="13" cleared="0" />
  <references type="soft" candidates="48" cleared="0" enqueued="0" dynamicThreshold="9" maxThreshold="32" />
  <references type="weak" candidates="9" cleared="8" enqueued="8" />
  <object-monitors candidates="30" cleared="0"  />
</gc-op>
<gc-end id="2453" type="scavenge" contextid="2449" durationms="0.597" usertimems="1.843" systemtimems="0.477" stalltimems="1.718" timestamp="2024-12-13T11:26:27.413" activeThreads="7">
  <mem-info id="2454" free="14904680" total="46661632" percent="31">
    <mem type="nursery" free="9416400" total="11403264" percent="82">
      <mem type="allocate" free="9416400" total="9633792" percent="97" />
      <mem type="survivor" free="0" total="1769472" percent="0" />
    </mem>
    <mem type="tenure" free="5488280" total="35258368" percent="15">
      <mem type="soa" free="3724952" total="33495040" percent="11" />
      <mem type="loa" free="1763328" total="1763328" percent="100" />
    </mem>
    <pending-finalizers system="0" default="0" reference="8" classloader="0" />
    <remembered-set count="329" />
  </mem-info>
</gc-end>
<cycle-end id="2455" type="scavenge" contextid="2449" timestamp="2024-12-13T11:26:27.413" />
<allocation-satisfied id="2456" threadId="000000012C817F00" bytesRequested="54336" />
<af-end id="2457" timestamp="2024-12-13T11:26:27.413" threadId="000000012C818990" success="true" from="nursery"/>
<exclusive-end id="2458" timestamp="2024-12-13T11:26:27.413" durationms="0.808" />

<exclusive-start id="2459" timestamp="2024-12-13T11:26:27.491" intervalms="78.668">
  <response-info timems="0.266" idlems="0.094" threads="2" lastid="00000001280AC100" lastname="JIT Compilation Thread-002" />
</exclusive-start>
<af-start id="2460" threadId="000000012C818990" totalBytesRequested="2072" timestamp="2024-12-13T11:26:27.491" intervalms="78.677" type="nursery" />
<cycle-start id="2461" type="scavenge" contextid="0" timestamp="2024-12-13T11:26:27.491" intervalms="78.691" />
<gc-start id="2462" type="scavenge" contextid="2461" timestamp="2024-12-13T11:26:27.491">
  <mem-info id="2463" free="5292872" total="46661632" percent="11">
    <mem type="nursery" free="0" total="11403264" percent="0">
      <mem type="allocate" free="0" total="9633792" percent="0" />
      <mem type="survivor" free="0" total="1769472" percent="0" />
    </mem>
    <mem type="tenure" free="5292872" total="35258368" percent="15">
      <mem type="soa" free="3529544" total="33495040" percent="10" />
      <mem type="loa" free="1763328" total="1763328" percent="100" />
    </mem>
    <remembered-set count="2898" />
  </mem-info>
</gc-start>
<allocation-stats totalBytes="9574184" discardedBytes="37624" >
  <allocated-bytes non-tlh="416976" tlh="9157208" />
  <largest-consumer threadName="Default Executor-thread-3" threadId="000000012C817F00" bytes="5750192" />
</allocation-stats>
<gc-op id="2464" type="scavenge" timems="0.764" contextid="2461" timestamp="2024-12-13T11:26:27.492">
  <scavenger-info tenureage="6" tenuremask="7fc0" tiltratio="84" />
  <memory-copied type="nursery" objects="19205" bytes="1552552" bytesdiscarded="112408" />
  <finalization candidates="26" enqueued="0" />
  <ownableSynchronizers candidates="59" cleared="16" />
  <references type="soft" candidates="162" cleared="0" enqueued="0" dynamicThreshold="9" maxThreshold="32" />
  <references type="weak" candidates="754" cleared="288" enqueued="210" />
  <references type="phantom" candidates="6" cleared="0" enqueued="0" />
  <object-monitors candidates="31" cleared="0"  />
</gc-op>
<gc-end id="2465" type="scavenge" contextid="2461" durationms="0.825" usertimems="2.886" systemtimems="0.375" stalltimems="1.414" timestamp="2024-12-13T11:26:27.492" activeThreads="6">
  <mem-info id="2466" free="11884152" total="46661632" percent="25">
    <mem type="nursery" free="6591280" total="11403264" percent="57">
      <mem type="allocate" free="6591280" total="8257536" percent="79" />
      <mem type="survivor" free="0" total="3145728" percent="0" />
    </mem>
    <mem type="tenure" free="5292872" total="35258368" percent="15">
      <mem type="soa" free="3529544" total="33495040" percent="10" />
      <mem type="loa" free="1763328" total="1763328" percent="100" />
    </mem>
    <pending-finalizers system="0" default="0" reference="210" classloader="0" />
    <remembered-set count="2798" />
  </mem-info>
</gc-end>
<cycle-end id="2467" type="scavenge" contextid="2461" timestamp="2024-12-13T11:26:27.492" />
<allocation-satisfied id="2468" threadId="000000012C817F00" bytesRequested="2072" />
<af-end id="2469" timestamp="2024-12-13T11:26:27.492" threadId="000000012C818990" success="true" from="nursery"/>
<exclusive-end id="2470" timestamp="2024-12-13T11:26:27.492" durationms="1.065" />

<exclusive-start id="2471" timestamp="2024-12-13T11:26:27.526" intervalms="35.019">
  <response-info timems="3.802" idlems="2.421" threads="2" lastid="00000001280C2300" lastname="JIT Compilation Thread-004" />
</exclusive-start>
<af-start id="2472" threadId="000000012C818990" totalBytesRequested="56" timestamp="2024-12-13T11:26:27.526" intervalms="35.021" type="nursery" />
<cycle-start id="2473" type="scavenge" contextid="0" timestamp="2024-12-13T11:26:27.526" intervalms="35.027" />
<gc-start id="2474" type="scavenge" contextid="2473" timestamp="2024-12-13T11:26:27.526">
  <mem-info id="2475" free="5206272" total="46661632" percent="11">
    <mem type="nursery" free="0" total="11403264" percent="0">
      <mem type="allocate" free="0" total="8257536" percent="0" />
      <mem type="survivor" free="0" total="3145728" percent="0" />
    </mem>
    <mem type="tenure" free="5206272" total="35258368" percent="14">
      <mem type="soa" free="3442944" total="33495040" percent="10" />
      <mem type="loa" free="1763328" total="1763328" percent="100" />
    </mem>
    <remembered-set count="4101" />
  </mem-info>
</gc-start>
<allocation-stats totalBytes="6669936" discardedBytes="7944" >
  <allocated-bytes non-tlh="88672" tlh="6581264" />
  <largest-consumer threadName="Default Executor-thread-3" threadId="000000012C817F00" bytes="5474728" />
</allocation-stats>
<gc-op id="2476" type="scavenge" timems="1.051" contextid="2473" timestamp="2024-12-13T11:26:27.527">
  <scavenger-info tenureage="4" tenuremask="7fd0" tiltratio="72" />
  <memory-copied type="nursery" objects="34524" bytes="2979408" bytesdiscarded="166280" />
  <memory-copied type="tenure" objects="774" bytes="51192" bytesdiscarded="8" />
  <copy-failed type="nursery" objects="718" bytes="36864" />
  <finalization candidates="26" enqueued="0" />
  <ownableSynchronizers candidates="44" cleared="1" />
  <references type="soft" candidates="189" cleared="0" enqueued="0" dynamicThreshold="9" maxThreshold="32" />
  <references type="weak" candidates="734" cleared="107" enqueued="73" />
  <references type="phantom" candidates="6" cleared="0" enqueued="0" />
  <object-monitors candidates="31" cleared="0"  />
</gc-op>
<gc-end id="2477" type="scavenge" contextid="2473" durationms="1.127" usertimems="4.272" systemtimems="0.568" stalltimems="1.726" timestamp="2024-12-13T11:26:27.527" activeThreads="6">
  <mem-info id="2478" free="8331264" total="46661632" percent="17">
    <mem type="nursery" free="3145728" total="11403264" percent="27">
      <mem type="allocate" free="3145728" total="6291456" percent="50" />
      <mem type="survivor" free="0" total="5111808" percent="0" />
    </mem>
    <mem type="tenure" free="5185536" total="35258368" percent="14">
      <mem type="soa" free="3422208" total="33495040" percent="10" />
      <mem type="loa" free="1763328" total="1763328" percent="100" />
    </mem>
    <pending-finalizers system="0" default="0" reference="73" classloader="0" />
    <remembered-set count="4009" />
  </mem-info>
</gc-end>
<cycle-end id="2479" type="scavenge" contextid="2473" timestamp="2024-12-13T11:26:27.527" />
<allocation-satisfied id="2480" threadId="000000012C817F00" bytesRequested="56" />
<af-end id="2481" timestamp="2024-12-13T11:26:27.527" threadId="000000012C818990" success="true" from="nursery"/>
<exclusive-end id="2482" timestamp="2024-12-13T11:26:27.527" durationms="1.428" />

<exclusive-start id="2483" timestamp="2024-12-13T11:26:27.532" intervalms="6.379">
  <response-info timems="0.040" idlems="0.020" threads="4" lastid="00000001280B8300" lastname="JIT Compilation Thread-003" />
</exclusive-start>
<af-start id="2484" threadId="000000012C818990" totalBytesRequested="96" timestamp="2024-12-13T11:26:27.532" intervalms="6.377" type="nursery" />
<cycle-start id="2485" type="scavenge" contextid="0" timestamp="2024-12-13T11:26:27.532" intervalms="6.369" />
<gc-start id="2486" type="scavenge" contextid="2485" timestamp="2024-12-13T11:26:27.532">
  <mem-info id="2487" free="5180096" total="46661632" percent="11">
    <mem type="nursery" free="0" total="11403264" percent="0">
      <mem type="allocate" free="0" total="6291456" percent="0" />
      <mem type="survivor" free="0" total="5111808" percent="0" />
    </mem>
    <mem type="tenure" free="5180096" total="35258368" percent="14">
      <mem type="soa" free="3416768" total="33495040" percent="10" />
      <mem type="loa" free="1763328" total="1763328" percent="100" />
    </mem>
    <remembered-set count="4101" />
  </mem-info>
</gc-start>
<allocation-stats totalBytes="3146512" discardedBytes="4656" >
  <allocated-bytes non-tlh="5496" tlh="3141016" />
  <largest-consumer threadName="Default Executor-thread-3" threadId="000000012C817F00" bytes="2766104" />
</allocation-stats>
<gc-op id="2488" type="scavenge" timems="0.944" contextid="2485" timestamp="2024-12-13T11:26:27.533">
  <scavenger-info tenureage="3" tenuremask="fff8" tiltratio="55" />
  <memory-copied type="nursery" objects="28769" bytes="2644424" bytesdiscarded="322576" />
  <memory-copied type="tenure" objects="288" bytes="17888" bytesdiscarded="40" />
  <finalization candidates="26" enqueued="0" />
  <ownableSynchronizers candidates="44" cleared="1" />
  <references type="soft" candidates="151" cleared="0" enqueued="0" dynamicThreshold="9" maxThreshold="32" />
  <references type="weak" candidates="635" cleared="7" enqueued="7" />
  <references type="phantom" candidates="6" cleared="0" enqueued="0" />
  <object-monitors candidates="31" cleared="0"  />
</gc-op>
<heap-resize id="2489" type="expand" space="nursery" amount="1048576" count="1" timems="0.019" reason="excessive time being spent scavenging" timestamp="2024-12-13T11:26:27.534" />
<gc-end id="2490" type="scavenge" contextid="2485" durationms="1.064" usertimems="3.708" systemtimems="1.114" stalltimems="2.341" timestamp="2024-12-13T11:26:27.534" activeThreads="7">
  <mem-info id="2491" free="9290728" total="47710208" percent="19">
    <mem type="nursery" free="4241960" total="12451840" percent="34">
      <mem type="allocate" free="4241960" total="7208960" percent="58" />
      <mem type="survivor" free="0" total="5242880" percent="0" />
    </mem>
    <mem type="tenure" free="5048768" total="35258368" percent="14">
      <mem type="soa" free="3285440" total="33495040" percent="9" />
      <mem type="loa" free="1763328" total="1763328" percent="100" />
    </mem>
    <pending-finalizers system="0" default="0" reference="7" classloader="0" />
    <remembered-set count="2704" />
  </mem-info>
</gc-end>
<cycle-end id="2492" type="scavenge" contextid="2485" timestamp="2024-12-13T11:26:27.534" />
<allocation-satisfied id="2493" threadId="000000012C817F00" bytesRequested="96" />
<af-end id="2494" timestamp="2024-12-13T11:26:27.534" threadId="000000012C818990" success="true" from="nursery"/>
<exclusive-end id="2495" timestamp="2024-12-13T11:26:27.534" durationms="1.308" />

<exclusive-start id="2496" timestamp="2024-12-13T11:26:27.539" intervalms="6.634">
  <response-info timems="0.024" idlems="0.015" threads="1" lastid="00000001381B9900" lastname="Default Executor-thread-6" />
</exclusive-start>
<af-start id="2497" threadId="000000012C818990" totalBytesRequested="40" timestamp="2024-12-13T11:26:27.539" intervalms="6.632" type="nursery" />
<cycle-start id="2498" type="scavenge" contextid="0" timestamp="2024-12-13T11:26:27.539" intervalms="6.634" />
<gc-start id="2499" type="scavenge" contextid="2498" timestamp="2024-12-13T11:26:27.539">
  <mem-info id="2500" free="4997456" total="47710208" percent="10">
    <mem type="nursery" free="0" total="12451840" percent="0">
      <mem type="allocate" free="0" total="7208960" percent="0" />
      <mem type="survivor" free="0" total="5242880" percent="0" />
    </mem>
    <mem type="tenure" free="4997456" total="35258368" percent="14">
      <mem type="soa" free="3234128" total="33495040" percent="9" />
      <mem type="loa" free="1763328" total="1763328" percent="100" />
    </mem>
    <remembered-set count="2944" />
  </mem-info>
</gc-start>
<allocation-stats totalBytes="4288480" discardedBytes="4792" >
  <allocated-bytes non-tlh="234216" tlh="4054264" />
  <largest-consumer threadName="Default Executor-thread-3" threadId="000000012C817F00" bytes="3889456" />
</allocation-stats>
<gc-op id="2501" type="scavenge" timems="0.969" contextid="2498" timestamp="2024-12-13T11:26:27.540">
  <scavenger-info tenureage="3" tenuremask="fff8" tiltratio="57" />
  <memory-copied type="nursery" objects="20803" bytes="2331032" bytesdiscarded="321640" />
  <memory-copied type="tenure" objects="14583" bytes="889816" bytesdiscarded="600" />
  <finalization candidates="26" enqueued="0" />
  <ownableSynchronizers candidates="44" cleared="1" />
  <references type="soft" candidates="45" cleared="0" enqueued="0" dynamicThreshold="9" maxThreshold="32" />
  <references type="weak" candidates="180" cleared="17" enqueued="17" />
  <object-monitors candidates="31" cleared="0"  />
</gc-op>
<heap-resize id="2502" type="expand" space="nursery" amount="1048576" count="1" timems="0.015" reason="excessive time being spent scavenging" timestamp="2024-12-13T11:26:27.540" />
<gc-end id="2503" type="scavenge" contextid="2498" durationms="1.074" usertimems="4.971" systemtimems="0.738" stalltimems="1.917" timestamp="2024-12-13T11:26:27.540" activeThreads="7">
  <mem-info id="2504" free="10021408" total="48758784" percent="20">
    <mem type="nursery" free="5998080" total="13500416" percent="44">
      <mem type="allocate" free="5998080" total="8650752" percent="69" />
      <mem type="survivor" free="0" total="4849664" percent="0" />
    </mem>
    <mem type="tenure" free="4023328" total="35258368" percent="11">
      <mem type="soa" free="2260000" total="33495040" percent="6" />
      <mem type="loa" free="1763328" total="1763328" percent="100" />
    </mem>
    <pending-finalizers system="0" default="0" reference="17" classloader="0" />
    <remembered-set count="835" />
  </mem-info>
</gc-end>
<cycle-end id="2505" type="scavenge" contextid="2498" timestamp="2024-12-13T11:26:27.540" />
<allocation-satisfied id="2506" threadId="000000012C817F00" bytesRequested="40" />
<af-end id="2507" timestamp="2024-12-13T11:26:27.540" threadId="000000012C818990" success="true" from="nursery"/>
<exclusive-end id="2508" timestamp="2024-12-13T11:26:27.540" durationms="1.310" />

<exclusive-start id="2509" timestamp="2024-12-13T11:26:27.563" intervalms="23.727">
  <response-info timems="4.523" idlems="2.266" threads="1" lastid="00000001280B8300" lastname="JIT Compilation Thread-003" />
</exclusive-start>
<af-start id="2510" threadId="00000001381BA390" totalBytesRequested="64" timestamp="2024-12-13T11:26:27.563" intervalms="23.738" type="nursery" />
<cycle-start id="2511" type="scavenge" contextid="0" timestamp="2024-12-13T11:26:27.563" intervalms="23.745" />
<gc-start id="2512" type="scavenge" contextid="2511" timestamp="2024-12-13T11:26:27.563">
  <mem-info id="2513" free="3949328" total="48758784" percent="8">
    <mem type="nursery" free="0" total="13500416" percent="0">
      <mem type="allocate" free="0" total="8650752" percent="0" />
      <mem type="survivor" free="0" total="4849664" percent="0" />
    </mem>
    <mem type="tenure" free="3949328" total="35258368" percent="11">
      <mem type="soa" free="2186000" total="33495040" percent="6" />
      <mem type="loa" free="1763328" total="1763328" percent="100" />
    </mem>
    <remembered-set count="1152" />
  </mem-info>
</gc-start>
<allocation-stats totalBytes="6068016" discardedBytes="4064" >
  <allocated-bytes non-tlh="228856" tlh="5839160" />
  <largest-consumer threadName="Default Executor-thread-3" threadId="000000012C817F00" bytes="4878080" />
</allocation-stats>
<gc-op id="2514" type="scavenge" timems="0.523" contextid="2511" timestamp="2024-12-13T11:26:27.563">
  <scavenger-info tenureage="3" tenuremask="7ff8" tiltratio="64" />
  <memory-copied type="nursery" objects="2891" bytes="504840" bytesdiscarded="131160" />
  <memory-copied type="tenure" objects="3345" bytes="235064" bytesdiscarded="352" />
  <ownableSynchronizers candidates="3" cleared="3" />
  <references type="soft" candidates="35" cleared="0" enqueued="0" dynamicThreshold="9" maxThreshold="32" />
  <references type="weak" candidates="24" cleared="18" enqueued="18" />
  <object-monitors candidates="31" cleared="0"  />
</gc-op>
<gc-end id="2515" type="scavenge" contextid="2511" durationms="0.608" usertimems="1.671" systemtimems="0.646" stalltimems="1.769" timestamp="2024-12-13T11:26:27.563" activeThreads="8">
  <mem-info id="2516" free="12462240" total="48758784" percent="25">
    <mem type="nursery" free="8735632" total="13500416" percent="64">
      <mem type="allocate" free="8735632" total="9371648" percent="93" />
      <mem type="survivor" free="0" total="4128768" percent="0" />
    </mem>
    <mem type="tenure" free="3726608" total="35258368" percent="10">
      <mem type="soa" free="1963280" total="33495040" percent="5" />
      <mem type="loa" free="1763328" total="1763328" percent="100" />
    </mem>
    <pending-finalizers system="0" default="0" reference="18" classloader="0" />
    <remembered-set count="849" />
  </mem-info>
</gc-end>
<cycle-end id="2517" type="scavenge" contextid="2511" timestamp="2024-12-13T11:26:27.564" />
<allocation-satisfied id="2518" threadId="00000001381B9900" bytesRequested="64" />
<af-end id="2519" timestamp="2024-12-13T11:26:27.564" threadId="00000001381BA390" success="true" from="nursery"/>
<exclusive-end id="2520" timestamp="2024-12-13T11:26:27.564" durationms="0.907" />

<exclusive-start id="2521" timestamp="2024-12-13T11:26:27.594" intervalms="31.505">
  <response-info timems="5.815" idlems="1.965" threads="2" lastid="0000000128099300" lastname="JIT Compilation Thread-000" />
</exclusive-start>
<af-start id="2522" threadId="000000012C818990" totalBytesRequested="2072" timestamp="2024-12-13T11:26:27.594" intervalms="31.498" type="nursery" />
<cycle-start id="2523" type="scavenge" contextid="0" timestamp="2024-12-13T11:26:27.594" intervalms="31.510" />
<gc-start id="2524" type="scavenge" contextid="2523" timestamp="2024-12-13T11:26:27.594">
  <mem-info id="2525" free="3709632" total="48758784" percent="7">
    <mem type="nursery" free="0" total="13500416" percent="0">
      <mem type="allocate" free="0" total="9371648" percent="0" />
      <mem type="survivor" free="0" total="4128768" percent="0" />
    </mem>
    <mem type="tenure" free="3709632" total="35258368" percent="10">
      <mem type="soa" free="1946304" total="33495040" percent="5" />
      <mem type="loa" free="1763328" total="1763328" percent="100" />
    </mem>
    <remembered-set count="1039" />
  </mem-info>
</gc-start>
<allocation-stats totalBytes="8745336" discardedBytes="7272" >
  <allocated-bytes non-tlh="17040" tlh="8728296" />
  <largest-consumer threadName="Default Executor-thread-3" threadId="000000012C817F00" bytes="8351064" />
</allocation-stats>
<gc-op id="2526" type="scavenge" timems="0.615" contextid="2523" timestamp="2024-12-13T11:26:27.595">
  <scavenger-info tenureage="5" tenuremask="7fe0" tiltratio="69" />
  <memory-copied type="nursery" objects="6035" bytes="927912" bytesdiscarded="156752" />
  <ownableSynchronizers candidates="6" cleared="5" />
  <references type="soft" candidates="51" cleared="0" enqueued="0" dynamicThreshold="9" maxThreshold="32" />
  <references type="weak" candidates="84" cleared="52" enqueued="50" />
  <references type="phantom" candidates="2" cleared="0" enqueued="0" />
  <object-monitors candidates="31" cleared="0"  />
</gc-op>
<gc-end id="2527" type="scavenge" contextid="2523" durationms="0.713" usertimems="1.490" systemtimems="0.834" stalltimems="2.324" timestamp="2024-12-13T11:26:27.595" activeThreads="7">
  <mem-info id="2528" free="12520880" total="48758784" percent="25">
    <mem type="nursery" free="8811248" total="13500416" percent="65">
      <mem type="allocate" free="8811248" total="9895936" percent="89" />
      <mem type="survivor" free="0" total="3604480" percent="0" />
    </mem>
    <mem type="tenure" free="3709632" total="35258368" percent="10">
      <mem type="soa" free="1946304" total="33495040" percent="5" />
      <mem type="loa" free="1763328" total="1763328" percent="100" />
    </mem>
    <pending-finalizers system="0" default="0" reference="50" classloader="0" />
    <remembered-set count="805" />
  </mem-info>
</gc-end>
<cycle-end id="2529" type="scavenge" contextid="2523" timestamp="2024-12-13T11:26:27.595" />
<allocation-satisfied id="2530" threadId="000000012C817F00" bytesRequested="2072" />
<af-end id="2531" timestamp="2024-12-13T11:26:27.595" threadId="000000012C818990" success="true" from="nursery"/>
<exclusive-end id="2532" timestamp="2024-12-13T11:26:27.595" durationms="1.010" />

<exclusive-start id="2533" timestamp="2024-12-13T11:26:27.641" intervalms="46.395">
  <response-info timems="6.116" idlems="3.062" threads="1" lastid="00000001280B8300" lastname="JIT Compilation Thread-003" />
</exclusive-start>
<af-start id="2534" threadId="000000012C818990" totalBytesRequested="144" timestamp="2024-12-13T11:26:27.641" intervalms="46.409" type="nursery" />
<cycle-start id="2535" type="scavenge" contextid="0" timestamp="2024-12-13T11:26:27.641" intervalms="46.413" />
<gc-start id="2536" type="scavenge" contextid="2535" timestamp="2024-12-13T11:26:27.641">
  <mem-info id="2537" free="3676080" total="48758784" percent="7">
    <mem type="nursery" free="0" total="13500416" percent="0">
      <mem type="allocate" free="0" total="9895936" percent="0" />
      <mem type="survivor" free="0" total="3604480" percent="0" />
    </mem>
    <mem type="tenure" free="3676080" total="35258368" percent="10">
      <mem type="soa" free="1912752" total="33495040" percent="5" />
      <mem type="loa" free="1763328" total="1763328" percent="100" />
    </mem>
    <remembered-set count="1186" />
  </mem-info>
</gc-start>
<allocation-stats totalBytes="8838032" discardedBytes="6768" >
  <allocated-bytes non-tlh="35624" tlh="8802408" />
  <largest-consumer threadName="Default Executor-thread-3" threadId="000000012C817F00" bytes="8829840" />
</allocation-stats>
<gc-op id="2538" type="scavenge" timems="0.979" contextid="2535" timestamp="2024-12-13T11:26:27.642">
  <scavenger-info tenureage="3" tenuremask="7fc8" tiltratio="73" />
  <memory-copied type="nursery" objects="20401" bytes="2318848" bytesdiscarded="267512" />
  <memory-copied type="tenure" objects="188" bytes="167472" bytesdiscarded="136" />
  <finalization candidates="2" enqueued="0" />
  <ownableSynchronizers candidates="7" cleared="2" />
  <references type="soft" candidates="122" cleared="0" enqueued="0" dynamicThreshold="9" maxThreshold="32" />
  <references type="weak" candidates="229" cleared="94" enqueued="73" />
  <references type="phantom" candidates="8" cleared="0" enqueued="0" />
  <object-monitors candidates="31" cleared="0"  />
</gc-op>
<gc-end id="2539" type="scavenge" contextid="2535" durationms="1.102" usertimems="2.973" systemtimems="0.976" stalltimems="2.363" timestamp="2024-12-13T11:26:27.642" activeThreads="6">
  <mem-info id="2540" free="10299680" total="48758784" percent="21">
    <mem type="nursery" free="6785184" total="13500416" percent="50">
      <mem type="allocate" free="6785184" total="9371648" percent="72" />
      <mem type="survivor" free="0" total="4128768" percent="0" />
    </mem>
    <mem type="tenure" free="3514496" total="35258368" percent="9">
      <mem type="soa" free="1751168" total="33495040" percent="5" />
      <mem type="loa" free="1763328" total="1763328" percent="100" />
    </mem>
    <pending-finalizers system="0" default="0" reference="73" classloader="0" />
    <remembered-set count="921" />
  </mem-info>
</gc-end>
<cycle-end id="2541" type="scavenge" contextid="2535" timestamp="2024-12-13T11:26:27.642" />
<allocation-satisfied id="2542" threadId="000000012C817F00" bytesRequested="144" />
<af-end id="2543" timestamp="2024-12-13T11:26:27.642" threadId="000000012C818990" success="true" from="nursery"/>
<exclusive-end id="2544" timestamp="2024-12-13T11:26:27.642" durationms="1.506" />

<exclusive-start id="2545" timestamp="2024-12-13T11:26:27.675" intervalms="34.647">
  <response-info timems="0.009" idlems="0.007" threads="1" lastid="00000001280C2300" lastname="JIT Compilation Thread-004" />
</exclusive-start>
<af-start id="2546" threadId="000000012C818990" totalBytesRequested="72" timestamp="2024-12-13T11:26:27.675" intervalms="34.631" type="nursery" />
<cycle-start id="2547" type="scavenge" contextid="0" timestamp="2024-12-13T11:26:27.675" intervalms="34.606" />
<gc-start id="2548" type="scavenge" contextid="2547" timestamp="2024-12-13T11:26:27.675">
  <mem-info id="2549" free="3496424" total="48758784" percent="7">
    <mem type="nursery" free="0" total="13500416" percent="0">
      <mem type="allocate" free="0" total="9371648" percent="0" />
      <mem type="survivor" free="0" total="4128768" percent="0" />
    </mem>
    <mem type="tenure" free="3496424" total="35258368" percent="9">
      <mem type="soa" free="1733096" total="33495040" percent="5" />
      <mem type="loa" free="1763328" total="1763328" percent="100" />
    </mem>
    <remembered-set count="1141" />
  </mem-info>
</gc-start>
<allocation-stats totalBytes="6798216" discardedBytes="5040" >
  <allocated-bytes non-tlh="18216" tlh="6780000" />
  <largest-consumer threadName="Default Executor-thread-3" threadId="000000012C817F00" bytes="6786904" />
</allocation-stats>
<gc-op id="2550" type="scavenge" timems="0.526" contextid="2547" timestamp="2024-12-13T11:26:27.676">
  <scavenger-info tenureage="3" tenuremask="7fc8" tiltratio="69" />
  <memory-copied type="nursery" objects="6713" bytes="487880" bytesdiscarded="95384" />
  <memory-copied type="tenure" objects="592" bytes="171768" bytesdiscarded="120" />
  <finalization candidates="2" enqueued="0" />
  <ownableSynchronizers candidates="8" cleared="3" />
  <references type="soft" candidates="225" cleared="0" enqueued="0" dynamicThreshold="9" maxThreshold="32" />
  <references type="weak" candidates="163" cleared="24" enqueued="23" />
  <references type="phantom" candidates="8" cleared="0" enqueued="0" />
  <object-monitors candidates="31" cleared="0"  />
</gc-op>
<gc-end id="2551" type="scavenge" contextid="2547" durationms="0.596" usertimems="6.389" systemtimems="0.400" stalltimems="1.223" timestamp="2024-12-13T11:26:27.676" activeThreads="6">
  <mem-info id="2552" free="12465728" total="48758784" percent="25">
    <mem type="nursery" free="9050472" total="13500416" percent="67">
      <mem type="allocate" free="9050472" total="9633792" percent="93" />
      <mem type="survivor" free="0" total="3866624" percent="0" />
    </mem>
    <mem type="tenure" free="3415256" total="35258368" percent="9">
      <mem type="soa" free="1651928" total="33495040" percent="4" />
      <mem type="loa" free="1763328" total="1763328" percent="100" />
    </mem>
    <pending-finalizers system="0" default="0" reference="23" classloader="0" />
    <remembered-set count="988" />
  </mem-info>
</gc-end>
<cycle-end id="2553" type="scavenge" contextid="2547" timestamp="2024-12-13T11:26:27.676" />
<allocation-satisfied id="2554" threadId="000000012C817F00" bytesRequested="72" />
<af-end id="2555" timestamp="2024-12-13T11:26:27.676" threadId="000000012C818990" success="true" from="nursery"/>
<exclusive-end id="2556" timestamp="2024-12-13T11:26:27.676" durationms="0.827" />

<exclusive-start id="2557" timestamp="2024-12-13T11:26:27.727" intervalms="51.386">
  <response-info timems="0.012" idlems="0.012" threads="0" lastid="000000012C817F00" lastname="Default Executor-thread-3" />
</exclusive-start>
<af-start id="2558" threadId="000000012C818990" totalBytesRequested="2072" timestamp="2024-12-13T11:26:27.727" intervalms="51.394" type="nursery" />
<cycle-start id="2559" type="scavenge" contextid="0" timestamp="2024-12-13T11:26:27.727" intervalms="51.395" />
<gc-start id="2560" type="scavenge" contextid="2559" timestamp="2024-12-13T11:26:27.727">
  <mem-info id="2561" free="3332232" total="48758784" percent="6">
    <mem type="nursery" free="0" total="13500416" percent="0">
      <mem type="allocate" free="0" total="9633792" percent="0" />
      <mem type="survivor" free="0" total="3866624" percent="0" />
    </mem>
    <mem type="tenure" free="3332232" total="35258368" percent="9">
      <mem type="soa" free="1568904" total="33495040" percent="4" />
      <mem type="loa" free="1763328" total="1763328" percent="100" />
    </mem>
    <remembered-set count="1849" />
  </mem-info>
</gc-start>
<allocation-stats totalBytes="9124792" discardedBytes="8704" >
  <allocated-bytes non-tlh="83096" tlh="9041696" />
  <largest-consumer threadName="Default Executor-thread-3" threadId="000000012C817F00" bytes="9120696" />
</allocation-stats>
<gc-op id="2562" type="scavenge" timems="0.808" contextid="2559" timestamp="2024-12-13T11:26:27.728">
  <scavenger-info tenureage="3" tenuremask="7fc8" tiltratio="71" />
  <memory-copied type="nursery" objects="13750" bytes="1143264" bytesdiscarded="265032" />
  <memory-copied type="tenure" objects="2035" bytes="179152" bytesdiscarded="96" />
  <finalization candidates="2" enqueued="0" />
  <ownableSynchronizers candidates="11" cleared="2" />
  <references type="soft" candidates="818" cleared="0" enqueued="0" dynamicThreshold="9" maxThreshold="32" />
  <references type="weak" candidates="211" cleared="60" enqueued="58" />
  <references type="phantom" candidates="18" cleared="0" enqueued="0" />
  <object-monitors candidates="31" cleared="0"  />
</gc-op>
<gc-end id="2563" type="scavenge" contextid="2559" durationms="0.942" usertimems="5.418" systemtimems="0.723" stalltimems="1.830" timestamp="2024-12-13T11:26:27.728" activeThreads="6">
  <mem-info id="2564" free="11785632" total="48758784" percent="24">
    <mem type="nursery" free="8618520" total="13500416" percent="63">
      <mem type="allocate" free="8618520" total="10027008" percent="85" />
      <mem type="survivor" free="0" total="3473408" percent="0" />
    </mem>
    <mem type="tenure" free="3167112" total="35258368" percent="8">
      <mem type="soa" free="1403784" total="33495040" percent="4" />
      <mem type="loa" free="1763328" total="1763328" percent="100" />
    </mem>
    <pending-finalizers system="0" default="0" reference="58" classloader="0" />
    <remembered-set count="1479" />
  </mem-info>
</gc-end>
<cycle-end id="2565" type="scavenge" contextid="2559" timestamp="2024-12-13T11:26:27.728" />
<allocation-satisfied id="2566" threadId="000000012C817F00" bytesRequested="2072" />
<af-end id="2567" timestamp="2024-12-13T11:26:27.728" threadId="000000012C818990" success="true" from="nursery"/>
<exclusive-end id="2568" timestamp="2024-12-13T11:26:27.728" durationms="1.237" />

<exclusive-start id="2569" timestamp="2024-12-13T11:26:27.786" intervalms="59.818">
  <response-info timems="0.007" idlems="0.007" threads="0" lastid="000000012C817F00" lastname="Default Executor-thread-3" />
</exclusive-start>
<af-start id="2570" threadId="000000012C818990" totalBytesRequested="2728" timestamp="2024-12-13T11:26:27.786" intervalms="59.800" type="nursery" />
<cycle-start id="2571" type="scavenge" contextid="0" timestamp="2024-12-13T11:26:27.786" intervalms="59.799" />
<gc-start id="2572" type="scavenge" contextid="2571" timestamp="2024-12-13T11:26:27.787">
  <mem-info id="2573" free="3111680" total="48758784" percent="6">
    <mem type="nursery" free="0" total="13500416" percent="0">
      <mem type="allocate" free="0" total="10027008" percent="0" />
      <mem type="survivor" free="0" total="3473408" percent="0" />
    </mem>
    <mem type="tenure" free="3111680" total="35258368" percent="8">
      <mem type="soa" free="1348352" total="33495040" percent="4" />
      <mem type="loa" free="1763328" total="1763328" percent="100" />
    </mem>
    <remembered-set count="2117" />
  </mem-info>
</gc-start>
<allocation-stats totalBytes="8659016" discardedBytes="14936" >
  <allocated-bytes non-tlh="57504" tlh="8601512" />
  <largest-consumer threadName="Default Executor-thread-3" threadId="000000012C817F00" bytes="8638536" />
</allocation-stats>
<gc-op id="2574" type="scavenge" timems="0.596" contextid="2571" timestamp="2024-12-13T11:26:27.787">
  <scavenger-info tenureage="7" tenuremask="7f80" tiltratio="74" />
  <memory-copied type="nursery" objects="15069" bytes="936808" bytesdiscarded="107760" />
  <finalization candidates="2" enqueued="0" />
  <ownableSynchronizers candidates="16" cleared="4" />
  <references type="soft" candidates="1160" cleared="0" enqueued="0" dynamicThreshold="9" maxThreshold="32" />
  <references type="weak" candidates="248" cleared="51" enqueued="46" />
  <references type="phantom" candidates="21" cleared="0" enqueued="0" />
  <object-monitors candidates="33" cleared="0"  />
</gc-op>
<gc-end id="2575" type="scavenge" contextid="2571" durationms="0.649" usertimems="2.048" systemtimems="0.383" stalltimems="1.252" timestamp="2024-12-13T11:26:27.787" activeThreads="6">
  <mem-info id="2576" free="12487104" total="48758784" percent="25">
    <mem type="nursery" free="9375424" total="13500416" percent="69">
      <mem type="allocate" free="9375424" total="10420224" percent="89" />
      <mem type="survivor" free="0" total="3080192" percent="0" />
    </mem>
    <mem type="tenure" free="3111680" total="35258368" percent="8">
      <mem type="soa" free="1348352" total="33495040" percent="4" />
      <mem type="loa" free="1763328" total="1763328" percent="100" />
    </mem>
    <pending-finalizers system="0" default="0" reference="46" classloader="0" />
    <remembered-set count="1927" />
  </mem-info>
</gc-end>
<cycle-end id="2577" type="scavenge" contextid="2571" timestamp="2024-12-13T11:26:27.787" />
<allocation-satisfied id="2578" threadId="000000012C817F00" bytesRequested="2728" />
<af-end id="2579" timestamp="2024-12-13T11:26:27.787" threadId="000000012C818990" success="true" from="nursery"/>
<exclusive-end id="2580" timestamp="2024-12-13T11:26:27.787" durationms="0.866" />

<exclusive-start id="2581" timestamp="2024-12-13T11:26:32.917" intervalms="5130.928">
  <response-info timems="1.766" idlems="0.719" threads="2" lastid="00000001280AC100" lastname="JIT Compilation Thread-002" />
</exclusive-start>
<af-start id="2582" threadId="000000012C818990" totalBytesRequested="656" timestamp="2024-12-13T11:26:32.917" intervalms="5130.928" type="nursery" />
<cycle-start id="2583" type="scavenge" contextid="0" timestamp="2024-12-13T11:26:32.917" intervalms="5130.940" />
<gc-start id="2584" type="scavenge" contextid="2583" timestamp="2024-12-13T11:26:32.917">
  <mem-info id="2585" free="3048480" total="48758784" percent="6">
    <mem type="nursery" free="0" total="13500416" percent="0">
      <mem type="allocate" free="0" total="10420224" percent="0" />
      <mem type="survivor" free="0" total="3080192" percent="0" />
    </mem>
    <mem type="tenure" free="3048480" total="35258368" percent="8">
      <mem type="soa" free="1285152" total="33495040" percent="3" />
      <mem type="loa" free="1763328" total="1763328" percent="100" />
    </mem>
    <remembered-set count="10974" />
  </mem-info>
</gc-start>
<allocation-stats totalBytes="9426976" discardedBytes="11648" >
  <allocated-bytes non-tlh="628568" tlh="8798408" />
  <largest-consumer threadName="Default Executor-thread-3" threadId="000000012C817F00" bytes="2930408" />
</allocation-stats>
<gc-op id="2586" type="scavenge" timems="1.263" contextid="2583" timestamp="2024-12-13T11:26:32.919">
  <scavenger-info tenureage="4" tenuremask="7f10" tiltratio="77" />
  <memory-copied type="nursery" objects="33561" bytes="1420360" bytesdiscarded="101280" />
  <memory-copied type="tenure" objects="1769" bytes="142208" bytesdiscarded="176" />
  <finalization candidates="4" enqueued="0" />
  <ownableSynchronizers candidates="123" cleared="77" />
  <references type="soft" candidates="1155" cleared="0" enqueued="0" dynamicThreshold="9" maxThreshold="32" />
  <references type="weak" candidates="332" cleared="73" enqueued="61" />
  <references type="phantom" candidates="24" cleared="0" enqueued="0" />
  <object-monitors candidates="50" cleared="0"  />
</gc-op>
<gc-end id="2587" type="scavenge" contextid="2583" durationms="1.339" usertimems="6.970" systemtimems="0.824" stalltimems="2.859" timestamp="2024-12-13T11:26:32.919" activeThreads="6">
  <mem-info id="2588" free="11920424" total="48758784" percent="24">
    <mem type="nursery" free="9094656" total="13500416" percent="67">
      <mem type="allocate" free="9094656" total="10616832" percent="85" />
      <mem type="survivor" free="0" total="2883584" percent="0" />
    </mem>
    <mem type="tenure" free="2825768" total="35258368" percent="8">
      <mem type="soa" free="1062440" total="33495040" percent="3" />
      <mem type="loa" free="1763328" total="1763328" percent="100" />
    </mem>
    <pending-finalizers system="0" default="0" reference="61" classloader="0" />
    <remembered-set count="9945" />
  </mem-info>
</gc-end>
<cycle-end id="2589" type="scavenge" contextid="2583" timestamp="2024-12-13T11:26:32.919" />
<allocation-satisfied id="2590" threadId="000000012C817F00" bytesRequested="656" />
<af-end id="2591" timestamp="2024-12-13T11:26:32.919" threadId="000000012C818990" success="true" from="nursery"/>
<exclusive-end id="2592" timestamp="2024-12-13T11:26:32.919" durationms="1.611" />

<concurrent-kickoff id="2593" timestamp="2024-12-13T11:26:32.953">
  <kickoff reason="threshold reached" targetBytes="18768060" thresholdFreeBytes="2594426"  remainingFree="2519920" tenureFreeBytes="2795224" nurseryFreeBytes="2519920" />
</concurrent-kickoff>
<exclusive-start id="2594" timestamp="2024-12-13T11:26:32.954" intervalms="36.380">
  <response-info timems="0.010" idlems="0.010" threads="0" lastid="000000010E04DD00" lastname="Framework stop - Equinox Container: 3d07d356-8ac3-4c95-bf6d-d0b" />
</exclusive-start>
<cycle-start id="2595" type="global" contextid="0" timestamp="2024-12-13T11:26:32.954" intervalms="6244.616" />
<concurrent-start id="2596" type="global mark" contextid="2595" timestamp="2024-12-13T11:26:32.954">
</concurrent-start>
<exclusive-end id="2597" timestamp="2024-12-13T11:26:32.954" durationms="0.020" />

<concurrent-end id="2598" type="global mark" contextid="2595" timestamp="2024-12-13T11:26:32.974">
<gc-op id="2599" type="trace" timems="20.644" contextid="2595" timestamp="2024-12-13T11:26:32.974">
  <trace bytesTraced="19046896" workStackOverflowCount="0" />
  <card-cleaning reason="card cleaning threshold reached" bytesTraced="264928" cardsCleaned="652" />
</gc-op>
</concurrent-end>

<exclusive-start id="2600" timestamp="2024-12-13T11:26:32.974" intervalms="20.728">
  <response-info timems="0.012" idlems="0.012" threads="0" lastid="000000010E04DD00" lastname="Framework stop - Equinox Container: 3d07d356-8ac3-4c95-bf6d-d0b" />
</exclusive-start>
<concurrent-global-final id="2601" timestamp="2024-12-13T11:26:32.974" contextid="2595" intervalms="6221.349" >
  <concurrent-trace-info reason="card cleaning threshold reached" tracedByMutators="1278912" tracedByHelpers="18032912" cardsCleaned="652" workStackOverflowCount="0" />
</concurrent-global-final>
<gc-start id="2602" type="global" contextid="2595" timestamp="2024-12-13T11:26:32.974">
  <mem-info id="2603" free="2837696" total="48758784" percent="5">
    <mem type="nursery" free="45936" total="13500416" percent="0">
      <mem type="allocate" free="45936" total="10616832" percent="0" />
      <mem type="survivor" free="0" total="2883584" percent="0" />
    </mem>
    <mem type="tenure" free="2791760" total="35258368" percent="7">
      <mem type="soa" free="1028432" total="33495040" percent="3" />
      <mem type="loa" free="1763328" total="1763328" percent="100" />
    </mem>
    <remembered-set count="12609" />
  </mem-info>
</gc-start>
<allocation-stats totalBytes="9076304" discardedBytes="6424" >
  <allocated-bytes non-tlh="34664" tlh="9041640" />
  <largest-consumer threadName="Framework stop - Equinox Container: 3d07d356-8ac3-4c95-bf6d-d0b019020d2b" threadId="000000010E04DD00" bytes="8707168" />
</allocation-stats>
<gc-op id="2604" type="rs-scan" timems="0.861" contextid="2595" timestamp="2024-12-13T11:26:32.975">
  <scan objectsFound="43167" bytesTraced="2689448" workStackOverflowCount="0" />
</gc-op>
<gc-op id="2605" type="card-cleaning" timems="0.116" contextid="2595" timestamp="2024-12-13T11:26:32.975">
  <card-cleaning cardsCleaned="81" bytesTraced="44464" workStackOverflowCount="0" />
</gc-op>
<gc-op id="2606" type="mark" timems="2.882" contextid="2595" timestamp="2024-12-13T11:26:32.978">
  <trace-info objectcount="1233" scancount="1094" scanbytes="69976" />
  <finalization candidates="286" enqueued="1" />
  <ownableSynchronizers candidates="3996" cleared="1333" />
  <references type="soft" candidates="8733" cleared="27" enqueued="25" dynamicThreshold="9" maxThreshold="32" />
  <references type="weak" candidates="7352" cleared="144" enqueued="77" />
  <references type="phantom" candidates="365" cleared="0" enqueued="0" />
  <stringconstants candidates="25520" cleared="116"  />
  <object-monitors candidates="50" cleared="5"  />
</gc-op>
<gc-op id="2607" type="classunload" timems="0.792" contextid="2595" timestamp="2024-12-13T11:26:32.979">
  <classunload-info classloadercandidates="153" classloadersunloaded="1" classesunloaded="2" anonymousclassesunloaded="1" quiescems="0.000" setupms="0.778" scanms="0.008" postms="0.005" />
</gc-op>
<gc-op id="2608" type="sweep" timems="0.817" contextid="2595" timestamp="2024-12-13T11:26:32.980" />
<heap-resize id="2609" type="expand" space="tenure" amount="5832704" count="1" timems="0.034" reason="insufficient free space following gc" timestamp="2024-12-13T11:26:32.980" />
<gc-end id="2610" type="global" contextid="2595" durationms="5.717" usertimems="17.794" systemtimems="5.185" stalltimems="21.582" timestamp="2024-12-13T11:26:32.980" activeThreads="10">
  <mem-info id="2611" free="21052888" total="54591488" percent="38">
    <mem type="nursery" free="8720352" total="13500416" percent="64">
      <mem type="allocate" free="8720352" total="10616832" percent="82" />
      <mem type="survivor" free="0" total="2883584" percent="0" />
    </mem>
    <mem type="tenure" free="12332536" total="41091072" percent="30" micro-fragmented="1982532" macro-fragmented="0">
      <mem type="soa" free="10277368" total="39035904" percent="26" />
      <mem type="loa" free="2055168" total="2055168" percent="100" />
    </mem>
    <pending-finalizers system="1" default="0" reference="102" classloader="0" />
    <remembered-set count="10840" />
  </mem-info>
</gc-end>
<cycle-end id="2612" type="global" contextid="2595" timestamp="2024-12-13T11:26:32.980" />
<exclusive-end id="2613" timestamp="2024-12-13T11:26:32.980" durationms="5.944" />

<exclusive-start id="2614" timestamp="2024-12-13T11:26:33.081" intervalms="106.606">
  <response-info timems="3.656" idlems="1.246" threads="2" lastid="00000001280B8300" lastname="JIT Compilation Thread-003" />
</exclusive-start>
<af-start id="2615" threadId="000000010E04E790" totalBytesRequested="48" timestamp="2024-12-13T11:26:33.081" intervalms="163.729" type="nursery" />
<cycle-start id="2616" type="scavenge" contextid="0" timestamp="2024-12-13T11:26:33.081" intervalms="163.711" />
<gc-start id="2617" type="scavenge" contextid="2616" timestamp="2024-12-13T11:26:33.081">
  <mem-info id="2618" free="12311040" total="54591488" percent="22">
    <mem type="nursery" free="0" total="13500416" percent="0">
      <mem type="allocate" free="0" total="10616832" percent="0" />
      <mem type="survivor" free="0" total="2883584" percent="0" />
    </mem>
    <mem type="tenure" free="12311040" total="41091072" percent="29">
      <mem type="soa" free="10255872" total="39035904" percent="26" />
      <mem type="loa" free="2055168" total="2055168" percent="100" />
    </mem>
    <remembered-set count="15063" />
  </mem-info>
</gc-start>
<allocation-stats totalBytes="8711040" discardedBytes="22664" >
  <allocated-bytes non-tlh="245520" tlh="8465520" />
  <largest-consumer threadName="Framework stop - Equinox Container: 3d07d356-8ac3-4c95-bf6d-d0b019020d2b" threadId="000000010E04DD00" bytes="8403384" />
</allocation-stats>
<gc-op id="2619" type="scavenge" timems="1.307" contextid="2616" timestamp="2024-12-13T11:26:33.082">
  <scavenger-info tenureage="8" tenuremask="7f00" tiltratio="78" />
  <memory-copied type="nursery" objects="46235" bytes="2176128" bytesdiscarded="181328" />
  <finalization candidates="2" enqueued="0" />
  <ownableSynchronizers candidates="5470" cleared="5467" />
  <references type="soft" candidates="1837" cleared="0" enqueued="0" dynamicThreshold="9" maxThreshold="32" />
  <references type="weak" candidates="272" cleared="32" enqueued="32" />
  <references type="phantom" candidates="41" cleared="0" enqueued="0" />
  <object-monitors candidates="45" cleared="14"  />
</gc-op>
<gc-end id="2620" type="scavenge" contextid="2616" durationms="1.384" usertimems="5.582" systemtimems="0.594" stalltimems="1.933" timestamp="2024-12-13T11:26:33.082" activeThreads="6">
  <mem-info id="2621" free="20177168" total="54591488" percent="36">
    <mem type="nursery" free="7866128" total="13500416" percent="58">
      <mem type="allocate" free="7866128" total="10223616" percent="76" />
      <mem type="survivor" free="0" total="3276800" percent="0" />
    </mem>
    <mem type="tenure" free="12311040" total="41091072" percent="29">
      <mem type="soa" free="10255872" total="39035904" percent="26" />
      <mem type="loa" free="2055168" total="2055168" percent="100" />
    </mem>
    <pending-finalizers system="0" default="0" reference="32" classloader="0" />
    <remembered-set count="13227" />
  </mem-info>
</gc-end>
<cycle-end id="2622" type="scavenge" contextid="2616" timestamp="2024-12-13T11:26:33.082" />
<allocation-satisfied id="2623" threadId="000000010E04DD00" bytesRequested="48" />
<af-end id="2624" timestamp="2024-12-13T11:26:33.082" threadId="000000010E04E790" success="true" from="nursery"/>
<exclusive-end id="2625" timestamp="2024-12-13T11:26:33.082" durationms="1.634" />

</verbosegc>

