<?xml version="1.0" ?>

<verbosegc xmlns="http://www.ibm.com/j9/verbosegc" version="d10a4d553">

<initialized id="1" timestamp="2024-12-13T12:32:38.888">
  <attribute name="gcPolicy" value="-Xgcpolicy:gencon" />
  <attribute name="maxHeapSize" value="0x200000000" />
  <attribute name="initialHeapSize" value="0x800000" />
  <attribute name="compressedRefs" value="false" />
  <attribute name="pageSize" value="0x4000" />
  <attribute name="pageType" value="not used" />
  <attribute name="requestedPageSize" value="0x4000" />
  <attribute name="requestedPageType" value="not used" />
  <attribute name="gcthreads" value="10" />
  <attribute name="gcthreads Concurrent Mark" value="1" />
  <attribute name="packetListSplit" value="2" />
  <attribute name="cacheListSplit" value="2" />
  <attribute name="splitFreeListSplitAmount" value="2" />
  <attribute name="numaNodes" value="0" />
  <system>
    <attribute name="physicalMemory" value="34359738368" />
    <attribute name="addressablePhysicalMemory" value="34359738368" />
    <attribute name="container memory limit set" value="false" />
    <attribute name="numCPUs" value="10" />
    <attribute name="numCPUs active" value="10" />
    <attribute name="architecture" value="aarch64" />
    <attribute name="os" value="Mac OS X" />
    <attribute name="osVersion" value="15.1.1" />
  </system>
  <vmargs>
    <vmarg name="-Xoptionsfile=/Library/Java/JavaVirtualMachines/ibm-semeru-open-11.jdk/Contents/Home/lib/options.default" />
    <vmarg name="-Xlockword:mode=default,noLockword=java/lang/String,noLockword=java/util/MapEntry,noLockword=java/util/HashMap$Entry,noLockword..." />
    <vmarg name="-XX:+EnsureHashed:java/lang/Class,java/lang/Thread" />
    <vmarg name="-Xjcl:jclse29" />
    <vmarg name="-Dcom.ibm.oti.vm.bootstrap.library.path=/Library/Java/JavaVirtualMachines/ibm-semeru-open-11.jdk/Contents/Home/lib/default:/Lib..." />
    <vmarg name="-Dsun.boot.library.path=/Library/Java/JavaVirtualMachines/ibm-semeru-open-11.jdk/Contents/Home/lib/default:/Library/Java/JavaVi..." />
    <vmarg name="-Djava.library.path=/Library/Java/JavaVirtualMachines/ibm-semeru-open-11.jdk/Contents/Home/lib/default:/Library/Java/JavaVirtua..." />
    <vmarg name="-Djava.home=/Library/Java/JavaVirtualMachines/ibm-semeru-open-11.jdk/Contents/Home" />
    <vmarg name="-Duser.dir=/Users/joshua.ar/Desktop/LearningProjs/side-project/location-service/target/liberty/wlp/usr/servers/defaultServer" />
    <vmarg name="-Xverbosegclog:/Users/joshua.ar/Desktop/LearningProjs/side-project/location-service/target/liberty/wlp/usr/servers/defaultServe..." />
    <vmarg name="-Xshareclasses:name=liberty-%u,nonfatal,cacheDir=/Users/joshua.ar/Desktop/LearningProjs/side-project/location-service/target/li..." />
    <vmarg name="-XX:ShareClassesEnableBCI" />
    <vmarg name="-Xscmx80m" />
    <vmarg name="-Xshareclasses:name=liberty-%u,nonfatal,cacheDir=/Users/joshua.ar/Desktop/LearningProjs/side-project/location-service/target/li..." />
    <vmarg name="-XX:ShareClassesEnableBCI" />
    <vmarg name="-Xscmx80m" />
    <vmarg name="-javaagent:/Users/joshua.ar/Desktop/LearningProjs/side-project/location-service/target/liberty/wlp/bin/tools/ws-javaagent.jar" />
    <vmarg name="-Djava.awt.headless=true" />
    <vmarg name="-Djdk.attach.allowAttachSelf=true" />
    <vmarg name="--add-exports=java.base/sun.security.action=ALL-UNNAMED" />
    <vmarg name="--add-exports=java.naming/com.sun.jndi.ldap=ALL-UNNAMED" />
    <vmarg name="--add-exports=java.naming/com.sun.jndi.url.ldap=ALL-UNNAMED" />
    <vmarg name="--add-exports=jdk.naming.dns/com.sun.jndi.dns=ALL-UNNAMED" />
    <vmarg name="--add-exports=jdk.naming.dns/com.sun.jndi.url.dns=ALL-UNNAMED" />
    <vmarg name="--add-exports=java.security.jgss/sun.security.krb5.internal=ALL-UNNAMED" />
    <vmarg name="--add-exports=jdk.attach/sun.tools.attach=ALL-UNNAMED" />
    <vmarg name="--add-opens=java.base/java.util=ALL-UNNAMED" />
    <vmarg name="--add-opens=java.base/java.lang=ALL-UNNAMED" />
    <vmarg name="--add-opens=java.base/java.util.concurrent=ALL-UNNAMED" />
    <vmarg name="--add-opens=java.base/java.io=ALL-UNNAMED" />
    <vmarg name="--add-opens=java.base/java.nio=ALL-UNNAMED" />
    <vmarg name="--add-opens=java.base/sun.nio.ch=ALL-UNNAMED" />
    <vmarg name="--add-opens=java.naming/javax.naming.spi=ALL-UNNAMED" />
    <vmarg name="--add-opens=java.naming/com.sun.naming.internal=ALL-UNNAMED" />
    <vmarg name="--add-opens=jdk.naming.rmi/com.sun.jndi.url.rmi=ALL-UNNAMED" />
    <vmarg name="--add-opens=java.naming/javax.naming=ALL-UNNAMED" />
    <vmarg name="--add-opens=java.rmi/java.rmi=ALL-UNNAMED" />
    <vmarg name="--add-opens=java.sql/java.sql=ALL-UNNAMED" />
    <vmarg name="--add-opens=java.management/javax.management=ALL-UNNAMED" />
    <vmarg name="--add-opens=java.base/java.lang.reflect=ALL-UNNAMED" />
    <vmarg name="--add-opens=java.desktop/java.awt.image=ALL-UNNAMED" />
    <vmarg name="--add-opens=java.base/java.security=ALL-UNNAMED" />
    <vmarg name="--add-opens=java.base/java.net=ALL-UNNAMED" />
    <vmarg name="--add-opens=java.base/java.text=ALL-UNNAMED" />
    <vmarg name="--add-opens=java.base/sun.net.www.protocol.https=ALL-UNNAMED" />
    <vmarg name="--add-exports=jdk.management.agent/jdk.internal.agent=ALL-UNNAMED" />
    <vmarg name="--add-exports=java.base/jdk.internal.vm=ALL-UNNAMED" />
    <vmarg name="-Djava.class.path=/Users/joshua.ar/Desktop/LearningProjs/side-project/location-service/target/liberty/wlp/bin/tools/ws-server.j..." />
    <vmarg name="-Dsun.java.command=/Users/joshua.ar/Desktop/LearningProjs/side-project/location-service/target/liberty/wlp/bin/tools/ws-server...." />
    <vmarg name="-Dsun.java.launcher=SUN_STANDARD" />
  </vmargs>
</initialized>

<exclusive-start id="2" timestamp="2024-12-13T12:32:38.972" intervalms="83.811">
  <response-info timems="0.001" idlems="0.001" threads="0" lastid="0000000138897500" lastname="main" />
</exclusive-start>
<af-start id="3" threadId="0000000138897F90" totalBytesRequested="80" timestamp="2024-12-13T12:32:38.972" intervalms="83.855" type="nursery" />
<cycle-start id="4" type="scavenge" contextid="0" timestamp="2024-12-13T12:32:38.972" intervalms="83.894" />
<gc-start id="5" type="scavenge" contextid="4" timestamp="2024-12-13T12:32:38.972">
  <mem-info id="6" free="6051440" total="8388608" percent="72">
    <mem type="nursery" free="0" total="2097152" percent="0">
      <mem type="allocate" free="0" total="1048576" percent="0" />
      <mem type="survivor" free="0" total="1048576" percent="0" />
    </mem>
    <mem type="tenure" free="6051440" total="6291456" percent="96">
      <mem type="soa" free="5736048" total="5976064" percent="95" />
      <mem type="loa" free="315392" total="315392" percent="100" />
    </mem>
    <remembered-set count="2408" />
  </mem-info>
</gc-start>
<allocation-stats totalBytes="1287552" discardedBytes="1040" >
  <allocated-bytes non-tlh="256416" tlh="1031136" />
  <largest-consumer threadName="main" threadId="0000000138897500" bytes="1287552" />
</allocation-stats>
<gc-op id="7" type="scavenge" timems="0.952" contextid="4" timestamp="2024-12-13T12:32:38.973">
  <scavenger-info tenureage="2" tenuremask="fffc" tiltratio="50" />
  <memory-copied type="nursery" objects="9530" bytes="619088" bytesdiscarded="94368" />
  <finalization candidates="8" enqueued="0" />
  <references type="soft" candidates="44" cleared="0" enqueued="0" dynamicThreshold="32" maxThreshold="32" />
  <references type="weak" candidates="111" cleared="10" enqueued="5" />
  <references type="phantom" candidates="3" cleared="0" enqueued="0" />
  <object-monitors candidates="1" cleared="0"  />
</gc-op>
<gc-end id="8" type="scavenge" contextid="4" durationms="0.991" usertimems="2.534" systemtimems="0.077" stalltimems="0.000" timestamp="2024-12-13T12:32:38.973" activeThreads="1">
  <mem-info id="9" free="6385952" total="8388608" percent="76">
    <mem type="nursery" free="334512" total="2097152" percent="15">
      <mem type="allocate" free="334512" total="1048576" percent="31" />
      <mem type="survivor" free="0" total="1048576" percent="0" />
    </mem>
    <mem type="tenure" free="6051440" total="6291456" percent="96">
      <mem type="soa" free="5736048" total="5976064" percent="95" />
      <mem type="loa" free="315392" total="315392" percent="100" />
    </mem>
    <pending-finalizers system="0" default="0" reference="5" classloader="0" />
    <remembered-set count="2408" />
  </mem-info>
</gc-end>
<cycle-end id="10" type="scavenge" contextid="4" timestamp="2024-12-13T12:32:38.973" />
<allocation-satisfied id="11" threadId="0000000138897500" bytesRequested="80" />
<af-end id="12" timestamp="2024-12-13T12:32:38.973" threadId="0000000138897F90" success="true" from="nursery"/>
<exclusive-end id="13" timestamp="2024-12-13T12:32:38.973" durationms="1.138" />

<exclusive-start id="14" timestamp="2024-12-13T12:32:38.986" intervalms="13.848">
  <response-info timems="0.004" idlems="0.003" threads="1" lastid="000000012908C700" lastname="Finalizer thread" />
</exclusive-start>
<af-start id="15" threadId="0000000138935D90" totalBytesRequested="64" timestamp="2024-12-13T12:32:38.986" intervalms="13.828" type="nursery" />
<cycle-start id="16" type="scavenge" contextid="0" timestamp="2024-12-13T12:32:38.986" intervalms="13.804" />
<gc-start id="17" type="scavenge" contextid="16" timestamp="2024-12-13T12:32:38.986">
  <mem-info id="18" free="6033824" total="8388608" percent="71">
    <mem type="nursery" free="0" total="2097152" percent="0">
      <mem type="allocate" free="0" total="1048576" percent="0" />
      <mem type="survivor" free="0" total="1048576" percent="0" />
    </mem>
    <mem type="tenure" free="6033824" total="6291456" percent="95">
      <mem type="soa" free="5718432" total="5976064" percent="95" />
      <mem type="loa" free="315392" total="315392" percent="100" />
    </mem>
    <pending-finalizers system="0" default="0" reference="2" classloader="0" />
    <remembered-set count="2585" />
  </mem-info>
</gc-start>
<allocation-stats totalBytes="352048" discardedBytes="80" >
  <allocated-bytes non-tlh="17696" tlh="334352" />
  <largest-consumer threadName="main" threadId="0000000138897500" bytes="345104" />
</allocation-stats>
<gc-op id="19" type="scavenge" timems="0.910" contextid="16" timestamp="2024-12-13T12:32:38.987">
  <scavenger-info tenureage="5" tenuremask="7fe0" tiltratio="50" />
  <memory-copied type="nursery" objects="11816" bytes="748552" bytesdiscarded="88632" />
  <finalization candidates="16" enqueued="0" />
  <ownableSynchronizers candidates="1" cleared="0" />
  <references type="soft" candidates="44" cleared="0" enqueued="0" dynamicThreshold="32" maxThreshold="32" />
  <references type="weak" candidates="465" cleared="197" enqueued="133" />
  <references type="phantom" candidates="3" cleared="0" enqueued="0" />
  <object-monitors candidates="1" cleared="0"  />
</gc-op>
<gc-end id="20" type="scavenge" contextid="16" durationms="0.940" usertimems="0.928" systemtimems="0.011" stalltimems="0.000" timestamp="2024-12-13T12:32:38.987" activeThreads="1">
  <mem-info id="21" free="6245216" total="8388608" percent="74">
    <mem type="nursery" free="211392" total="2097152" percent="10">
      <mem type="allocate" free="211392" total="1048576" percent="20" />
      <mem type="survivor" free="0" total="1048576" percent="0" />
    </mem>
    <mem type="tenure" free="6033824" total="6291456" percent="95">
      <mem type="soa" free="5718432" total="5976064" percent="95" />
      <mem type="loa" free="315392" total="315392" percent="100" />
    </mem>
    <pending-finalizers system="0" default="0" reference="135" classloader="0" />
    <remembered-set count="2585" />
  </mem-info>
</gc-end>
<cycle-end id="22" type="scavenge" contextid="16" timestamp="2024-12-13T12:32:38.987" />
<allocation-satisfied id="23" threadId="0000000138935300" bytesRequested="64" />
<af-end id="24" timestamp="2024-12-13T12:32:38.987" threadId="0000000138935D90" success="true" from="nursery"/>
<exclusive-end id="25" timestamp="2024-12-13T12:32:38.987" durationms="1.014" />

<exclusive-start id="26" timestamp="2024-12-13T12:32:39.000" intervalms="14.718">
  <response-info timems="0.004" idlems="0.004" threads="0" lastid="0000000138897500" lastname="main" />
</exclusive-start>
<af-start id="27" threadId="0000000138897F90" totalBytesRequested="41256" timestamp="2024-12-13T12:32:39.000" intervalms="14.731" type="nursery" />
<cycle-start id="28" type="scavenge" contextid="0" timestamp="2024-12-13T12:32:39.000" intervalms="14.737" />
<gc-start id="29" type="scavenge" contextid="28" timestamp="2024-12-13T12:32:39.000">
  <mem-info id="30" free="6037840" total="8388608" percent="71">
    <mem type="nursery" free="27008" total="2097152" percent="1">
      <mem type="allocate" free="27008" total="1048576" percent="2" />
      <mem type="survivor" free="0" total="1048576" percent="0" />
    </mem>
    <mem type="tenure" free="6010832" total="6291456" percent="95">
      <mem type="soa" free="5695440" total="5976064" percent="95" />
      <mem type="loa" free="315392" total="315392" percent="100" />
    </mem>
    <remembered-set count="2788" />
  </mem-info>
</gc-start>
<allocation-stats totalBytes="206384" discardedBytes="992" >
  <allocated-bytes non-tlh="23056" tlh="183328" />
  <largest-consumer threadName="main" threadId="0000000138897500" bytes="158144" />
</allocation-stats>
<gc-op id="31" type="scavenge" timems="0.491" contextid="28" timestamp="2024-12-13T12:32:39.001">
  <scavenger-info tenureage="2" tenuremask="7ff4" tiltratio="50" />
  <memory-copied type="nursery" objects="2875" bytes="177616" bytesdiscarded="107312" />
  <memory-copied type="tenure" objects="9493" bytes="617656" bytesdiscarded="808" />
  <finalization candidates="17" enqueued="0" />
  <ownableSynchronizers candidates="1" cleared="0" />
  <references type="soft" candidates="1" cleared="0" enqueued="0" dynamicThreshold="32" maxThreshold="32" />
  <references type="weak" candidates="331" cleared="103" enqueued="69" />
  <references type="phantom" candidates="11" cleared="0" enqueued="0" />
  <object-monitors candidates="1" cleared="0"  />
</gc-op>
<gc-end id="32" type="scavenge" contextid="28" durationms="0.544" usertimems="1.317" systemtimems="0.164" stalltimems="0.465" timestamp="2024-12-13T12:32:39.001" activeThreads="4">
  <mem-info id="33" free="6065728" total="8388608" percent="72">
    <mem type="nursery" free="763648" total="2097152" percent="36">
      <mem type="allocate" free="763648" total="1048576" percent="72" />
      <mem type="survivor" free="0" total="1048576" percent="0" />
    </mem>
    <mem type="tenure" free="5302080" total="6291456" percent="84">
      <mem type="soa" free="4986688" total="5976064" percent="83" />
      <mem type="loa" free="315392" total="315392" percent="100" />
    </mem>
    <pending-finalizers system="0" default="0" reference="69" classloader="0" />
    <remembered-set count="438" />
  </mem-info>
</gc-end>
<cycle-end id="34" type="scavenge" contextid="28" timestamp="2024-12-13T12:32:39.001" />
<allocation-satisfied id="35" threadId="0000000138897500" bytesRequested="41256" />
<af-end id="36" timestamp="2024-12-13T12:32:39.001" threadId="0000000138897F90" success="true" from="nursery"/>
<exclusive-end id="37" timestamp="2024-12-13T12:32:39.001" durationms="0.657" />

<exclusive-start id="38" timestamp="2024-12-13T12:32:39.028" intervalms="27.911">
  <response-info timems="0.009" idlems="0.008" threads="1" lastid="0000000129020300" lastname="IProfiler" />
</exclusive-start>
<af-start id="39" threadId="0000000138897F90" totalBytesRequested="6816" timestamp="2024-12-13T12:32:39.028" intervalms="27.903" type="nursery" />
<cycle-start id="40" type="scavenge" contextid="0" timestamp="2024-12-13T12:32:39.028" intervalms="27.909" />
<gc-start id="41" type="scavenge" contextid="40" timestamp="2024-12-13T12:32:39.028">
  <mem-info id="42" free="5239008" total="8388608" percent="62">
    <mem type="nursery" free="0" total="2097152" percent="0">
      <mem type="allocate" free="0" total="1048576" percent="0" />
      <mem type="survivor" free="0" total="1048576" percent="0" />
    </mem>
    <mem type="tenure" free="5239008" total="6291456" percent="83">
      <mem type="soa" free="4923616" total="5976064" percent="82" />
      <mem type="loa" free="315392" total="315392" percent="100" />
    </mem>
    <remembered-set count="1194" />
  </mem-info>
</gc-start>
<allocation-stats totalBytes="820152" discardedBytes="6568" >
  <allocated-bytes non-tlh="112536" tlh="707616" />
  <largest-consumer threadName="main" threadId="0000000138897500" bytes="736648" />
</allocation-stats>
<gc-op id="43" type="scavenge" timems="0.326" contextid="40" timestamp="2024-12-13T12:32:39.029">
  <scavenger-info tenureage="4" tenuremask="7ff0" tiltratio="50" />
  <memory-copied type="nursery" objects="4427" bytes="325456" bytesdiscarded="67280" />
  <finalization candidates="13" enqueued="0" />
  <ownableSynchronizers candidates="1" cleared="0" />
  <references type="soft" candidates="22" cleared="0" enqueued="0" dynamicThreshold="32" maxThreshold="32" />
  <references type="weak" candidates="415" cleared="119" enqueued="108" />
  <references type="phantom" candidates="17" cleared="1" enqueued="1" />
  <object-monitors candidates="1" cleared="0"  />
</gc-op>
<gc-end id="44" type="scavenge" contextid="40" durationms="0.383" usertimems="0.704" systemtimems="0.210" stalltimems="0.719" timestamp="2024-12-13T12:32:39.029" activeThreads="5">
  <mem-info id="45" free="5894824" total="8388608" percent="70">
    <mem type="nursery" free="655816" total="2097152" percent="31">
      <mem type="allocate" free="655816" total="1048576" percent="62" />
      <mem type="survivor" free="0" total="1048576" percent="0" />
    </mem>
    <mem type="tenure" free="5239008" total="6291456" percent="83">
      <mem type="soa" free="4923616" total="5976064" percent="82" />
      <mem type="loa" free="315392" total="315392" percent="100" />
    </mem>
    <pending-finalizers system="0" default="0" reference="109" classloader="0" />
    <remembered-set count="1070" />
  </mem-info>
</gc-end>
<cycle-end id="46" type="scavenge" contextid="40" timestamp="2024-12-13T12:32:39.029" />
<allocation-satisfied id="47" threadId="0000000138897500" bytesRequested="6816" />
<af-end id="48" timestamp="2024-12-13T12:32:39.029" threadId="0000000138897F90" success="true" from="nursery"/>
<exclusive-end id="49" timestamp="2024-12-13T12:32:39.029" durationms="0.496" />

<exclusive-start id="50" timestamp="2024-12-13T12:32:39.071" intervalms="42.236">
  <response-info timems="0.049" idlems="0.045" threads="1" lastid="0000000129020300" lastname="IProfiler" />
</exclusive-start>
<af-start id="51" threadId="0000000138897F90" totalBytesRequested="3088" timestamp="2024-12-13T12:32:39.071" intervalms="42.243" type="nursery" />
<cycle-start id="52" type="scavenge" contextid="0" timestamp="2024-12-13T12:32:39.071" intervalms="42.252" />
<gc-start id="53" type="scavenge" contextid="52" timestamp="2024-12-13T12:32:39.071">
  <mem-info id="54" free="5212208" total="8388608" percent="62">
    <mem type="nursery" free="0" total="2097152" percent="0">
      <mem type="allocate" free="0" total="1048576" percent="0" />
      <mem type="survivor" free="0" total="1048576" percent="0" />
    </mem>
    <mem type="tenure" free="5212208" total="6291456" percent="82">
      <mem type="soa" free="4896816" total="5976064" percent="81" />
      <mem type="loa" free="315392" total="315392" percent="100" />
    </mem>
    <remembered-set count="1321" />
  </mem-info>
</gc-start>
<allocation-stats totalBytes="670456" discardedBytes="12160" >
  <allocated-bytes non-tlh="33616" tlh="636840" />
  <largest-consumer threadName="main" threadId="0000000138897500" bytes="650888" />
</allocation-stats>
<gc-op id="55" type="scavenge" timems="0.782" contextid="52" timestamp="2024-12-13T12:32:39.071">
  <scavenger-info tenureage="3" tenuremask="7ff8" tiltratio="50" />
  <memory-copied type="nursery" objects="3030" bytes="268208" bytesdiscarded="64568" />
  <memory-copied type="tenure" objects="2175" bytes="123024" bytesdiscarded="360" />
  <finalization candidates="14" enqueued="0" />
  <ownableSynchronizers candidates="3" cleared="0" />
  <references type="soft" candidates="29" cleared="0" enqueued="0" dynamicThreshold="32" maxThreshold="32" />
  <references type="weak" candidates="250" cleared="83" enqueued="76" />
  <references type="phantom" candidates="18" cleared="0" enqueued="0" />
  <object-monitors candidates="1" cleared="0"  />
</gc-op>
<gc-end id="56" type="scavenge" contextid="52" durationms="0.883" usertimems="0.999" systemtimems="0.569" stalltimems="2.434" timestamp="2024-12-13T12:32:39.072" activeThreads="5">
  <mem-info id="57" free="5803576" total="8388608" percent="69">
    <mem type="nursery" free="715784" total="2097152" percent="34">
      <mem type="allocate" free="715784" total="1048576" percent="68" />
      <mem type="survivor" free="0" total="1048576" percent="0" />
    </mem>
    <mem type="tenure" free="5087792" total="6291456" percent="80">
      <mem type="soa" free="4772400" total="5976064" percent="79" />
      <mem type="loa" free="315392" total="315392" percent="100" />
    </mem>
    <pending-finalizers system="0" default="0" reference="76" classloader="0" />
    <remembered-set count="1128" />
  </mem-info>
</gc-end>
<cycle-end id="58" type="scavenge" contextid="52" timestamp="2024-12-13T12:32:39.072" />
<allocation-satisfied id="59" threadId="0000000138897500" bytesRequested="3088" />
<af-end id="60" timestamp="2024-12-13T12:32:39.072" threadId="0000000138897F90" success="true" from="nursery"/>
<exclusive-end id="61" timestamp="2024-12-13T12:32:39.072" durationms="1.033" />

<exclusive-start id="62" timestamp="2024-12-13T12:32:39.091" intervalms="20.285">
  <response-info timems="0.005" idlems="0.003" threads="1" lastid="0000000129020300" lastname="IProfiler" />
</exclusive-start>
<af-start id="63" threadId="0000000138897F90" totalBytesRequested="64" timestamp="2024-12-13T12:32:39.091" intervalms="20.286" type="nursery" />
<cycle-start id="64" type="scavenge" contextid="0" timestamp="2024-12-13T12:32:39.091" intervalms="20.282" />
<gc-start id="65" type="scavenge" contextid="64" timestamp="2024-12-13T12:32:39.091">
  <mem-info id="66" free="5068728" total="8388608" percent="60">
    <mem type="nursery" free="0" total="2097152" percent="0">
      <mem type="allocate" free="0" total="1048576" percent="0" />
      <mem type="survivor" free="0" total="1048576" percent="0" />
    </mem>
    <mem type="tenure" free="5068728" total="6291456" percent="80">
      <mem type="soa" free="4753336" total="5976064" percent="79" />
      <mem type="loa" free="315392" total="315392" percent="100" />
    </mem>
    <remembered-set count="1349" />
  </mem-info>
</gc-start>
<allocation-stats totalBytes="733584" discardedBytes="1264" >
  <allocated-bytes non-tlh="22152" tlh="711432" />
  <largest-consumer threadName="main" threadId="0000000138897500" bytes="725392" />
</allocation-stats>
<gc-op id="67" type="scavenge" timems="0.620" contextid="64" timestamp="2024-12-13T12:32:39.092">
  <scavenger-info tenureage="3" tenuremask="fff8" tiltratio="50" />
  <memory-copied type="nursery" objects="3789" bytes="337408" bytesdiscarded="76816" />
  <memory-copied type="tenure" objects="655" bytes="52624" bytesdiscarded="88" />
  <finalization candidates="9" enqueued="0" />
  <ownableSynchronizers candidates="2" cleared="0" />
  <references type="soft" candidates="46" cleared="0" enqueued="0" dynamicThreshold="32" maxThreshold="32" />
  <references type="weak" candidates="196" cleared="50" enqueued="43" />
  <references type="phantom" candidates="7" cleared="0" enqueued="0" />
  <object-monitors candidates="1" cleared="0"  />
</gc-op>
<gc-end id="68" type="scavenge" contextid="64" durationms="0.705" usertimems="0.923" systemtimems="0.388" stalltimems="1.343" timestamp="2024-12-13T12:32:39.092" activeThreads="4">
  <mem-info id="69" free="5628584" total="8388608" percent="67">
    <mem type="nursery" free="634352" total="2097152" percent="30">
      <mem type="allocate" free="634352" total="1048576" percent="60" />
      <mem type="survivor" free="0" total="1048576" percent="0" />
    </mem>
    <mem type="tenure" free="4994232" total="6291456" percent="79">
      <mem type="soa" free="4678840" total="5976064" percent="78" />
      <mem type="loa" free="315392" total="315392" percent="100" />
    </mem>
    <pending-finalizers system="0" default="0" reference="43" classloader="0" />
    <remembered-set count="683" />
  </mem-info>
</gc-end>
<cycle-end id="70" type="scavenge" contextid="64" timestamp="2024-12-13T12:32:39.092" />
<allocation-satisfied id="71" threadId="0000000138897500" bytesRequested="64" />
<af-end id="72" timestamp="2024-12-13T12:32:39.092" threadId="0000000138897F90" success="true" from="nursery"/>
<exclusive-end id="73" timestamp="2024-12-13T12:32:39.092" durationms="0.853" />

<exclusive-start id="74" timestamp="2024-12-13T12:32:39.114" intervalms="23.108">
  <response-info timems="0.006" idlems="0.006" threads="0" lastid="0000000138897500" lastname="main" />
</exclusive-start>
<af-start id="75" threadId="0000000138897F90" totalBytesRequested="64" timestamp="2024-12-13T12:32:39.114" intervalms="23.112" type="nursery" />
<cycle-start id="76" type="scavenge" contextid="0" timestamp="2024-12-13T12:32:39.114" intervalms="23.116" />
<gc-start id="77" type="scavenge" contextid="76" timestamp="2024-12-13T12:32:39.114">
  <mem-info id="78" free="4967224" total="8388608" percent="59">
    <mem type="nursery" free="0" total="2097152" percent="0">
      <mem type="allocate" free="0" total="1048576" percent="0" />
      <mem type="survivor" free="0" total="1048576" percent="0" />
    </mem>
    <mem type="tenure" free="4967224" total="6291456" percent="78">
      <mem type="soa" free="4651832" total="5976064" percent="77" />
      <mem type="loa" free="315392" total="315392" percent="100" />
    </mem>
    <remembered-set count="967" />
  </mem-info>
</gc-start>
<allocation-stats totalBytes="660048" discardedBytes="1312" >
  <allocated-bytes non-tlh="150592" tlh="509456" />
  <largest-consumer threadName="main" threadId="0000000138897500" bytes="651856" />
</allocation-stats>
<gc-op id="79" type="scavenge" timems="0.869" contextid="76" timestamp="2024-12-13T12:32:39.115">
  <scavenger-info tenureage="2" tenuremask="fffc" tiltratio="50" />
  <memory-copied type="nursery" objects="1503" bytes="100816" bytesdiscarded="57192" />
  <memory-copied type="tenure" objects="2108" bytes="189712" bytesdiscarded="144" />
  <finalization candidates="13" enqueued="0" />
  <ownableSynchronizers candidates="2" cleared="0" />
  <references type="soft" candidates="32" cleared="0" enqueued="0" dynamicThreshold="32" maxThreshold="32" />
  <references type="weak" candidates="133" cleared="36" enqueued="29" />
  <object-monitors candidates="1" cleared="0"  />
</gc-op>
<gc-end id="80" type="scavenge" contextid="76" durationms="0.953" usertimems="1.584" systemtimems="0.148" stalltimems="0.562" timestamp="2024-12-13T12:32:39.115" activeThreads="4">
  <mem-info id="81" free="5737928" total="8388608" percent="68">
    <mem type="nursery" free="956104" total="2097152" percent="45">
      <mem type="allocate" free="956104" total="1114112" percent="85" />
      <mem type="survivor" free="0" total="983040" percent="0" />
    </mem>
    <mem type="tenure" free="4781824" total="6291456" percent="76">
      <mem type="soa" free="4466432" total="5976064" percent="74" />
      <mem type="loa" free="315392" total="315392" percent="100" />
    </mem>
    <pending-finalizers system="0" default="0" reference="29" classloader="0" />
    <remembered-set count="589" />
  </mem-info>
</gc-end>
<cycle-end id="82" type="scavenge" contextid="76" timestamp="2024-12-13T12:32:39.115" />
<allocation-satisfied id="83" threadId="0000000138897500" bytesRequested="64" />
<af-end id="84" timestamp="2024-12-13T12:32:39.115" threadId="0000000138897F90" success="true" from="nursery"/>
<exclusive-end id="85" timestamp="2024-12-13T12:32:39.115" durationms="1.097" />

<exclusive-start id="86" timestamp="2024-12-13T12:32:39.147" intervalms="33.356">
  <response-info timems="0.003" idlems="0.003" threads="0" lastid="0000000138897500" lastname="main" />
</exclusive-start>
<af-start id="87" threadId="0000000138897F90" totalBytesRequested="8208" timestamp="2024-12-13T12:32:39.147" intervalms="33.347" type="nursery" />
<cycle-start id="88" type="scavenge" contextid="0" timestamp="2024-12-13T12:32:39.147" intervalms="33.338" />
<gc-start id="89" type="scavenge" contextid="88" timestamp="2024-12-13T12:32:39.147">
  <mem-info id="90" free="4618744" total="8388608" percent="55">
    <mem type="nursery" free="0" total="2097152" percent="0">
      <mem type="allocate" free="0" total="1114112" percent="0" />
      <mem type="survivor" free="0" total="983040" percent="0" />
    </mem>
    <mem type="tenure" free="4618744" total="6291456" percent="73">
      <mem type="soa" free="4303352" total="5976064" percent="72" />
      <mem type="loa" free="315392" total="315392" percent="100" />
    </mem>
    <remembered-set count="2651" />
  </mem-info>
</gc-start>
<allocation-stats totalBytes="1116376" discardedBytes="2808" >
  <allocated-bytes non-tlh="235400" tlh="880976" />
  <largest-consumer threadName="main" threadId="0000000138897500" bytes="1108184" />
</allocation-stats>
<gc-op id="91" type="scavenge" timems="0.407" contextid="88" timestamp="2024-12-13T12:32:39.148">
  <scavenger-info tenureage="3" tenuremask="fff8" tiltratio="53" />
  <memory-copied type="nursery" objects="7939" bytes="520384" bytesdiscarded="38872" />
  <finalization candidates="8" enqueued="0" />
  <references type="soft" candidates="77" cleared="0" enqueued="0" dynamicThreshold="32" maxThreshold="32" />
  <references type="weak" candidates="249" cleared="53" enqueued="36" />
  <references type="phantom" candidates="2" cleared="0" enqueued="0" />
  <object-monitors candidates="1" cleared="0"  />
</gc-op>
<gc-end id="92" type="scavenge" contextid="88" durationms="0.485" usertimems="0.984" systemtimems="0.098" stalltimems="0.190" timestamp="2024-12-13T12:32:39.148" activeThreads="3">
  <mem-info id="93" free="5108064" total="8388608" percent="60">
    <mem type="nursery" free="489320" total="2097152" percent="23">
      <mem type="allocate" free="489320" total="1048576" percent="46" />
      <mem type="survivor" free="0" total="1048576" percent="0" />
    </mem>
    <mem type="tenure" free="4618744" total="6291456" percent="73">
      <mem type="soa" free="4303352" total="5976064" percent="72" />
      <mem type="loa" free="315392" total="315392" percent="100" />
    </mem>
    <pending-finalizers system="0" default="0" reference="36" classloader="0" />
    <remembered-set count="2480" />
  </mem-info>
</gc-end>
<cycle-end id="94" type="scavenge" contextid="88" timestamp="2024-12-13T12:32:39.148" />
<allocation-satisfied id="95" threadId="0000000138897500" bytesRequested="8208" />
<af-end id="96" timestamp="2024-12-13T12:32:39.148" threadId="0000000138897F90" success="true" from="nursery"/>
<exclusive-end id="97" timestamp="2024-12-13T12:32:39.148" durationms="0.617" />

<exclusive-start id="98" timestamp="2024-12-13T12:32:39.162" intervalms="14.924">
  <response-info timems="0.003" idlems="0.003" threads="0" lastid="0000000138897500" lastname="main" />
</exclusive-start>
<af-start id="99" threadId="0000000138897F90" totalBytesRequested="32" timestamp="2024-12-13T12:32:39.162" intervalms="14.921" type="nursery" />
<cycle-start id="100" type="scavenge" contextid="0" timestamp="2024-12-13T12:32:39.162" intervalms="14.917" />
<gc-start id="101" type="scavenge" contextid="100" timestamp="2024-12-13T12:32:39.162">
  <mem-info id="102" free="4502008" total="8388608" percent="53">
    <mem type="nursery" free="0" total="2097152" percent="0">
      <mem type="allocate" free="0" total="1048576" percent="0" />
      <mem type="survivor" free="0" total="1048576" percent="0" />
    </mem>
    <mem type="tenure" free="4502008" total="6291456" percent="71">
      <mem type="soa" free="4186616" total="5976064" percent="70" />
      <mem type="loa" free="315392" total="315392" percent="100" />
    </mem>
    <remembered-set count="4476" />
  </mem-info>
</gc-start>
<allocation-stats totalBytes="604800" discardedBytes="1256" >
  <allocated-bytes non-tlh="124944" tlh="479856" />
  <largest-consumer threadName="main" threadId="0000000138897500" bytes="585232" />
</allocation-stats>
<gc-op id="103" type="scavenge" timems="0.648" contextid="100" timestamp="2024-12-13T12:32:39.163">
  <scavenger-info tenureage="2" tenuremask="7ffc" tiltratio="50" />
  <memory-copied type="nursery" objects="12095" bytes="795560" bytesdiscarded="117960" />
  <memory-copied type="tenure" objects="1403" bytes="95968" bytesdiscarded="648" />
  <finalization candidates="8" enqueued="0" />
  <references type="soft" candidates="50" cleared="0" enqueued="0" dynamicThreshold="32" maxThreshold="32" />
  <references type="weak" candidates="99" cleared="0" enqueued="0" />
  <references type="phantom" candidates="1" cleared="0" enqueued="0" />
  <object-monitors candidates="1" cleared="0"  />
</gc-op>
<gc-end id="104" type="scavenge" contextid="100" durationms="0.726" usertimems="2.197" systemtimems="0.256" stalltimems="0.837" timestamp="2024-12-13T12:32:39.163" activeThreads="4">
  <mem-info id="105" free="4339304" total="8388608" percent="51">
    <mem type="nursery" free="135056" total="2097152" percent="6">
      <mem type="allocate" free="135056" total="1048576" percent="12" />
      <mem type="survivor" free="0" total="1048576" percent="0" />
    </mem>
    <mem type="tenure" free="4204248" total="6291456" percent="66">
      <mem type="soa" free="3888856" total="5976064" percent="65" />
      <mem type="loa" free="315392" total="315392" percent="100" />
    </mem>
    <remembered-set count="4141" />
  </mem-info>
</gc-end>
<cycle-end id="106" type="scavenge" contextid="100" timestamp="2024-12-13T12:32:39.163" />
<allocation-satisfied id="107" threadId="0000000138897500" bytesRequested="32" />
<af-end id="108" timestamp="2024-12-13T12:32:39.163" threadId="0000000138897F90" success="true" from="nursery"/>
<exclusive-end id="109" timestamp="2024-12-13T12:32:39.163" durationms="0.846" />

<exclusive-start id="110" timestamp="2024-12-13T12:32:39.166" intervalms="3.579">
  <response-info timems="0.004" idlems="0.004" threads="0" lastid="0000000138897500" lastname="main" />
</exclusive-start>
<af-start id="111" threadId="0000000138897F90" totalBytesRequested="3952" timestamp="2024-12-13T12:32:39.166" intervalms="3.561" type="nursery" />
<cycle-start id="112" type="scavenge" contextid="0" timestamp="2024-12-13T12:32:39.166" intervalms="3.554" />
<gc-start id="113" type="scavenge" contextid="112" timestamp="2024-12-13T12:32:39.166">
  <mem-info id="114" free="4190104" total="8388608" percent="49">
    <mem type="nursery" free="0" total="2097152" percent="0">
      <mem type="allocate" free="0" total="1048576" percent="0" />
      <mem type="survivor" free="0" total="1048576" percent="0" />
    </mem>
    <mem type="tenure" free="4190104" total="6291456" percent="66">
      <mem type="soa" free="3874712" total="5976064" percent="64" />
      <mem type="loa" free="315392" total="315392" percent="100" />
    </mem>
    <remembered-set count="4398" />
  </mem-info>
</gc-start>
<allocation-stats totalBytes="148008" discardedBytes="1192" >
  <allocated-bytes non-tlh="14176" tlh="133832" />
  <largest-consumer threadName="main" threadId="0000000138897500" bytes="148008" />
</allocation-stats>
<gc-op id="115" type="scavenge" timems="0.427" contextid="112" timestamp="2024-12-13T12:32:39.166">
  <scavenger-info tenureage="1" tenuremask="7ffe" tiltratio="50" />
  <memory-copied type="nursery" objects="684" bytes="90864" bytesdiscarded="140152" />
  <memory-copied type="tenure" objects="11660" bytes="751936" bytesdiscarded="1008" />
  <references type="soft" candidates="2" cleared="0" enqueued="0" dynamicThreshold="32" maxThreshold="32" />
  <references type="phantom" candidates="3" cleared="0" enqueued="0" />
  <object-monitors candidates="1" cleared="0"  />
</gc-op>
<heap-resize id="116" type="expand" space="nursery" amount="262144" count="1" timems="0.017" reason="excessive time being spent scavenging" timestamp="2024-12-13T12:32:39.166" />
<gc-end id="117" type="scavenge" contextid="112" durationms="0.495" usertimems="4.180" systemtimems="0.369" stalltimems="0.531" timestamp="2024-12-13T12:32:39.166" activeThreads="5">
  <mem-info id="118" free="4458464" total="8650752" percent="51">
    <mem type="nursery" free="948632" total="2359296" percent="40">
      <mem type="allocate" free="948632" total="1179648" percent="80" />
      <mem type="survivor" free="0" total="1179648" percent="0" />
    </mem>
    <mem type="tenure" free="3509832" total="6291456" percent="55">
      <mem type="soa" free="3194440" total="5976064" percent="53" />
      <mem type="loa" free="315392" total="315392" percent="100" />
    </mem>
    <remembered-set count="2318" />
  </mem-info>
</gc-end>
<cycle-end id="119" type="scavenge" contextid="112" timestamp="2024-12-13T12:32:39.166" />
<allocation-satisfied id="120" threadId="0000000138897500" bytesRequested="3952" />
<af-end id="121" timestamp="2024-12-13T12:32:39.166" threadId="0000000138897F90" success="true" from="nursery"/>
<exclusive-end id="122" timestamp="2024-12-13T12:32:39.166" durationms="0.571" />

<exclusive-start id="123" timestamp="2024-12-13T12:32:39.186" intervalms="19.805">
  <response-info timems="0.003" idlems="0.003" threads="0" lastid="0000000138897500" lastname="main" />
</exclusive-start>
<af-start id="124" threadId="0000000138897F90" totalBytesRequested="152" timestamp="2024-12-13T12:32:39.186" intervalms="19.826" type="nursery" />
<cycle-start id="125" type="scavenge" contextid="0" timestamp="2024-12-13T12:32:39.186" intervalms="19.831" />
<gc-start id="126" type="scavenge" contextid="125" timestamp="2024-12-13T12:32:39.186">
  <mem-info id="127" free="3503232" total="8650752" percent="40">
    <mem type="nursery" free="0" total="2359296" percent="0">
      <mem type="allocate" free="0" total="1179648" percent="0" />
      <mem type="survivor" free="0" total="1179648" percent="0" />
    </mem>
    <mem type="tenure" free="3503232" total="6291456" percent="55">
      <mem type="soa" free="3187840" total="5976064" percent="53" />
      <mem type="loa" free="315392" total="315392" percent="100" />
    </mem>
    <remembered-set count="2391" />
  </mem-info>
</gc-start>
<allocation-stats totalBytes="954744" discardedBytes="488" >
  <allocated-bytes non-tlh="101200" tlh="853544" />
  <largest-consumer threadName="main" threadId="0000000138897500" bytes="954744" />
</allocation-stats>
<gc-op id="128" type="scavenge" timems="0.243" contextid="125" timestamp="2024-12-13T12:32:39.186">
  <scavenger-info tenureage="2" tenuremask="7ffc" tiltratio="50" />
  <memory-copied type="nursery" objects="1424" bytes="236056" bytesdiscarded="86376" />
  <ownableSynchronizers candidates="1" cleared="0" />
  <references type="soft" candidates="4" cleared="0" enqueued="0" dynamicThreshold="32" maxThreshold="32" />
  <references type="weak" candidates="65" cleared="46" enqueued="43" />
  <references type="phantom" candidates="7" cleared="0" enqueued="0" />
  <object-monitors candidates="1" cleared="0"  />
</gc-op>
<gc-end id="129" type="scavenge" contextid="125" durationms="0.290" usertimems="0.444" systemtimems="0.261" stalltimems="0.706" timestamp="2024-12-13T12:32:39.186" activeThreads="6">
  <mem-info id="130" free="4491520" total="8650752" percent="51">
    <mem type="nursery" free="988288" total="2359296" percent="41">
      <mem type="allocate" free="988288" total="1310720" percent="75" />
      <mem type="survivor" free="0" total="1048576" percent="0" />
    </mem>
    <mem type="tenure" free="3503232" total="6291456" percent="55">
      <mem type="soa" free="3187840" total="5976064" percent="53" />
      <mem type="loa" free="315392" total="315392" percent="100" />
    </mem>
    <pending-finalizers system="0" default="0" reference="43" classloader="0" />
    <remembered-set count="395" />
  </mem-info>
</gc-end>
<cycle-end id="131" type="scavenge" contextid="125" timestamp="2024-12-13T12:32:39.186" />
<allocation-satisfied id="132" threadId="0000000138897500" bytesRequested="152" />
<af-end id="133" timestamp="2024-12-13T12:32:39.186" threadId="0000000138897F90" success="true" from="nursery"/>
<exclusive-end id="134" timestamp="2024-12-13T12:32:39.186" durationms="0.398" />

<exclusive-start id="135" timestamp="2024-12-13T12:32:39.210" intervalms="24.850">
  <response-info timems="0.015" idlems="0.012" threads="1" lastid="0000000129020300" lastname="IProfiler" />
</exclusive-start>
<af-start id="136" threadId="0000000138897F90" totalBytesRequested="1616" timestamp="2024-12-13T12:32:39.210" intervalms="24.854" type="nursery" />
<cycle-start id="137" type="scavenge" contextid="0" timestamp="2024-12-13T12:32:39.210" intervalms="24.853" />
<gc-start id="138" type="scavenge" contextid="137" timestamp="2024-12-13T12:32:39.211">
  <mem-info id="139" free="3452696" total="8650752" percent="39">
    <mem type="nursery" free="0" total="2359296" percent="0">
      <mem type="allocate" free="0" total="1310720" percent="0" />
      <mem type="survivor" free="0" total="1048576" percent="0" />
    </mem>
    <mem type="tenure" free="3452696" total="6291456" percent="54">
      <mem type="soa" free="3137304" total="5976064" percent="52" />
      <mem type="loa" free="315392" total="315392" percent="100" />
    </mem>
    <remembered-set count="926" />
  </mem-info>
</gc-start>
<allocation-stats totalBytes="1036832" discardedBytes="1992" >
  <allocated-bytes non-tlh="50688" tlh="986144" />
  <largest-consumer threadName="main" threadId="0000000138897500" bytes="1032736" />
</allocation-stats>
<gc-op id="140" type="scavenge" timems="0.351" contextid="137" timestamp="2024-12-13T12:32:39.211">
  <scavenger-info tenureage="2" tenuremask="7ffc" tiltratio="55" />
  <memory-copied type="nursery" objects="3391" bytes="346512" bytesdiscarded="38896" />
  <memory-copied type="tenure" objects="646" bytes="49648" bytesdiscarded="16" />
  <finalization candidates="1" enqueued="0" />
  <ownableSynchronizers candidates="3" cleared="0" />
  <references type="soft" candidates="115" cleared="0" enqueued="0" dynamicThreshold="32" maxThreshold="32" />
  <references type="weak" candidates="537" cleared="242" enqueued="202" />
  <references type="phantom" candidates="13" cleared="2" enqueued="2" />
  <object-monitors candidates="1" cleared="0"  />
</gc-op>
<gc-end id="141" type="scavenge" contextid="137" durationms="0.392" usertimems="0.700" systemtimems="0.240" stalltimems="0.843" timestamp="2024-12-13T12:32:39.211" activeThreads="5">
  <mem-info id="142" free="4426864" total="8650752" percent="51">
    <mem type="nursery" free="1056344" total="2359296" percent="44">
      <mem type="allocate" free="1056344" total="1441792" percent="73" />
      <mem type="survivor" free="0" total="917504" percent="0" />
    </mem>
    <mem type="tenure" free="3370520" total="6291456" percent="53">
      <mem type="soa" free="3055128" total="5976064" percent="51" />
      <mem type="loa" free="315392" total="315392" percent="100" />
    </mem>
    <pending-finalizers system="0" default="0" reference="204" classloader="0" />
    <remembered-set count="664" />
  </mem-info>
</gc-end>
<cycle-end id="143" type="scavenge" contextid="137" timestamp="2024-12-13T12:32:39.211" />
<allocation-satisfied id="144" threadId="0000000138897500" bytesRequested="1616" />
<af-end id="145" timestamp="2024-12-13T12:32:39.211" threadId="0000000138897F90" success="true" from="nursery"/>
<exclusive-end id="146" timestamp="2024-12-13T12:32:39.211" durationms="0.492" />

<exclusive-start id="147" timestamp="2024-12-13T12:32:39.249" intervalms="38.385">
  <response-info timems="0.004" idlems="0.004" threads="0" lastid="0000000138897500" lastname="main" />
</exclusive-start>
<af-start id="148" threadId="0000000138897F90" totalBytesRequested="32" timestamp="2024-12-13T12:32:39.249" intervalms="38.389" type="nursery" />
<cycle-start id="149" type="scavenge" contextid="0" timestamp="2024-12-13T12:32:39.249" intervalms="38.402" />
<gc-start id="150" type="scavenge" contextid="149" timestamp="2024-12-13T12:32:39.249">
  <mem-info id="151" free="3267016" total="8650752" percent="37">
    <mem type="nursery" free="0" total="2359296" percent="0">
      <mem type="allocate" free="0" total="1441792" percent="0" />
      <mem type="survivor" free="0" total="917504" percent="0" />
    </mem>
    <mem type="tenure" free="3267016" total="6291456" percent="51">
      <mem type="soa" free="2951624" total="5976064" percent="49" />
      <mem type="loa" free="315392" total="315392" percent="100" />
    </mem>
    <remembered-set count="1910" />
  </mem-info>
</gc-start>
<allocation-stats totalBytes="1157912" discardedBytes="1936" >
  <allocated-bytes non-tlh="105120" tlh="1052792" />
  <largest-consumer threadName="main" threadId="0000000138897500" bytes="1146600" />
</allocation-stats>
<gc-op id="152" type="scavenge" timems="0.430" contextid="149" timestamp="2024-12-13T12:32:39.249">
  <scavenger-info tenureage="2" tenuremask="7ffc" tiltratio="61" />
  <memory-copied type="nursery" objects="7634" bytes="431432" bytesdiscarded="75544" />
  <memory-copied type="tenure" objects="574" bytes="176728" bytesdiscarded="0" />
  <finalization candidates="7" enqueued="0" />
  <ownableSynchronizers candidates="5" cleared="0" />
  <references type="soft" candidates="400" cleared="0" enqueued="0" dynamicThreshold="32" maxThreshold="32" />
  <references type="weak" candidates="572" cleared="125" enqueued="95" />
  <references type="phantom" candidates="6" cleared="0" enqueued="0" />
  <object-monitors candidates="4" cleared="0"  />
</gc-op>
<gc-end id="153" type="scavenge" contextid="149" durationms="0.493" usertimems="2.703" systemtimems="0.313" stalltimems="0.748" timestamp="2024-12-13T12:32:39.249" activeThreads="5">
  <mem-info id="154" free="4132792" total="8650752" percent="47">
    <mem type="nursery" free="1000320" total="2359296" percent="42">
      <mem type="allocate" free="1000320" total="1507328" percent="66" />
      <mem type="survivor" free="0" total="851968" percent="0" />
    </mem>
    <mem type="tenure" free="3132472" total="6291456" percent="49">
      <mem type="soa" free="2817080" total="5976064" percent="47" />
      <mem type="loa" free="315392" total="315392" percent="100" />
    </mem>
    <pending-finalizers system="0" default="0" reference="95" classloader="0" />
    <remembered-set count="1869" />
  </mem-info>
</gc-end>
<cycle-end id="155" type="scavenge" contextid="149" timestamp="2024-12-13T12:32:39.249" />
<allocation-satisfied id="156" threadId="0000000138897500" bytesRequested="32" />
<af-end id="157" timestamp="2024-12-13T12:32:39.249" threadId="0000000138897F90" success="true" from="nursery"/>
<exclusive-end id="158" timestamp="2024-12-13T12:32:39.249" durationms="0.629" />

<exclusive-start id="159" timestamp="2024-12-13T12:32:39.400" intervalms="151.543">
  <response-info timems="0.006" idlems="0.006" threads="0" lastid="0000000138897500" lastname="main" />
</exclusive-start>
<af-start id="160" threadId="0000000138897F90" totalBytesRequested="3176" timestamp="2024-12-13T12:32:39.400" intervalms="151.541" type="nursery" />
<cycle-start id="161" type="scavenge" contextid="0" timestamp="2024-12-13T12:32:39.400" intervalms="151.544" />
<gc-start id="162" type="scavenge" contextid="161" timestamp="2024-12-13T12:32:39.400">
  <mem-info id="163" free="3076648" total="8650752" percent="35">
    <mem type="nursery" free="0" total="2359296" percent="0">
      <mem type="allocate" free="0" total="1507328" percent="0" />
      <mem type="survivor" free="0" total="851968" percent="0" />
    </mem>
    <mem type="tenure" free="3076648" total="6291456" percent="48">
      <mem type="soa" free="2761256" total="5976064" percent="46" />
      <mem type="loa" free="315392" total="315392" percent="100" />
    </mem>
    <remembered-set count="2462" />
  </mem-info>
</gc-start>
<allocation-stats totalBytes="1050696" discardedBytes="5448" >
  <allocated-bytes non-tlh="55856" tlh="994840" />
  <largest-consumer threadName="main" threadId="0000000138897500" bytes="1031128" />
</allocation-stats>
<gc-op id="164" type="scavenge" timems="0.544" contextid="161" timestamp="2024-12-13T12:32:39.401">
  <scavenger-info tenureage="2" tenuremask="7ffc" tiltratio="63" />
  <memory-copied type="nursery" objects="8124" bytes="553392" bytesdiscarded="116576" />
  <memory-copied type="tenure" objects="2192" bytes="129592" bytesdiscarded="64" />
  <finalization candidates="42" enqueued="1" />
  <ownableSynchronizers candidates="4" cleared="0" />
  <references type="soft" candidates="300" cleared="0" enqueued="0" dynamicThreshold="32" maxThreshold="32" />
  <references type="weak" candidates="999" cleared="349" enqueued="251" />
  <references type="phantom" candidates="2" cleared="0" enqueued="0" />
  <object-monitors candidates="5" cleared="0"  />
</gc-op>
<gc-end id="165" type="scavenge" contextid="161" durationms="0.627" usertimems="1.448" systemtimems="0.231" stalltimems="1.027" timestamp="2024-12-13T12:32:39.401" activeThreads="5">
  <mem-info id="166" free="3810536" total="8650752" percent="44">
    <mem type="nursery" free="902848" total="2359296" percent="38">
      <mem type="allocate" free="902848" total="1572864" percent="57" />
      <mem type="survivor" free="0" total="786432" percent="0" />
    </mem>
    <mem type="tenure" free="2907688" total="6291456" percent="46">
      <mem type="soa" free="2592296" total="5976064" percent="43" />
      <mem type="loa" free="315392" total="315392" percent="100" />
    </mem>
    <pending-finalizers system="1" default="0" reference="251" classloader="0" />
    <remembered-set count="1945" />
  </mem-info>
</gc-end>
<cycle-end id="167" type="scavenge" contextid="161" timestamp="2024-12-13T12:32:39.401" />
<allocation-satisfied id="168" threadId="0000000138897500" bytesRequested="3176" />
<af-end id="169" timestamp="2024-12-13T12:32:39.401" threadId="0000000138897F90" success="true" from="nursery"/>
<exclusive-end id="170" timestamp="2024-12-13T12:32:39.401" durationms="0.771" />

<exclusive-start id="171" timestamp="2024-12-13T12:32:39.422" intervalms="21.817">
  <response-info timems="0.006" idlems="0.006" threads="0" lastid="0000000138897500" lastname="main" />
</exclusive-start>
<af-start id="172" threadId="0000000138897F90" totalBytesRequested="5904" timestamp="2024-12-13T12:32:39.422" intervalms="21.809" type="nursery" />
<cycle-start id="173" type="scavenge" contextid="0" timestamp="2024-12-13T12:32:39.422" intervalms="21.816" />
<gc-start id="174" type="scavenge" contextid="173" timestamp="2024-12-13T12:32:39.422">
  <mem-info id="175" free="2862496" total="8650752" percent="33">
    <mem type="nursery" free="0" total="2359296" percent="0">
      <mem type="allocate" free="0" total="1572864" percent="0" />
      <mem type="survivor" free="0" total="786432" percent="0" />
    </mem>
    <mem type="tenure" free="2862496" total="6291456" percent="45">
      <mem type="soa" free="2547104" total="5976064" percent="42" />
      <mem type="loa" free="315392" total="315392" percent="100" />
    </mem>
    <remembered-set count="2457" />
  </mem-info>
</gc-start>
<allocation-stats totalBytes="931336" discardedBytes="16704" >
  <allocated-bytes non-tlh="95264" tlh="836072" />
  <largest-consumer threadName="main" threadId="0000000138897500" bytes="923144" />
</allocation-stats>
<gc-op id="176" type="scavenge" timems="0.440" contextid="173" timestamp="2024-12-13T12:32:39.423">
  <scavenger-info tenureage="1" tenuremask="7ffe" tiltratio="66" />
  <memory-copied type="nursery" objects="1895" bytes="152600" bytesdiscarded="59160" />
  <memory-copied type="tenure" objects="7864" bytes="540232" bytesdiscarded="1440" />
  <finalization candidates="41" enqueued="0" />
  <ownableSynchronizers candidates="6" cleared="0" />
  <references type="soft" candidates="22" cleared="0" enqueued="0" dynamicThreshold="32" maxThreshold="32" />
  <references type="weak" candidates="186" cleared="140" enqueued="132" />
  <references type="phantom" candidates="3" cleared="1" enqueued="1" />
  <object-monitors candidates="5" cleared="0"  />
</gc-op>
<gc-end id="177" type="scavenge" contextid="173" durationms="0.503" usertimems="1.306" systemtimems="0.292" stalltimems="0.626" timestamp="2024-12-13T12:32:39.423" activeThreads="5">
  <mem-info id="178" free="3855616" total="8650752" percent="44">
    <mem type="nursery" free="1361072" total="2359296" percent="57">
      <mem type="allocate" free="1361072" total="1572864" percent="86" />
      <mem type="survivor" free="0" total="786432" percent="0" />
    </mem>
    <mem type="tenure" free="2494544" total="6291456" percent="39">
      <mem type="soa" free="2179152" total="5976064" percent="36" />
      <mem type="loa" free="315392" total="315392" percent="100" />
    </mem>
    <pending-finalizers system="0" default="0" reference="133" classloader="0" />
    <remembered-set count="1202" />
  </mem-info>
</gc-end>
<cycle-end id="179" type="scavenge" contextid="173" timestamp="2024-12-13T12:32:39.423" />
<allocation-satisfied id="180" threadId="0000000138897500" bytesRequested="5904" />
<af-end id="181" timestamp="2024-12-13T12:32:39.423" threadId="0000000138897F90" success="true" from="nursery"/>
<exclusive-end id="182" timestamp="2024-12-13T12:32:39.423" durationms="0.648" />

<exclusive-start id="183" timestamp="2024-12-13T12:32:39.454" intervalms="31.404">
  <response-info timems="0.005" idlems="0.005" threads="0" lastid="0000000138897500" lastname="main" />
</exclusive-start>
<af-start id="184" threadId="0000000138897F90" totalBytesRequested="4264" timestamp="2024-12-13T12:32:39.454" intervalms="31.408" type="nursery" />
<cycle-start id="185" type="scavenge" contextid="0" timestamp="2024-12-13T12:32:39.454" intervalms="31.394" />
<gc-start id="186" type="scavenge" contextid="185" timestamp="2024-12-13T12:32:39.454">
  <mem-info id="187" free="2437632" total="8650752" percent="28">
    <mem type="nursery" free="0" total="2359296" percent="0">
      <mem type="allocate" free="0" total="1572864" percent="0" />
      <mem type="survivor" free="0" total="786432" percent="0" />
    </mem>
    <mem type="tenure" free="2437632" total="6291456" percent="38">
      <mem type="soa" free="2122240" total="5976064" percent="35" />
      <mem type="loa" free="315392" total="315392" percent="100" />
    </mem>
    <remembered-set count="1810" />
  </mem-info>
</gc-start>
<allocation-stats totalBytes="1360592" discardedBytes="57392" >
  <allocated-bytes non-tlh="62816" tlh="1297776" />
  <largest-consumer threadName="main" threadId="0000000138897500" bytes="1352400" />
</allocation-stats>
<gc-op id="188" type="scavenge" timems="0.391" contextid="185" timestamp="2024-12-13T12:32:39.454">
  <scavenger-info tenureage="2" tenuremask="7ffc" tiltratio="66" />
  <memory-copied type="nursery" objects="3807" bytes="240056" bytesdiscarded="55128" />
  <finalization candidates="1" enqueued="0" />
  <ownableSynchronizers candidates="6" cleared="0" />
  <references type="soft" candidates="60" cleared="0" enqueued="0" dynamicThreshold="32" maxThreshold="32" />
  <references type="weak" candidates="179" cleared="106" enqueued="100" />
  <references type="phantom" candidates="2" cleared="0" enqueued="0" />
  <object-monitors candidates="5" cleared="0"  />
</gc-op>
<gc-end id="189" type="scavenge" contextid="185" durationms="0.465" usertimems="1.998" systemtimems="0.267" stalltimems="0.849" timestamp="2024-12-13T12:32:39.454" activeThreads="5">
  <mem-info id="190" free="3780808" total="8650752" percent="43">
    <mem type="nursery" free="1343176" total="2359296" percent="56">
      <mem type="allocate" free="1343176" total="1638400" percent="81" />
      <mem type="survivor" free="0" total="720896" percent="0" />
    </mem>
    <mem type="tenure" free="2437632" total="6291456" percent="38">
      <mem type="soa" free="2122240" total="5976064" percent="35" />
      <mem type="loa" free="315392" total="315392" percent="100" />
    </mem>
    <pending-finalizers system="0" default="0" reference="100" classloader="0" />
    <remembered-set count="1234" />
  </mem-info>
</gc-end>
<cycle-end id="191" type="scavenge" contextid="185" timestamp="2024-12-13T12:32:39.454" />
<allocation-satisfied id="192" threadId="0000000138897500" bytesRequested="4264" />
<af-end id="193" timestamp="2024-12-13T12:32:39.454" threadId="0000000138897F90" success="true" from="nursery"/>
<exclusive-end id="194" timestamp="2024-12-13T12:32:39.454" durationms="0.612" />

<exclusive-start id="195" timestamp="2024-12-13T12:32:39.482" intervalms="28.590">
  <response-info timems="0.006" idlems="0.003" threads="1" lastid="00000001388AD900" lastname="JIT Compilation Thread-000" />
</exclusive-start>
<af-start id="196" threadId="0000000138897F90" totalBytesRequested="22800" timestamp="2024-12-13T12:32:39.482" intervalms="28.602" type="nursery" />
<cycle-start id="197" type="scavenge" contextid="0" timestamp="2024-12-13T12:32:39.482" intervalms="28.601" />
<gc-start id="198" type="scavenge" contextid="197" timestamp="2024-12-13T12:32:39.482">
  <mem-info id="199" free="2401592" total="8650752" percent="27">
    <mem type="nursery" free="0" total="2359296" percent="0">
      <mem type="allocate" free="0" total="1638400" percent="0" />
      <mem type="survivor" free="0" total="720896" percent="0" />
    </mem>
    <mem type="tenure" free="2401592" total="6291456" percent="38">
      <mem type="soa" free="2086200" total="5976064" percent="34" />
      <mem type="loa" free="315392" total="315392" percent="100" />
    </mem>
    <remembered-set count="1590" />
  </mem-info>
</gc-start>
<allocation-stats totalBytes="1373528" discardedBytes="5688" >
  <allocated-bytes non-tlh="120592" tlh="1252936" />
  <largest-consumer threadName="main" threadId="0000000138897500" bytes="1365336" />
</allocation-stats>
<gc-op id="200" type="scavenge" timems="0.455" contextid="197" timestamp="2024-12-13T12:32:39.483">
  <scavenger-info tenureage="2" tenuremask="7ffc" tiltratio="69" />
  <memory-copied type="nursery" objects="3886" bytes="216816" bytesdiscarded="80920" />
  <memory-copied type="tenure" objects="1410" bytes="118776" bytesdiscarded="616" />
  <finalization candidates="3" enqueued="0" />
  <ownableSynchronizers candidates="7" cleared="0" />
  <references type="soft" candidates="76" cleared="0" enqueued="0" dynamicThreshold="32" maxThreshold="32" />
  <references type="weak" candidates="232" cleared="123" enqueued="106" />
  <references type="phantom" candidates="2" cleared="1" enqueued="1" />
  <object-monitors candidates="5" cleared="0"  />
</gc-op>
<gc-end id="201" type="scavenge" contextid="197" durationms="0.536" usertimems="1.009" systemtimems="0.277" stalltimems="1.040" timestamp="2024-12-13T12:32:39.483" activeThreads="5">
  <mem-info id="202" free="3660288" total="8650752" percent="42">
    <mem type="nursery" free="1406184" total="2359296" percent="59">
      <mem type="allocate" free="1406184" total="1703936" percent="82" />
      <mem type="survivor" free="0" total="655360" percent="0" />
    </mem>
    <mem type="tenure" free="2254104" total="6291456" percent="35">
      <mem type="soa" free="1938712" total="5976064" percent="32" />
      <mem type="loa" free="315392" total="315392" percent="100" />
    </mem>
    <pending-finalizers system="0" default="0" reference="107" classloader="0" />
    <remembered-set count="1060" />
  </mem-info>
</gc-end>
<cycle-end id="203" type="scavenge" contextid="197" timestamp="2024-12-13T12:32:39.483" />
<allocation-satisfied id="204" threadId="0000000138897500" bytesRequested="22800" />
<af-end id="205" timestamp="2024-12-13T12:32:39.483" threadId="0000000138897F90" success="true" from="nursery"/>
<exclusive-end id="206" timestamp="2024-12-13T12:32:39.483" durationms="0.683" />

<exclusive-start id="207" timestamp="2024-12-13T12:32:39.508" intervalms="25.798">
  <response-info timems="0.008" idlems="0.008" threads="0" lastid="0000000138897500" lastname="main" />
</exclusive-start>
<af-start id="208" threadId="0000000138897F90" totalBytesRequested="8208" timestamp="2024-12-13T12:32:39.508" intervalms="25.794" type="nursery" />
<cycle-start id="209" type="scavenge" contextid="0" timestamp="2024-12-13T12:32:39.508" intervalms="25.797" />
<gc-start id="210" type="scavenge" contextid="209" timestamp="2024-12-13T12:32:39.508">
  <mem-info id="211" free="2220616" total="8650752" percent="25">
    <mem type="nursery" free="0" total="2359296" percent="0">
      <mem type="allocate" free="0" total="1703936" percent="0" />
      <mem type="survivor" free="0" total="655360" percent="0" />
    </mem>
    <mem type="tenure" free="2220616" total="6291456" percent="35">
      <mem type="soa" free="1905224" total="5976064" percent="31" />
      <mem type="loa" free="315392" total="315392" percent="100" />
    </mem>
    <remembered-set count="1378" />
  </mem-info>
</gc-start>
<allocation-stats totalBytes="1386832" discardedBytes="52840" >
  <allocated-bytes non-tlh="95816" tlh="1291016" />
  <largest-consumer threadName="main" threadId="0000000138897500" bytes="1367264" />
</allocation-stats>
<gc-op id="212" type="scavenge" timems="0.479" contextid="209" timestamp="2024-12-13T12:32:39.509">
  <scavenger-info tenureage="2" tenuremask="7ffc" tiltratio="72" />
  <memory-copied type="nursery" objects="2728" bytes="205056" bytesdiscarded="80152" />
  <memory-copied type="tenure" objects="1989" bytes="99464" bytesdiscarded="72" />
  <finalization candidates="2" enqueued="0" />
  <ownableSynchronizers candidates="11" cleared="0" />
  <references type="soft" candidates="40" cleared="0" enqueued="0" dynamicThreshold="32" maxThreshold="32" />
  <references type="weak" candidates="314" cleared="185" enqueued="152" />
  <references type="phantom" candidates="4" cleared="0" enqueued="0" />
  <object-monitors candidates="5" cleared="0"  />
</gc-op>
<gc-end id="213" type="scavenge" contextid="209" durationms="0.549" usertimems="1.170" systemtimems="0.307" stalltimems="1.286" timestamp="2024-12-13T12:32:39.509" activeThreads="5">
  <mem-info id="214" free="3621928" total="8650752" percent="41">
    <mem type="nursery" free="1484256" total="2359296" percent="62">
      <mem type="allocate" free="1484256" total="1769472" percent="83" />
      <mem type="survivor" free="0" total="589824" percent="0" />
    </mem>
    <mem type="tenure" free="2137672" total="6291456" percent="33">
      <mem type="soa" free="1822280" total="5976064" percent="30" />
      <mem type="loa" free="315392" total="315392" percent="100" />
    </mem>
    <pending-finalizers system="0" default="0" reference="152" classloader="0" />
    <remembered-set count="794" />
  </mem-info>
</gc-end>
<cycle-end id="215" type="scavenge" contextid="209" timestamp="2024-12-13T12:32:39.509" />
<allocation-satisfied id="216" threadId="0000000138897500" bytesRequested="8208" />
<af-end id="217" timestamp="2024-12-13T12:32:39.509" threadId="0000000138897F90" success="true" from="nursery"/>
<exclusive-end id="218" timestamp="2024-12-13T12:32:39.509" durationms="0.702" />

<exclusive-start id="219" timestamp="2024-12-13T12:32:39.526" intervalms="18.242">
  <response-info timems="0.017" idlems="0.012" threads="1" lastid="0000000129020300" lastname="IProfiler" />
</exclusive-start>
<af-start id="220" threadId="0000000138897F90" totalBytesRequested="80" timestamp="2024-12-13T12:32:39.526" intervalms="18.221" type="nursery" />
<cycle-start id="221" type="scavenge" contextid="0" timestamp="2024-12-13T12:32:39.526" intervalms="18.206" />
<gc-start id="222" type="scavenge" contextid="221" timestamp="2024-12-13T12:32:39.526">
  <mem-info id="223" free="2125744" total="8650752" percent="24">
    <mem type="nursery" free="0" total="2359296" percent="0">
      <mem type="allocate" free="0" total="1769472" percent="0" />
      <mem type="survivor" free="0" total="589824" percent="0" />
    </mem>
    <mem type="tenure" free="2125744" total="6291456" percent="33">
      <mem type="soa" free="1810352" total="5976064" percent="30" />
      <mem type="loa" free="315392" total="315392" percent="100" />
    </mem>
    <remembered-set count="916" />
  </mem-info>
</gc-start>
<allocation-stats totalBytes="1495680" discardedBytes="504" >
  <allocated-bytes non-tlh="20136" tlh="1475544" />
  <largest-consumer threadName="main" threadId="0000000138897500" bytes="1495680" />
</allocation-stats>
<gc-op id="224" type="scavenge" timems="0.612" contextid="221" timestamp="2024-12-13T12:32:39.527">
  <scavenger-info tenureage="2" tenuremask="7ffc" tiltratio="75" />
  <memory-copied type="nursery" objects="10112" bytes="518024" bytesdiscarded="58360" />
  <memory-copied type="tenure" objects="1516" bytes="95288" bytesdiscarded="296" />
  <finalization candidates="2" enqueued="0" />
  <ownableSynchronizers candidates="12" cleared="0" />
  <references type="soft" candidates="6" cleared="0" enqueued="0" dynamicThreshold="32" maxThreshold="32" />
  <references type="weak" candidates="78" cleared="31" enqueued="31" />
  <references type="phantom" candidates="2" cleared="0" enqueued="0" />
  <object-monitors candidates="5" cleared="0"  />
</gc-op>
<gc-end id="225" type="scavenge" contextid="221" durationms="0.702" usertimems="1.625" systemtimems="0.363" stalltimems="1.487" timestamp="2024-12-13T12:32:39.527" activeThreads="5">
  <mem-info id="226" free="2811664" total="8650752" percent="32">
    <mem type="nursery" free="865408" total="2359296" percent="36">
      <mem type="allocate" free="865408" total="1441792" percent="60" />
      <mem type="survivor" free="0" total="917504" percent="0" />
    </mem>
    <mem type="tenure" free="1946256" total="6291456" percent="30">
      <mem type="soa" free="1630864" total="5976064" percent="27" />
      <mem type="loa" free="315392" total="315392" percent="100" />
    </mem>
    <pending-finalizers system="0" default="0" reference="31" classloader="0" />
    <remembered-set count="547" />
  </mem-info>
</gc-end>
<cycle-end id="227" type="scavenge" contextid="221" timestamp="2024-12-13T12:32:39.527" />
<allocation-satisfied id="228" threadId="0000000138897500" bytesRequested="80" />
<af-end id="229" timestamp="2024-12-13T12:32:39.527" threadId="0000000138897F90" success="true" from="nursery"/>
<exclusive-end id="230" timestamp="2024-12-13T12:32:39.527" durationms="0.808" />

<exclusive-start id="231" timestamp="2024-12-13T12:32:39.539" intervalms="12.501">
  <response-info timems="0.006" idlems="0.006" threads="0" lastid="0000000138897500" lastname="main" />
</exclusive-start>
<af-start id="232" threadId="0000000138897F90" totalBytesRequested="9336" timestamp="2024-12-13T12:32:39.539" intervalms="12.518" type="nursery" />
<cycle-start id="233" type="scavenge" contextid="0" timestamp="2024-12-13T12:32:39.539" intervalms="12.522" />
<gc-start id="234" type="scavenge" contextid="233" timestamp="2024-12-13T12:32:39.539">
  <mem-info id="235" free="1932648" total="8650752" percent="22">
    <mem type="nursery" free="0" total="2359296" percent="0">
      <mem type="allocate" free="0" total="1441792" percent="0" />
      <mem type="survivor" free="0" total="917504" percent="0" />
    </mem>
    <mem type="tenure" free="1932648" total="6291456" percent="30">
      <mem type="soa" free="1617256" total="5976064" percent="27" />
      <mem type="loa" free="315392" total="315392" percent="100" />
    </mem>
    <remembered-set count="652" />
  </mem-info>
</gc-start>
<allocation-stats totalBytes="864832" discardedBytes="14184" >
  <allocated-bytes non-tlh="160576" tlh="704256" />
  <largest-consumer threadName="main" threadId="0000000138897500" bytes="864832" />
</allocation-stats>
<gc-op id="236" type="scavenge" timems="0.457" contextid="233" timestamp="2024-12-13T12:32:39.539">
  <scavenger-info tenureage="1" tenuremask="7ffe" tiltratio="61" />
  <memory-copied type="nursery" objects="3278" bytes="182832" bytesdiscarded="56112" />
  <memory-copied type="tenure" objects="6129" bytes="293752" bytesdiscarded="584" />
  <ownableSynchronizers candidates="11" cleared="2" />
  <references type="weak" candidates="53" cleared="49" enqueued="49" />
  <references type="phantom" candidates="1" cleared="0" enqueued="0" />
  <object-monitors candidates="5" cleared="0"  />
</gc-op>
<gc-end id="237" type="scavenge" contextid="233" durationms="0.507" usertimems="0.939" systemtimems="0.228" stalltimems="1.124" timestamp="2024-12-13T12:32:39.539" activeThreads="5">
  <mem-info id="238" free="2925640" total="8650752" percent="33">
    <mem type="nursery" free="1267712" total="2359296" percent="53">
      <mem type="allocate" free="1267712" total="1507328" percent="84" />
      <mem type="survivor" free="0" total="851968" percent="0" />
    </mem>
    <mem type="tenure" free="1657928" total="6291456" percent="26">
      <mem type="soa" free="1342536" total="5976064" percent="22" />
      <mem type="loa" free="315392" total="315392" percent="100" />
    </mem>
    <pending-finalizers system="0" default="0" reference="49" classloader="0" />
    <remembered-set count="323" />
  </mem-info>
</gc-end>
<cycle-end id="239" type="scavenge" contextid="233" timestamp="2024-12-13T12:32:39.539" />
<allocation-satisfied id="240" threadId="0000000138897500" bytesRequested="9336" />
<af-end id="241" timestamp="2024-12-13T12:32:39.539" threadId="0000000138897F90" success="true" from="nursery"/>
<exclusive-end id="242" timestamp="2024-12-13T12:32:39.539" durationms="0.640" />

<exclusive-start id="243" timestamp="2024-12-13T12:32:39.560" intervalms="21.036">
  <response-info timems="0.012" idlems="0.007" threads="1" lastid="0000000138897500" lastname="main" />
</exclusive-start>
<af-start id="244" threadId="0000000123867B90" totalBytesRequested="24" timestamp="2024-12-13T12:32:39.560" intervalms="21.034" type="nursery" />
<cycle-start id="245" type="scavenge" contextid="0" timestamp="2024-12-13T12:32:39.560" intervalms="21.033" />
<gc-start id="246" type="scavenge" contextid="245" timestamp="2024-12-13T12:32:39.560">
  <mem-info id="247" free="1627856" total="8650752" percent="18">
    <mem type="nursery" free="0" total="2359296" percent="0">
      <mem type="allocate" free="0" total="1507328" percent="0" />
      <mem type="survivor" free="0" total="851968" percent="0" />
    </mem>
    <mem type="tenure" free="1627856" total="6291456" percent="25">
      <mem type="soa" free="1312464" total="5976064" percent="21" />
      <mem type="loa" free="315392" total="315392" percent="100" />
    </mem>
    <remembered-set count="601" />
  </mem-info>
</gc-start>
<allocation-stats totalBytes="1245224" discardedBytes="52560" >
  <allocated-bytes non-tlh="39408" tlh="1205816" />
  <largest-consumer threadName="main" threadId="0000000138897500" bytes="1245224" />
</allocation-stats>
<gc-op id="248" type="scavenge" timems="0.521" contextid="245" timestamp="2024-12-13T12:32:39.560">
  <scavenger-info tenureage="1" tenuremask="7ffe" tiltratio="63" />
  <memory-copied type="nursery" objects="1352" bytes="91928" bytesdiscarded="56288" />
  <memory-copied type="tenure" objects="2968" bytes="151248" bytesdiscarded="608" />
  <finalization candidates="1" enqueued="0" />
  <ownableSynchronizers candidates="3" cleared="0" />
  <references type="soft" candidates="2" cleared="0" enqueued="0" dynamicThreshold="32" maxThreshold="32" />
  <references type="weak" candidates="464" cleared="275" enqueued="203" />
  <references type="phantom" candidates="1" cleared="0" enqueued="0" />
  <object-monitors candidates="5" cleared="0"  />
</gc-op>
<gc-end id="249" type="scavenge" contextid="245" durationms="0.571" usertimems="0.612" systemtimems="0.281" stalltimems="1.775" timestamp="2024-12-13T12:32:39.560" activeThreads="5">
  <mem-info id="250" free="2964920" total="8650752" percent="34">
    <mem type="nursery" free="1490168" total="2359296" percent="63">
      <mem type="allocate" free="1490168" total="1638400" percent="90" />
      <mem type="survivor" free="0" total="720896" percent="0" />
    </mem>
    <mem type="tenure" free="1474752" total="6291456" percent="23">
      <mem type="soa" free="1159360" total="5976064" percent="19" />
      <mem type="loa" free="315392" total="315392" percent="100" />
    </mem>
    <pending-finalizers system="0" default="0" reference="203" classloader="0" />
    <remembered-set count="481" />
  </mem-info>
</gc-end>
<cycle-end id="251" type="scavenge" contextid="245" timestamp="2024-12-13T12:32:39.560" />
<allocation-satisfied id="252" threadId="0000000123867100" bytesRequested="24" />
<af-end id="253" timestamp="2024-12-13T12:32:39.560" threadId="0000000123867B90" success="true" from="nursery"/>
<exclusive-end id="254" timestamp="2024-12-13T12:32:39.560" durationms="0.688" />

<exclusive-start id="255" timestamp="2024-12-13T12:32:39.588" intervalms="28.024">
  <response-info timems="0.004" idlems="0.003" threads="2" lastid="0000000129020300" lastname="IProfiler" />
</exclusive-start>
<af-start id="256" threadId="000000012386E990" totalBytesRequested="528" timestamp="2024-12-13T12:32:39.588" intervalms="28.028" type="nursery" />
<cycle-start id="257" type="scavenge" contextid="0" timestamp="2024-12-13T12:32:39.588" intervalms="28.047" />
<gc-start id="258" type="scavenge" contextid="257" timestamp="2024-12-13T12:32:39.588">
  <mem-info id="259" free="1427624" total="8650752" percent="16">
    <mem type="nursery" free="0" total="2359296" percent="0">
      <mem type="allocate" free="0" total="1638400" percent="0" />
      <mem type="survivor" free="0" total="720896" percent="0" />
    </mem>
    <mem type="tenure" free="1427624" total="6291456" percent="22">
      <mem type="soa" free="1112232" total="5976064" percent="18" />
      <mem type="loa" free="315392" total="315392" percent="100" />
    </mem>
    <remembered-set count="997" />
  </mem-info>
</gc-start>
<allocation-stats totalBytes="1531224" discardedBytes="6072" >
  <allocated-bytes non-tlh="94064" tlh="1437160" />
  <largest-consumer threadName="main" threadId="0000000138897500" bytes="1340944" />
</allocation-stats>
<gc-op id="260" type="scavenge" timems="0.308" contextid="257" timestamp="2024-12-13T12:32:39.588">
  <scavenger-info tenureage="2" tenuremask="7ffc" tiltratio="69" />
  <memory-copied type="nursery" objects="3918" bytes="258744" bytesdiscarded="72984" />
  <finalization candidates="6" enqueued="0" />
  <ownableSynchronizers candidates="9" cleared="0" />
  <references type="soft" candidates="23" cleared="0" enqueued="0" dynamicThreshold="32" maxThreshold="32" />
  <references type="weak" candidates="779" cleared="339" enqueued="265" />
  <object-monitors candidates="6" cleared="0"  />
</gc-op>
<gc-end id="261" type="scavenge" contextid="257" durationms="0.371" usertimems="0.731" systemtimems="0.106" stalltimems="0.374" timestamp="2024-12-13T12:32:39.588" activeThreads="4">
  <mem-info id="262" free="2799752" total="8650752" percent="32">
    <mem type="nursery" free="1372128" total="2359296" percent="58">
      <mem type="allocate" free="1372128" total="1703936" percent="80" />
      <mem type="survivor" free="0" total="655360" percent="0" />
    </mem>
    <mem type="tenure" free="1427624" total="6291456" percent="22">
      <mem type="soa" free="1112232" total="5976064" percent="18" />
      <mem type="loa" free="315392" total="315392" percent="100" />
    </mem>
    <pending-finalizers system="0" default="0" reference="265" classloader="0" />
    <remembered-set count="870" />
  </mem-info>
</gc-end>
<cycle-end id="263" type="scavenge" contextid="257" timestamp="2024-12-13T12:32:39.588" />
<allocation-satisfied id="264" threadId="000000012386DF00" bytesRequested="528" />
<af-end id="265" timestamp="2024-12-13T12:32:39.588" threadId="000000012386E990" success="true" from="nursery"/>
<exclusive-end id="266" timestamp="2024-12-13T12:32:39.588" durationms="0.531" />

<exclusive-start id="267" timestamp="2024-12-13T12:32:39.611" intervalms="23.588">
  <response-info timems="0.005" idlems="0.005" threads="0" lastid="0000000138897500" lastname="main" />
</exclusive-start>
<af-start id="268" threadId="0000000138897F90" totalBytesRequested="62104" timestamp="2024-12-13T12:32:39.611" intervalms="23.568" type="nursery" />
<cycle-start id="269" type="scavenge" contextid="0" timestamp="2024-12-13T12:32:39.611" intervalms="23.553" />
<gc-start id="270" type="scavenge" contextid="269" timestamp="2024-12-13T12:32:39.611">
  <mem-info id="271" free="1391104" total="8650752" percent="16">
    <mem type="nursery" free="0" total="2359296" percent="0">
      <mem type="allocate" free="0" total="1703936" percent="0" />
      <mem type="survivor" free="0" total="655360" percent="0" />
    </mem>
    <mem type="tenure" free="1391104" total="6291456" percent="22">
      <mem type="soa" free="1075712" total="5976064" percent="18" />
      <mem type="loa" free="315392" total="315392" percent="100" />
    </mem>
    <remembered-set count="1227" />
  </mem-info>
</gc-start>
<allocation-stats totalBytes="1384888" discardedBytes="23760" >
  <allocated-bytes non-tlh="147040" tlh="1237848" />
  <largest-consumer threadName="main" threadId="0000000138897500" bytes="1203480" />
</allocation-stats>
<gc-op id="272" type="scavenge" timems="0.436" contextid="269" timestamp="2024-12-13T12:32:39.612">
  <scavenger-info tenureage="2" tenuremask="7ffc" tiltratio="72" />
  <memory-copied type="nursery" objects="4141" bytes="275960" bytesdiscarded="63280" />
  <memory-copied type="tenure" objects="867" bytes="58888" bytesdiscarded="88" />
  <finalization candidates="6" enqueued="0" />
  <ownableSynchronizers candidates="10" cleared="0" />
  <references type="soft" candidates="53" cleared="0" enqueued="0" dynamicThreshold="32" maxThreshold="32" />
  <references type="weak" candidates="367" cleared="78" enqueued="71" />
  <references type="phantom" candidates="2" cleared="0" enqueued="0" />
  <object-monitors candidates="6" cleared="0"  />
</gc-op>
<gc-end id="273" type="scavenge" contextid="269" durationms="0.492" usertimems="2.759" systemtimems="0.179" stalltimems="0.720" timestamp="2024-12-13T12:32:39.612" activeThreads="4">
  <mem-info id="274" free="2767360" total="8650752" percent="31">
    <mem type="nursery" free="1430016" total="2359296" percent="60">
      <mem type="allocate" free="1430016" total="1769472" percent="80" />
      <mem type="survivor" free="0" total="589824" percent="0" />
    </mem>
    <mem type="tenure" free="1337344" total="6291456" percent="21">
      <mem type="soa" free="1021952" total="5976064" percent="17" />
      <mem type="loa" free="315392" total="315392" percent="100" />
    </mem>
    <pending-finalizers system="0" default="0" reference="71" classloader="0" />
    <remembered-set count="956" />
  </mem-info>
</gc-end>
<cycle-end id="275" type="scavenge" contextid="269" timestamp="2024-12-13T12:32:39.612" />
<allocation-satisfied id="276" threadId="0000000138897500" bytesRequested="62104" />
<af-end id="277" timestamp="2024-12-13T12:32:39.612" threadId="0000000138897F90" success="true" from="nursery"/>
<exclusive-end id="278" timestamp="2024-12-13T12:32:39.612" durationms="0.601" />

<exclusive-start id="279" timestamp="2024-12-13T12:32:39.627" intervalms="15.574">
  <response-info timems="0.005" idlems="0.005" threads="0" lastid="0000000138897500" lastname="main" />
</exclusive-start>
<af-start id="280" threadId="0000000138897F90" totalBytesRequested="2984" timestamp="2024-12-13T12:32:39.627" intervalms="15.583" type="nursery" />
<cycle-start id="281" type="scavenge" contextid="0" timestamp="2024-12-13T12:32:39.627" intervalms="15.583" />
<gc-start id="282" type="scavenge" contextid="281" timestamp="2024-12-13T12:32:39.627">
  <mem-info id="283" free="1336408" total="8650752" percent="15">
    <mem type="nursery" free="0" total="2359296" percent="0">
      <mem type="allocate" free="0" total="1769472" percent="0" />
      <mem type="survivor" free="0" total="589824" percent="0" />
    </mem>
    <mem type="tenure" free="1336408" total="6291456" percent="21">
      <mem type="soa" free="1021016" total="5976064" percent="17" />
      <mem type="loa" free="315392" total="315392" percent="100" />
    </mem>
    <remembered-set count="983" />
  </mem-info>
</gc-start>
<allocation-stats totalBytes="1424168" discardedBytes="6784" >
  <allocated-bytes non-tlh="310136" tlh="1114032" />
  <largest-consumer threadName="main" threadId="0000000138897500" bytes="1415976" />
</allocation-stats>
<gc-op id="284" type="scavenge" timems="0.371" contextid="281" timestamp="2024-12-13T12:32:39.627">
  <scavenger-info tenureage="2" tenuremask="7ffc" tiltratio="75" />
  <memory-copied type="nursery" objects="1748" bytes="124960" bytesdiscarded="54312" />
  <memory-copied type="tenure" objects="2531" bytes="171744" bytesdiscarded="136" />
  <finalization candidates="5" enqueued="0" />
  <ownableSynchronizers candidates="7" cleared="0" />
  <references type="soft" candidates="32" cleared="0" enqueued="0" dynamicThreshold="32" maxThreshold="32" />
  <references type="weak" candidates="37" cleared="0" enqueued="0" />
  <references type="phantom" candidates="3" cleared="0" enqueued="0" />
  <object-monitors candidates="6" cleared="0"  />
</gc-op>
<gc-end id="285" type="scavenge" contextid="281" durationms="0.423" usertimems="0.810" systemtimems="0.215" stalltimems="0.524" timestamp="2024-12-13T12:32:39.627" activeThreads="4">
  <mem-info id="286" free="2790144" total="8650752" percent="32">
    <mem type="nursery" free="1590200" total="2359296" percent="67">
      <mem type="allocate" free="1590200" total="1769472" percent="89" />
      <mem type="survivor" free="0" total="589824" percent="0" />
    </mem>
    <mem type="tenure" free="1199944" total="6291456" percent="19">
      <mem type="soa" free="884552" total="5976064" percent="14" />
      <mem type="loa" free="315392" total="315392" percent="100" />
    </mem>
    <remembered-set count="484" />
  </mem-info>
</gc-end>
<cycle-end id="287" type="scavenge" contextid="281" timestamp="2024-12-13T12:32:39.627" />
<allocation-satisfied id="288" threadId="0000000138897500" bytesRequested="2984" />
<af-end id="289" timestamp="2024-12-13T12:32:39.627" threadId="0000000138897F90" success="true" from="nursery"/>
<exclusive-end id="290" timestamp="2024-12-13T12:32:39.627" durationms="0.553" />

<exclusive-start id="291" timestamp="2024-12-13T12:32:39.643" intervalms="15.799">
  <response-info timems="0.005" idlems="0.005" threads="0" lastid="0000000138897500" lastname="main" />
</exclusive-start>
<af-start id="292" threadId="0000000138897F90" totalBytesRequested="35016" timestamp="2024-12-13T12:32:39.643" intervalms="15.785" type="nursery" />
<cycle-start id="293" type="scavenge" contextid="0" timestamp="2024-12-13T12:32:39.643" intervalms="15.777" />
<gc-start id="294" type="scavenge" contextid="293" timestamp="2024-12-13T12:32:39.643">
  <mem-info id="295" free="1199704" total="8650752" percent="13">
    <mem type="nursery" free="0" total="2359296" percent="0">
      <mem type="allocate" free="0" total="1769472" percent="0" />
      <mem type="survivor" free="0" total="589824" percent="0" />
    </mem>
    <mem type="tenure" free="1199704" total="6291456" percent="19">
      <mem type="soa" free="884312" total="5976064" percent="14" />
      <mem type="loa" free="315392" total="315392" percent="100" />
    </mem>
    <remembered-set count="494" />
  </mem-info>
</gc-start>
<allocation-stats totalBytes="1552840" discardedBytes="37600" >
  <allocated-bytes non-tlh="85776" tlh="1467064" />
  <largest-consumer threadName="main" threadId="0000000138897500" bytes="1552840" />
</allocation-stats>
<gc-op id="296" type="scavenge" timems="0.221" contextid="293" timestamp="2024-12-13T12:32:39.643">
  <scavenger-info tenureage="3" tenuremask="7ff8" tiltratio="75" />
  <memory-copied type="nursery" objects="2117" bytes="133632" bytesdiscarded="48384" />
  <ownableSynchronizers candidates="1" cleared="0" />
  <references type="soft" candidates="32" cleared="0" enqueued="0" dynamicThreshold="32" maxThreshold="32" />
  <references type="weak" candidates="37" cleared="0" enqueued="0" />
  <references type="phantom" candidates="2" cleared="0" enqueued="0" />
  <object-monitors candidates="6" cleared="0"  />
</gc-op>
<gc-end id="297" type="scavenge" contextid="293" durationms="0.287" usertimems="0.404" systemtimems="0.118" stalltimems="0.363" timestamp="2024-12-13T12:32:39.643" activeThreads="4">
  <mem-info id="298" free="2918232" total="8650752" percent="33">
    <mem type="nursery" free="1718528" total="2359296" percent="72">
      <mem type="allocate" free="1718528" total="1900544" percent="90" />
      <mem type="survivor" free="0" total="458752" percent="0" />
    </mem>
    <mem type="tenure" free="1199704" total="6291456" percent="19">
      <mem type="soa" free="884312" total="5976064" percent="14" />
      <mem type="loa" free="315392" total="315392" percent="100" />
    </mem>
    <remembered-set count="266" />
  </mem-info>
</gc-end>
<cycle-end id="299" type="scavenge" contextid="293" timestamp="2024-12-13T12:32:39.643" />
<allocation-satisfied id="300" threadId="0000000138897500" bytesRequested="35016" />
<af-end id="301" timestamp="2024-12-13T12:32:39.643" threadId="0000000138897F90" success="true" from="nursery"/>
<exclusive-end id="302" timestamp="2024-12-13T12:32:39.643" durationms="0.384" />

<exclusive-start id="303" timestamp="2024-12-13T12:32:39.657" intervalms="14.645">
  <response-info timems="0.006" idlems="0.006" threads="0" lastid="0000000138897500" lastname="main" />
</exclusive-start>
<af-start id="304" threadId="0000000138897F90" totalBytesRequested="8208" timestamp="2024-12-13T12:32:39.657" intervalms="14.656" type="nursery" />
<cycle-start id="305" type="scavenge" contextid="0" timestamp="2024-12-13T12:32:39.657" intervalms="14.667" />
<gc-start id="306" type="scavenge" contextid="305" timestamp="2024-12-13T12:32:39.657">
  <mem-info id="307" free="1199704" total="8650752" percent="13">
    <mem type="nursery" free="0" total="2359296" percent="0">
      <mem type="allocate" free="0" total="1900544" percent="0" />
      <mem type="survivor" free="0" total="458752" percent="0" />
    </mem>
    <mem type="tenure" free="1199704" total="6291456" percent="19">
      <mem type="soa" free="884312" total="5976064" percent="14" />
      <mem type="loa" free="315392" total="315392" percent="100" />
    </mem>
    <remembered-set count="271" />
  </mem-info>
</gc-start>
<allocation-stats totalBytes="1698712" discardedBytes="19816" >
  <allocated-bytes non-tlh="229672" tlh="1469040" />
  <largest-consumer threadName="main" threadId="0000000138897500" bytes="1698712" />
</allocation-stats>
<gc-op id="308" type="scavenge" timems="0.265" contextid="305" timestamp="2024-12-13T12:32:39.658">
  <scavenger-info tenureage="3" tenuremask="7ff8" tiltratio="80" />
  <memory-copied type="nursery" objects="967" bytes="68392" bytesdiscarded="37432" />
  <memory-copied type="tenure" objects="1492" bytes="98112" bytesdiscarded="160" />
  <ownableSynchronizers candidates="1" cleared="0" />
  <references type="phantom" candidates="3" cleared="0" enqueued="0" />
  <object-monitors candidates="6" cleared="0"  />
</gc-op>
<gc-end id="309" type="scavenge" contextid="305" durationms="0.305" usertimems="2.258" systemtimems="0.114" stalltimems="0.457" timestamp="2024-12-13T12:32:39.658" activeThreads="4">
  <mem-info id="310" free="2899192" total="8650752" percent="33">
    <mem type="nursery" free="1794720" total="2359296" percent="76">
      <mem type="allocate" free="1794720" total="1900544" percent="94" />
      <mem type="survivor" free="0" total="458752" percent="0" />
    </mem>
    <mem type="tenure" free="1104472" total="6291456" percent="17">
      <mem type="soa" free="789080" total="5976064" percent="13" />
      <mem type="loa" free="315392" total="315392" percent="100" />
    </mem>
    <remembered-set count="120" />
  </mem-info>
</gc-end>
<cycle-end id="311" type="scavenge" contextid="305" timestamp="2024-12-13T12:32:39.658" />
<allocation-satisfied id="312" threadId="0000000138897500" bytesRequested="8208" />
<af-end id="313" timestamp="2024-12-13T12:32:39.658" threadId="0000000138897F90" success="true" from="nursery"/>
<exclusive-end id="314" timestamp="2024-12-13T12:32:39.658" durationms="0.417" />

<exclusive-start id="315" timestamp="2024-12-13T12:32:39.671" intervalms="13.185">
  <response-info timems="0.012" idlems="0.012" threads="0" lastid="0000000138897500" lastname="main" />
</exclusive-start>
<af-start id="316" threadId="0000000138897F90" totalBytesRequested="8208" timestamp="2024-12-13T12:32:39.671" intervalms="13.190" type="nursery" />
<cycle-start id="317" type="scavenge" contextid="0" timestamp="2024-12-13T12:32:39.671" intervalms="13.192" />
<gc-start id="318" type="scavenge" contextid="317" timestamp="2024-12-13T12:32:39.671">
  <mem-info id="319" free="1104344" total="8650752" percent="12">
    <mem type="nursery" free="0" total="2359296" percent="0">
      <mem type="allocate" free="0" total="1900544" percent="0" />
      <mem type="survivor" free="0" total="458752" percent="0" />
    </mem>
    <mem type="tenure" free="1104344" total="6291456" percent="17">
      <mem type="soa" free="788952" total="5976064" percent="13" />
      <mem type="loa" free="315392" total="315392" percent="100" />
    </mem>
    <remembered-set count="128" />
  </mem-info>
</gc-start>
<allocation-stats totalBytes="1762448" discardedBytes="32400" >
  <allocated-bytes non-tlh="338568" tlh="1423880" />
  <largest-consumer threadName="main" threadId="0000000138897500" bytes="1762448" />
</allocation-stats>
<gc-op id="320" type="scavenge" timems="0.173" contextid="317" timestamp="2024-12-13T12:32:39.671">
  <scavenger-info tenureage="5" tenuremask="7fe0" tiltratio="80" />
  <memory-copied type="nursery" objects="1297" bytes="81656" bytesdiscarded="32688" />
  <references type="phantom" candidates="3" cleared="0" enqueued="0" />
  <object-monitors candidates="6" cleared="0"  />
</gc-op>
<gc-end id="321" type="scavenge" contextid="317" durationms="0.234" usertimems="3.196" systemtimems="0.149" stalltimems="0.264" timestamp="2024-12-13T12:32:39.671" activeThreads="4">
  <mem-info id="322" free="2956080" total="8650752" percent="34">
    <mem type="nursery" free="1851736" total="2359296" percent="78">
      <mem type="allocate" free="1851736" total="1966080" percent="94" />
      <mem type="survivor" free="0" total="393216" percent="0" />
    </mem>
    <mem type="tenure" free="1104344" total="6291456" percent="17">
      <mem type="soa" free="788952" total="5976064" percent="13" />
      <mem type="loa" free="315392" total="315392" percent="100" />
    </mem>
    <remembered-set count="120" />
  </mem-info>
</gc-end>
<cycle-end id="323" type="scavenge" contextid="317" timestamp="2024-12-13T12:32:39.671" />
<allocation-satisfied id="324" threadId="0000000138897500" bytesRequested="8208" />
<af-end id="325" timestamp="2024-12-13T12:32:39.671" threadId="0000000138897F90" success="true" from="nursery"/>
<exclusive-end id="326" timestamp="2024-12-13T12:32:39.671" durationms="0.364" />

<exclusive-start id="327" timestamp="2024-12-13T12:32:39.691" intervalms="20.497">
  <response-info timems="0.008" idlems="0.008" threads="0" lastid="0000000138897500" lastname="main" />
</exclusive-start>
<af-start id="328" threadId="0000000138897F90" totalBytesRequested="48" timestamp="2024-12-13T12:32:39.691" intervalms="20.499" type="nursery" />
<cycle-start id="329" type="scavenge" contextid="0" timestamp="2024-12-13T12:32:39.691" intervalms="20.495" />
<gc-start id="330" type="scavenge" contextid="329" timestamp="2024-12-13T12:32:39.691">
  <mem-info id="331" free="1099872" total="8650752" percent="12">
    <mem type="nursery" free="0" total="2359296" percent="0">
      <mem type="allocate" free="0" total="1966080" percent="0" />
      <mem type="survivor" free="0" total="393216" percent="0" />
    </mem>
    <mem type="tenure" free="1099872" total="6291456" percent="17">
      <mem type="soa" free="784480" total="5976064" percent="13" />
      <mem type="loa" free="315392" total="315392" percent="100" />
    </mem>
    <remembered-set count="220" />
  </mem-info>
</gc-start>
<allocation-stats totalBytes="1854648" discardedBytes="1560" >
  <allocated-bytes non-tlh="59328" tlh="1795320" />
  <largest-consumer threadName="main" threadId="0000000138897500" bytes="1850552" />
</allocation-stats>
<gc-op id="332" type="scavenge" timems="0.282" contextid="329" timestamp="2024-12-13T12:32:39.691">
  <scavenger-info tenureage="6" tenuremask="7fc0" tiltratio="83" />
  <memory-copied type="nursery" objects="3441" bytes="277184" bytesdiscarded="25864" />
  <ownableSynchronizers candidates="22" cleared="12" />
  <references type="weak" candidates="30" cleared="14" enqueued="11" />
  <references type="phantom" candidates="15" cleared="0" enqueued="0" />
  <object-monitors candidates="7" cleared="0"  />
</gc-op>
<gc-end id="333" type="scavenge" contextid="329" durationms="0.326" usertimems="0.453" systemtimems="0.087" stalltimems="0.525" timestamp="2024-12-13T12:32:39.691" activeThreads="4">
  <mem-info id="334" free="2631648" total="8650752" percent="30">
    <mem type="nursery" free="1531776" total="2359296" percent="64">
      <mem type="allocate" free="1531776" total="1835008" percent="83" />
      <mem type="survivor" free="0" total="524288" percent="0" />
    </mem>
    <mem type="tenure" free="1099872" total="6291456" percent="17">
      <mem type="soa" free="784480" total="5976064" percent="13" />
      <mem type="loa" free="315392" total="315392" percent="100" />
    </mem>
    <pending-finalizers system="0" default="0" reference="11" classloader="0" />
    <remembered-set count="210" />
  </mem-info>
</gc-end>
<cycle-end id="335" type="scavenge" contextid="329" timestamp="2024-12-13T12:32:39.691" />
<allocation-satisfied id="336" threadId="0000000138897500" bytesRequested="48" />
<af-end id="337" timestamp="2024-12-13T12:32:39.692" threadId="0000000138897F90" success="true" from="nursery"/>
<exclusive-end id="338" timestamp="2024-12-13T12:32:39.692" durationms="0.448" />

<exclusive-start id="339" timestamp="2024-12-13T12:32:39.714" intervalms="22.985">
  <response-info timems="0.010" idlems="0.010" threads="0" lastid="0000000138897500" lastname="main" />
</exclusive-start>
<af-start id="340" threadId="0000000138897F90" totalBytesRequested="64" timestamp="2024-12-13T12:32:39.714" intervalms="22.986" type="nursery" />
<cycle-start id="341" type="scavenge" contextid="0" timestamp="2024-12-13T12:32:39.714" intervalms="22.988" />
<gc-start id="342" type="scavenge" contextid="341" timestamp="2024-12-13T12:32:39.714">
  <mem-info id="343" free="1075144" total="8650752" percent="12">
    <mem type="nursery" free="0" total="2359296" percent="0">
      <mem type="allocate" free="0" total="1835008" percent="0" />
      <mem type="survivor" free="0" total="524288" percent="0" />
    </mem>
    <mem type="tenure" free="1075144" total="6291456" percent="17">
      <mem type="soa" free="759752" total="5976064" percent="12" />
      <mem type="loa" free="315392" total="315392" percent="100" />
    </mem>
    <remembered-set count="506" />
  </mem-info>
</gc-start>
<allocation-stats totalBytes="1555528" discardedBytes="976" >
  <allocated-bytes non-tlh="24776" tlh="1530752" />
  <largest-consumer threadName="main" threadId="0000000138897500" bytes="1547336" />
</allocation-stats>
<gc-op id="344" type="scavenge" timems="0.417" contextid="341" timestamp="2024-12-13T12:32:39.715">
  <scavenger-info tenureage="4" tenuremask="7fd0" tiltratio="77" />
  <memory-copied type="nursery" objects="5338" bytes="447248" bytesdiscarded="76768" />
  <memory-copied type="tenure" objects="1602" bytes="87552" bytesdiscarded="32" />
  <copy-failed type="nursery" objects="1222" bytes="68632" />
  <finalization candidates="19" enqueued="0" />
  <ownableSynchronizers candidates="36" cleared="13" />
  <references type="soft" candidates="26" cleared="0" enqueued="0" dynamicThreshold="32" maxThreshold="32" />
  <references type="weak" candidates="233" cleared="84" enqueued="63" />
  <references type="phantom" candidates="31" cleared="1" enqueued="1" />
  <object-monitors candidates="7" cleared="0"  />
</gc-op>
<gc-end id="345" type="scavenge" contextid="341" durationms="0.473" usertimems="3.092" systemtimems="0.139" stalltimems="0.780" timestamp="2024-12-13T12:32:39.715" activeThreads="4">
  <mem-info id="346" free="1918152" total="8650752" percent="22">
    <mem type="nursery" free="917504" total="2359296" percent="38">
      <mem type="allocate" free="917504" total="1441792" percent="63" />
      <mem type="survivor" free="0" total="917504" percent="0" />
    </mem>
    <mem type="tenure" free="1000648" total="6291456" percent="15">
      <mem type="soa" free="685256" total="5976064" percent="11" />
      <mem type="loa" free="315392" total="315392" percent="100" />
    </mem>
    <pending-finalizers system="0" default="0" reference="64" classloader="0" />
    <remembered-set count="638" />
  </mem-info>
</gc-end>
<cycle-end id="347" type="scavenge" contextid="341" timestamp="2024-12-13T12:32:39.715" />
<allocation-satisfied id="348" threadId="0000000138897500" bytesRequested="64" />
<af-end id="349" timestamp="2024-12-13T12:32:39.715" threadId="0000000138897F90" success="true" from="nursery"/>
<exclusive-end id="350" timestamp="2024-12-13T12:32:39.715" durationms="0.598" />

<exclusive-start id="351" timestamp="2024-12-13T12:32:39.724" intervalms="10.383">
  <response-info timems="0.005" idlems="0.005" threads="0" lastid="0000000138897500" lastname="main" />
</exclusive-start>
<af-start id="352" threadId="0000000138897F90" totalBytesRequested="80" timestamp="2024-12-13T12:32:39.724" intervalms="10.390" type="nursery" />
<cycle-start id="353" type="scavenge" contextid="0" timestamp="2024-12-13T12:32:39.724" intervalms="10.385" />
<gc-start id="354" type="scavenge" contextid="353" timestamp="2024-12-13T12:32:39.725">
  <mem-info id="355" free="1000648" total="8650752" percent="11">
    <mem type="nursery" free="0" total="2359296" percent="0">
      <mem type="allocate" free="0" total="1441792" percent="0" />
      <mem type="survivor" free="0" total="917504" percent="0" />
    </mem>
    <mem type="tenure" free="1000648" total="6291456" percent="15">
      <mem type="soa" free="685256" total="5976064" percent="11" />
      <mem type="loa" free="315392" total="315392" percent="100" />
    </mem>
    <remembered-set count="683" />
  </mem-info>
</gc-start>
<allocation-stats totalBytes="915400" discardedBytes="2104" >
  <allocated-bytes non-tlh="64" tlh="915336" />
  <largest-consumer threadName="main" threadId="0000000138897500" bytes="888616" />
</allocation-stats>
<gc-op id="356" type="scavenge" timems="0.349" contextid="353" timestamp="2024-12-13T12:32:39.725">
  <scavenger-info tenureage="4" tenuremask="7ff0" tiltratio="61" />
  <memory-copied type="nursery" objects="6450" bytes="593320" bytesdiscarded="57128" />
  <memory-copied type="tenure" objects="507" bytes="31592" bytesdiscarded="144" />
  <finalization candidates="19" enqueued="0" />
  <ownableSynchronizers candidates="43" cleared="12" />
  <references type="soft" candidates="26" cleared="0" enqueued="0" dynamicThreshold="32" maxThreshold="32" />
  <references type="weak" candidates="150" cleared="0" enqueued="0" />
  <references type="phantom" candidates="42" cleared="0" enqueued="0" />
  <object-monitors candidates="7" cleared="0"  />
</gc-op>
<gc-end id="357" type="scavenge" contextid="353" durationms="0.399" usertimems="2.934" systemtimems="0.103" stalltimems="0.425" timestamp="2024-12-13T12:32:39.725" activeThreads="4">
  <mem-info id="358" free="1877448" total="8650752" percent="21">
    <mem type="nursery" free="922112" total="2359296" percent="39">
      <mem type="allocate" free="922112" total="1572864" percent="58" />
      <mem type="survivor" free="0" total="786432" percent="0" />
    </mem>
    <mem type="tenure" free="955336" total="6291456" percent="15">
      <mem type="soa" free="639944" total="5976064" percent="10" />
      <mem type="loa" free="315392" total="315392" percent="100" />
    </mem>
    <remembered-set count="615" />
  </mem-info>
</gc-end>
<cycle-end id="359" type="scavenge" contextid="353" timestamp="2024-12-13T12:32:39.725" />
<allocation-satisfied id="360" threadId="0000000138897500" bytesRequested="80" />
<af-end id="361" timestamp="2024-12-13T12:32:39.725" threadId="0000000138897F90" success="true" from="nursery"/>
<exclusive-end id="362" timestamp="2024-12-13T12:32:39.725" durationms="0.519" />

<exclusive-start id="363" timestamp="2024-12-13T12:32:39.735" intervalms="10.513">
  <response-info timems="0.004" idlems="0.003" threads="1" lastid="0000000129020300" lastname="IProfiler" />
</exclusive-start>
<af-start id="364" threadId="0000000138897F90" totalBytesRequested="528" timestamp="2024-12-13T12:32:39.735" intervalms="10.495" type="nursery" />
<cycle-start id="365" type="scavenge" contextid="0" timestamp="2024-12-13T12:32:39.735" intervalms="10.495" />
<gc-start id="366" type="scavenge" contextid="365" timestamp="2024-12-13T12:32:39.735">
  <mem-info id="367" free="955336" total="8650752" percent="11">
    <mem type="nursery" free="0" total="2359296" percent="0">
      <mem type="allocate" free="0" total="1572864" percent="0" />
      <mem type="survivor" free="0" total="786432" percent="0" />
    </mem>
    <mem type="tenure" free="955336" total="6291456" percent="15">
      <mem type="soa" free="639944" total="5976064" percent="10" />
      <mem type="loa" free="315392" total="315392" percent="100" />
    </mem>
    <remembered-set count="628" />
  </mem-info>
</gc-start>
<allocation-stats totalBytes="921272" discardedBytes="840" >
  <allocated-bytes non-tlh="80" tlh="921192" />
  <largest-consumer threadName="main" threadId="0000000138897500" bytes="917176" />
</allocation-stats>
<gc-op id="368" type="scavenge" timems="0.418" contextid="365" timestamp="2024-12-13T12:32:39.735">
  <scavenger-info tenureage="3" tenuremask="7ff8" tiltratio="66" />
  <memory-copied type="nursery" objects="6899" bytes="579584" bytesdiscarded="72704" />
  <memory-copied type="tenure" objects="1654" bytes="173016" bytesdiscarded="664" />
  <finalization candidates="19" enqueued="0" />
  <ownableSynchronizers candidates="56" cleared="15" />
  <references type="soft" candidates="26" cleared="0" enqueued="0" dynamicThreshold="32" maxThreshold="32" />
  <references type="weak" candidates="136" cleared="0" enqueued="0" />
  <references type="phantom" candidates="42" cleared="0" enqueued="0" />
  <object-monitors candidates="7" cleared="0"  />
</gc-op>
<gc-end id="369" type="scavenge" contextid="365" durationms="0.484" usertimems="0.922" systemtimems="0.124" stalltimems="0.610" timestamp="2024-12-13T12:32:39.735" activeThreads="4">
  <mem-info id="370" free="1819944" total="8650752" percent="21">
    <mem type="nursery" free="985784" total="2359296" percent="41">
      <mem type="allocate" free="985784" total="1638400" percent="60" />
      <mem type="survivor" free="0" total="720896" percent="0" />
    </mem>
    <mem type="tenure" free="834160" total="6291456" percent="13">
      <mem type="soa" free="518768" total="5976064" percent="8" />
      <mem type="loa" free="315392" total="315392" percent="100" />
    </mem>
    <remembered-set count="454" />
  </mem-info>
</gc-end>
<cycle-end id="371" type="scavenge" contextid="365" timestamp="2024-12-13T12:32:39.736" />
<allocation-satisfied id="372" threadId="0000000138897500" bytesRequested="528" />
<af-end id="373" timestamp="2024-12-13T12:32:39.736" threadId="0000000138897F90" success="true" from="nursery"/>
<exclusive-end id="374" timestamp="2024-12-13T12:32:39.736" durationms="0.585" />

<concurrent-kickoff id="375" timestamp="2024-12-13T12:32:39.742">
  <kickoff reason="threshold reached" targetBytes="1867303" thresholdFreeBytes="258076"  remainingFree="174248" tenureFreeBytes="834160" nurseryFreeBytes="174248" />
</concurrent-kickoff>
<exclusive-start id="376" timestamp="2024-12-13T12:32:39.742" intervalms="7.380">
  <response-info timems="0.005" idlems="0.005" threads="0" lastid="0000000138897500" lastname="main" />
</exclusive-start>
<cycle-start id="377" type="global" contextid="0" timestamp="2024-12-13T12:32:39.742" intervalms="854.345" />
<concurrent-start id="378" type="global mark" contextid="377" timestamp="2024-12-13T12:32:39.742">
</concurrent-start>
<exclusive-end id="379" timestamp="2024-12-13T12:32:39.742" durationms="0.019" />

<exclusive-start id="380" timestamp="2024-12-13T12:32:39.745" intervalms="2.988">
  <response-info timems="0.003" idlems="0.002" threads="1" lastid="0000000138922B00" lastname="Concurrent Mark Helper" />
</exclusive-start>
<af-start id="381" threadId="0000000138897F90" totalBytesRequested="992" timestamp="2024-12-13T12:32:39.745" intervalms="10.366" type="nursery" />
<cycle-start id="382" type="scavenge" contextid="0" timestamp="2024-12-13T12:32:39.745" intervalms="10.371" />
<gc-start id="383" type="scavenge" contextid="382" timestamp="2024-12-13T12:32:39.745">
  <mem-info id="384" free="834160" total="8650752" percent="9">
    <mem type="nursery" free="0" total="2359296" percent="0">
      <mem type="allocate" free="0" total="1638400" percent="0" />
      <mem type="survivor" free="0" total="720896" percent="0" />
    </mem>
    <mem type="tenure" free="834160" total="6291456" percent="13">
      <mem type="soa" free="518768" total="5976064" percent="8" />
      <mem type="loa" free="315392" total="315392" percent="100" />
    </mem>
    <remembered-set count="476" />
  </mem-info>
</gc-start>
<allocation-stats totalBytes="984176" discardedBytes="1608" >
  <allocated-bytes non-tlh="528" tlh="983648" />
  <largest-consumer threadName="main" threadId="0000000138897500" bytes="980080" />
</allocation-stats>
<gc-op id="385" type="scavenge" timems="0.386" contextid="382" timestamp="2024-12-13T12:32:39.746">
  <scavenger-info tenureage="3" tenuremask="7ff8" tiltratio="69" />
  <memory-copied type="nursery" objects="6400" bytes="550072" bytesdiscarded="71784" />
  <memory-copied type="tenure" objects="2613" bytes="214136" bytesdiscarded="80" />
  <finalization candidates="19" enqueued="0" />
  <ownableSynchronizers candidates="57" cleared="15" />
  <references type="weak" candidates="2" cleared="0" enqueued="0" />
  <references type="phantom" candidates="43" cleared="0" enqueued="0" />
  <object-monitors candidates="7" cleared="0"  />
</gc-op>
<gc-end id="386" type="scavenge" contextid="382" durationms="0.448" usertimems="2.250" systemtimems="0.227" stalltimems="0.350" timestamp="2024-12-13T12:32:39.746" activeThreads="4">
  <mem-info id="387" free="1622456" total="8650752" percent="18">
    <mem type="nursery" free="1016208" total="2359296" percent="43">
      <mem type="allocate" free="1016208" total="1638400" percent="62" />
      <mem type="survivor" free="0" total="720896" percent="0" />
    </mem>
    <mem type="tenure" free="606248" total="6291456" percent="9">
      <mem type="soa" free="290856" total="5976064" percent="4" />
      <mem type="loa" free="315392" total="315392" percent="100" />
    </mem>
    <remembered-set count="207" />
  </mem-info>
</gc-end>
<cycle-end id="388" type="scavenge" contextid="382" timestamp="2024-12-13T12:32:39.746" />
<allocation-satisfied id="389" threadId="0000000138897500" bytesRequested="992" />
<af-end id="390" timestamp="2024-12-13T12:32:39.746" threadId="0000000138897F90" success="true" from="nursery"/>
<exclusive-end id="391" timestamp="2024-12-13T12:32:39.746" durationms="0.550" />

<concurrent-end id="392" type="global mark" contextid="377" timestamp="2024-12-13T12:32:39.761">
<gc-op id="393" type="trace" timems="19.062" contextid="377" timestamp="2024-12-13T12:32:39.761">
  <trace bytesTraced="3678752" workStackOverflowCount="0" />
  <card-cleaning reason="card cleaning threshold reached" bytesTraced="39984" cardsCleaned="157" />
</gc-op>
</concurrent-end>

<exclusive-start id="394" timestamp="2024-12-13T12:32:39.761" intervalms="16.129">
  <response-info timems="0.005" idlems="0.005" threads="0" lastid="0000000138897500" lastname="main" />
</exclusive-start>
<concurrent-global-final id="395" timestamp="2024-12-13T12:32:39.761" contextid="377" intervalms="873.464" >
  <concurrent-trace-info reason="card cleaning threshold reached" tracedByMutators="235776" tracedByHelpers="3482960" cardsCleaned="157" workStackOverflowCount="0" />
</concurrent-global-final>
<gc-start id="396" type="global" contextid="377" timestamp="2024-12-13T12:32:39.761">
  <mem-info id="397" free="603664" total="8650752" percent="6">
    <mem type="nursery" free="0" total="2359296" percent="0">
      <mem type="allocate" free="0" total="1638400" percent="0" />
      <mem type="survivor" free="0" total="720896" percent="0" />
    </mem>
    <mem type="tenure" free="603664" total="6291456" percent="9">
      <mem type="soa" free="288272" total="5976064" percent="4" />
      <mem type="loa" free="315392" total="315392" percent="100" />
    </mem>
    <remembered-set count="303" />
  </mem-info>
</gc-start>
<allocation-stats totalBytes="1018400" discardedBytes="392" >
  <allocated-bytes non-tlh="3576" tlh="1014824" />
  <largest-consumer threadName="main" threadId="0000000138897500" bytes="1014304" />
</allocation-stats>
<gc-op id="398" type="rs-scan" timems="0.424" contextid="377" timestamp="2024-12-13T12:32:39.762">
  <scan objectsFound="9278" bytesTraced="490328" workStackOverflowCount="0" />
</gc-op>
<gc-op id="399" type="card-cleaning" timems="0.029" contextid="377" timestamp="2024-12-13T12:32:39.762">
  <card-cleaning cardsCleaned="1" bytesTraced="512" workStackOverflowCount="0" />
</gc-op>
<gc-op id="400" type="mark" timems="0.991" contextid="377" timestamp="2024-12-13T12:32:39.763">
  <trace-info objectcount="578" scancount="563" scanbytes="26368" />
  <finalization candidates="99" enqueued="0" />
  <ownableSynchronizers candidates="94" cleared="7" />
  <references type="soft" candidates="755" cleared="0" enqueued="0" dynamicThreshold="32" maxThreshold="32" />
  <references type="weak" candidates="2413" cleared="125" enqueued="68" />
  <references type="phantom" candidates="113" cleared="0" enqueued="0" />
  <stringconstants candidates="8481" cleared="12"  />
  <object-monitors candidates="7" cleared="1"  />
</gc-op>
<gc-op id="401" type="classunload" timems="0.002" contextid="377" timestamp="2024-12-13T12:32:39.763">
  <classunload-info classloadercandidates="10" classloadersunloaded="0" classesunloaded="0" anonymousclassesunloaded="0" quiescems="0.000" setupms="0.001" scanms="0.000" postms="0.000" />
</gc-op>
<gc-op id="402" type="sweep" timems="0.169" contextid="377" timestamp="2024-12-13T12:32:39.763" />
<heap-resize id="403" type="expand" space="tenure" amount="1638400" count="1" timems="0.025" reason="insufficient free space following gc" timestamp="2024-12-13T12:32:39.763" />
<gc-end id="404" type="global" contextid="377" durationms="1.766" usertimems="4.143" systemtimems="0.453" stalltimems="2.195" timestamp="2024-12-13T12:32:39.763" activeThreads="4">
  <mem-info id="405" free="3323336" total="10289152" percent="32">
    <mem type="nursery" free="898000" total="2359296" percent="38">
      <mem type="allocate" free="898000" total="1638400" percent="54" />
      <mem type="survivor" free="0" total="720896" percent="0" />
    </mem>
    <mem type="tenure" free="2425336" total="7929856" percent="30" micro-fragmented="216472" macro-fragmented="0">
      <mem type="soa" free="2028024" total="7532544" percent="26" />
      <mem type="loa" free="397312" total="397312" percent="100" />
    </mem>
    <pending-finalizers system="0" default="0" reference="68" classloader="0" />
    <remembered-set count="299" />
  </mem-info>
</gc-end>
<cycle-end id="406" type="global" contextid="377" timestamp="2024-12-13T12:32:39.763" />
<exclusive-end id="407" timestamp="2024-12-13T12:32:39.763" durationms="1.846" />

<exclusive-start id="408" timestamp="2024-12-13T12:32:39.774" intervalms="13.038">
  <response-info timems="0.003" idlems="0.003" threads="0" lastid="0000000138897500" lastname="main" />
</exclusive-start>
<af-start id="409" threadId="0000000138897F90" totalBytesRequested="24" timestamp="2024-12-13T12:32:39.775" intervalms="29.176" type="nursery" />
<cycle-start id="410" type="scavenge" contextid="0" timestamp="2024-12-13T12:32:39.775" intervalms="29.177" />
<gc-start id="411" type="scavenge" contextid="410" timestamp="2024-12-13T12:32:39.775">
  <mem-info id="412" free="2423760" total="10289152" percent="23">
    <mem type="nursery" free="0" total="2359296" percent="0">
      <mem type="allocate" free="0" total="1638400" percent="0" />
      <mem type="survivor" free="0" total="720896" percent="0" />
    </mem>
    <mem type="tenure" free="2423760" total="7929856" percent="30">
      <mem type="soa" free="2026448" total="7532544" percent="26" />
      <mem type="loa" free="397312" total="397312" percent="100" />
    </mem>
    <remembered-set count="379" />
  </mem-info>
</gc-start>
<allocation-stats totalBytes="871568" discardedBytes="22544" >
  <allocated-bytes non-tlh="165760" tlh="705808" />
  <largest-consumer threadName="main" threadId="0000000138897500" bytes="869544" />
</allocation-stats>
<gc-op id="413" type="scavenge" timems="0.414" contextid="410" timestamp="2024-12-13T12:32:39.775">
  <scavenger-info tenureage="2" tenuremask="7ffc" tiltratio="69" />
  <memory-copied type="nursery" objects="5924" bytes="541832" bytesdiscarded="178584" />
  <memory-copied type="tenure" objects="5127" bytes="410640" bytesdiscarded="4944" />
  <copy-failed type="nursery" objects="948" bytes="51280" />
  <ownableSynchronizers candidates="142" cleared="110" />
  <references type="weak" candidates="4" cleared="4" enqueued="4" />
  <references type="phantom" candidates="18" cleared="0" enqueued="0" />
  <object-monitors candidates="6" cleared="0"  />
</gc-op>
<gc-end id="414" type="scavenge" contextid="410" durationms="0.507" usertimems="1.233" systemtimems="0.225" stalltimems="0.575" timestamp="2024-12-13T12:32:39.775" activeThreads="5">
  <mem-info id="415" free="2399744" total="10289152" percent="23">
    <mem type="nursery" free="851968" total="2359296" percent="36">
      <mem type="allocate" free="851968" total="1572864" percent="54" />
      <mem type="survivor" free="0" total="786432" percent="0" />
    </mem>
    <mem type="tenure" free="1547776" total="7929856" percent="19">
      <mem type="soa" free="1150464" total="7532544" percent="15" />
      <mem type="loa" free="397312" total="397312" percent="100" />
    </mem>
    <pending-finalizers system="0" default="0" reference="4" classloader="0" />
    <remembered-set count="386" />
  </mem-info>
</gc-end>
<cycle-end id="416" type="scavenge" contextid="410" timestamp="2024-12-13T12:32:39.775" />
<allocation-satisfied id="417" threadId="0000000138897500" bytesRequested="24" />
<af-end id="418" timestamp="2024-12-13T12:32:39.775" threadId="0000000138897F90" success="true" from="nursery"/>
<exclusive-end id="419" timestamp="2024-12-13T12:32:39.775" durationms="0.643" />

<exclusive-start id="420" timestamp="2024-12-13T12:32:39.785" intervalms="10.969">
  <response-info timems="0.007" idlems="0.005" threads="1" lastid="0000000129020300" lastname="IProfiler" />
</exclusive-start>
<af-start id="421" threadId="0000000138897F90" totalBytesRequested="2064" timestamp="2024-12-13T12:32:39.785" intervalms="10.965" type="nursery" />
<cycle-start id="422" type="scavenge" contextid="0" timestamp="2024-12-13T12:32:39.785" intervalms="10.964" />
<gc-start id="423" type="scavenge" contextid="422" timestamp="2024-12-13T12:32:39.786">
  <mem-info id="424" free="1545936" total="10289152" percent="15">
    <mem type="nursery" free="0" total="2359296" percent="0">
      <mem type="allocate" free="0" total="1572864" percent="0" />
      <mem type="survivor" free="0" total="786432" percent="0" />
    </mem>
    <mem type="tenure" free="1545936" total="7929856" percent="19">
      <mem type="soa" free="1148624" total="7532544" percent="15" />
      <mem type="loa" free="397312" total="397312" percent="100" />
    </mem>
    <remembered-set count="443" />
  </mem-info>
</gc-start>
<allocation-stats totalBytes="851720" discardedBytes="2088" >
  <allocated-bytes non-tlh="1864" tlh="849856" />
  <largest-consumer threadName="main" threadId="0000000138897500" bytes="851720" />
</allocation-stats>
<gc-op id="425" type="scavenge" timems="0.350" contextid="422" timestamp="2024-12-13T12:32:39.786">
  <scavenger-info tenureage="1" tenuremask="7ffe" tiltratio="66" />
  <memory-copied type="nursery" objects="1971" bytes="118488" bytesdiscarded="88392" />
  <memory-copied type="tenure" objects="3875" bytes="274056" bytesdiscarded="752" />
  <ownableSynchronizers candidates="14" cleared="0" />
  <references type="weak" candidates="18" cleared="8" enqueued="6" />
  <object-monitors candidates="6" cleared="0"  />
</gc-op>
<gc-end id="426" type="scavenge" contextid="422" durationms="0.405" usertimems="0.786" systemtimems="0.162" stalltimems="0.758" timestamp="2024-12-13T12:32:39.786" activeThreads="5">
  <mem-info id="427" free="2745520" total="10289152" percent="26">
    <mem type="nursery" free="1431520" total="2359296" percent="60">
      <mem type="allocate" free="1431520" total="1638400" percent="87" />
      <mem type="survivor" free="0" total="720896" percent="0" />
    </mem>
    <mem type="tenure" free="1314000" total="7929856" percent="16">
      <mem type="soa" free="916688" total="7532544" percent="12" />
      <mem type="loa" free="397312" total="397312" percent="100" />
    </mem>
    <pending-finalizers system="0" default="0" reference="6" classloader="0" />
    <remembered-set count="256" />
  </mem-info>
</gc-end>
<cycle-end id="428" type="scavenge" contextid="422" timestamp="2024-12-13T12:32:39.786" />
<allocation-satisfied id="429" threadId="0000000138897500" bytesRequested="2064" />
<af-end id="430" timestamp="2024-12-13T12:32:39.786" threadId="0000000138897F90" success="true" from="nursery"/>
<exclusive-end id="431" timestamp="2024-12-13T12:32:39.786" durationms="0.530" />

<exclusive-start id="432" timestamp="2024-12-13T12:32:39.795" intervalms="10.027">
  <response-info timems="0.004" idlems="0.003" threads="1" lastid="0000000129020300" lastname="IProfiler" />
</exclusive-start>
<af-start id="433" threadId="0000000138897F90" totalBytesRequested="2064" timestamp="2024-12-13T12:32:39.795" intervalms="10.032" type="nursery" />
<cycle-start id="434" type="scavenge" contextid="0" timestamp="2024-12-13T12:32:39.796" intervalms="10.027" />
<gc-start id="435" type="scavenge" contextid="434" timestamp="2024-12-13T12:32:39.796">
  <mem-info id="436" free="1314000" total="10289152" percent="12">
    <mem type="nursery" free="0" total="2359296" percent="0">
      <mem type="allocate" free="0" total="1638400" percent="0" />
      <mem type="survivor" free="0" total="720896" percent="0" />
    </mem>
    <mem type="tenure" free="1314000" total="7929856" percent="16">
      <mem type="soa" free="916688" total="7532544" percent="12" />
      <mem type="loa" free="397312" total="397312" percent="100" />
    </mem>
    <remembered-set count="267" />
  </mem-info>
</gc-start>
<allocation-stats totalBytes="1429480" discardedBytes="2040" >
  <allocated-bytes non-tlh="2064" tlh="1427416" />
  <largest-consumer threadName="main" threadId="0000000138897500" bytes="1425384" />
</allocation-stats>
<gc-op id="437" type="scavenge" timems="0.232" contextid="434" timestamp="2024-12-13T12:32:39.796">
  <scavenger-info tenureage="2" tenuremask="7ffc" tiltratio="69" />
  <memory-copied type="nursery" objects="2296" bytes="139368" bytesdiscarded="40872" />
  <references type="weak" candidates="10" cleared="0" enqueued="0" />
  <object-monitors candidates="6" cleared="0"  />
</gc-op>
<gc-end id="438" type="scavenge" contextid="434" durationms="0.283" usertimems="0.385" systemtimems="0.119" stalltimems="0.579" timestamp="2024-12-13T12:32:39.796" activeThreads="5">
  <mem-info id="439" free="2837696" total="10289152" percent="27">
    <mem type="nursery" free="1523696" total="2359296" percent="64">
      <mem type="allocate" free="1523696" total="1703936" percent="89" />
      <mem type="survivor" free="0" total="655360" percent="0" />
    </mem>
    <mem type="tenure" free="1314000" total="7929856" percent="16">
      <mem type="soa" free="916688" total="7532544" percent="12" />
      <mem type="loa" free="397312" total="397312" percent="100" />
    </mem>
    <remembered-set count="184" />
  </mem-info>
</gc-end>
<cycle-end id="440" type="scavenge" contextid="434" timestamp="2024-12-13T12:32:39.796" />
<allocation-satisfied id="441" threadId="0000000138897500" bytesRequested="2064" />
<af-end id="442" timestamp="2024-12-13T12:32:39.796" threadId="0000000138897F90" success="true" from="nursery"/>
<exclusive-end id="443" timestamp="2024-12-13T12:32:39.796" durationms="0.389" />

<exclusive-start id="444" timestamp="2024-12-13T12:32:39.805" intervalms="9.933">
  <response-info timems="0.009" idlems="0.009" threads="0" lastid="0000000138897500" lastname="main" />
</exclusive-start>
<af-start id="445" threadId="0000000138897F90" totalBytesRequested="64" timestamp="2024-12-13T12:32:39.805" intervalms="9.939" type="nursery" />
<cycle-start id="446" type="scavenge" contextid="0" timestamp="2024-12-13T12:32:39.805" intervalms="9.940" />
<gc-start id="447" type="scavenge" contextid="446" timestamp="2024-12-13T12:32:39.805">
  <mem-info id="448" free="1314000" total="10289152" percent="12">
    <mem type="nursery" free="0" total="2359296" percent="0">
      <mem type="allocate" free="0" total="1703936" percent="0" />
      <mem type="survivor" free="0" total="655360" percent="0" />
    </mem>
    <mem type="tenure" free="1314000" total="7929856" percent="16">
      <mem type="soa" free="916688" total="7532544" percent="12" />
      <mem type="loa" free="397312" total="397312" percent="100" />
    </mem>
    <remembered-set count="196" />
  </mem-info>
</gc-start>
<allocation-stats totalBytes="1522728" discardedBytes="968" >
  <allocated-bytes non-tlh="2064" tlh="1520664" />
  <largest-consumer threadName="main" threadId="0000000138897500" bytes="1522728" />
</allocation-stats>
<gc-op id="449" type="scavenge" timems="0.220" contextid="446" timestamp="2024-12-13T12:32:39.806">
  <scavenger-info tenureage="3" tenuremask="7ff8" tiltratio="72" />
  <memory-copied type="nursery" objects="3754" bytes="355448" bytesdiscarded="143592" />
  <references type="weak" candidates="10" cleared="0" enqueued="0" />
  <object-monitors candidates="6" cleared="0"  />
</gc-op>
<gc-end id="450" type="scavenge" contextid="446" durationms="0.272" usertimems="2.548" systemtimems="0.098" stalltimems="0.311" timestamp="2024-12-13T12:32:39.806" activeThreads="4">
  <mem-info id="451" free="2518896" total="10289152" percent="24">
    <mem type="nursery" free="1204896" total="2359296" percent="51">
      <mem type="allocate" free="1204896" total="1703936" percent="70" />
      <mem type="survivor" free="0" total="655360" percent="0" />
    </mem>
    <mem type="tenure" free="1314000" total="7929856" percent="16">
      <mem type="soa" free="916688" total="7532544" percent="12" />
      <mem type="loa" free="397312" total="397312" percent="100" />
    </mem>
    <remembered-set count="186" />
  </mem-info>
</gc-end>
<cycle-end id="452" type="scavenge" contextid="446" timestamp="2024-12-13T12:32:39.806" />
<allocation-satisfied id="453" threadId="0000000138897500" bytesRequested="64" />
<af-end id="454" timestamp="2024-12-13T12:32:39.806" threadId="0000000138897F90" success="true" from="nursery"/>
<exclusive-end id="455" timestamp="2024-12-13T12:32:39.806" durationms="0.390" />

<exclusive-start id="456" timestamp="2024-12-13T12:32:39.814" intervalms="8.763">
  <response-info timems="0.005" idlems="0.003" threads="1" lastid="0000000129020300" lastname="IProfiler" />
</exclusive-start>
<af-start id="457" threadId="0000000138897F90" totalBytesRequested="40" timestamp="2024-12-13T12:32:39.814" intervalms="8.759" type="nursery" />
<cycle-start id="458" type="scavenge" contextid="0" timestamp="2024-12-13T12:32:39.814" intervalms="8.761" />
<gc-start id="459" type="scavenge" contextid="458" timestamp="2024-12-13T12:32:39.814">
  <mem-info id="460" free="1314000" total="10289152" percent="12">
    <mem type="nursery" free="0" total="2359296" percent="0">
      <mem type="allocate" free="0" total="1703936" percent="0" />
      <mem type="survivor" free="0" total="655360" percent="0" />
    </mem>
    <mem type="tenure" free="1314000" total="7929856" percent="16">
      <mem type="soa" free="916688" total="7532544" percent="12" />
      <mem type="loa" free="397312" total="397312" percent="100" />
    </mem>
    <remembered-set count="205" />
  </mem-info>
</gc-start>
<allocation-stats totalBytes="1203704" discardedBytes="1192" >
  <allocated-bytes non-tlh="64" tlh="1203640" />
  <largest-consumer threadName="main" threadId="0000000138897500" bytes="1203704" />
</allocation-stats>
<gc-op id="461" type="scavenge" timems="0.263" contextid="458" timestamp="2024-12-13T12:32:39.815">
  <scavenger-info tenureage="3" tenuremask="7ff8" tiltratio="72" />
  <memory-copied type="nursery" objects="1465" bytes="83704" bytesdiscarded="19976" />
  <memory-copied type="tenure" objects="1253" bytes="62720" bytesdiscarded="80" />
  <object-monitors candidates="6" cleared="0"  />
</gc-op>
<gc-end id="462" type="scavenge" contextid="458" durationms="0.316" usertimems="1.684" systemtimems="0.101" stalltimems="0.569" timestamp="2024-12-13T12:32:39.815" activeThreads="4">
  <mem-info id="463" free="2917584" total="10289152" percent="28">
    <mem type="nursery" free="1665792" total="2359296" percent="70">
      <mem type="allocate" free="1665792" total="1769472" percent="94" />
      <mem type="survivor" free="0" total="589824" percent="0" />
    </mem>
    <mem type="tenure" free="1251792" total="7929856" percent="15">
      <mem type="soa" free="854480" total="7532544" percent="11" />
      <mem type="loa" free="397312" total="397312" percent="100" />
    </mem>
    <remembered-set count="160" />
  </mem-info>
</gc-end>
<cycle-end id="464" type="scavenge" contextid="458" timestamp="2024-12-13T12:32:39.815" />
<allocation-satisfied id="465" threadId="0000000138897500" bytesRequested="40" />
<af-end id="466" timestamp="2024-12-13T12:32:39.815" threadId="0000000138897F90" success="true" from="nursery"/>
<exclusive-end id="467" timestamp="2024-12-13T12:32:39.815" durationms="0.437" />

<exclusive-start id="468" timestamp="2024-12-13T12:32:39.827" intervalms="12.559">
  <response-info timems="0.020" idlems="0.015" threads="1" lastid="0000000124046700" lastname="Framework Event Dispatcher: Equinox Container: c6926eca-9c4a-4a" />
</exclusive-start>
<af-start id="469" threadId="0000000138897F90" totalBytesRequested="64" timestamp="2024-12-13T12:32:39.827" intervalms="12.565" type="nursery" />
<cycle-start id="470" type="scavenge" contextid="0" timestamp="2024-12-13T12:32:39.827" intervalms="12.566" />
<gc-start id="471" type="scavenge" contextid="470" timestamp="2024-12-13T12:32:39.827">
  <mem-info id="472" free="1251024" total="10289152" percent="12">
    <mem type="nursery" free="0" total="2359296" percent="0">
      <mem type="allocate" free="0" total="1769472" percent="0" />
      <mem type="survivor" free="0" total="589824" percent="0" />
    </mem>
    <mem type="tenure" free="1251024" total="7929856" percent="15">
      <mem type="soa" free="853712" total="7532544" percent="11" />
      <mem type="loa" free="397312" total="397312" percent="100" />
    </mem>
    <remembered-set count="206" />
  </mem-info>
</gc-start>
<allocation-stats totalBytes="1664952" discardedBytes="1608" >
  <allocated-bytes non-tlh="808" tlh="1664144" />
  <largest-consumer threadName="main" threadId="0000000138897500" bytes="1664952" />
</allocation-stats>
<gc-op id="473" type="scavenge" timems="0.304" contextid="470" timestamp="2024-12-13T12:32:39.827">
  <scavenger-info tenureage="4" tenuremask="7ff0" tiltratio="75" />
  <memory-copied type="nursery" objects="3795" bytes="205712" bytesdiscarded="43504" />
  <references type="weak" candidates="2" cleared="2" enqueued="2" />
  <object-monitors candidates="6" cleared="0"  />
</gc-op>
<gc-end id="474" type="scavenge" contextid="470" durationms="0.353" usertimems="0.419" systemtimems="0.058" stalltimems="0.419" timestamp="2024-12-13T12:32:39.827" activeThreads="3">
  <mem-info id="475" free="2771280" total="10289152" percent="26">
    <mem type="nursery" free="1520256" total="2359296" percent="64">
      <mem type="allocate" free="1520256" total="1769472" percent="85" />
      <mem type="survivor" free="0" total="589824" percent="0" />
    </mem>
    <mem type="tenure" free="1251024" total="7929856" percent="15">
      <mem type="soa" free="853712" total="7532544" percent="11" />
      <mem type="loa" free="397312" total="397312" percent="100" />
    </mem>
    <pending-finalizers system="0" default="0" reference="2" classloader="0" />
    <remembered-set count="198" />
  </mem-info>
</gc-end>
<cycle-end id="476" type="scavenge" contextid="470" timestamp="2024-12-13T12:32:39.827" />
<allocation-satisfied id="477" threadId="0000000138897500" bytesRequested="64" />
<af-end id="478" timestamp="2024-12-13T12:32:39.827" threadId="0000000138897F90" success="true" from="nursery"/>
<exclusive-end id="479" timestamp="2024-12-13T12:32:39.827" durationms="0.480" />

<exclusive-start id="480" timestamp="2024-12-13T12:32:39.842" intervalms="15.573">
  <response-info timems="0.004" idlems="0.003" threads="2" lastid="00000001291ED300" lastname="Equinox start level thread - Equinox Container: c6926eca-9c4a-4" />
</exclusive-start>
<af-start id="481" threadId="00000001291D9390" totalBytesRequested="2232" timestamp="2024-12-13T12:32:39.842" intervalms="15.564" type="nursery" />
<cycle-start id="482" type="scavenge" contextid="0" timestamp="2024-12-13T12:32:39.842" intervalms="15.573" />
<gc-start id="483" type="scavenge" contextid="482" timestamp="2024-12-13T12:32:39.842">
  <mem-info id="484" free="1220336" total="10289152" percent="11">
    <mem type="nursery" free="0" total="2359296" percent="0">
      <mem type="allocate" free="0" total="1769472" percent="0" />
      <mem type="survivor" free="0" total="589824" percent="0" />
    </mem>
    <mem type="tenure" free="1220336" total="7929856" percent="15">
      <mem type="soa" free="823024" total="7532544" percent="10" />
      <mem type="loa" free="397312" total="397312" percent="100" />
    </mem>
    <remembered-set count="620" />
  </mem-info>
</gc-start>
<allocation-stats totalBytes="1455176" discardedBytes="95768" >
  <allocated-bytes non-tlh="45880" tlh="1409296" />
  <largest-consumer threadName="Equinox start level thread - Equinox Container: c6926eca-9c4a-4aa9-968f-23fc721bf490" threadId="00000001291D8900" bytes="497216" />
</allocation-stats>
<gc-op id="485" type="scavenge" timems="0.391" contextid="482" timestamp="2024-12-13T12:32:39.843">
  <scavenger-info tenureage="4" tenuremask="7ff0" tiltratio="75" />
  <memory-copied type="nursery" objects="5467" bytes="312984" bytesdiscarded="30160" />
  <memory-copied type="tenure" objects="308" bytes="16544" bytesdiscarded="0" />
  <finalization candidates="23" enqueued="0" />
  <ownableSynchronizers candidates="9" cleared="0" />
  <references type="soft" candidates="6" cleared="0" enqueued="0" dynamicThreshold="9" maxThreshold="32" />
  <references type="weak" candidates="311" cleared="126" enqueued="98" />
  <references type="phantom" candidates="1" cleared="0" enqueued="0" />
  <object-monitors candidates="15" cleared="7"  />
</gc-op>
<gc-end id="486" type="scavenge" contextid="482" durationms="0.477" usertimems="0.768" systemtimems="0.120" stalltimems="0.319" timestamp="2024-12-13T12:32:39.843" activeThreads="3">
  <mem-info id="487" free="2691312" total="10289152" percent="26">
    <mem type="nursery" free="1491712" total="2359296" percent="63">
      <mem type="allocate" free="1491712" total="1835008" percent="81" />
      <mem type="survivor" free="0" total="524288" percent="0" />
    </mem>
    <mem type="tenure" free="1199600" total="7929856" percent="15">
      <mem type="soa" free="802288" total="7532544" percent="10" />
      <mem type="loa" free="397312" total="397312" percent="100" />
    </mem>
    <pending-finalizers system="0" default="0" reference="98" classloader="0" />
    <remembered-set count="573" />
  </mem-info>
</gc-end>
<cycle-end id="488" type="scavenge" contextid="482" timestamp="2024-12-13T12:32:39.843" />
<allocation-satisfied id="489" threadId="00000001291D8900" bytesRequested="2232" />
<af-end id="490" timestamp="2024-12-13T12:32:39.843" threadId="00000001291D9390" success="true" from="nursery"/>
<exclusive-end id="491" timestamp="2024-12-13T12:32:39.843" durationms="0.619" />

<exclusive-start id="492" timestamp="2024-12-13T12:32:39.864" intervalms="21.411">
  <response-info timems="0.019" idlems="0.014" threads="3" lastid="00000001291ED300" lastname="Equinox start level thread - Equinox Container: c6926eca-9c4a-4" />
</exclusive-start>
<af-start id="493" threadId="00000001291D9390" totalBytesRequested="72" timestamp="2024-12-13T12:32:39.864" intervalms="21.411" type="nursery" />
<cycle-start id="494" type="scavenge" contextid="0" timestamp="2024-12-13T12:32:39.864" intervalms="21.407" />
<gc-start id="495" type="scavenge" contextid="494" timestamp="2024-12-13T12:32:39.864">
  <mem-info id="496" free="1115064" total="10289152" percent="10">
    <mem type="nursery" free="0" total="2359296" percent="0">
      <mem type="allocate" free="0" total="1835008" percent="0" />
      <mem type="survivor" free="0" total="524288" percent="0" />
    </mem>
    <mem type="tenure" free="1115064" total="7929856" percent="14">
      <mem type="soa" free="717752" total="7532544" percent="9" />
      <mem type="loa" free="397312" total="397312" percent="100" />
    </mem>
    <remembered-set count="1616" />
  </mem-info>
</gc-start>
<allocation-stats totalBytes="1546680" discardedBytes="29568" >
  <allocated-bytes non-tlh="86768" tlh="1459912" />
  <largest-consumer threadName="Equinox start level thread - Equinox Container: c6926eca-9c4a-4aa9-968f-23fc721bf490" threadId="00000001291D8900" bytes="926832" />
</allocation-stats>
<gc-op id="497" type="scavenge" timems="0.634" contextid="494" timestamp="2024-12-13T12:32:39.864">
  <scavenger-info tenureage="2" tenuremask="7ff4" tiltratio="77" />
  <memory-copied type="nursery" objects="9154" bytes="508816" bytesdiscarded="15392" />
  <memory-copied type="tenure" objects="4573" bytes="246584" bytesdiscarded="56" />
  <copy-failed type="nursery" objects="1520" bytes="78992" />
  <finalization candidates="23" enqueued="0" />
  <ownableSynchronizers candidates="9" cleared="0" />
  <references type="soft" candidates="1317" cleared="0" enqueued="0" dynamicThreshold="9" maxThreshold="32" />
  <references type="weak" candidates="256" cleared="55" enqueued="46" />
  <object-monitors candidates="8" cleared="0"  />
</gc-op>
<gc-end id="498" type="scavenge" contextid="494" durationms="0.712" usertimems="1.549" systemtimems="0.118" stalltimems="0.276" timestamp="2024-12-13T12:32:39.865" activeThreads="3">
  <mem-info id="499" free="1642680" total="10289152" percent="15">
    <mem type="nursery" free="786432" total="2359296" percent="33">
      <mem type="allocate" free="786432" total="1310720" percent="60" />
      <mem type="survivor" free="0" total="1048576" percent="0" />
    </mem>
    <mem type="tenure" free="856248" total="7929856" percent="10">
      <mem type="soa" free="458936" total="7532544" percent="6" />
      <mem type="loa" free="397312" total="397312" percent="100" />
    </mem>
    <pending-finalizers system="0" default="0" reference="46" classloader="0" />
    <remembered-set count="2242" />
  </mem-info>
</gc-end>
<cycle-end id="500" type="scavenge" contextid="494" timestamp="2024-12-13T12:32:39.865" />
<allocation-satisfied id="501" threadId="00000001291D8900" bytesRequested="72" />
<af-end id="502" timestamp="2024-12-13T12:32:39.865" threadId="00000001291D9390" success="true" from="nursery"/>
<exclusive-end id="503" timestamp="2024-12-13T12:32:39.865" durationms="0.848" />

<concurrent-kickoff id="504" timestamp="2024-12-13T12:32:39.867">
  <kickoff reason="threshold reached" targetBytes="2763763" thresholdFreeBytes="381772"  remainingFree="376760" tenureFreeBytes="844800" nurseryFreeBytes="376760" />
</concurrent-kickoff>
<exclusive-start id="505" timestamp="2024-12-13T12:32:39.868" intervalms="3.879">
  <response-info timems="0.144" idlems="0.049" threads="3" lastid="00000001291E6B00" lastname="Equinox start level thread - Equinox Container: c6926eca-9c4a-4" />
</exclusive-start>
<cycle-start id="506" type="global" contextid="0" timestamp="2024-12-13T12:32:39.868" intervalms="125.283" />
<concurrent-start id="507" type="global mark" contextid="506" timestamp="2024-12-13T12:32:39.868">
</concurrent-start>
<exclusive-end id="508" timestamp="2024-12-13T12:32:39.868" durationms="0.030" />

<concurrent-end id="509" type="global mark" contextid="506" timestamp="2024-12-13T12:32:39.878">
<gc-op id="510" type="trace" timems="10.078" contextid="506" timestamp="2024-12-13T12:32:39.878">
  <trace bytesTraced="4252112" workStackOverflowCount="0" />
  <card-cleaning reason="card cleaning threshold reached" bytesTraced="32568" cardsCleaned="118" />
</gc-op>
</concurrent-end>

<exclusive-start id="511" timestamp="2024-12-13T12:32:39.878" intervalms="10.136">
  <response-info timems="0.007" idlems="0.004" threads="1" lastid="00000001291D8900" lastname="Equinox start level thread - Equinox Container: c6926eca-9c4a-4" />
</exclusive-start>
<concurrent-global-final id="512" timestamp="2024-12-13T12:32:39.878" contextid="506" intervalms="116.292" >
  <concurrent-trace-info reason="card cleaning threshold reached" tracedByMutators="77488" tracedByHelpers="4207192" cardsCleaned="118" workStackOverflowCount="0" />
</concurrent-global-final>
<gc-start id="513" type="global" contextid="506" timestamp="2024-12-13T12:32:39.878">
  <mem-info id="514" free="960104" total="10289152" percent="9">
    <mem type="nursery" free="143288" total="2359296" percent="6">
      <mem type="allocate" free="143288" total="1310720" percent="10" />
      <mem type="survivor" free="0" total="1048576" percent="0" />
    </mem>
    <mem type="tenure" free="816816" total="7929856" percent="10">
      <mem type="soa" free="419504" total="7532544" percent="5" />
      <mem type="loa" free="397312" total="397312" percent="100" />
    </mem>
    <remembered-set count="2771" />
  </mem-info>
</gc-start>
<allocation-stats totalBytes="675584" discardedBytes="6992" >
  <allocated-bytes non-tlh="39504" tlh="636080" />
  <largest-consumer threadName="Equinox start level thread - Equinox Container: c6926eca-9c4a-4aa9-968f-23fc721bf490" threadId="00000001291E6B00" bytes="274512" />
</allocation-stats>
<gc-op id="515" type="rs-scan" timems="0.258" contextid="506" timestamp="2024-12-13T12:32:39.878">
  <scan objectsFound="10121" bytesTraced="645120" workStackOverflowCount="0" />
</gc-op>
<gc-op id="516" type="card-cleaning" timems="0.039" contextid="506" timestamp="2024-12-13T12:32:39.878">
  <card-cleaning cardsCleaned="8" bytesTraced="2592" workStackOverflowCount="0" />
</gc-op>
<gc-op id="517" type="mark" timems="1.083" contextid="506" timestamp="2024-12-13T12:32:39.879">
  <trace-info objectcount="1622" scancount="1278" scanbytes="65152" />
  <finalization candidates="122" enqueued="0" />
  <ownableSynchronizers candidates="96" cleared="1" />
  <references type="soft" candidates="2939" cleared="0" enqueued="0" dynamicThreshold="9" maxThreshold="32" />
  <references type="weak" candidates="2576" cleared="66" enqueued="52" />
  <references type="phantom" candidates="115" cleared="0" enqueued="0" />
  <stringconstants candidates="9522" cleared="0"  />
  <object-monitors candidates="8" cleared="1"  />
</gc-op>
<gc-op id="518" type="classunload" timems="0.180" contextid="506" timestamp="2024-12-13T12:32:39.879">
  <classunload-info classloadercandidates="15" classloadersunloaded="0" classesunloaded="6" anonymousclassesunloaded="6" quiescems="0.000" setupms="0.177" scanms="0.003" postms="0.000" />
</gc-op>
<gc-op id="519" type="sweep" timems="0.176" contextid="506" timestamp="2024-12-13T12:32:39.880" />
<heap-resize id="520" type="expand" space="tenure" amount="1310720" count="1" timems="0.023" reason="insufficient free space following gc" timestamp="2024-12-13T12:32:39.880" />
<gc-end id="521" type="global" contextid="506" durationms="1.904" usertimems="3.226" systemtimems="0.398" stalltimems="2.302" timestamp="2024-12-13T12:32:39.880" activeThreads="4">
  <mem-info id="522" free="3483368" total="11599872" percent="30">
    <mem type="nursery" free="691608" total="2359296" percent="29">
      <mem type="allocate" free="691608" total="1310720" percent="52" />
      <mem type="survivor" free="0" total="1048576" percent="0" />
    </mem>
    <mem type="tenure" free="2791760" total="9240576" percent="30" micro-fragmented="213200" macro-fragmented="0">
      <mem type="soa" free="2328912" total="8777728" percent="26" />
      <mem type="loa" free="462848" total="462848" percent="100" />
    </mem>
    <pending-finalizers system="0" default="0" reference="52" classloader="0" />
    <remembered-set count="2430" />
  </mem-info>
</gc-end>
<cycle-end id="523" type="global" contextid="506" timestamp="2024-12-13T12:32:39.880" />
<exclusive-end id="524" timestamp="2024-12-13T12:32:39.880" durationms="1.997" />

<exclusive-start id="525" timestamp="2024-12-13T12:32:39.889" intervalms="11.436">
  <response-info timems="0.006" idlems="0.006" threads="0" lastid="00000001291D8900" lastname="Equinox start level thread - Equinox Container: c6926eca-9c4a-4" />
</exclusive-start>
<af-start id="526" threadId="00000001291D9390" totalBytesRequested="9696" timestamp="2024-12-13T12:32:39.889" intervalms="25.447" type="nursery" />
<cycle-start id="527" type="scavenge" contextid="0" timestamp="2024-12-13T12:32:39.889" intervalms="25.441" />
<gc-start id="528" type="scavenge" contextid="527" timestamp="2024-12-13T12:32:39.889">
  <mem-info id="529" free="2778736" total="11599872" percent="23">
    <mem type="nursery" free="39832" total="2359296" percent="1">
      <mem type="allocate" free="39832" total="1310720" percent="3" />
      <mem type="survivor" free="0" total="1048576" percent="0" />
    </mem>
    <mem type="tenure" free="2738904" total="9240576" percent="29">
      <mem type="soa" free="2276056" total="8777728" percent="25" />
      <mem type="loa" free="462848" total="462848" percent="100" />
    </mem>
    <remembered-set count="3149" />
  </mem-info>
</gc-start>
<allocation-stats totalBytes="686328" discardedBytes="14384" >
  <allocated-bytes non-tlh="240984" tlh="445344" />
  <largest-consumer threadName="Equinox start level thread - Equinox Container: c6926eca-9c4a-4aa9-968f-23fc721bf490" threadId="00000001291D8900" bytes="498280" />
</allocation-stats>
<gc-op id="530" type="scavenge" timems="0.479" contextid="527" timestamp="2024-12-13T12:32:39.890">
  <scavenger-info tenureage="3" tenuremask="7ff8" tiltratio="55" />
  <memory-copied type="nursery" objects="11772" bytes="626048" bytesdiscarded="75080" />
  <memory-copied type="tenure" objects="18" bytes="432" bytesdiscarded="0" />
  <finalization candidates="21" enqueued="0" />
  <ownableSynchronizers candidates="185" cleared="174" />
  <references type="soft" candidates="1573" cleared="0" enqueued="0" dynamicThreshold="9" maxThreshold="32" />
  <references type="weak" candidates="253" cleared="45" enqueued="41" />
  <references type="phantom" candidates="2" cleared="0" enqueued="0" />
  <object-monitors candidates="7" cleared="0"  />
</gc-op>
<gc-end id="531" type="scavenge" contextid="527" durationms="0.554" usertimems="3.771" systemtimems="0.159" stalltimems="0.323" timestamp="2024-12-13T12:32:39.890" activeThreads="4">
  <mem-info id="532" free="3511992" total="11599872" percent="30">
    <mem type="nursery" free="806112" total="2359296" percent="34">
      <mem type="allocate" free="806112" total="1507328" percent="53" />
      <mem type="survivor" free="0" total="851968" percent="0" />
    </mem>
    <mem type="tenure" free="2705880" total="9240576" percent="29">
      <mem type="soa" free="2243032" total="8777728" percent="25" />
      <mem type="loa" free="462848" total="462848" percent="100" />
    </mem>
    <pending-finalizers system="0" default="0" reference="41" classloader="0" />
    <remembered-set count="2968" />
  </mem-info>
</gc-end>
<cycle-end id="533" type="scavenge" contextid="527" timestamp="2024-12-13T12:32:39.890" />
<allocation-satisfied id="534" threadId="00000001291D8900" bytesRequested="9696" />
<af-end id="535" timestamp="2024-12-13T12:32:39.890" threadId="00000001291D9390" success="true" from="nursery"/>
<exclusive-end id="536" timestamp="2024-12-13T12:32:39.890" durationms="0.669" />

<exclusive-start id="537" timestamp="2024-12-13T12:32:39.927" intervalms="37.642">
  <response-info timems="0.019" idlems="0.013" threads="4" lastid="00000001291E6B00" lastname="Equinox start level thread - Equinox Container: c6926eca-9c4a-4" />
</exclusive-start>
<af-start id="538" threadId="00000001291EDD90" totalBytesRequested="21168" timestamp="2024-12-13T12:32:39.927" intervalms="37.653" type="nursery" />
<cycle-start id="539" type="scavenge" contextid="0" timestamp="2024-12-13T12:32:39.927" intervalms="37.664" />
<gc-start id="540" type="scavenge" contextid="539" timestamp="2024-12-13T12:32:39.927">
  <mem-info id="541" free="2682752" total="11599872" percent="23">
    <mem type="nursery" free="0" total="2359296" percent="0">
      <mem type="allocate" free="0" total="1507328" percent="0" />
      <mem type="survivor" free="0" total="851968" percent="0" />
    </mem>
    <mem type="tenure" free="2682752" total="9240576" percent="29">
      <mem type="soa" free="2219904" total="8777728" percent="25" />
      <mem type="loa" free="462848" total="462848" percent="100" />
    </mem>
    <remembered-set count="3274" />
  </mem-info>
</gc-start>
<allocation-stats totalBytes="790664" discardedBytes="37944" >
  <allocated-bytes non-tlh="32192" tlh="758472" />
  <largest-consumer threadName="Equinox start level thread - Equinox Container: c6926eca-9c4a-4aa9-968f-23fc721bf490" threadId="00000001291ED300" bytes="492376" />
</allocation-stats>
<gc-op id="542" type="scavenge" timems="0.515" contextid="539" timestamp="2024-12-13T12:32:39.927">
  <scavenger-info tenureage="2" tenuremask="7ffc" tiltratio="63" />
  <memory-copied type="nursery" objects="5215" bytes="323448" bytesdiscarded="317432" />
  <memory-copied type="tenure" objects="8062" bytes="418272" bytesdiscarded="824" />
  <finalization candidates="22" enqueued="0" />
  <ownableSynchronizers candidates="12" cleared="1" />
  <references type="soft" candidates="262" cleared="0" enqueued="0" dynamicThreshold="9" maxThreshold="32" />
  <references type="weak" candidates="103" cleared="36" enqueued="34" />
  <references type="phantom" candidates="4" cleared="0" enqueued="0" />
  <object-monitors candidates="8" cleared="0"  />
</gc-op>
<gc-end id="543" type="scavenge" contextid="539" durationms="0.599" usertimems="1.803" systemtimems="0.243" stalltimems="0.623" timestamp="2024-12-13T12:32:39.928" activeThreads="5">
  <mem-info id="544" free="3092984" total="11599872" percent="26">
    <mem type="nursery" free="931824" total="2359296" percent="39">
      <mem type="allocate" free="931824" total="1572864" percent="59" />
      <mem type="survivor" free="0" total="786432" percent="0" />
    </mem>
    <mem type="tenure" free="2161160" total="9240576" percent="23">
      <mem type="soa" free="1698312" total="8777728" percent="19" />
      <mem type="loa" free="462848" total="462848" percent="100" />
    </mem>
    <pending-finalizers system="0" default="0" reference="34" classloader="0" />
    <remembered-set count="1669" />
  </mem-info>
</gc-end>
<cycle-end id="545" type="scavenge" contextid="539" timestamp="2024-12-13T12:32:39.928" />
<allocation-satisfied id="546" threadId="00000001291ED300" bytesRequested="21168" />
<af-end id="547" timestamp="2024-12-13T12:32:39.928" threadId="00000001291EDD90" success="true" from="nursery"/>
<exclusive-end id="548" timestamp="2024-12-13T12:32:39.928" durationms="0.764" />

<exclusive-start id="549" timestamp="2024-12-13T12:32:39.952" intervalms="25.387">
  <response-info timems="0.037" idlems="0.019" threads="6" lastid="000000012900D500" lastname="JIT Compilation Thread-001" />
</exclusive-start>
<af-start id="550" threadId="00000001291E7590" totalBytesRequested="13328" timestamp="2024-12-13T12:32:39.952" intervalms="25.391" type="nursery" />
<cycle-start id="551" type="scavenge" contextid="0" timestamp="2024-12-13T12:32:39.952" intervalms="25.389" />
<gc-start id="552" type="scavenge" contextid="551" timestamp="2024-12-13T12:32:39.952">
  <mem-info id="553" free="2140672" total="11599872" percent="18">
    <mem type="nursery" free="0" total="2359296" percent="0">
      <mem type="allocate" free="0" total="1572864" percent="0" />
      <mem type="survivor" free="0" total="786432" percent="0" />
    </mem>
    <mem type="tenure" free="2140672" total="9240576" percent="23">
      <mem type="soa" free="1677824" total="8777728" percent="19" />
      <mem type="loa" free="462848" total="462848" percent="100" />
    </mem>
    <remembered-set count="1866" />
  </mem-info>
</gc-start>
<allocation-stats totalBytes="906256" discardedBytes="44672" >
  <allocated-bytes non-tlh="40272" tlh="865984" />
  <largest-consumer threadName="Equinox start level thread - Equinox Container: c6926eca-9c4a-4aa9-968f-23fc721bf490" threadId="00000001291E6B00" bytes="479248" />
</allocation-stats>
<gc-op id="554" type="scavenge" timems="0.342" contextid="551" timestamp="2024-12-13T12:32:39.953">
  <scavenger-info tenureage="2" tenuremask="7ffc" tiltratio="66" />
  <memory-copied type="nursery" objects="2349" bytes="145456" bytesdiscarded="306800" />
  <memory-copied type="tenure" objects="3487" bytes="186128" bytesdiscarded="544" />
  <finalization candidates="1" enqueued="0" />
  <ownableSynchronizers candidates="12" cleared="0" />
  <references type="soft" candidates="7" cleared="0" enqueued="0" dynamicThreshold="9" maxThreshold="32" />
  <references type="weak" candidates="146" cleared="95" enqueued="92" />
  <references type="phantom" candidates="1" cleared="0" enqueued="0" />
  <object-monitors candidates="8" cleared="0"  />
</gc-op>
<gc-end id="555" type="scavenge" contextid="551" durationms="0.415" usertimems="1.115" systemtimems="0.397" stalltimems="0.702" timestamp="2024-12-13T12:32:39.953" activeThreads="6">
  <mem-info id="556" free="2905504" total="11599872" percent="25">
    <mem type="nursery" free="1186048" total="2359296" percent="50">
      <mem type="allocate" free="1186048" total="1638400" percent="72" />
      <mem type="survivor" free="0" total="720896" percent="0" />
    </mem>
    <mem type="tenure" free="1719456" total="9240576" percent="18">
      <mem type="soa" free="1256608" total="8777728" percent="14" />
      <mem type="loa" free="462848" total="462848" percent="100" />
    </mem>
    <pending-finalizers system="0" default="0" reference="92" classloader="0" />
    <remembered-set count="650" />
  </mem-info>
</gc-end>
<cycle-end id="557" type="scavenge" contextid="551" timestamp="2024-12-13T12:32:39.953" />
<allocation-satisfied id="558" threadId="00000001291E6B00" bytesRequested="13328" />
<af-end id="559" timestamp="2024-12-13T12:32:39.953" threadId="00000001291E7590" success="true" from="nursery"/>
<exclusive-end id="560" timestamp="2024-12-13T12:32:39.953" durationms="0.583" />

<exclusive-start id="561" timestamp="2024-12-13T12:32:40.001" intervalms="48.346">
  <response-info timems="0.008" idlems="0.004" threads="1" lastid="00000001388DE500" lastname="JIT Compilation Thread-006" />
</exclusive-start>
<af-start id="562" threadId="00000001291E7590" totalBytesRequested="24192" timestamp="2024-12-13T12:32:40.001" intervalms="48.348" type="nursery" />
<cycle-start id="563" type="scavenge" contextid="0" timestamp="2024-12-13T12:32:40.001" intervalms="48.354" />
<gc-start id="564" type="scavenge" contextid="563" timestamp="2024-12-13T12:32:40.001">
  <mem-info id="565" free="1700856" total="11599872" percent="14">
    <mem type="nursery" free="0" total="2359296" percent="0">
      <mem type="allocate" free="0" total="1638400" percent="0" />
      <mem type="survivor" free="0" total="720896" percent="0" />
    </mem>
    <mem type="tenure" free="1700856" total="9240576" percent="18">
      <mem type="soa" free="1238008" total="8777728" percent="14" />
      <mem type="loa" free="462848" total="462848" percent="100" />
    </mem>
    <remembered-set count="857" />
  </mem-info>
</gc-start>
<allocation-stats totalBytes="1151568" discardedBytes="53080" >
  <allocated-bytes non-tlh="31928" tlh="1119640" />
  <largest-consumer threadName="Equinox start level thread - Equinox Container: c6926eca-9c4a-4aa9-968f-23fc721bf490" threadId="00000001291ED300" bytes="628968" />
</allocation-stats>
<gc-op id="566" type="scavenge" timems="0.428" contextid="563" timestamp="2024-12-13T12:32:40.001">
  <scavenger-info tenureage="3" tenuremask="7ff8" tiltratio="69" />
  <memory-copied type="nursery" objects="2968" bytes="192160" bytesdiscarded="76104" />
  <finalization candidates="1" enqueued="0" />
  <ownableSynchronizers candidates="17" cleared="0" />
  <references type="soft" candidates="33" cleared="0" enqueued="0" dynamicThreshold="9" maxThreshold="32" />
  <references type="weak" candidates="159" cleared="60" enqueued="54" />
  <references type="phantom" candidates="2" cleared="0" enqueued="0" />
  <object-monitors candidates="9" cleared="0"  />
</gc-op>
<gc-end id="567" type="scavenge" contextid="563" durationms="0.495" usertimems="1.272" systemtimems="0.545" stalltimems="1.339" timestamp="2024-12-13T12:32:40.001" activeThreads="6">
  <mem-info id="568" free="3136376" total="11599872" percent="27">
    <mem type="nursery" free="1435520" total="2359296" percent="60">
      <mem type="allocate" free="1435520" total="1703936" percent="84" />
      <mem type="survivor" free="0" total="655360" percent="0" />
    </mem>
    <mem type="tenure" free="1700856" total="9240576" percent="18">
      <mem type="soa" free="1238008" total="8777728" percent="14" />
      <mem type="loa" free="462848" total="462848" percent="100" />
    </mem>
    <pending-finalizers system="0" default="0" reference="54" classloader="0" />
    <remembered-set count="632" />
  </mem-info>
</gc-end>
<cycle-end id="569" type="scavenge" contextid="563" timestamp="2024-12-13T12:32:40.001" />
<allocation-satisfied id="570" threadId="00000001291E6B00" bytesRequested="24192" />
<af-end id="571" timestamp="2024-12-13T12:32:40.001" threadId="00000001291E7590" success="true" from="nursery"/>
<exclusive-end id="572" timestamp="2024-12-13T12:32:40.001" durationms="0.663" />

<exclusive-start id="573" timestamp="2024-12-13T12:32:40.066" intervalms="65.588">
  <response-info timems="0.012" idlems="0.006" threads="1" lastid="00000001291ED300" lastname="Equinox start level thread - Equinox Container: c6926eca-9c4a-4" />
</exclusive-start>
<af-start id="574" threadId="00000001291E7590" totalBytesRequested="26800" timestamp="2024-12-13T12:32:40.066" intervalms="65.591" type="nursery" />
<cycle-start id="575" type="scavenge" contextid="0" timestamp="2024-12-13T12:32:40.066" intervalms="65.602" />
<gc-start id="576" type="scavenge" contextid="575" timestamp="2024-12-13T12:32:40.066">
  <mem-info id="577" free="1658344" total="11599872" percent="14">
    <mem type="nursery" free="0" total="2359296" percent="0">
      <mem type="allocate" free="0" total="1703936" percent="0" />
      <mem type="survivor" free="0" total="655360" percent="0" />
    </mem>
    <mem type="tenure" free="1658344" total="9240576" percent="17">
      <mem type="soa" free="1195496" total="8777728" percent="13" />
      <mem type="loa" free="462848" total="462848" percent="100" />
    </mem>
    <remembered-set count="1170" />
  </mem-info>
</gc-start>
<allocation-stats totalBytes="1382336" discardedBytes="95696" >
  <allocated-bytes non-tlh="132256" tlh="1250080" />
  <largest-consumer threadName="Equinox start level thread - Equinox Container: c6926eca-9c4a-4aa9-968f-23fc721bf490" threadId="00000001291E6B00" bytes="772496" />
</allocation-stats>
<gc-op id="578" type="scavenge" timems="0.498" contextid="575" timestamp="2024-12-13T12:32:40.067">
  <scavenger-info tenureage="3" tenuremask="7ff8" tiltratio="72" />
  <memory-copied type="nursery" objects="1957" bytes="215168" bytesdiscarded="65344" />
  <memory-copied type="tenure" objects="1548" bytes="84384" bytesdiscarded="0" />
  <finalization candidates="2" enqueued="0" />
  <ownableSynchronizers candidates="20" cleared="0" />
  <references type="soft" candidates="28" cleared="0" enqueued="0" dynamicThreshold="9" maxThreshold="32" />
  <references type="weak" candidates="180" cleared="48" enqueued="39" />
  <object-monitors candidates="9" cleared="0"  />
</gc-op>
<gc-end id="579" type="scavenge" contextid="575" durationms="0.563" usertimems="1.050" systemtimems="0.220" stalltimems="1.274" timestamp="2024-12-13T12:32:40.067" activeThreads="5">
  <mem-info id="580" free="3126456" total="11599872" percent="26">
    <mem type="nursery" free="1488848" total="2359296" percent="63">
      <mem type="allocate" free="1488848" total="1769472" percent="84" />
      <mem type="survivor" free="0" total="589824" percent="0" />
    </mem>
    <mem type="tenure" free="1637608" total="9240576" percent="17">
      <mem type="soa" free="1174760" total="8777728" percent="13" />
      <mem type="loa" free="462848" total="462848" percent="100" />
    </mem>
    <pending-finalizers system="0" default="0" reference="39" classloader="0" />
    <remembered-set count="935" />
  </mem-info>
</gc-end>
<cycle-end id="581" type="scavenge" contextid="575" timestamp="2024-12-13T12:32:40.067" />
<allocation-satisfied id="582" threadId="00000001291E6B00" bytesRequested="26800" />
<af-end id="583" timestamp="2024-12-13T12:32:40.067" threadId="00000001291E7590" success="true" from="nursery"/>
<exclusive-end id="584" timestamp="2024-12-13T12:32:40.067" durationms="0.740" />

<exclusive-start id="585" timestamp="2024-12-13T12:32:40.088" intervalms="21.843">
  <response-info timems="0.019" idlems="0.015" threads="1" lastid="00000001291E6B00" lastname="Equinox start level thread - Equinox Container: c6926eca-9c4a-4" />
</exclusive-start>
<af-start id="586" threadId="00000001291EDD90" totalBytesRequested="4272" timestamp="2024-12-13T12:32:40.088" intervalms="21.839" type="nursery" />
<cycle-start id="587" type="scavenge" contextid="0" timestamp="2024-12-13T12:32:40.088" intervalms="21.827" />
<gc-start id="588" type="scavenge" contextid="587" timestamp="2024-12-13T12:32:40.088">
  <mem-info id="589" free="1624544" total="11599872" percent="14">
    <mem type="nursery" free="0" total="2359296" percent="0">
      <mem type="allocate" free="0" total="1769472" percent="0" />
      <mem type="survivor" free="0" total="589824" percent="0" />
    </mem>
    <mem type="tenure" free="1624544" total="9240576" percent="17">
      <mem type="soa" free="1161696" total="8777728" percent="13" />
      <mem type="loa" free="462848" total="462848" percent="100" />
    </mem>
    <remembered-set count="1061" />
  </mem-info>
</gc-start>
<allocation-stats totalBytes="1413648" discardedBytes="88264" >
  <allocated-bytes non-tlh="368712" tlh="1044936" />
  <largest-consumer threadName="Equinox start level thread - Equinox Container: c6926eca-9c4a-4aa9-968f-23fc721bf490" threadId="00000001291ED300" bytes="717736" />
</allocation-stats>
<gc-op id="590" type="scavenge" timems="0.427" contextid="587" timestamp="2024-12-13T12:32:40.089">
  <scavenger-info tenureage="3" tenuremask="7ff8" tiltratio="75" />
  <memory-copied type="nursery" objects="1602" bytes="216624" bytesdiscarded="109272" />
  <memory-copied type="tenure" objects="414" bytes="24064" bytesdiscarded="24" />
  <finalization candidates="2" enqueued="0" />
  <ownableSynchronizers candidates="19" cleared="0" />
  <references type="soft" candidates="27" cleared="0" enqueued="0" dynamicThreshold="9" maxThreshold="32" />
  <references type="weak" candidates="127" cleared="14" enqueued="14" />
  <references type="phantom" candidates="1" cleared="0" enqueued="0" />
  <object-monitors candidates="10" cleared="0"  />
</gc-op>
<gc-end id="591" type="scavenge" contextid="587" durationms="0.505" usertimems="2.653" systemtimems="0.389" stalltimems="1.078" timestamp="2024-12-13T12:32:40.089" activeThreads="5">
  <mem-info id="592" free="3112880" total="11599872" percent="26">
    <mem type="nursery" free="1509072" total="2359296" percent="63">
      <mem type="allocate" free="1509072" total="1835008" percent="82" />
      <mem type="survivor" free="0" total="524288" percent="0" />
    </mem>
    <mem type="tenure" free="1603808" total="9240576" percent="17">
      <mem type="soa" free="1140960" total="8777728" percent="12" />
      <mem type="loa" free="462848" total="462848" percent="100" />
    </mem>
    <pending-finalizers system="0" default="0" reference="14" classloader="0" />
    <remembered-set count="889" />
  </mem-info>
</gc-end>
<cycle-end id="593" type="scavenge" contextid="587" timestamp="2024-12-13T12:32:40.089" />
<allocation-satisfied id="594" threadId="00000001291ED300" bytesRequested="4272" />
<af-end id="595" timestamp="2024-12-13T12:32:40.089" threadId="00000001291EDD90" success="true" from="nursery"/>
<exclusive-end id="596" timestamp="2024-12-13T12:32:40.089" durationms="0.673" />

<exclusive-start id="597" timestamp="2024-12-13T12:32:40.144" intervalms="56.450">
  <response-info timems="0.027" idlems="0.014" threads="3" lastid="00000001291ED300" lastname="Equinox start level thread - Equinox Container: c6926eca-9c4a-4" />
</exclusive-start>
<af-start id="598" threadId="00000001291E7590" totalBytesRequested="8720" timestamp="2024-12-13T12:32:40.144" intervalms="56.449" type="nursery" />
<cycle-start id="599" type="scavenge" contextid="0" timestamp="2024-12-13T12:32:40.144" intervalms="56.453" />
<gc-start id="600" type="scavenge" contextid="599" timestamp="2024-12-13T12:32:40.145">
  <mem-info id="601" free="1585784" total="11599872" percent="13">
    <mem type="nursery" free="0" total="2359296" percent="0">
      <mem type="allocate" free="0" total="1835008" percent="0" />
      <mem type="survivor" free="0" total="524288" percent="0" />
    </mem>
    <mem type="tenure" free="1585784" total="9240576" percent="17">
      <mem type="soa" free="1122936" total="8777728" percent="12" />
      <mem type="loa" free="462848" total="462848" percent="100" />
    </mem>
    <remembered-set count="1083" />
  </mem-info>
</gc-start>
<allocation-stats totalBytes="1384320" discardedBytes="142776" >
  <allocated-bytes non-tlh="22296" tlh="1362024" />
  <largest-consumer threadName="Equinox start level thread - Equinox Container: c6926eca-9c4a-4aa9-968f-23fc721bf490" threadId="00000001291E6B00" bytes="721968" />
</allocation-stats>
<gc-op id="602" type="scavenge" timems="0.394" contextid="599" timestamp="2024-12-13T12:32:40.145">
  <scavenger-info tenureage="3" tenuremask="7ff8" tiltratio="77" />
  <memory-copied type="nursery" objects="1230" bytes="200208" bytesdiscarded="129320" />
  <memory-copied type="tenure" objects="759" bytes="47632" bytesdiscarded="0" />
  <finalization candidates="2" enqueued="0" />
  <ownableSynchronizers candidates="21" cleared="4" />
  <references type="soft" candidates="1" cleared="0" enqueued="0" dynamicThreshold="9" maxThreshold="32" />
  <references type="weak" candidates="104" cleared="20" enqueued="20" />
  <references type="phantom" candidates="1" cleared="0" enqueued="0" />
  <object-monitors candidates="10" cleared="0"  />
</gc-op>
<gc-end id="603" type="scavenge" contextid="599" durationms="0.463" usertimems="2.098" systemtimems="0.283" stalltimems="0.890" timestamp="2024-12-13T12:32:40.145" activeThreads="5">
  <mem-info id="604" free="3135904" total="11599872" percent="27">
    <mem type="nursery" free="1570856" total="2359296" percent="66">
      <mem type="allocate" free="1570856" total="1900544" percent="82" />
      <mem type="survivor" free="0" total="458752" percent="0" />
    </mem>
    <mem type="tenure" free="1565048" total="9240576" percent="16">
      <mem type="soa" free="1102200" total="8777728" percent="12" />
      <mem type="loa" free="462848" total="462848" percent="100" />
    </mem>
    <pending-finalizers system="0" default="0" reference="20" classloader="0" />
    <remembered-set count="576" />
  </mem-info>
</gc-end>
<cycle-end id="605" type="scavenge" contextid="599" timestamp="2024-12-13T12:32:40.145" />
<allocation-satisfied id="606" threadId="00000001291E6B00" bytesRequested="8720" />
<af-end id="607" timestamp="2024-12-13T12:32:40.145" threadId="00000001291E7590" success="true" from="nursery"/>
<exclusive-end id="608" timestamp="2024-12-13T12:32:40.145" durationms="0.629" />

<exclusive-start id="609" timestamp="2024-12-13T12:32:40.195" intervalms="50.874">
  <response-info timems="5.209" idlems="3.472" threads="2" lastid="00000001388B6700" lastname="JIT Compilation Thread-002" />
</exclusive-start>
<af-start id="610" threadId="00000001291E7590" totalBytesRequested="416" timestamp="2024-12-13T12:32:40.195" intervalms="50.862" type="nursery" />
<cycle-start id="611" type="scavenge" contextid="0" timestamp="2024-12-13T12:32:40.195" intervalms="50.855" />
<gc-start id="612" type="scavenge" contextid="611" timestamp="2024-12-13T12:32:40.195">
  <mem-info id="613" free="1507424" total="11599872" percent="12">
    <mem type="nursery" free="0" total="2359296" percent="0">
      <mem type="allocate" free="0" total="1900544" percent="0" />
      <mem type="survivor" free="0" total="458752" percent="0" />
    </mem>
    <mem type="tenure" free="1507424" total="9240576" percent="16">
      <mem type="soa" free="1044576" total="8777728" percent="11" />
      <mem type="loa" free="462848" total="462848" percent="100" />
    </mem>
    <remembered-set count="1166" />
  </mem-info>
</gc-start>
<allocation-stats totalBytes="1601816" discardedBytes="26664" >
  <allocated-bytes non-tlh="66344" tlh="1535472" />
  <largest-consumer threadName="Equinox start level thread - Equinox Container: c6926eca-9c4a-4aa9-968f-23fc721bf490" threadId="00000001291ED300" bytes="989176" />
</allocation-stats>
<gc-op id="614" type="scavenge" timems="0.510" contextid="611" timestamp="2024-12-13T12:32:40.196">
  <scavenger-info tenureage="3" tenuremask="7ff8" tiltratio="80" />
  <memory-copied type="nursery" objects="2455" bytes="180152" bytesdiscarded="71896" />
  <memory-copied type="tenure" objects="594" bytes="132240" bytesdiscarded="48" />
  <finalization candidates="2" enqueued="0" />
  <ownableSynchronizers candidates="30" cleared="6" />
  <references type="soft" candidates="7" cleared="0" enqueued="0" dynamicThreshold="9" maxThreshold="32" />
  <references type="weak" candidates="138" cleared="54" enqueued="41" />
  <references type="phantom" candidates="1" cleared="0" enqueued="0" />
  <object-monitors candidates="10" cleared="0"  />
</gc-op>
<gc-end id="615" type="scavenge" contextid="611" durationms="0.572" usertimems="1.030" systemtimems="0.376" stalltimems="1.369" timestamp="2024-12-13T12:32:40.196" activeThreads="5">
  <mem-info id="616" free="3024192" total="11599872" percent="26">
    <mem type="nursery" free="1648368" total="2359296" percent="69">
      <mem type="allocate" free="1648368" total="1900544" percent="86" />
      <mem type="survivor" free="0" total="458752" percent="0" />
    </mem>
    <mem type="tenure" free="1375824" total="9240576" percent="14">
      <mem type="soa" free="912976" total="8777728" percent="10" />
      <mem type="loa" free="462848" total="462848" percent="100" />
    </mem>
    <pending-finalizers system="0" default="0" reference="41" classloader="0" />
    <remembered-set count="991" />
  </mem-info>
</gc-end>
<cycle-end id="617" type="scavenge" contextid="611" timestamp="2024-12-13T12:32:40.196" />
<allocation-satisfied id="618" threadId="00000001291E6B00" bytesRequested="416" />
<af-end id="619" timestamp="2024-12-13T12:32:40.196" threadId="00000001291E7590" success="true" from="nursery"/>
<exclusive-end id="620" timestamp="2024-12-13T12:32:40.196" durationms="0.721" />

<exclusive-start id="621" timestamp="2024-12-13T12:32:40.261" intervalms="66.098">
  <response-info timems="0.009" idlems="0.005" threads="4" lastid="0000000129020300" lastname="IProfiler" />
</exclusive-start>
<af-start id="622" threadId="00000001291E7590" totalBytesRequested="9904" timestamp="2024-12-13T12:32:40.261" intervalms="66.114" type="nursery" />
<cycle-start id="623" type="scavenge" contextid="0" timestamp="2024-12-13T12:32:40.261" intervalms="66.127" />
<gc-start id="624" type="scavenge" contextid="623" timestamp="2024-12-13T12:32:40.262">
  <mem-info id="625" free="1331536" total="11599872" percent="11">
    <mem type="nursery" free="0" total="2359296" percent="0">
      <mem type="allocate" free="0" total="1900544" percent="0" />
      <mem type="survivor" free="0" total="458752" percent="0" />
    </mem>
    <mem type="tenure" free="1331536" total="9240576" percent="14">
      <mem type="soa" free="868688" total="8777728" percent="9" />
      <mem type="loa" free="462848" total="462848" percent="100" />
    </mem>
    <remembered-set count="1492" />
  </mem-info>
</gc-start>
<allocation-stats totalBytes="1660672" discardedBytes="31984" >
  <allocated-bytes non-tlh="44704" tlh="1615968" />
  <largest-consumer threadName="Equinox start level thread - Equinox Container: c6926eca-9c4a-4aa9-968f-23fc721bf490" threadId="00000001291ED300" bytes="846992" />
</allocation-stats>
<gc-op id="626" type="scavenge" timems="0.571" contextid="623" timestamp="2024-12-13T12:32:40.262">
  <scavenger-info tenureage="4" tenuremask="7ff0" tiltratio="80" />
  <memory-copied type="nursery" objects="4734" bytes="338552" bytesdiscarded="118392" />
  <finalization candidates="21" enqueued="0" />
  <ownableSynchronizers candidates="55" cleared="10" />
  <references type="soft" candidates="121" cleared="0" enqueued="0" dynamicThreshold="9" maxThreshold="32" />
  <references type="weak" candidates="298" cleared="63" enqueued="55" />
  <references type="phantom" candidates="1" cleared="0" enqueued="0" />
  <object-monitors candidates="10" cleared="0"  />
</gc-op>
<gc-end id="627" type="scavenge" contextid="623" durationms="0.636" usertimems="2.012" systemtimems="0.604" stalltimems="1.198" timestamp="2024-12-13T12:32:40.262" activeThreads="5">
  <mem-info id="628" free="2643856" total="11599872" percent="22">
    <mem type="nursery" free="1312320" total="2359296" percent="55">
      <mem type="allocate" free="1312320" total="1769472" percent="74" />
      <mem type="survivor" free="0" total="589824" percent="0" />
    </mem>
    <mem type="tenure" free="1331536" total="9240576" percent="14">
      <mem type="soa" free="868688" total="8777728" percent="9" />
      <mem type="loa" free="462848" total="462848" percent="100" />
    </mem>
    <pending-finalizers system="0" default="0" reference="55" classloader="0" />
    <remembered-set count="1334" />
  </mem-info>
</gc-end>
<cycle-end id="629" type="scavenge" contextid="623" timestamp="2024-12-13T12:32:40.262" />
<allocation-satisfied id="630" threadId="00000001291E6B00" bytesRequested="9904" />
<af-end id="631" timestamp="2024-12-13T12:32:40.262" threadId="00000001291E7590" success="true" from="nursery"/>
<exclusive-end id="632" timestamp="2024-12-13T12:32:40.262" durationms="0.830" />

<exclusive-start id="633" timestamp="2024-12-13T12:32:40.298" intervalms="36.869">
  <response-info timems="0.066" idlems="0.047" threads="3" lastid="00000001291ED300" lastname="Equinox start level thread - Equinox Container: c6926eca-9c4a-4" />
</exclusive-start>
<af-start id="634" threadId="00000001291E7590" totalBytesRequested="64" timestamp="2024-12-13T12:32:40.298" intervalms="36.916" type="nursery" />
<cycle-start id="635" type="scavenge" contextid="0" timestamp="2024-12-13T12:32:40.298" intervalms="36.960" />
<gc-start id="636" type="scavenge" contextid="635" timestamp="2024-12-13T12:32:40.299">
  <mem-info id="637" free="1308840" total="11599872" percent="11">
    <mem type="nursery" free="0" total="2359296" percent="0">
      <mem type="allocate" free="0" total="1769472" percent="0" />
      <mem type="survivor" free="0" total="589824" percent="0" />
    </mem>
    <mem type="tenure" free="1308840" total="9240576" percent="14">
      <mem type="soa" free="845992" total="8777728" percent="9" />
      <mem type="loa" free="462848" total="462848" percent="100" />
    </mem>
    <remembered-set count="1614" />
  </mem-info>
</gc-start>
<allocation-stats totalBytes="1332752" discardedBytes="2264" >
  <allocated-bytes non-tlh="32600" tlh="1300152" />
  <largest-consumer threadName="Equinox start level thread - Equinox Container: c6926eca-9c4a-4aa9-968f-23fc721bf490" threadId="00000001291E6B00" bytes="667512" />
</allocation-stats>
<gc-op id="638" type="scavenge" timems="0.823" contextid="635" timestamp="2024-12-13T12:32:40.299">
  <scavenger-info tenureage="4" tenuremask="7ff0" tiltratio="75" />
  <memory-copied type="nursery" objects="6503" bytes="443232" bytesdiscarded="70240" />
  <memory-copied type="tenure" objects="127" bytes="14616" bytesdiscarded="0" />
  <finalization candidates="21" enqueued="0" />
  <ownableSynchronizers candidates="80" cleared="13" />
  <references type="soft" candidates="135" cleared="0" enqueued="0" dynamicThreshold="9" maxThreshold="32" />
  <references type="weak" candidates="344" cleared="77" enqueued="74" />
  <references type="phantom" candidates="1" cleared="0" enqueued="0" />
  <object-monitors candidates="10" cleared="0"  />
</gc-op>
<gc-end id="639" type="scavenge" contextid="635" durationms="0.910" usertimems="2.426" systemtimems="0.608" stalltimems="1.646" timestamp="2024-12-13T12:32:40.299" activeThreads="5">
  <mem-info id="640" free="2499232" total="11599872" percent="21">
    <mem type="nursery" free="1190392" total="2359296" percent="50">
      <mem type="allocate" free="1190392" total="1703936" percent="69" />
      <mem type="survivor" free="0" total="655360" percent="0" />
    </mem>
    <mem type="tenure" free="1308840" total="9240576" percent="14">
      <mem type="soa" free="845992" total="8777728" percent="9" />
      <mem type="loa" free="462848" total="462848" percent="100" />
    </mem>
    <pending-finalizers system="0" default="0" reference="74" classloader="0" />
    <remembered-set count="1096" />
  </mem-info>
</gc-end>
<cycle-end id="641" type="scavenge" contextid="635" timestamp="2024-12-13T12:32:40.299" />
<allocation-satisfied id="642" threadId="00000001291E6B00" bytesRequested="64" />
<af-end id="643" timestamp="2024-12-13T12:32:40.299" threadId="00000001291E7590" success="true" from="nursery"/>
<exclusive-end id="644" timestamp="2024-12-13T12:32:40.299" durationms="1.233" />

<exclusive-start id="645" timestamp="2024-12-13T12:32:40.335" intervalms="36.655">
  <response-info timems="0.007" idlems="0.007" threads="0" lastid="00000001291E6B00" lastname="Equinox start level thread - Equinox Container: c6926eca-9c4a-4" />
</exclusive-start>
<af-start id="646" threadId="00000001291E7590" totalBytesRequested="40" timestamp="2024-12-13T12:32:40.335" intervalms="36.611" type="nursery" />
<cycle-start id="647" type="scavenge" contextid="0" timestamp="2024-12-13T12:32:40.335" intervalms="36.564" />
<gc-start id="648" type="scavenge" contextid="647" timestamp="2024-12-13T12:32:40.335">
  <mem-info id="649" free="1297536" total="11599872" percent="11">
    <mem type="nursery" free="0" total="2359296" percent="0">
      <mem type="allocate" free="0" total="1703936" percent="0" />
      <mem type="survivor" free="0" total="655360" percent="0" />
    </mem>
    <mem type="tenure" free="1297536" total="9240576" percent="14">
      <mem type="soa" free="834688" total="8777728" percent="9" />
      <mem type="loa" free="462848" total="462848" percent="100" />
    </mem>
    <remembered-set count="1257" />
  </mem-info>
</gc-start>
<allocation-stats totalBytes="1187848" discardedBytes="13848" >
  <allocated-bytes non-tlh="69240" tlh="1118608" />
  <largest-consumer threadName="Equinox start level thread - Equinox Container: c6926eca-9c4a-4aa9-968f-23fc721bf490" threadId="00000001291E6B00" bytes="955672" />
</allocation-stats>
<gc-op id="650" type="scavenge" timems="1.109" contextid="647" timestamp="2024-12-13T12:32:40.336">
  <scavenger-info tenureage="3" tenuremask="7ff8" tiltratio="72" />
  <memory-copied type="nursery" objects="4935" bytes="343016" bytesdiscarded="81128" />
  <memory-copied type="tenure" objects="1901" bytes="114872" bytesdiscarded="160" />
  <finalization candidates="20" enqueued="0" />
  <ownableSynchronizers candidates="73" cleared="3" />
  <references type="soft" candidates="130" cleared="0" enqueued="0" dynamicThreshold="9" maxThreshold="32" />
  <references type="weak" candidates="199" cleared="8" enqueued="8" />
  <references type="phantom" candidates="1" cleared="0" enqueued="0" />
  <object-monitors candidates="11" cleared="0"  />
</gc-op>
<gc-end id="651" type="scavenge" contextid="647" durationms="1.196" usertimems="6.123" systemtimems="0.654" stalltimems="1.408" timestamp="2024-12-13T12:32:40.336" activeThreads="5">
  <mem-info id="652" free="2506864" total="11599872" percent="21">
    <mem type="nursery" free="1345264" total="2359296" percent="57">
      <mem type="allocate" free="1345264" total="1769472" percent="76" />
      <mem type="survivor" free="0" total="589824" percent="0" />
    </mem>
    <mem type="tenure" free="1161600" total="9240576" percent="12">
      <mem type="soa" free="698752" total="8777728" percent="7" />
      <mem type="loa" free="462848" total="462848" percent="100" />
    </mem>
    <pending-finalizers system="0" default="0" reference="8" classloader="0" />
    <remembered-set count="866" />
  </mem-info>
</gc-end>
<cycle-end id="653" type="scavenge" contextid="647" timestamp="2024-12-13T12:32:40.336" />
<allocation-satisfied id="654" threadId="00000001291E6B00" bytesRequested="40" />
<af-end id="655" timestamp="2024-12-13T12:32:40.336" threadId="00000001291E7590" success="true" from="nursery"/>
<exclusive-end id="656" timestamp="2024-12-13T12:32:40.336" durationms="1.394" />

<exclusive-start id="657" timestamp="2024-12-13T12:32:40.366" intervalms="31.547">
  <response-info timems="0.150" idlems="0.115" threads="4" lastid="00000001388DE500" lastname="JIT Compilation Thread-006" />
</exclusive-start>
<af-start id="658" threadId="00000001291E7590" totalBytesRequested="24" timestamp="2024-12-13T12:32:40.366" intervalms="31.548" type="nursery" />
<cycle-start id="659" type="scavenge" contextid="0" timestamp="2024-12-13T12:32:40.367" intervalms="31.547" />
<gc-start id="660" type="scavenge" contextid="659" timestamp="2024-12-13T12:32:40.367">
  <mem-info id="661" free="1160312" total="11599872" percent="10">
    <mem type="nursery" free="0" total="2359296" percent="0">
      <mem type="allocate" free="0" total="1769472" percent="0" />
      <mem type="survivor" free="0" total="589824" percent="0" />
    </mem>
    <mem type="tenure" free="1160312" total="9240576" percent="12">
      <mem type="soa" free="697464" total="8777728" percent="7" />
      <mem type="loa" free="462848" total="462848" percent="100" />
    </mem>
    <remembered-set count="933" />
  </mem-info>
</gc-start>
<allocation-stats totalBytes="1346144" discardedBytes="408" >
  <allocated-bytes non-tlh="1328" tlh="1344816" />
  <largest-consumer threadName="Equinox start level thread - Equinox Container: c6926eca-9c4a-4aa9-968f-23fc721bf490" threadId="00000001291E6B00" bytes="1346144" />
</allocation-stats>
<gc-op id="662" type="scavenge" timems="0.509" contextid="659" timestamp="2024-12-13T12:32:40.367">
  <scavenger-info tenureage="3" tenuremask="7ff8" tiltratio="75" />
  <memory-copied type="nursery" objects="3771" bytes="238264" bytesdiscarded="38936" />
  <memory-copied type="tenure" objects="2422" bytes="168600" bytesdiscarded="416" />
  <finalization candidates="20" enqueued="0" />
  <ownableSynchronizers candidates="49" cleared="0" />
  <references type="soft" candidates="16" cleared="0" enqueued="0" dynamicThreshold="9" maxThreshold="32" />
  <references type="weak" candidates="71" cleared="5" enqueued="5" />
  <object-monitors candidates="11" cleared="0"  />
</gc-op>
<gc-end id="663" type="scavenge" contextid="659" durationms="0.587" usertimems="1.278" systemtimems="0.344" stalltimems="0.408" timestamp="2024-12-13T12:32:40.367" activeThreads="4">
  <mem-info id="664" free="2520376" total="11599872" percent="21">
    <mem type="nursery" free="1492192" total="2359296" percent="63">
      <mem type="allocate" free="1492192" total="1769472" percent="84" />
      <mem type="survivor" free="0" total="589824" percent="0" />
    </mem>
    <mem type="tenure" free="1028184" total="9240576" percent="11">
      <mem type="soa" free="565336" total="8777728" percent="6" />
      <mem type="loa" free="462848" total="462848" percent="100" />
    </mem>
    <pending-finalizers system="0" default="0" reference="5" classloader="0" />
    <remembered-set count="462" />
  </mem-info>
</gc-end>
<cycle-end id="665" type="scavenge" contextid="659" timestamp="2024-12-13T12:32:40.367" />
<allocation-satisfied id="666" threadId="00000001291E6B00" bytesRequested="24" />
<af-end id="667" timestamp="2024-12-13T12:32:40.367" threadId="00000001291E7590" success="true" from="nursery"/>
<exclusive-end id="668" timestamp="2024-12-13T12:32:40.367" durationms="0.783" />

<exclusive-start id="669" timestamp="2024-12-13T12:32:40.414" intervalms="47.189">
  <response-info timems="1.624" idlems="0.831" threads="5" lastid="00000001238B0B00" lastname="Config-Thread-2" />
</exclusive-start>
<af-start id="670" threadId="00000001291D9390" totalBytesRequested="8208" timestamp="2024-12-13T12:32:40.414" intervalms="47.191" type="nursery" />
<cycle-start id="671" type="scavenge" contextid="0" timestamp="2024-12-13T12:32:40.414" intervalms="47.185" />
<gc-start id="672" type="scavenge" contextid="671" timestamp="2024-12-13T12:32:40.414">
  <mem-info id="673" free="1017888" total="11599872" percent="8">
    <mem type="nursery" free="0" total="2359296" percent="0">
      <mem type="allocate" free="0" total="1769472" percent="0" />
      <mem type="survivor" free="0" total="589824" percent="0" />
    </mem>
    <mem type="tenure" free="1017888" total="9240576" percent="11">
      <mem type="soa" free="555040" total="8777728" percent="6" />
      <mem type="loa" free="462848" total="462848" percent="100" />
    </mem>
    <remembered-set count="682" />
  </mem-info>
</gc-start>
<allocation-stats totalBytes="1494448" discardedBytes="8040" >
  <allocated-bytes non-tlh="10320" tlh="1484128" />
  <largest-consumer threadName="Equinox start level thread - Equinox Container: c6926eca-9c4a-4aa9-968f-23fc721bf490" threadId="00000001291E6B00" bytes="1177120" />
</allocation-stats>
<gc-op id="674" type="scavenge" timems="0.442" contextid="671" timestamp="2024-12-13T12:32:40.414">
  <scavenger-info tenureage="4" tenuremask="7ff0" tiltratio="75" />
  <memory-copied type="nursery" objects="6541" bytes="435184" bytesdiscarded="90176" />
  <ownableSynchronizers candidates="130" cleared="42" />
  <references type="soft" candidates="41" cleared="0" enqueued="0" dynamicThreshold="9" maxThreshold="32" />
  <references type="weak" candidates="103" cleared="14" enqueued="14" />
  <references type="phantom" candidates="3" cleared="0" enqueued="0" />
  <object-monitors candidates="11" cleared="0"  />
</gc-op>
<gc-end id="675" type="scavenge" contextid="671" durationms="0.528" usertimems="1.152" systemtimems="0.251" stalltimems="0.988" timestamp="2024-12-13T12:32:40.414" activeThreads="5">
  <mem-info id="676" free="2130672" total="11599872" percent="18">
    <mem type="nursery" free="1112784" total="2359296" percent="47">
      <mem type="allocate" free="1112784" total="1638400" percent="67" />
      <mem type="survivor" free="0" total="720896" percent="0" />
    </mem>
    <mem type="tenure" free="1017888" total="9240576" percent="11">
      <mem type="soa" free="555040" total="8777728" percent="6" />
      <mem type="loa" free="462848" total="462848" percent="100" />
    </mem>
    <pending-finalizers system="0" default="0" reference="14" classloader="0" />
    <remembered-set count="533" />
  </mem-info>
</gc-end>
<cycle-end id="677" type="scavenge" contextid="671" timestamp="2024-12-13T12:32:40.414" />
<allocation-satisfied id="678" threadId="00000001291D8900" bytesRequested="8208" />
<af-end id="679" timestamp="2024-12-13T12:32:40.414" threadId="00000001291D9390" success="true" from="nursery"/>
<exclusive-end id="680" timestamp="2024-12-13T12:32:40.414" durationms="0.741" />

<exclusive-start id="681" timestamp="2024-12-13T12:32:40.421" intervalms="7.623">
  <response-info timems="0.038" idlems="0.023" threads="4" lastid="00000001291E6B00" lastname="Equinox start level thread - Equinox Container: c6926eca-9c4a-4" />
</exclusive-start>
<af-start id="682" threadId="00000001291DEF90" totalBytesRequested="88" timestamp="2024-12-13T12:32:40.421" intervalms="7.614" type="nursery" />
<cycle-start id="683" type="scavenge" contextid="0" timestamp="2024-12-13T12:32:40.421" intervalms="7.605" />
<gc-start id="684" type="scavenge" contextid="683" timestamp="2024-12-13T12:32:40.421">
  <mem-info id="685" free="1013296" total="11599872" percent="8">
    <mem type="nursery" free="0" total="2359296" percent="0">
      <mem type="allocate" free="0" total="1638400" percent="0" />
      <mem type="survivor" free="0" total="720896" percent="0" />
    </mem>
    <mem type="tenure" free="1013296" total="9240576" percent="10">
      <mem type="soa" free="550448" total="8777728" percent="6" />
      <mem type="loa" free="462848" total="462848" percent="100" />
    </mem>
    <remembered-set count="613" />
  </mem-info>
</gc-start>
<allocation-stats totalBytes="1115528" discardedBytes="1848" >
  <allocated-bytes non-tlh="45600" tlh="1069928" />
  <largest-consumer threadName="Equinox start level thread - Equinox Container: c6926eca-9c4a-4aa9-968f-23fc721bf490" threadId="00000001291ED300" bytes="353160" />
</allocation-stats>
<gc-op id="686" type="scavenge" timems="0.389" contextid="683" timestamp="2024-12-13T12:32:40.422">
  <scavenger-info tenureage="4" tenuremask="7ff0" tiltratio="69" />
  <memory-copied type="nursery" objects="6576" bytes="462400" bytesdiscarded="102536" />
  <memory-copied type="tenure" objects="1343" bytes="76784" bytesdiscarded="80" />
  <ownableSynchronizers candidates="140" cleared="25" />
  <references type="soft" candidates="34" cleared="0" enqueued="0" dynamicThreshold="9" maxThreshold="32" />
  <references type="weak" candidates="63" cleared="3" enqueued="2" />
  <references type="phantom" candidates="1" cleared="0" enqueued="0" />
  <object-monitors candidates="12" cleared="0"  />
</gc-op>
<gc-end id="687" type="scavenge" contextid="683" durationms="0.450" usertimems="3.285" systemtimems="0.284" stalltimems="0.630" timestamp="2024-12-13T12:32:40.422" activeThreads="5">
  <mem-info id="688" free="2118608" total="11599872" percent="18">
    <mem type="nursery" free="1204384" total="2359296" percent="51">
      <mem type="allocate" free="1204384" total="1769472" percent="68" />
      <mem type="survivor" free="0" total="589824" percent="0" />
    </mem>
    <mem type="tenure" free="914224" total="9240576" percent="9">
      <mem type="soa" free="451376" total="8777728" percent="5" />
      <mem type="loa" free="462848" total="462848" percent="100" />
    </mem>
    <pending-finalizers system="0" default="0" reference="2" classloader="0" />
    <remembered-set count="513" />
  </mem-info>
</gc-end>
<cycle-end id="689" type="scavenge" contextid="683" timestamp="2024-12-13T12:32:40.422" />
<allocation-satisfied id="690" threadId="00000001291DE500" bytesRequested="88" />
<af-end id="691" timestamp="2024-12-13T12:32:40.422" threadId="00000001291DEF90" success="true" from="nursery"/>
<exclusive-end id="692" timestamp="2024-12-13T12:32:40.422" durationms="0.587" />

<concurrent-kickoff id="693" timestamp="2024-12-13T12:32:40.426">
  <kickoff reason="threshold reached" targetBytes="3548719" thresholdFreeBytes="490011"  remainingFree="483400" tenureFreeBytes="914064" nurseryFreeBytes="483400" />
</concurrent-kickoff>
<exclusive-start id="694" timestamp="2024-12-13T12:32:40.428" intervalms="6.942">
  <response-info timems="2.558" idlems="1.709" threads="2" lastid="00000001388AD900" lastname="JIT Compilation Thread-000" />
</exclusive-start>
<cycle-start id="695" type="global" contextid="0" timestamp="2024-12-13T12:32:40.428" intervalms="560.630" />
<concurrent-start id="696" type="global mark" contextid="695" timestamp="2024-12-13T12:32:40.428">
</concurrent-start>
<exclusive-end id="697" timestamp="2024-12-13T12:32:40.428" durationms="0.033" />

<concurrent-end id="698" type="global mark" contextid="695" timestamp="2024-12-13T12:32:40.434">
<gc-op id="699" type="trace" timems="5.546" contextid="695" timestamp="2024-12-13T12:32:40.434">
  <trace bytesTraced="5544128" workStackOverflowCount="0" />
  <card-cleaning reason="card cleaning threshold reached" bytesTraced="9336" cardsCleaned="24" />
</gc-op>
</concurrent-end>

<exclusive-start id="700" timestamp="2024-12-13T12:32:40.434" intervalms="5.630">
  <response-info timems="0.022" idlems="0.013" threads="4" lastid="00000001388DE500" lastname="JIT Compilation Thread-006" />
</exclusive-start>
<concurrent-global-final id="701" timestamp="2024-12-13T12:32:40.434" contextid="695" intervalms="556.151" >
  <concurrent-trace-info reason="card cleaning threshold reached" tracedByMutators="1236544" tracedByHelpers="4316920" cardsCleaned="24" workStackOverflowCount="0" />
</concurrent-global-final>
<gc-start id="702" type="global" contextid="695" timestamp="2024-12-13T12:32:40.434">
  <mem-info id="703" free="996144" total="11599872" percent="8">
    <mem type="nursery" free="82080" total="2359296" percent="3">
      <mem type="allocate" free="82080" total="1769472" percent="4" />
      <mem type="survivor" free="0" total="589824" percent="0" />
    </mem>
    <mem type="tenure" free="914064" total="9240576" percent="9">
      <mem type="soa" free="451216" total="8777728" percent="5" />
      <mem type="loa" free="462848" total="462848" percent="100" />
    </mem>
    <remembered-set count="530" />
  </mem-info>
</gc-start>
<allocation-stats totalBytes="1121440" discardedBytes="1024" >
  <allocated-bytes non-tlh="248" tlh="1121192" />
  <largest-consumer threadName="Equinox start level thread - Equinox Container: c6926eca-9c4a-4aa9-968f-23fc721bf490" threadId="00000001291ED300" bytes="544416" />
</allocation-stats>
<gc-op id="704" type="rs-scan" timems="0.263" contextid="695" timestamp="2024-12-13T12:32:40.434">
  <scan objectsFound="7439" bytesTraced="461592" workStackOverflowCount="0" />
</gc-op>
<gc-op id="705" type="card-cleaning" timems="0.067" contextid="695" timestamp="2024-12-13T12:32:40.434">
  <card-cleaning cardsCleaned="9" bytesTraced="4312" workStackOverflowCount="0" />
</gc-op>
<gc-op id="706" type="mark" timems="1.124" contextid="695" timestamp="2024-12-13T12:32:40.435">
  <trace-info objectcount="846" scancount="768" scanbytes="51152" />
  <finalization candidates="145" enqueued="0" />
  <ownableSynchronizers candidates="316" cleared="23" />
  <references type="soft" candidates="3144" cleared="0" enqueued="0" dynamicThreshold="9" maxThreshold="32" />
  <references type="weak" candidates="3011" cleared="18" enqueued="9" />
  <references type="phantom" candidates="118" cleared="0" enqueued="0" />
  <stringconstants candidates="11615" cleared="13"  />
  <object-monitors candidates="12" cleared="0"  />
</gc-op>
<gc-op id="707" type="classunload" timems="0.201" contextid="695" timestamp="2024-12-13T12:32:40.436">
  <classunload-info classloadercandidates="26" classloadersunloaded="0" classesunloaded="1" anonymousclassesunloaded="1" quiescems="0.000" setupms="0.199" scanms="0.002" postms="0.000" />
</gc-op>
<gc-op id="708" type="sweep" timems="0.197" contextid="695" timestamp="2024-12-13T12:32:40.436" />
<heap-resize id="709" type="expand" space="tenure" amount="2228224" count="1" timems="0.019" reason="insufficient free space following gc" timestamp="2024-12-13T12:32:40.436" />
<gc-end id="710" type="global" contextid="695" durationms="2.013" usertimems="6.843" systemtimems="0.774" stalltimems="3.274" timestamp="2024-12-13T12:32:40.436" activeThreads="5">
  <mem-info id="711" free="4568768" total="13828096" percent="33">
    <mem type="nursery" free="1114352" total="2359296" percent="47">
      <mem type="allocate" free="1114352" total="1769472" percent="62" />
      <mem type="survivor" free="0" total="589824" percent="0" />
    </mem>
    <mem type="tenure" free="3454416" total="11468800" percent="30" micro-fragmented="271486" macro-fragmented="0">
      <mem type="soa" free="2880976" total="10895360" percent="26" />
      <mem type="loa" free="573440" total="573440" percent="100" />
    </mem>
    <pending-finalizers system="0" default="0" reference="9" classloader="0" />
    <remembered-set count="484" />
  </mem-info>
</gc-end>
<cycle-end id="712" type="global" contextid="695" timestamp="2024-12-13T12:32:40.436" />
<exclusive-end id="713" timestamp="2024-12-13T12:32:40.436" durationms="2.128" />

<exclusive-start id="714" timestamp="2024-12-13T12:32:40.455" intervalms="21.534">
  <response-info timems="0.019" idlems="0.013" threads="1" lastid="00000001291DE500" lastname="Equinox start level thread - Equinox Container: c6926eca-9c4a-4" />
</exclusive-start>
<af-start id="715" threadId="00000001291EDD90" totalBytesRequested="40" timestamp="2024-12-13T12:32:40.455" intervalms="34.102" type="nursery" />
<cycle-start id="716" type="scavenge" contextid="0" timestamp="2024-12-13T12:32:40.455" intervalms="34.109" />
<gc-start id="717" type="scavenge" contextid="716" timestamp="2024-12-13T12:32:40.455">
  <mem-info id="718" free="3449320" total="13828096" percent="24">
    <mem type="nursery" free="0" total="2359296" percent="0">
      <mem type="allocate" free="0" total="1769472" percent="0" />
      <mem type="survivor" free="0" total="589824" percent="0" />
    </mem>
    <mem type="tenure" free="3449320" total="11468800" percent="30">
      <mem type="soa" free="2875880" total="10895360" percent="26" />
      <mem type="loa" free="573440" total="573440" percent="100" />
    </mem>
    <remembered-set count="558" />
  </mem-info>
</gc-start>
<allocation-stats totalBytes="1110176" discardedBytes="7800" >
  <allocated-bytes non-tlh="73224" tlh="1036952" />
  <largest-consumer threadName="Equinox start level thread - Equinox Container: c6926eca-9c4a-4aa9-968f-23fc721bf490" threadId="00000001291ED300" bytes="641912" />
</allocation-stats>
<gc-op id="719" type="scavenge" timems="0.398" contextid="716" timestamp="2024-12-13T12:32:40.456">
  <scavenger-info tenureage="3" tenuremask="7ff8" tiltratio="75" />
  <memory-copied type="nursery" objects="7267" bytes="468576" bytesdiscarded="97008" />
  <memory-copied type="tenure" objects="2318" bytes="157112" bytesdiscarded="496" />
  <ownableSynchronizers candidates="561" cleared="408" />
  <references type="soft" candidates="32" cleared="0" enqueued="0" dynamicThreshold="9" maxThreshold="32" />
  <references type="weak" candidates="200" cleared="113" enqueued="82" />
  <object-monitors candidates="12" cleared="0"  />
</gc-op>
<gc-end id="720" type="scavenge" contextid="716" durationms="0.480" usertimems="2.024" systemtimems="0.235" stalltimems="0.510" timestamp="2024-12-13T12:32:40.456" activeThreads="5">
  <mem-info id="721" free="4440064" total="13828096" percent="32">
    <mem type="nursery" free="1203664" total="2359296" percent="51">
      <mem type="allocate" free="1203664" total="1769472" percent="68" />
      <mem type="survivor" free="0" total="589824" percent="0" />
    </mem>
    <mem type="tenure" free="3236400" total="11468800" percent="28">
      <mem type="soa" free="2662960" total="10895360" percent="24" />
      <mem type="loa" free="573440" total="573440" percent="100" />
    </mem>
    <pending-finalizers system="0" default="0" reference="82" classloader="0" />
    <remembered-set count="396" />
  </mem-info>
</gc-end>
<cycle-end id="722" type="scavenge" contextid="716" timestamp="2024-12-13T12:32:40.456" />
<allocation-satisfied id="723" threadId="00000001291ED300" bytesRequested="40" />
<af-end id="724" timestamp="2024-12-13T12:32:40.456" threadId="00000001291EDD90" success="true" from="nursery"/>
<exclusive-end id="725" timestamp="2024-12-13T12:32:40.456" durationms="0.634" />

<exclusive-start id="726" timestamp="2024-12-13T12:32:40.500" intervalms="44.208">
  <response-info timems="0.008" idlems="0.005" threads="2" lastid="00000001388DE500" lastname="JIT Compilation Thread-006" />
</exclusive-start>
<af-start id="727" threadId="00000001291DEF90" totalBytesRequested="3440" timestamp="2024-12-13T12:32:40.500" intervalms="44.216" type="nursery" />
<cycle-start id="728" type="scavenge" contextid="0" timestamp="2024-12-13T12:32:40.500" intervalms="44.215" />
<gc-start id="729" type="scavenge" contextid="728" timestamp="2024-12-13T12:32:40.500">
  <mem-info id="730" free="3217112" total="13828096" percent="23">
    <mem type="nursery" free="0" total="2359296" percent="0">
      <mem type="allocate" free="0" total="1769472" percent="0" />
      <mem type="survivor" free="0" total="589824" percent="0" />
    </mem>
    <mem type="tenure" free="3217112" total="11468800" percent="28">
      <mem type="soa" free="2643672" total="10895360" percent="24" />
      <mem type="loa" free="573440" total="573440" percent="100" />
    </mem>
    <remembered-set count="647" />
  </mem-info>
</gc-start>
<allocation-stats totalBytes="1200232" discardedBytes="22048" >
  <allocated-bytes non-tlh="18656" tlh="1181576" />
  <largest-consumer threadName="Equinox start level thread - Equinox Container: c6926eca-9c4a-4aa9-968f-23fc721bf490" threadId="00000001291DE500" bytes="828744" />
</allocation-stats>
<gc-op id="731" type="scavenge" timems="0.446" contextid="728" timestamp="2024-12-13T12:32:40.500">
  <scavenger-info tenureage="4" tenuremask="7ff0" tiltratio="75" />
  <memory-copied type="nursery" objects="8918" bytes="567728" bytesdiscarded="21816" />
  <memory-copied type="tenure" objects="815" bytes="47656" bytesdiscarded="88" />
  <copy-failed type="nursery" objects="815" bytes="47656" />
  <finalization candidates="1" enqueued="0" />
  <ownableSynchronizers candidates="347" cleared="93" />
  <references type="soft" candidates="99" cleared="0" enqueued="0" dynamicThreshold="9" maxThreshold="32" />
  <references type="weak" candidates="169" cleared="70" enqueued="70" />
  <object-monitors candidates="13" cleared="0"  />
</gc-op>
<gc-end id="732" type="scavenge" contextid="728" durationms="0.506" usertimems="1.908" systemtimems="0.193" stalltimems="0.774" timestamp="2024-12-13T12:32:40.500" activeThreads="5">
  <mem-info id="733" free="3994256" total="13828096" percent="28">
    <mem type="nursery" free="851968" total="2359296" percent="36">
      <mem type="allocate" free="851968" total="1441792" percent="59" />
      <mem type="survivor" free="0" total="917504" percent="0" />
    </mem>
    <mem type="tenure" free="3142288" total="11468800" percent="27">
      <mem type="soa" free="2568848" total="10895360" percent="23" />
      <mem type="loa" free="573440" total="573440" percent="100" />
    </mem>
    <pending-finalizers system="0" default="0" reference="70" classloader="0" />
    <remembered-set count="786" />
  </mem-info>
</gc-end>
<cycle-end id="734" type="scavenge" contextid="728" timestamp="2024-12-13T12:32:40.500" />
<allocation-satisfied id="735" threadId="00000001291DE500" bytesRequested="3440" />
<af-end id="736" timestamp="2024-12-13T12:32:40.500" threadId="00000001291DEF90" success="true" from="nursery"/>
<exclusive-end id="737" timestamp="2024-12-13T12:32:40.500" durationms="0.664" />

<exclusive-start id="738" timestamp="2024-12-13T12:32:40.554" intervalms="53.944">
  <response-info timems="0.007" idlems="0.007" threads="0" lastid="00000001291DE500" lastname="Equinox start level thread - Equinox Container: c6926eca-9c4a-4" />
</exclusive-start>
<af-start id="739" threadId="00000001291DEF90" totalBytesRequested="1672" timestamp="2024-12-13T12:32:40.554" intervalms="53.943" type="nursery" />
<cycle-start id="740" type="scavenge" contextid="0" timestamp="2024-12-13T12:32:40.554" intervalms="53.946" />
<gc-start id="741" type="scavenge" contextid="740" timestamp="2024-12-13T12:32:40.554">
  <mem-info id="742" free="3123336" total="13828096" percent="22">
    <mem type="nursery" free="0" total="2359296" percent="0">
      <mem type="allocate" free="0" total="1441792" percent="0" />
      <mem type="survivor" free="0" total="917504" percent="0" />
    </mem>
    <mem type="tenure" free="3123336" total="11468800" percent="27">
      <mem type="soa" free="2549896" total="10895360" percent="23" />
      <mem type="loa" free="573440" total="573440" percent="100" />
    </mem>
    <remembered-set count="1023" />
  </mem-info>
</gc-start>
<allocation-stats totalBytes="858640" discardedBytes="12280" >
  <allocated-bytes non-tlh="22392" tlh="836248" />
  <largest-consumer threadName="Equinox start level thread - Equinox Container: c6926eca-9c4a-4aa9-968f-23fc721bf490" threadId="00000001291DE500" bytes="854544" />
</allocation-stats>
<gc-op id="743" type="scavenge" timems="0.496" contextid="740" timestamp="2024-12-13T12:32:40.554">
  <scavenger-info tenureage="3" tenuremask="7ff8" tiltratio="61" />
  <memory-copied type="nursery" objects="6203" bytes="353520" bytesdiscarded="223096" />
  <memory-copied type="tenure" objects="3857" bytes="280000" bytesdiscarded="728" />
  <finalization candidates="1" enqueued="0" />
  <ownableSynchronizers candidates="245" cleared="3" />
  <references type="soft" candidates="161" cleared="0" enqueued="0" dynamicThreshold="9" maxThreshold="32" />
  <references type="weak" candidates="174" cleared="72" enqueued="70" />
  <object-monitors candidates="13" cleared="0"  />
</gc-op>
<gc-end id="744" type="scavenge" contextid="740" durationms="0.584" usertimems="2.476" systemtimems="0.263" stalltimems="0.717" timestamp="2024-12-13T12:32:40.554" activeThreads="5">
  <mem-info id="745" free="3720280" total="13828096" percent="26">
    <mem type="nursery" free="930560" total="2359296" percent="39">
      <mem type="allocate" free="930560" total="1507328" percent="61" />
      <mem type="survivor" free="0" total="851968" percent="0" />
    </mem>
    <mem type="tenure" free="2789720" total="11468800" percent="24">
      <mem type="soa" free="2216280" total="10895360" percent="20" />
      <mem type="loa" free="573440" total="573440" percent="100" />
    </mem>
    <pending-finalizers system="0" default="0" reference="70" classloader="0" />
    <remembered-set count="943" />
  </mem-info>
</gc-end>
<cycle-end id="746" type="scavenge" contextid="740" timestamp="2024-12-13T12:32:40.554" />
<allocation-satisfied id="747" threadId="00000001291DE500" bytesRequested="1672" />
<af-end id="748" timestamp="2024-12-13T12:32:40.554" threadId="00000001291DEF90" success="true" from="nursery"/>
<exclusive-end id="749" timestamp="2024-12-13T12:32:40.554" durationms="0.770" />

<exclusive-start id="750" timestamp="2024-12-13T12:32:40.630" intervalms="76.407">
  <response-info timems="0.031" idlems="0.017" threads="3" lastid="00000001388DE500" lastname="JIT Compilation Thread-006" />
</exclusive-start>
<af-start id="751" threadId="00000001291D9390" totalBytesRequested="48" timestamp="2024-12-13T12:32:40.630" intervalms="76.412" type="nursery" />
<cycle-start id="752" type="scavenge" contextid="0" timestamp="2024-12-13T12:32:40.630" intervalms="76.418" />
<gc-start id="753" type="scavenge" contextid="752" timestamp="2024-12-13T12:32:40.630">
  <mem-info id="754" free="2772488" total="13828096" percent="20">
    <mem type="nursery" free="0" total="2359296" percent="0">
      <mem type="allocate" free="0" total="1507328" percent="0" />
      <mem type="survivor" free="0" total="851968" percent="0" />
    </mem>
    <mem type="tenure" free="2772488" total="11468800" percent="24">
      <mem type="soa" free="2199048" total="10895360" percent="20" />
      <mem type="loa" free="573440" total="573440" percent="100" />
    </mem>
    <remembered-set count="1208" />
  </mem-info>
</gc-start>
<allocation-stats totalBytes="944720" discardedBytes="3072" >
  <allocated-bytes non-tlh="18904" tlh="925816" />
  <largest-consumer threadName="Equinox start level thread - Equinox Container: c6926eca-9c4a-4aa9-968f-23fc721bf490" threadId="00000001291DE500" bytes="900608" />
</allocation-stats>
<gc-op id="755" type="scavenge" timems="0.516" contextid="752" timestamp="2024-12-13T12:32:40.631">
  <scavenger-info tenureage="3" tenuremask="7ff8" tiltratio="63" />
  <memory-copied type="nursery" objects="5117" bytes="301920" bytesdiscarded="103368" />
  <memory-copied type="tenure" objects="2760" bytes="152128" bytesdiscarded="120" />
  <finalization candidates="1" enqueued="0" />
  <ownableSynchronizers candidates="257" cleared="29" />
  <references type="soft" candidates="258" cleared="0" enqueued="0" dynamicThreshold="9" maxThreshold="32" />
  <references type="weak" candidates="132" cleared="43" enqueued="41" />
  <references type="phantom" candidates="1" cleared="0" enqueued="0" />
  <object-monitors candidates="14" cleared="0"  />
</gc-op>
<gc-end id="756" type="scavenge" contextid="752" durationms="0.609" usertimems="2.808" systemtimems="0.314" stalltimems="0.799" timestamp="2024-12-13T12:32:40.631" activeThreads="5">
  <mem-info id="757" free="3712520" total="13828096" percent="26">
    <mem type="nursery" free="1167360" total="2359296" percent="49">
      <mem type="allocate" free="1167360" total="1572864" percent="74" />
      <mem type="survivor" free="0" total="786432" percent="0" />
    </mem>
    <mem type="tenure" free="2545160" total="11468800" percent="22">
      <mem type="soa" free="1971720" total="10895360" percent="18" />
      <mem type="loa" free="573440" total="573440" percent="100" />
    </mem>
    <pending-finalizers system="0" default="0" reference="41" classloader="0" />
    <remembered-set count="948" />
  </mem-info>
</gc-end>
<cycle-end id="758" type="scavenge" contextid="752" timestamp="2024-12-13T12:32:40.631" />
<allocation-satisfied id="759" threadId="00000001291D8900" bytesRequested="48" />
<af-end id="760" timestamp="2024-12-13T12:32:40.631" threadId="00000001291D9390" success="true" from="nursery"/>
<exclusive-end id="761" timestamp="2024-12-13T12:32:40.631" durationms="0.827" />

<exclusive-start id="762" timestamp="2024-12-13T12:32:40.683" intervalms="53.089">
  <response-info timems="0.028" idlems="0.019" threads="2" lastid="0000000129020300" lastname="IProfiler" />
</exclusive-start>
<af-start id="763" threadId="00000001291D9390" totalBytesRequested="656" timestamp="2024-12-13T12:32:40.683" intervalms="53.090" type="nursery" />
<cycle-start id="764" type="scavenge" contextid="0" timestamp="2024-12-13T12:32:40.683" intervalms="53.088" />
<gc-start id="765" type="scavenge" contextid="764" timestamp="2024-12-13T12:32:40.683">
  <mem-info id="766" free="2536704" total="13828096" percent="18">
    <mem type="nursery" free="0" total="2359296" percent="0">
      <mem type="allocate" free="0" total="1572864" percent="0" />
      <mem type="survivor" free="0" total="786432" percent="0" />
    </mem>
    <mem type="tenure" free="2536704" total="11468800" percent="22">
      <mem type="soa" free="1963264" total="10895360" percent="18" />
      <mem type="loa" free="573440" total="573440" percent="100" />
    </mem>
    <remembered-set count="1113" />
  </mem-info>
</gc-start>
<allocation-stats totalBytes="1170088" discardedBytes="5728" >
  <allocated-bytes non-tlh="103792" tlh="1066296" />
  <largest-consumer threadName="Equinox start level thread - Equinox Container: c6926eca-9c4a-4aa9-968f-23fc721bf490" threadId="00000001291E6B00" bytes="537240" />
</allocation-stats>
<gc-op id="767" type="scavenge" timems="0.492" contextid="764" timestamp="2024-12-13T12:32:40.684">
  <scavenger-info tenureage="3" tenuremask="7ff8" tiltratio="66" />
  <memory-copied type="nursery" objects="5029" bytes="364312" bytesdiscarded="35392" />
  <memory-copied type="tenure" objects="1760" bytes="109448" bytesdiscarded="64" />
  <finalization candidates="1" enqueued="0" />
  <ownableSynchronizers candidates="221" cleared="12" />
  <references type="soft" candidates="191" cleared="0" enqueued="0" dynamicThreshold="9" maxThreshold="32" />
  <references type="weak" candidates="99" cleared="22" enqueued="22" />
  <object-monitors candidates="14" cleared="0"  />
</gc-op>
<gc-end id="768" type="scavenge" contextid="764" durationms="0.589" usertimems="4.065" systemtimems="0.303" stalltimems="0.832" timestamp="2024-12-13T12:32:40.684" activeThreads="5">
  <mem-info id="769" free="3672008" total="13828096" percent="26">
    <mem type="nursery" free="1238552" total="2359296" percent="52">
      <mem type="allocate" free="1238552" total="1638400" percent="75" />
      <mem type="survivor" free="0" total="720896" percent="0" />
    </mem>
    <mem type="tenure" free="2433456" total="11468800" percent="21">
      <mem type="soa" free="1860016" total="10895360" percent="17" />
      <mem type="loa" free="573440" total="573440" percent="100" />
    </mem>
    <pending-finalizers system="0" default="0" reference="22" classloader="0" />
    <remembered-set count="734" />
  </mem-info>
</gc-end>
<cycle-end id="770" type="scavenge" contextid="764" timestamp="2024-12-13T12:32:40.684" />
<allocation-satisfied id="771" threadId="00000001291D8900" bytesRequested="656" />
<af-end id="772" timestamp="2024-12-13T12:32:40.684" threadId="00000001291D9390" success="true" from="nursery"/>
<exclusive-end id="773" timestamp="2024-12-13T12:32:40.684" durationms="0.790" />

<exclusive-start id="774" timestamp="2024-12-13T12:32:40.730" intervalms="47.237">
  <response-info timems="0.022" idlems="0.014" threads="5" lastid="00000001388D5700" lastname="JIT Compilation Thread-005" />
</exclusive-start>
<af-start id="775" threadId="00000001291DEF90" totalBytesRequested="40120" timestamp="2024-12-13T12:32:40.730" intervalms="47.244" type="nursery" />
<cycle-start id="776" type="scavenge" contextid="0" timestamp="2024-12-13T12:32:40.730" intervalms="47.243" />
<gc-start id="777" type="scavenge" contextid="776" timestamp="2024-12-13T12:32:40.730">
  <mem-info id="778" free="2409544" total="13828096" percent="17">
    <mem type="nursery" free="0" total="2359296" percent="0">
      <mem type="allocate" free="0" total="1638400" percent="0" />
      <mem type="survivor" free="0" total="720896" percent="0" />
    </mem>
    <mem type="tenure" free="2409544" total="11468800" percent="21">
      <mem type="soa" free="1836104" total="10895360" percent="16" />
      <mem type="loa" free="573440" total="573440" percent="100" />
    </mem>
    <remembered-set count="1010" />
  </mem-info>
</gc-start>
<allocation-stats totalBytes="1189328" discardedBytes="73136" >
  <allocated-bytes non-tlh="289888" tlh="899440" />
  <largest-consumer threadName="Equinox start level thread - Equinox Container: c6926eca-9c4a-4aa9-968f-23fc721bf490" threadId="00000001291DE500" bytes="1081536" />
</allocation-stats>
<gc-op id="779" type="scavenge" timems="0.437" contextid="776" timestamp="2024-12-13T12:32:40.731">
  <scavenger-info tenureage="3" tenuremask="7ff8" tiltratio="69" />
  <memory-copied type="nursery" objects="5253" bytes="332160" bytesdiscarded="72192" />
  <memory-copied type="tenure" objects="1138" bytes="67304" bytesdiscarded="528" />
  <ownableSynchronizers candidates="184" cleared="11" />
  <references type="soft" candidates="202" cleared="0" enqueued="0" dynamicThreshold="9" maxThreshold="32" />
  <references type="weak" candidates="155" cleared="80" enqueued="78" />
  <object-monitors candidates="14" cleared="0"  />
</gc-op>
<gc-end id="780" type="scavenge" contextid="776" durationms="0.521" usertimems="1.306" systemtimems="0.214" stalltimems="0.734" timestamp="2024-12-13T12:32:40.731" activeThreads="5">
  <mem-info id="781" free="3646856" total="13828096" percent="26">
    <mem type="nursery" free="1299520" total="2359296" percent="55">
      <mem type="allocate" free="1299520" total="1703936" percent="76" />
      <mem type="survivor" free="0" total="655360" percent="0" />
    </mem>
    <mem type="tenure" free="2347336" total="11468800" percent="20">
      <mem type="soa" free="1773896" total="10895360" percent="16" />
      <mem type="loa" free="573440" total="573440" percent="100" />
    </mem>
    <pending-finalizers system="0" default="0" reference="78" classloader="0" />
    <remembered-set count="762" />
  </mem-info>
</gc-end>
<cycle-end id="782" type="scavenge" contextid="776" timestamp="2024-12-13T12:32:40.731" />
<allocation-satisfied id="783" threadId="00000001291DE500" bytesRequested="40120" />
<af-end id="784" timestamp="2024-12-13T12:32:40.731" threadId="00000001291DEF90" success="true" from="nursery"/>
<exclusive-end id="785" timestamp="2024-12-13T12:32:40.731" durationms="0.721" />

<exclusive-start id="786" timestamp="2024-12-13T12:32:40.777" intervalms="46.879">
  <response-info timems="0.286" idlems="0.059" threads="6" lastid="000000012900D500" lastname="JIT Compilation Thread-001" />
</exclusive-start>
<af-start id="787" threadId="0000000125864990" totalBytesRequested="16400" timestamp="2024-12-13T12:32:40.777" intervalms="46.867" type="nursery" />
<cycle-start id="788" type="scavenge" contextid="0" timestamp="2024-12-13T12:32:40.777" intervalms="46.869" />
<gc-start id="789" type="scavenge" contextid="788" timestamp="2024-12-13T12:32:40.777">
  <mem-info id="790" free="2327976" total="13828096" percent="16">
    <mem type="nursery" free="0" total="2359296" percent="0">
      <mem type="allocate" free="0" total="1703936" percent="0" />
      <mem type="survivor" free="0" total="655360" percent="0" />
    </mem>
    <mem type="tenure" free="2327976" total="11468800" percent="20">
      <mem type="soa" free="1754536" total="10895360" percent="16" />
      <mem type="loa" free="573440" total="573440" percent="100" />
    </mem>
    <remembered-set count="1017" />
  </mem-info>
</gc-start>
<allocation-stats totalBytes="1256064" discardedBytes="62816" >
  <allocated-bytes non-tlh="83000" tlh="1173064" />
  <largest-consumer threadName="Default Executor-thread-1" threadId="0000000125863F00" bytes="719232" />
</allocation-stats>
<gc-op id="791" type="scavenge" timems="0.482" contextid="788" timestamp="2024-12-13T12:32:40.778">
  <scavenger-info tenureage="3" tenuremask="7ff8" tiltratio="72" />
  <memory-copied type="nursery" objects="4061" bytes="231400" bytesdiscarded="66424" />
  <memory-copied type="tenure" objects="1965" bytes="111840" bytesdiscarded="192" />
  <ownableSynchronizers candidates="151" cleared="11" />
  <references type="soft" candidates="108" cleared="0" enqueued="0" dynamicThreshold="9" maxThreshold="32" />
  <references type="weak" candidates="120" cleared="57" enqueued="57" />
  <references type="phantom" candidates="1" cleared="0" enqueued="0" />
  <object-monitors candidates="15" cleared="0"  />
</gc-op>
<gc-end id="792" type="scavenge" contextid="788" durationms="0.544" usertimems="1.192" systemtimems="0.382" stalltimems="1.098" timestamp="2024-12-13T12:32:40.778" activeThreads="5">
  <mem-info id="793" free="3683496" total="13828096" percent="26">
    <mem type="nursery" free="1471488" total="2359296" percent="62">
      <mem type="allocate" free="1471488" total="1769472" percent="83" />
      <mem type="survivor" free="0" total="589824" percent="0" />
    </mem>
    <mem type="tenure" free="2212008" total="11468800" percent="19">
      <mem type="soa" free="1638568" total="10895360" percent="15" />
      <mem type="loa" free="573440" total="573440" percent="100" />
    </mem>
    <pending-finalizers system="0" default="0" reference="57" classloader="0" />
    <remembered-set count="737" />
  </mem-info>
</gc-end>
<cycle-end id="794" type="scavenge" contextid="788" timestamp="2024-12-13T12:32:40.778" />
<allocation-satisfied id="795" threadId="0000000125863F00" bytesRequested="16400" />
<af-end id="796" timestamp="2024-12-13T12:32:40.778" threadId="0000000125864990" success="true" from="nursery"/>
<exclusive-end id="797" timestamp="2024-12-13T12:32:40.778" durationms="0.712" />

<exclusive-start id="798" timestamp="2024-12-13T12:32:40.794" intervalms="17.035">
  <response-info timems="3.660" idlems="0.951" threads="3" lastid="00000001388C2900" lastname="JIT Compilation Thread-003" />
</exclusive-start>
<af-start id="799" threadId="0000000125864990" totalBytesRequested="16400" timestamp="2024-12-13T12:32:40.794" intervalms="17.031" type="nursery" />
<cycle-start id="800" type="scavenge" contextid="0" timestamp="2024-12-13T12:32:40.794" intervalms="17.021" />
<gc-start id="801" type="scavenge" contextid="800" timestamp="2024-12-13T12:32:40.794">
  <mem-info id="802" free="2210872" total="13828096" percent="15">
    <mem type="nursery" free="0" total="2359296" percent="0">
      <mem type="allocate" free="0" total="1769472" percent="0" />
      <mem type="survivor" free="0" total="589824" percent="0" />
    </mem>
    <mem type="tenure" free="2210872" total="11468800" percent="19">
      <mem type="soa" free="1637432" total="10895360" percent="15" />
      <mem type="loa" free="573440" total="573440" percent="100" />
    </mem>
    <remembered-set count="754" />
  </mem-info>
</gc-start>
<allocation-stats totalBytes="1443488" discardedBytes="29136" >
  <allocated-bytes non-tlh="17536" tlh="1425952" />
  <largest-consumer threadName="Default Executor-thread-1" threadId="0000000125863F00" bytes="1381448" />
</allocation-stats>
<gc-op id="803" type="scavenge" timems="0.449" contextid="800" timestamp="2024-12-13T12:32:40.795">
  <scavenger-info tenureage="3" tenuremask="7ff8" tiltratio="75" />
  <memory-copied type="nursery" objects="5989" bytes="338096" bytesdiscarded="76128" />
  <memory-copied type="tenure" objects="1641" bytes="92320" bytesdiscarded="48" />
  <ownableSynchronizers candidates="63" cleared="0" />
  <references type="soft" candidates="109" cleared="0" enqueued="0" dynamicThreshold="9" maxThreshold="32" />
  <references type="weak" candidates="55" cleared="1" enqueued="0" />
  <references type="phantom" candidates="1" cleared="0" enqueued="0" />
  <object-monitors candidates="16" cleared="0"  />
</gc-op>
<gc-end id="804" type="scavenge" contextid="800" durationms="0.504" usertimems="1.086" systemtimems="0.208" stalltimems="0.948" timestamp="2024-12-13T12:32:40.795" activeThreads="5">
  <mem-info id="805" free="3446312" total="13828096" percent="24">
    <mem type="nursery" free="1355248" total="2359296" percent="57">
      <mem type="allocate" free="1355248" total="1769472" percent="76" />
      <mem type="survivor" free="0" total="589824" percent="0" />
    </mem>
    <mem type="tenure" free="2091064" total="11468800" percent="18">
      <mem type="soa" free="1517624" total="10895360" percent="13" />
      <mem type="loa" free="573440" total="573440" percent="100" />
    </mem>
    <remembered-set count="502" />
  </mem-info>
</gc-end>
<cycle-end id="806" type="scavenge" contextid="800" timestamp="2024-12-13T12:32:40.795" />
<allocation-satisfied id="807" threadId="0000000125863F00" bytesRequested="16400" />
<af-end id="808" timestamp="2024-12-13T12:32:40.795" threadId="0000000125864990" success="true" from="nursery"/>
<exclusive-end id="809" timestamp="2024-12-13T12:32:40.795" durationms="0.648" />

<exclusive-start id="810" timestamp="2024-12-13T12:32:40.812" intervalms="18.206">
  <response-info timems="0.286" idlems="0.195" threads="2" lastid="00000001388C2900" lastname="JIT Compilation Thread-003" />
</exclusive-start>
<af-start id="811" threadId="0000000125864990" totalBytesRequested="2344" timestamp="2024-12-13T12:32:40.812" intervalms="18.196" type="nursery" />
<cycle-start id="812" type="scavenge" contextid="0" timestamp="2024-12-13T12:32:40.812" intervalms="18.189" />
<gc-start id="813" type="scavenge" contextid="812" timestamp="2024-12-13T12:32:40.812">
  <mem-info id="814" free="2066984" total="13828096" percent="14">
    <mem type="nursery" free="0" total="2359296" percent="0">
      <mem type="allocate" free="0" total="1769472" percent="0" />
      <mem type="survivor" free="0" total="589824" percent="0" />
    </mem>
    <mem type="tenure" free="2066984" total="11468800" percent="18">
      <mem type="soa" free="1493544" total="10895360" percent="13" />
      <mem type="loa" free="573440" total="573440" percent="100" />
    </mem>
    <remembered-set count="734" />
  </mem-info>
</gc-start>
<allocation-stats totalBytes="1377776" discardedBytes="1552" >
  <allocated-bytes non-tlh="40480" tlh="1337296" />
  <largest-consumer threadName="Default Executor-thread-1" threadId="0000000125863F00" bytes="1377776" />
</allocation-stats>
<gc-op id="815" type="scavenge" timems="0.557" contextid="812" timestamp="2024-12-13T12:32:40.813">
  <scavenger-info tenureage="3" tenuremask="7ff8" tiltratio="75" />
  <memory-copied type="nursery" objects="7971" bytes="427840" bytesdiscarded="79440" />
  <memory-copied type="tenure" objects="1178" bytes="67400" bytesdiscarded="176" />
  <ownableSynchronizers candidates="25" cleared="0" />
  <references type="soft" candidates="15" cleared="0" enqueued="0" dynamicThreshold="9" maxThreshold="32" />
  <references type="weak" candidates="59" cleared="11" enqueued="10" />
  <references type="phantom" candidates="1" cleared="0" enqueued="0" />
  <object-monitors candidates="16" cleared="0"  />
</gc-op>
<gc-end id="816" type="scavenge" contextid="812" durationms="0.612" usertimems="2.164" systemtimems="0.208" stalltimems="1.564" timestamp="2024-12-13T12:32:40.813" activeThreads="5">
  <mem-info id="817" free="3275384" total="13828096" percent="23">
    <mem type="nursery" free="1262160" total="2359296" percent="53">
      <mem type="allocate" free="1262160" total="1769472" percent="71" />
      <mem type="survivor" free="0" total="589824" percent="0" />
    </mem>
    <mem type="tenure" free="2013224" total="11468800" percent="17">
      <mem type="soa" free="1439784" total="10895360" percent="13" />
      <mem type="loa" free="573440" total="573440" percent="100" />
    </mem>
    <pending-finalizers system="0" default="0" reference="10" classloader="0" />
    <remembered-set count="503" />
  </mem-info>
</gc-end>
<cycle-end id="818" type="scavenge" contextid="812" timestamp="2024-12-13T12:32:40.813" />
<allocation-satisfied id="819" threadId="0000000125863F00" bytesRequested="2344" />
<af-end id="820" timestamp="2024-12-13T12:32:40.813" threadId="0000000125864990" success="true" from="nursery"/>
<exclusive-end id="821" timestamp="2024-12-13T12:32:40.813" durationms="0.740" />

<exclusive-start id="822" timestamp="2024-12-13T12:32:40.835" intervalms="22.221">
  <response-info timems="0.608" idlems="0.235" threads="2" lastid="000000012900D500" lastname="JIT Compilation Thread-001" />
</exclusive-start>
<af-start id="823" threadId="0000000125864990" totalBytesRequested="40" timestamp="2024-12-13T12:32:40.835" intervalms="22.236" type="nursery" />
<cycle-start id="824" type="scavenge" contextid="0" timestamp="2024-12-13T12:32:40.835" intervalms="22.243" />
<gc-start id="825" type="scavenge" contextid="824" timestamp="2024-12-13T12:32:40.835">
  <mem-info id="826" free="2009784" total="13828096" percent="14">
    <mem type="nursery" free="0" total="2359296" percent="0">
      <mem type="allocate" free="0" total="1769472" percent="0" />
      <mem type="survivor" free="0" total="589824" percent="0" />
    </mem>
    <mem type="tenure" free="2009784" total="11468800" percent="17">
      <mem type="soa" free="1436344" total="10895360" percent="13" />
      <mem type="loa" free="573440" total="573440" percent="100" />
    </mem>
    <remembered-set count="547" />
  </mem-info>
</gc-start>
<allocation-stats totalBytes="1265160" discardedBytes="440" >
  <allocated-bytes non-tlh="5784" tlh="1259376" />
  <largest-consumer threadName="Default Executor-thread-1" threadId="0000000125863F00" bytes="1265160" />
</allocation-stats>
<gc-op id="827" type="scavenge" timems="0.562" contextid="824" timestamp="2024-12-13T12:32:40.835">
  <scavenger-info tenureage="3" tenuremask="7ff8" tiltratio="75" />
  <memory-copied type="nursery" objects="10368" bytes="529112" bytesdiscarded="60680" />
  <memory-copied type="tenure" objects="1874" bytes="94944" bytesdiscarded="56" />
  <copy-failed type="nursery" objects="1028" bytes="49184" />
  <ownableSynchronizers candidates="7" cleared="0" />
  <references type="soft" candidates="10" cleared="0" enqueued="0" dynamicThreshold="9" maxThreshold="32" />
  <references type="weak" candidates="21" cleared="2" enqueued="2" />
  <object-monitors candidates="16" cleared="0"  />
</gc-op>
<gc-end id="828" type="scavenge" contextid="824" durationms="0.618" usertimems="1.857" systemtimems="0.138" stalltimems="0.928" timestamp="2024-12-13T12:32:40.835" activeThreads="4">
  <mem-info id="829" free="2873528" total="13828096" percent="20">
    <mem type="nursery" free="917504" total="2359296" percent="38">
      <mem type="allocate" free="917504" total="1507328" percent="60" />
      <mem type="survivor" free="0" total="851968" percent="0" />
    </mem>
    <mem type="tenure" free="1956024" total="11468800" percent="17">
      <mem type="soa" free="1382584" total="10895360" percent="12" />
      <mem type="loa" free="573440" total="573440" percent="100" />
    </mem>
    <pending-finalizers system="0" default="0" reference="2" classloader="0" />
    <remembered-set count="502" />
  </mem-info>
</gc-end>
<cycle-end id="830" type="scavenge" contextid="824" timestamp="2024-12-13T12:32:40.835" />
<allocation-satisfied id="831" threadId="0000000125863F00" bytesRequested="40" />
<af-end id="832" timestamp="2024-12-13T12:32:40.835" threadId="0000000125864990" success="true" from="nursery"/>
<exclusive-end id="833" timestamp="2024-12-13T12:32:40.835" durationms="0.769" />

<exclusive-start id="834" timestamp="2024-12-13T12:32:40.880" intervalms="45.164">
  <response-info timems="0.031" idlems="0.023" threads="3" lastid="0000000129020300" lastname="IProfiler" />
</exclusive-start>
<af-start id="835" threadId="0000000125864990" totalBytesRequested="32" timestamp="2024-12-13T12:32:40.880" intervalms="45.164" type="nursery" />
<cycle-start id="836" type="scavenge" contextid="0" timestamp="2024-12-13T12:32:40.880" intervalms="45.167" />
<gc-start id="837" type="scavenge" contextid="836" timestamp="2024-12-13T12:32:40.880">
  <mem-info id="838" free="1948544" total="13828096" percent="14">
    <mem type="nursery" free="0" total="2359296" percent="0">
      <mem type="allocate" free="0" total="1507328" percent="0" />
      <mem type="survivor" free="0" total="851968" percent="0" />
    </mem>
    <mem type="tenure" free="1948544" total="11468800" percent="16">
      <mem type="soa" free="1375104" total="10895360" percent="12" />
      <mem type="loa" free="573440" total="573440" percent="100" />
    </mem>
    <remembered-set count="592" />
  </mem-info>
</gc-start>
<allocation-stats totalBytes="924648" discardedBytes="336" >
  <allocated-bytes non-tlh="7520" tlh="917128" />
  <largest-consumer threadName="Default Executor-thread-1" threadId="0000000125863F00" bytes="924648" />
</allocation-stats>
<gc-op id="839" type="scavenge" timems="0.480" contextid="836" timestamp="2024-12-13T12:32:40.880">
  <scavenger-info tenureage="2" tenuremask="7ffc" tiltratio="63" />
  <memory-copied type="nursery" objects="4947" bytes="229336" bytesdiscarded="56304" />
  <memory-copied type="tenure" objects="6041" bytes="325200" bytesdiscarded="1232" />
  <references type="weak" candidates="34" cleared="10" enqueued="7" />
  <object-monitors candidates="16" cleared="0"  />
</gc-op>
<gc-end id="840" type="scavenge" contextid="836" durationms="0.576" usertimems="2.177" systemtimems="0.171" stalltimems="0.584" timestamp="2024-12-13T12:32:40.880" activeThreads="4">
  <mem-info id="841" free="2850560" total="13828096" percent="20">
    <mem type="nursery" free="1221632" total="2359296" percent="51">
      <mem type="allocate" free="1221632" total="1507328" percent="81" />
      <mem type="survivor" free="0" total="851968" percent="0" />
    </mem>
    <mem type="tenure" free="1628928" total="11468800" percent="14">
      <mem type="soa" free="1055488" total="10895360" percent="9" />
      <mem type="loa" free="573440" total="573440" percent="100" />
    </mem>
    <pending-finalizers system="0" default="0" reference="7" classloader="0" />
    <remembered-set count="306" />
  </mem-info>
</gc-end>
<cycle-end id="842" type="scavenge" contextid="836" timestamp="2024-12-13T12:32:40.880" />
<allocation-satisfied id="843" threadId="0000000125863F00" bytesRequested="32" />
<af-end id="844" timestamp="2024-12-13T12:32:40.880" threadId="0000000125864990" success="true" from="nursery"/>
<exclusive-end id="845" timestamp="2024-12-13T12:32:40.880" durationms="0.744" />

<exclusive-start id="846" timestamp="2024-12-13T12:32:40.898" intervalms="18.177">
  <response-info timems="2.955" idlems="0.763" threads="3" lastid="00000001388D5700" lastname="JIT Compilation Thread-005" />
</exclusive-start>
<af-start id="847" threadId="0000000125864990" totalBytesRequested="40" timestamp="2024-12-13T12:32:40.898" intervalms="18.177" type="nursery" />
<cycle-start id="848" type="scavenge" contextid="0" timestamp="2024-12-13T12:32:40.898" intervalms="18.168" />
<gc-start id="849" type="scavenge" contextid="848" timestamp="2024-12-13T12:32:40.898">
  <mem-info id="850" free="1628928" total="13828096" percent="11">
    <mem type="nursery" free="0" total="2359296" percent="0">
      <mem type="allocate" free="0" total="1507328" percent="0" />
      <mem type="survivor" free="0" total="851968" percent="0" />
    </mem>
    <mem type="tenure" free="1628928" total="11468800" percent="14">
      <mem type="soa" free="1055488" total="10895360" percent="9" />
      <mem type="loa" free="573440" total="573440" percent="100" />
    </mem>
    <remembered-set count="344" />
  </mem-info>
</gc-start>
<allocation-stats totalBytes="1221088" discardedBytes="544" >
  <allocated-bytes non-tlh="32" tlh="1221056" />
  <largest-consumer threadName="Default Executor-thread-1" threadId="0000000125863F00" bytes="1216992" />
</allocation-stats>
<gc-op id="851" type="scavenge" timems="0.406" contextid="848" timestamp="2024-12-13T12:32:40.898">
  <scavenger-info tenureage="2" tenuremask="7ffc" tiltratio="63" />
  <memory-copied type="nursery" objects="6944" bytes="303312" bytesdiscarded="77616" />
  <memory-copied type="tenure" objects="2222" bytes="112312" bytesdiscarded="96" />
  <references type="weak" candidates="20" cleared="0" enqueued="0" />
  <object-monitors candidates="16" cleared="0"  />
</gc-op>
<gc-end id="852" type="scavenge" contextid="848" durationms="0.458" usertimems="1.350" systemtimems="0.114" stalltimems="0.592" timestamp="2024-12-13T12:32:40.898" activeThreads="4">
  <mem-info id="853" free="2684160" total="13828096" percent="19">
    <mem type="nursery" free="1191936" total="2359296" percent="50">
      <mem type="allocate" free="1191936" total="1572864" percent="75" />
      <mem type="survivor" free="0" total="786432" percent="0" />
    </mem>
    <mem type="tenure" free="1492224" total="11468800" percent="13">
      <mem type="soa" free="918784" total="10895360" percent="8" />
      <mem type="loa" free="573440" total="573440" percent="100" />
    </mem>
    <remembered-set count="551" />
  </mem-info>
</gc-end>
<cycle-end id="854" type="scavenge" contextid="848" timestamp="2024-12-13T12:32:40.899" />
<allocation-satisfied id="855" threadId="0000000125863F00" bytesRequested="40" />
<af-end id="856" timestamp="2024-12-13T12:32:40.899" threadId="0000000125864990" success="true" from="nursery"/>
<exclusive-end id="857" timestamp="2024-12-13T12:32:40.899" durationms="0.606" />

<exclusive-start id="858" timestamp="2024-12-13T12:32:40.936" intervalms="38.145">
  <response-info timems="4.646" idlems="1.868" threads="4" lastid="00000001388AD900" lastname="JIT Compilation Thread-000" />
</exclusive-start>
<af-start id="859" threadId="0000000125864990" totalBytesRequested="48" timestamp="2024-12-13T12:32:40.936" intervalms="38.150" type="nursery" />
<cycle-start id="860" type="scavenge" contextid="0" timestamp="2024-12-13T12:32:40.936" intervalms="38.164" />
<gc-start id="861" type="scavenge" contextid="860" timestamp="2024-12-13T12:32:40.936">
  <mem-info id="862" free="1486056" total="13828096" percent="10">
    <mem type="nursery" free="0" total="2359296" percent="0">
      <mem type="allocate" free="0" total="1572864" percent="0" />
      <mem type="survivor" free="0" total="786432" percent="0" />
    </mem>
    <mem type="tenure" free="1486056" total="11468800" percent="12">
      <mem type="soa" free="912616" total="10895360" percent="8" />
      <mem type="loa" free="573440" total="573440" percent="100" />
    </mem>
    <remembered-set count="663" />
  </mem-info>
</gc-start>
<allocation-stats totalBytes="1197496" discardedBytes="608" >
  <allocated-bytes non-tlh="6208" tlh="1191288" />
  <largest-consumer threadName="Default Executor-thread-1" threadId="0000000125863F00" bytes="1197496" />
</allocation-stats>
<gc-op id="863" type="scavenge" timems="0.378" contextid="860" timestamp="2024-12-13T12:32:40.937">
  <scavenger-info tenureage="2" tenuremask="7ffc" tiltratio="66" />
  <memory-copied type="nursery" objects="6691" bytes="296368" bytesdiscarded="61264" />
  <memory-copied type="tenure" objects="2546" bytes="108376" bytesdiscarded="32" />
  <references type="soft" candidates="2" cleared="0" enqueued="0" dynamicThreshold="9" maxThreshold="32" />
  <references type="weak" candidates="13" cleared="9" enqueued="9" />
  <object-monitors candidates="16" cleared="0"  />
</gc-op>
<gc-end id="864" type="scavenge" contextid="860" durationms="0.439" usertimems="1.367" systemtimems="0.127" stalltimems="0.266" timestamp="2024-12-13T12:32:40.937" activeThreads="4">
  <mem-info id="865" free="2679496" total="13828096" percent="19">
    <mem type="nursery" free="1346272" total="2359296" percent="57">
      <mem type="allocate" free="1346272" total="1703936" percent="79" />
      <mem type="survivor" free="0" total="655360" percent="0" />
    </mem>
    <mem type="tenure" free="1333224" total="11468800" percent="11">
      <mem type="soa" free="759784" total="10895360" percent="6" />
      <mem type="loa" free="573440" total="573440" percent="100" />
    </mem>
    <pending-finalizers system="0" default="0" reference="9" classloader="0" />
    <remembered-set count="336" />
  </mem-info>
</gc-end>
<cycle-end id="866" type="scavenge" contextid="860" timestamp="2024-12-13T12:32:40.937" />
<allocation-satisfied id="867" threadId="0000000125863F00" bytesRequested="48" />
<af-end id="868" timestamp="2024-12-13T12:32:40.937" threadId="0000000125864990" success="true" from="nursery"/>
<exclusive-end id="869" timestamp="2024-12-13T12:32:40.937" durationms="0.614" />

<exclusive-start id="870" timestamp="2024-12-13T12:32:40.945" intervalms="9.239">
  <response-info timems="0.050" idlems="0.034" threads="3" lastid="00000001388D5700" lastname="JIT Compilation Thread-005" />
</exclusive-start>
<af-start id="871" threadId="0000000125864990" totalBytesRequested="96" timestamp="2024-12-13T12:32:40.945" intervalms="9.229" type="nursery" />
<cycle-start id="872" type="scavenge" contextid="0" timestamp="2024-12-13T12:32:40.945" intervalms="9.217" />
<gc-start id="873" type="scavenge" contextid="872" timestamp="2024-12-13T12:32:40.945">
  <mem-info id="874" free="1333048" total="13828096" percent="9">
    <mem type="nursery" free="0" total="2359296" percent="0">
      <mem type="allocate" free="0" total="1703936" percent="0" />
      <mem type="survivor" free="0" total="655360" percent="0" />
    </mem>
    <mem type="tenure" free="1333048" total="11468800" percent="11">
      <mem type="soa" free="759608" total="10895360" percent="6" />
      <mem type="loa" free="573440" total="573440" percent="100" />
    </mem>
    <remembered-set count="1276" />
  </mem-info>
</gc-start>
<allocation-stats totalBytes="1346008" discardedBytes="440" >
  <allocated-bytes non-tlh="224" tlh="1345784" />
  <largest-consumer threadName="Default Executor-thread-1" threadId="0000000125863F00" bytes="1346008" />
</allocation-stats>
<gc-op id="875" type="scavenge" timems="0.343" contextid="872" timestamp="2024-12-13T12:32:40.946">
  <scavenger-info tenureage="2" tenuremask="7ffc" tiltratio="72" />
  <memory-copied type="nursery" objects="9413" bytes="423184" bytesdiscarded="69104" />
  <memory-copied type="tenure" objects="3728" bytes="163856" bytesdiscarded="152" />
  <references type="soft" candidates="2" cleared="0" enqueued="0" dynamicThreshold="9" maxThreshold="32" />
  <references type="weak" candidates="5" cleared="1" enqueued="1" />
  <object-monitors candidates="16" cleared="0"  />
</gc-op>
<gc-end id="876" type="scavenge" contextid="872" durationms="0.395" usertimems="1.005" systemtimems="0.153" stalltimems="0.580" timestamp="2024-12-13T12:32:40.946" activeThreads="5">
  <mem-info id="877" free="2407992" total="13828096" percent="17">
    <mem type="nursery" free="1211648" total="2359296" percent="51">
      <mem type="allocate" free="1211648" total="1703936" percent="71" />
      <mem type="survivor" free="0" total="655360" percent="0" />
    </mem>
    <mem type="tenure" free="1196344" total="11468800" percent="10">
      <mem type="soa" free="622904" total="10895360" percent="5" />
      <mem type="loa" free="573440" total="573440" percent="100" />
    </mem>
    <pending-finalizers system="0" default="0" reference="1" classloader="0" />
    <remembered-set count="1346" />
  </mem-info>
</gc-end>
<cycle-end id="878" type="scavenge" contextid="872" timestamp="2024-12-13T12:32:40.946" />
<allocation-satisfied id="879" threadId="0000000125863F00" bytesRequested="96" />
<af-end id="880" timestamp="2024-12-13T12:32:40.946" threadId="0000000125864990" success="true" from="nursery"/>
<exclusive-end id="881" timestamp="2024-12-13T12:32:40.946" durationms="0.534" />

<exclusive-start id="882" timestamp="2024-12-13T12:32:40.962" intervalms="16.957">
  <response-info timems="0.006" idlems="0.006" threads="0" lastid="0000000125863F00" lastname="Default Executor-thread-1" />
</exclusive-start>
<af-start id="883" threadId="0000000125864990" totalBytesRequested="56" timestamp="2024-12-13T12:32:40.962" intervalms="16.960" type="nursery" />
<cycle-start id="884" type="scavenge" contextid="0" timestamp="2024-12-13T12:32:40.962" intervalms="16.960" />
<gc-start id="885" type="scavenge" contextid="884" timestamp="2024-12-13T12:32:40.962">
  <mem-info id="886" free="1189152" total="13828096" percent="8">
    <mem type="nursery" free="0" total="2359296" percent="0">
      <mem type="allocate" free="0" total="1703936" percent="0" />
      <mem type="survivor" free="0" total="655360" percent="0" />
    </mem>
    <mem type="tenure" free="1189152" total="11468800" percent="10">
      <mem type="soa" free="615712" total="10895360" percent="5" />
      <mem type="loa" free="573440" total="573440" percent="100" />
    </mem>
    <remembered-set count="1443" />
  </mem-info>
</gc-start>
<allocation-stats totalBytes="1218400" discardedBytes="440" >
  <allocated-bytes non-tlh="7288" tlh="1211112" />
  <largest-consumer threadName="Default Executor-thread-1" threadId="0000000125863F00" bytes="1218400" />
</allocation-stats>
<gc-op id="887" type="scavenge" timems="0.355" contextid="884" timestamp="2024-12-13T12:32:40.963">
  <scavenger-info tenureage="2" tenuremask="7ffc" tiltratio="72" />
  <memory-copied type="nursery" objects="10566" bytes="469144" bytesdiscarded="107760" />
  <memory-copied type="tenure" objects="2854" bytes="126968" bytesdiscarded="8" />
  <references type="weak" candidates="16" cleared="12" enqueued="12" />
  <object-monitors candidates="16" cleared="0"  />
</gc-op>
<gc-end id="888" type="scavenge" contextid="884" durationms="0.432" usertimems="1.278" systemtimems="0.223" stalltimems="0.373" timestamp="2024-12-13T12:32:40.963" activeThreads="5">
  <mem-info id="889" free="2196256" total="13828096" percent="15">
    <mem type="nursery" free="1126912" total="2359296" percent="47">
      <mem type="allocate" free="1126912" total="1703936" percent="66" />
      <mem type="survivor" free="0" total="655360" percent="0" />
    </mem>
    <mem type="tenure" free="1069344" total="11468800" percent="9">
      <mem type="soa" free="495904" total="10895360" percent="4" />
      <mem type="loa" free="573440" total="573440" percent="100" />
    </mem>
    <pending-finalizers system="0" default="0" reference="12" classloader="0" />
    <remembered-set count="1218" />
  </mem-info>
</gc-end>
<cycle-end id="890" type="scavenge" contextid="884" timestamp="2024-12-13T12:32:40.963" />
<allocation-satisfied id="891" threadId="0000000125863F00" bytesRequested="56" />
<af-end id="892" timestamp="2024-12-13T12:32:40.963" threadId="0000000125864990" success="true" from="nursery"/>
<exclusive-end id="893" timestamp="2024-12-13T12:32:40.963" durationms="0.599" />

<exclusive-start id="894" timestamp="2024-12-13T12:32:40.988" intervalms="26.199">
  <response-info timems="5.371" idlems="2.688" threads="1" lastid="000000012900D500" lastname="JIT Compilation Thread-001" />
</exclusive-start>
<af-start id="895" threadId="0000000125864990" totalBytesRequested="56" timestamp="2024-12-13T12:32:40.988" intervalms="26.204" type="nursery" />
<cycle-start id="896" type="scavenge" contextid="0" timestamp="2024-12-13T12:32:40.989" intervalms="26.202" />
<gc-start id="897" type="scavenge" contextid="896" timestamp="2024-12-13T12:32:40.989">
  <mem-info id="898" free="1068624" total="13828096" percent="7">
    <mem type="nursery" free="0" total="2359296" percent="0">
      <mem type="allocate" free="0" total="1703936" percent="0" />
      <mem type="survivor" free="0" total="655360" percent="0" />
    </mem>
    <mem type="tenure" free="1068624" total="11468800" percent="9">
      <mem type="soa" free="495184" total="10895360" percent="4" />
      <mem type="loa" free="573440" total="573440" percent="100" />
    </mem>
    <remembered-set count="1237" />
  </mem-info>
</gc-start>
<allocation-stats totalBytes="1127264" discardedBytes="368" >
  <allocated-bytes non-tlh="776" tlh="1126488" />
  <largest-consumer threadName="Default Executor-thread-1" threadId="0000000125863F00" bytes="1127264" />
</allocation-stats>
<gc-op id="899" type="scavenge" timems="0.486" contextid="896" timestamp="2024-12-13T12:32:40.989">
  <scavenger-info tenureage="2" tenuremask="7ffc" tiltratio="72" />
  <memory-copied type="nursery" objects="9150" bytes="381312" bytesdiscarded="74072" />
  <memory-copied type="tenure" objects="6193" bytes="277328" bytesdiscarded="272" />
  <references type="weak" candidates="6" cleared="1" enqueued="1" />
  <object-monitors candidates="16" cleared="0"  />
</gc-op>
<gc-end id="900" type="scavenge" contextid="896" durationms="0.565" usertimems="1.274" systemtimems="0.321" stalltimems="1.432" timestamp="2024-12-13T12:32:40.989" activeThreads="6">
  <mem-info id="901" free="2126160" total="13828096" percent="15">
    <mem type="nursery" free="1314048" total="2359296" percent="55">
      <mem type="allocate" free="1314048" total="1769472" percent="74" />
      <mem type="survivor" free="0" total="589824" percent="0" />
    </mem>
    <mem type="tenure" free="812112" total="11468800" percent="7">
      <mem type="soa" free="238672" total="10895360" percent="2" />
      <mem type="loa" free="573440" total="573440" percent="100" />
    </mem>
    <pending-finalizers system="0" default="0" reference="1" classloader="0" />
    <remembered-set count="334" />
  </mem-info>
</gc-end>
<cycle-end id="902" type="scavenge" contextid="896" timestamp="2024-12-13T12:32:40.989" />
<allocation-satisfied id="903" threadId="0000000125863F00" bytesRequested="56" />
<af-end id="904" timestamp="2024-12-13T12:32:40.989" threadId="0000000125864990" success="true" from="nursery"/>
<exclusive-end id="905" timestamp="2024-12-13T12:32:40.989" durationms="0.733" />

<concurrent-kickoff id="906" timestamp="2024-12-13T12:32:41.001">
  <kickoff reason="threshold reached" targetBytes="4856971" thresholdFreeBytes="670512"  remainingFree="601288" tenureFreeBytes="811184" nurseryFreeBytes="601288" />
</concurrent-kickoff>
<exclusive-start id="907" timestamp="2024-12-13T12:32:41.004" intervalms="15.260">
  <response-info timems="2.225" idlems="0.747" threads="2" lastid="000000012900D500" lastname="JIT Compilation Thread-001" />
</exclusive-start>
<cycle-start id="908" type="global" contextid="0" timestamp="2024-12-13T12:32:41.004" intervalms="575.557" />
<concurrent-start id="909" type="global mark" contextid="908" timestamp="2024-12-13T12:32:41.004">
</concurrent-start>
<exclusive-end id="910" timestamp="2024-12-13T12:32:41.004" durationms="0.047" />

<exclusive-start id="911" timestamp="2024-12-13T12:32:41.025" intervalms="21.184">
  <response-info timems="3.669" idlems="2.207" threads="4" lastid="000000012900D500" lastname="JIT Compilation Thread-001" />
</exclusive-start>
<af-start id="912" threadId="0000000125864990" totalBytesRequested="152" timestamp="2024-12-13T12:32:41.025" intervalms="36.438" type="nursery" />
<cycle-start id="913" type="scavenge" contextid="0" timestamp="2024-12-13T12:32:41.025" intervalms="36.443" />
<gc-start id="914" type="scavenge" contextid="913" timestamp="2024-12-13T12:32:41.025">
  <mem-info id="915" free="810680" total="13828096" percent="5">
    <mem type="nursery" free="0" total="2359296" percent="0">
      <mem type="allocate" free="0" total="1769472" percent="0" />
      <mem type="survivor" free="0" total="589824" percent="0" />
    </mem>
    <mem type="tenure" free="810680" total="11468800" percent="7">
      <mem type="soa" free="237240" total="10895360" percent="2" />
      <mem type="loa" free="573440" total="573440" percent="100" />
    </mem>
    <remembered-set count="424" />
  </mem-info>
</gc-start>
<allocation-stats totalBytes="1314968" discardedBytes="512" >
  <allocated-bytes non-tlh="1488" tlh="1313480" />
  <largest-consumer threadName="Default Executor-thread-1" threadId="0000000125863F00" bytes="1290352" />
</allocation-stats>
<gc-op id="916" type="scavenge" timems="0.508" contextid="913" timestamp="2024-12-13T12:32:41.026">
  <scavenger-info tenureage="2" tenuremask="7ffc" tiltratio="75" />
  <memory-copied type="nursery" objects="8201" bytes="392176" bytesdiscarded="62088" />
  <memory-copied type="tenure" objects="3686" bytes="142312" bytesdiscarded="64" />
  <ownableSynchronizers candidates="30" cleared="18" />
  <references type="soft" candidates="1" cleared="0" enqueued="0" dynamicThreshold="9" maxThreshold="32" />
  <references type="weak" candidates="15" cleared="8" enqueued="8" />
  <references type="phantom" candidates="19" cleared="0" enqueued="0" />
  <object-monitors candidates="16" cleared="0"  />
</gc-op>
<gc-end id="917" type="scavenge" contextid="913" durationms="0.562" usertimems="1.099" systemtimems="0.335" stalltimems="1.658" timestamp="2024-12-13T12:32:41.026" activeThreads="6">
  <mem-info id="918" free="2017904" total="13828096" percent="14">
    <mem type="nursery" free="1314744" total="2359296" percent="55">
      <mem type="allocate" free="1314744" total="1769472" percent="74" />
      <mem type="survivor" free="0" total="589824" percent="0" />
    </mem>
    <mem type="tenure" free="703160" total="11468800" percent="6">
      <mem type="soa" free="129720" total="10895360" percent="1" />
      <mem type="loa" free="573440" total="573440" percent="100" />
    </mem>
    <pending-finalizers system="0" default="0" reference="8" classloader="0" />
    <remembered-set count="258" />
  </mem-info>
</gc-end>
<cycle-end id="919" type="scavenge" contextid="913" timestamp="2024-12-13T12:32:41.026" />
<allocation-satisfied id="920" threadId="0000000125863F00" bytesRequested="152" />
<af-end id="921" timestamp="2024-12-13T12:32:41.026" threadId="0000000125864990" success="true" from="nursery"/>
<exclusive-end id="922" timestamp="2024-12-13T12:32:41.026" durationms="0.714" />

<concurrent-end id="923" type="global mark" contextid="908" timestamp="2024-12-13T12:32:41.027">
<gc-op id="924" type="trace" timems="22.928" contextid="908" timestamp="2024-12-13T12:32:41.027">
  <trace bytesTraced="7483976" workStackOverflowCount="0" />
  <card-cleaning reason="card cleaning threshold reached" bytesTraced="9536" cardsCleaned="38" />
</gc-op>
</concurrent-end>

<exclusive-start id="925" timestamp="2024-12-13T12:32:41.027" intervalms="1.803">
  <response-info timems="0.007" idlems="0.005" threads="1" lastid="00000001388D5700" lastname="JIT Compilation Thread-005" />
</exclusive-start>
<concurrent-global-final id="926" timestamp="2024-12-13T12:32:41.027" contextid="908" intervalms="592.873" >
  <concurrent-trace-info reason="card cleaning threshold reached" tracedByMutators="2265496" tracedByHelpers="5228016" cardsCleaned="38" workStackOverflowCount="0" />
</concurrent-global-final>
<gc-start id="927" type="global" contextid="908" timestamp="2024-12-13T12:32:41.027">
  <mem-info id="928" free="1882584" total="13828096" percent="13">
    <mem type="nursery" free="1179424" total="2359296" percent="49">
      <mem type="allocate" free="1179424" total="1769472" percent="66" />
      <mem type="survivor" free="0" total="589824" percent="0" />
    </mem>
    <mem type="tenure" free="703160" total="11468800" percent="6">
      <mem type="soa" free="129720" total="10895360" percent="1" />
      <mem type="loa" free="573440" total="573440" percent="100" />
    </mem>
    <remembered-set count="261" />
  </mem-info>
</gc-start>
<allocation-stats totalBytes="135304" discardedBytes="16" >
  <allocated-bytes non-tlh="152" tlh="135152" />
  <largest-consumer threadName="Default Executor-thread-1" threadId="0000000125863F00" bytes="127112" />
</allocation-stats>
<gc-op id="929" type="rs-scan" timems="0.231" contextid="908" timestamp="2024-12-13T12:32:41.027">
  <scan objectsFound="1748" bytesTraced="128432" workStackOverflowCount="0" />
</gc-op>
<gc-op id="930" type="card-cleaning" timems="0.189" contextid="908" timestamp="2024-12-13T12:32:41.027">
  <card-cleaning cardsCleaned="81" bytesTraced="286488" workStackOverflowCount="0" />
</gc-op>
<gc-op id="931" type="mark" timems="1.215" contextid="908" timestamp="2024-12-13T12:32:41.028">
  <trace-info objectcount="158" scancount="149" scanbytes="5976" />
  <finalization candidates="146" enqueued="0" />
  <ownableSynchronizers candidates="628" cleared="1" />
  <references type="soft" candidates="3523" cleared="0" enqueued="0" dynamicThreshold="9" maxThreshold="32" />
  <references type="weak" candidates="3252" cleared="14" enqueued="7" />
  <references type="phantom" candidates="139" cleared="0" enqueued="0" />
  <stringconstants candidates="12570" cleared="3"  />
  <object-monitors candidates="16" cleared="1"  />
</gc-op>
<gc-op id="932" type="classunload" timems="0.286" contextid="908" timestamp="2024-12-13T12:32:41.029">
  <classunload-info classloadercandidates="32" classloadersunloaded="1" classesunloaded="1" anonymousclassesunloaded="0" quiescems="0.000" setupms="0.282" scanms="0.001" postms="0.001" />
</gc-op>
<gc-op id="933" type="sweep" timems="0.272" contextid="908" timestamp="2024-12-13T12:32:41.029" />
<heap-resize id="934" type="expand" space="tenure" amount="3735552" count="1" timems="0.027" reason="insufficient free space following gc" timestamp="2024-12-13T12:32:41.029" />
<gc-end id="935" type="global" contextid="908" durationms="2.357" usertimems="4.442" systemtimems="1.462" stalltimems="4.833" timestamp="2024-12-13T12:32:41.029" activeThreads="6">
  <mem-info id="936" free="5955336" total="17563648" percent="33">
    <mem type="nursery" free="1352880" total="2359296" percent="57">
      <mem type="allocate" free="1352880" total="1769472" percent="76" />
      <mem type="survivor" free="0" total="589824" percent="0" />
    </mem>
    <mem type="tenure" free="4602456" total="15204352" percent="30" micro-fragmented="322835" macro-fragmented="0">
      <mem type="soa" free="3841624" total="14443520" percent="26" />
      <mem type="loa" free="760832" total="760832" percent="100" />
    </mem>
    <pending-finalizers system="0" default="0" reference="7" classloader="0" />
    <remembered-set count="251" />
  </mem-info>
</gc-end>
<cycle-end id="937" type="global" contextid="908" timestamp="2024-12-13T12:32:41.029" />
<exclusive-end id="938" timestamp="2024-12-13T12:32:41.029" durationms="2.425" />

<exclusive-start id="939" timestamp="2024-12-13T12:32:41.046" intervalms="19.389">
  <response-info timems="0.007" idlems="0.007" threads="0" lastid="0000000125863F00" lastname="Default Executor-thread-1" />
</exclusive-start>
<af-start id="940" threadId="0000000125864990" totalBytesRequested="1040" timestamp="2024-12-13T12:32:41.046" intervalms="21.195" type="nursery" />
<cycle-start id="941" type="scavenge" contextid="0" timestamp="2024-12-13T12:32:41.046" intervalms="21.193" />
<gc-start id="942" type="scavenge" contextid="941" timestamp="2024-12-13T12:32:41.046">
  <mem-info id="943" free="4602456" total="17563648" percent="26">
    <mem type="nursery" free="0" total="2359296" percent="0">
      <mem type="allocate" free="0" total="1769472" percent="0" />
      <mem type="survivor" free="0" total="589824" percent="0" />
    </mem>
    <mem type="tenure" free="4602456" total="15204352" percent="30">
      <mem type="soa" free="3841624" total="14443520" percent="26" />
      <mem type="loa" free="760832" total="760832" percent="100" />
    </mem>
    <remembered-set count="280" />
  </mem-info>
</gc-start>
<allocation-stats totalBytes="1328608" discardedBytes="24272" >
  <allocated-bytes non-tlh="82552" tlh="1246056" />
  <largest-consumer threadName="Default Executor-thread-1" threadId="0000000125863F00" bytes="1311400" />
</allocation-stats>
<gc-op id="944" type="scavenge" timems="0.418" contextid="941" timestamp="2024-12-13T12:32:41.047">
  <scavenger-info tenureage="2" tenuremask="7ffc" tiltratio="75" />
  <memory-copied type="nursery" objects="6645" bytes="510104" bytesdiscarded="79456" />
  <memory-copied type="tenure" objects="4286" bytes="172728" bytesdiscarded="576" />
  <copy-failed type="nursery" objects="71" bytes="2984" />
  <ownableSynchronizers candidates="1284" cleared="1258" />
  <references type="soft" candidates="1" cleared="0" enqueued="0" dynamicThreshold="9" maxThreshold="32" />
  <references type="weak" candidates="7" cleared="0" enqueued="0" />
  <references type="phantom" candidates="40" cleared="0" enqueued="0" />
  <object-monitors candidates="15" cleared="0"  />
</gc-op>
<gc-end id="945" type="scavenge" contextid="941" durationms="0.475" usertimems="3.348" systemtimems="0.208" stalltimems="0.873" timestamp="2024-12-13T12:32:41.047" activeThreads="5">
  <mem-info id="946" free="5349352" total="17563648" percent="30">
    <mem type="nursery" free="983040" total="2359296" percent="41">
      <mem type="allocate" free="983040" total="1572864" percent="62" />
      <mem type="survivor" free="0" total="786432" percent="0" />
    </mem>
    <mem type="tenure" free="4366312" total="15204352" percent="28">
      <mem type="soa" free="3605480" total="14443520" percent="24" />
      <mem type="loa" free="760832" total="760832" percent="100" />
    </mem>
    <remembered-set count="274" />
  </mem-info>
</gc-end>
<cycle-end id="947" type="scavenge" contextid="941" timestamp="2024-12-13T12:32:41.047" />
<allocation-satisfied id="948" threadId="0000000125863F00" bytesRequested="1040" />
<af-end id="949" timestamp="2024-12-13T12:32:41.047" threadId="0000000125864990" success="true" from="nursery"/>
<exclusive-end id="950" timestamp="2024-12-13T12:32:41.047" durationms="0.618" />

<exclusive-start id="951" timestamp="2024-12-13T12:32:41.055" intervalms="8.743">
  <response-info timems="0.007" idlems="0.007" threads="0" lastid="0000000125863F00" lastname="Default Executor-thread-1" />
</exclusive-start>
<af-start id="952" threadId="0000000125864990" totalBytesRequested="5880" timestamp="2024-12-13T12:32:41.055" intervalms="8.733" type="nursery" />
<cycle-start id="953" type="scavenge" contextid="0" timestamp="2024-12-13T12:32:41.055" intervalms="8.727" />
<gc-start id="954" type="scavenge" contextid="953" timestamp="2024-12-13T12:32:41.055">
  <mem-info id="955" free="4366312" total="17563648" percent="24">
    <mem type="nursery" free="0" total="2359296" percent="0">
      <mem type="allocate" free="0" total="1572864" percent="0" />
      <mem type="survivor" free="0" total="786432" percent="0" />
    </mem>
    <mem type="tenure" free="4366312" total="15204352" percent="28">
      <mem type="soa" free="3605480" total="14443520" percent="24" />
      <mem type="loa" free="760832" total="760832" percent="100" />
    </mem>
    <remembered-set count="326" />
  </mem-info>
</gc-start>
<allocation-stats totalBytes="977040" discardedBytes="6000" >
  <allocated-bytes non-tlh="1040" tlh="976000" />
  <largest-consumer threadName="Default Executor-thread-1" threadId="0000000125863F00" bytes="968848" />
</allocation-stats>
<gc-op id="956" type="scavenge" timems="0.425" contextid="953" timestamp="2024-12-13T12:32:41.055">
  <scavenger-info tenureage="1" tenuremask="7ffe" tiltratio="66" />
  <memory-copied type="nursery" objects="3224" bytes="178792" bytesdiscarded="111808" />
  <memory-copied type="tenure" objects="5961" bytes="482520" bytesdiscarded="368" />
  <ownableSynchronizers candidates="36" cleared="6" />
  <references type="weak" candidates="1" cleared="0" enqueued="0" />
  <references type="phantom" candidates="5" cleared="0" enqueued="0" />
  <object-monitors candidates="15" cleared="0"  />
</gc-op>
<gc-end id="957" type="scavenge" contextid="953" durationms="0.508" usertimems="11.260" systemtimems="0.230" stalltimems="0.790" timestamp="2024-12-13T12:32:41.055" activeThreads="5">
  <mem-info id="958" free="5135280" total="17563648" percent="29">
    <mem type="nursery" free="1347040" total="2359296" percent="57">
      <mem type="allocate" free="1347040" total="1638400" percent="82" />
      <mem type="survivor" free="0" total="720896" percent="0" />
    </mem>
    <mem type="tenure" free="3788240" total="15204352" percent="24">
      <mem type="soa" free="3027408" total="14443520" percent="20" />
      <mem type="loa" free="760832" total="760832" percent="100" />
    </mem>
    <remembered-set count="239" />
  </mem-info>
</gc-end>
<cycle-end id="959" type="scavenge" contextid="953" timestamp="2024-12-13T12:32:41.055" />
<allocation-satisfied id="960" threadId="0000000125863F00" bytesRequested="5880" />
<af-end id="961" timestamp="2024-12-13T12:32:41.055" threadId="0000000125864990" success="true" from="nursery"/>
<exclusive-end id="962" timestamp="2024-12-13T12:32:41.055" durationms="0.657" />

<exclusive-start id="963" timestamp="2024-12-13T12:32:41.070" intervalms="15.579">
  <response-info timems="2.886" idlems="1.450" threads="1" lastid="00000001388D5700" lastname="JIT Compilation Thread-005" />
</exclusive-start>
<af-start id="964" threadId="0000000125864990" totalBytesRequested="8208" timestamp="2024-12-13T12:32:41.070" intervalms="15.581" type="nursery" />
<cycle-start id="965" type="scavenge" contextid="0" timestamp="2024-12-13T12:32:41.070" intervalms="15.586" />
<gc-start id="966" type="scavenge" contextid="965" timestamp="2024-12-13T12:32:41.071">
  <mem-info id="967" free="3788240" total="17563648" percent="21">
    <mem type="nursery" free="0" total="2359296" percent="0">
      <mem type="allocate" free="0" total="1638400" percent="0" />
      <mem type="survivor" free="0" total="720896" percent="0" />
    </mem>
    <mem type="tenure" free="3788240" total="15204352" percent="24">
      <mem type="soa" free="3027408" total="14443520" percent="20" />
      <mem type="loa" free="760832" total="760832" percent="100" />
    </mem>
    <remembered-set count="290" />
  </mem-info>
</gc-start>
<allocation-stats totalBytes="1257952" discardedBytes="89088" >
  <allocated-bytes non-tlh="5880" tlh="1252072" />
  <largest-consumer threadName="Default Executor-thread-1" threadId="0000000125863F00" bytes="1237488" />
</allocation-stats>
<gc-op id="968" type="scavenge" timems="0.290" contextid="965" timestamp="2024-12-13T12:32:41.071">
  <scavenger-info tenureage="1" tenuremask="7ffe" tiltratio="69" />
  <memory-copied type="nursery" objects="1164" bytes="154400" bytesdiscarded="70576" />
  <memory-copied type="tenure" objects="3201" bytes="178576" bytesdiscarded="88" />
  <ownableSynchronizers candidates="20" cleared="9" />
  <references type="weak" candidates="2" cleared="0" enqueued="0" />
  <references type="phantom" candidates="11" cleared="0" enqueued="0" />
  <object-monitors candidates="15" cleared="0"  />
</gc-op>
<gc-end id="969" type="scavenge" contextid="965" durationms="0.349" usertimems="0.618" systemtimems="0.193" stalltimems="0.628" timestamp="2024-12-13T12:32:41.071" activeThreads="5">
  <mem-info id="970" free="5070128" total="17563648" percent="28">
    <mem type="nursery" free="1478784" total="2359296" percent="62">
      <mem type="allocate" free="1478784" total="1703936" percent="86" />
      <mem type="survivor" free="0" total="655360" percent="0" />
    </mem>
    <mem type="tenure" free="3591344" total="15204352" percent="23">
      <mem type="soa" free="2830512" total="14443520" percent="19" />
      <mem type="loa" free="760832" total="760832" percent="100" />
    </mem>
    <remembered-set count="232" />
  </mem-info>
</gc-end>
<cycle-end id="971" type="scavenge" contextid="965" timestamp="2024-12-13T12:32:41.071" />
<allocation-satisfied id="972" threadId="0000000125863F00" bytesRequested="8208" />
<af-end id="973" timestamp="2024-12-13T12:32:41.071" threadId="0000000125864990" success="true" from="nursery"/>
<exclusive-end id="974" timestamp="2024-12-13T12:32:41.071" durationms="0.496" />

<exclusive-start id="975" timestamp="2024-12-13T12:32:41.084" intervalms="13.868">
  <response-info timems="1.736" idlems="0.873" threads="1" lastid="00000001388CC900" lastname="JIT Compilation Thread-004" />
</exclusive-start>
<af-start id="976" threadId="0000000125864990" totalBytesRequested="144" timestamp="2024-12-13T12:32:41.084" intervalms="13.870" type="nursery" />
<cycle-start id="977" type="scavenge" contextid="0" timestamp="2024-12-13T12:32:41.084" intervalms="13.871" />
<gc-start id="978" type="scavenge" contextid="977" timestamp="2024-12-13T12:32:41.084">
  <mem-info id="979" free="3589624" total="17563648" percent="20">
    <mem type="nursery" free="0" total="2359296" percent="0">
      <mem type="allocate" free="0" total="1703936" percent="0" />
      <mem type="survivor" free="0" total="655360" percent="0" />
    </mem>
    <mem type="tenure" free="3589624" total="15204352" percent="23">
      <mem type="soa" free="2828792" total="14443520" percent="19" />
      <mem type="loa" free="760832" total="760832" percent="100" />
    </mem>
    <remembered-set count="342" />
  </mem-info>
</gc-start>
<allocation-stats totalBytes="1477088" discardedBytes="3416" >
  <allocated-bytes non-tlh="9928" tlh="1467160" />
  <largest-consumer threadName="Default Executor-thread-1" threadId="0000000125863F00" bytes="1379112" />
</allocation-stats>
<gc-op id="980" type="scavenge" timems="0.277" contextid="977" timestamp="2024-12-13T12:32:41.085">
  <scavenger-info tenureage="2" tenuremask="7ffc" tiltratio="72" />
  <memory-copied type="nursery" objects="4081" bytes="374136" bytesdiscarded="129928" />
  <ownableSynchronizers candidates="31" cleared="12" />
  <references type="weak" candidates="26" cleared="5" enqueued="3" />
  <references type="phantom" candidates="20" cleared="0" enqueued="0" />
  <object-monitors candidates="18" cleared="0"  />
</gc-op>
<gc-end id="981" type="scavenge" contextid="977" durationms="0.329" usertimems="0.980" systemtimems="0.261" stalltimems="0.544" timestamp="2024-12-13T12:32:41.085" activeThreads="5">
  <mem-info id="982" free="4788872" total="17563648" percent="27">
    <mem type="nursery" free="1199248" total="2359296" percent="50">
      <mem type="allocate" free="1199248" total="1703936" percent="70" />
      <mem type="survivor" free="0" total="655360" percent="0" />
    </mem>
    <mem type="tenure" free="3589624" total="15204352" percent="23">
      <mem type="soa" free="2828792" total="14443520" percent="19" />
      <mem type="loa" free="760832" total="760832" percent="100" />
    </mem>
    <pending-finalizers system="0" default="0" reference="3" classloader="0" />
    <remembered-set count="330" />
  </mem-info>
</gc-end>
<cycle-end id="983" type="scavenge" contextid="977" timestamp="2024-12-13T12:32:41.085" />
<allocation-satisfied id="984" threadId="0000000125863F00" bytesRequested="144" />
<af-end id="985" timestamp="2024-12-13T12:32:41.085" threadId="0000000125864990" success="true" from="nursery"/>
<exclusive-end id="986" timestamp="2024-12-13T12:32:41.085" durationms="0.471" />

<exclusive-start id="987" timestamp="2024-12-13T12:32:41.095" intervalms="11.108">
  <response-info timems="0.007" idlems="0.007" threads="0" lastid="0000000125863F00" lastname="Default Executor-thread-1" />
</exclusive-start>
<af-start id="988" threadId="0000000125864990" totalBytesRequested="48" timestamp="2024-12-13T12:32:41.095" intervalms="11.105" type="nursery" />
<cycle-start id="989" type="scavenge" contextid="0" timestamp="2024-12-13T12:32:41.095" intervalms="11.101" />
<gc-start id="990" type="scavenge" contextid="989" timestamp="2024-12-13T12:32:41.095">
  <mem-info id="991" free="3589624" total="17563648" percent="20">
    <mem type="nursery" free="0" total="2359296" percent="0">
      <mem type="allocate" free="0" total="1703936" percent="0" />
      <mem type="survivor" free="0" total="655360" percent="0" />
    </mem>
    <mem type="tenure" free="3589624" total="15204352" percent="23">
      <mem type="soa" free="2828792" total="14443520" percent="19" />
      <mem type="loa" free="760832" total="760832" percent="100" />
    </mem>
    <remembered-set count="375" />
  </mem-info>
</gc-start>
<allocation-stats totalBytes="1198520" discardedBytes="728" >
  <allocated-bytes non-tlh="144" tlh="1198376" />
  <largest-consumer threadName="Default Executor-thread-1" threadId="0000000125863F00" bytes="1173960" />
</allocation-stats>
<gc-op id="992" type="scavenge" timems="0.369" contextid="989" timestamp="2024-12-13T12:32:41.096">
  <scavenger-info tenureage="2" tenuremask="7ffc" tiltratio="72" />
  <memory-copied type="nursery" objects="5705" bytes="468480" bytesdiscarded="101976" />
  <memory-copied type="tenure" objects="1141" bytes="143216" bytesdiscarded="672" />
  <ownableSynchronizers candidates="49" cleared="18" />
  <references type="weak" candidates="21" cleared="0" enqueued="0" />
  <references type="phantom" candidates="30" cleared="0" enqueued="0" />
  <object-monitors candidates="18" cleared="0"  />
</gc-op>
<gc-end id="993" type="scavenge" contextid="989" durationms="0.422" usertimems="7.212" systemtimems="0.205" stalltimems="0.612" timestamp="2024-12-13T12:32:41.096" activeThreads="5">
  <mem-info id="994" free="4539888" total="17563648" percent="25">
    <mem type="nursery" free="1133144" total="2359296" percent="48">
      <mem type="allocate" free="1133144" total="1703936" percent="66" />
      <mem type="survivor" free="0" total="655360" percent="0" />
    </mem>
    <mem type="tenure" free="3406744" total="15204352" percent="22">
      <mem type="soa" free="2645912" total="14443520" percent="18" />
      <mem type="loa" free="760832" total="760832" percent="100" />
    </mem>
    <remembered-set count="316" />
  </mem-info>
</gc-end>
<cycle-end id="995" type="scavenge" contextid="989" timestamp="2024-12-13T12:32:41.096" />
<allocation-satisfied id="996" threadId="0000000125863F00" bytesRequested="48" />
<af-end id="997" timestamp="2024-12-13T12:32:41.096" threadId="0000000125864990" success="true" from="nursery"/>
<exclusive-end id="998" timestamp="2024-12-13T12:32:41.096" durationms="0.545" />

<exclusive-start id="999" timestamp="2024-12-13T12:32:41.110" intervalms="14.890">
  <response-info timems="0.021" idlems="0.013" threads="2" lastid="0000000129020300" lastname="IProfiler" />
</exclusive-start>
<af-start id="1000" threadId="0000000125864990" totalBytesRequested="48" timestamp="2024-12-13T12:32:41.110" intervalms="14.898" type="nursery" />
<cycle-start id="1001" type="scavenge" contextid="0" timestamp="2024-12-13T12:32:41.110" intervalms="14.897" />
<gc-start id="1002" type="scavenge" contextid="1001" timestamp="2024-12-13T12:32:41.110">
  <mem-info id="1003" free="3406496" total="17563648" percent="19">
    <mem type="nursery" free="0" total="2359296" percent="0">
      <mem type="allocate" free="0" total="1703936" percent="0" />
      <mem type="survivor" free="0" total="655360" percent="0" />
    </mem>
    <mem type="tenure" free="3406496" total="15204352" percent="22">
      <mem type="soa" free="2645664" total="14443520" percent="18" />
      <mem type="loa" free="760832" total="760832" percent="100" />
    </mem>
    <remembered-set count="376" />
  </mem-info>
</gc-start>
<allocation-stats totalBytes="1132968" discardedBytes="424" >
  <allocated-bytes non-tlh="296" tlh="1132672" />
  <largest-consumer threadName="Default Executor-thread-1" threadId="0000000125863F00" bytes="1112504" />
</allocation-stats>
<gc-op id="1004" type="scavenge" timems="0.460" contextid="1001" timestamp="2024-12-13T12:32:41.111">
  <scavenger-info tenureage="2" tenuremask="7ffc" tiltratio="72" />
  <memory-copied type="nursery" objects="5065" bytes="434736" bytesdiscarded="161336" />
  <memory-copied type="tenure" objects="2922" bytes="230656" bytesdiscarded="224" />
  <ownableSynchronizers candidates="63" cleared="21" />
  <references type="weak" candidates="1" cleared="0" enqueued="0" />
  <references type="phantom" candidates="41" cleared="0" enqueued="0" />
  <object-monitors candidates="18" cleared="0"  />
</gc-op>
<gc-end id="1005" type="scavenge" contextid="1001" durationms="0.533" usertimems="3.826" systemtimems="0.294" stalltimems="0.879" timestamp="2024-12-13T12:32:41.111" activeThreads="5">
  <mem-info id="1006" free="4311400" total="17563648" percent="24">
    <mem type="nursery" free="1107384" total="2359296" percent="46">
      <mem type="allocate" free="1107384" total="1703936" percent="64" />
      <mem type="survivor" free="0" total="655360" percent="0" />
    </mem>
    <mem type="tenure" free="3204016" total="15204352" percent="21">
      <mem type="soa" free="2443184" total="14443520" percent="16" />
      <mem type="loa" free="760832" total="760832" percent="100" />
    </mem>
    <remembered-set count="302" />
  </mem-info>
</gc-end>
<cycle-end id="1007" type="scavenge" contextid="1001" timestamp="2024-12-13T12:32:41.111" />
<allocation-satisfied id="1008" threadId="0000000125863F00" bytesRequested="48" />
<af-end id="1009" timestamp="2024-12-13T12:32:41.111" threadId="0000000125864990" success="true" from="nursery"/>
<exclusive-end id="1010" timestamp="2024-12-13T12:32:41.111" durationms="0.686" />

<exclusive-start id="1011" timestamp="2024-12-13T12:32:41.123" intervalms="12.551">
  <response-info timems="3.466" idlems="1.211" threads="5" lastid="00000001388CC900" lastname="JIT Compilation Thread-004" />
</exclusive-start>
<af-start id="1012" threadId="0000000125864990" totalBytesRequested="144" timestamp="2024-12-13T12:32:41.123" intervalms="12.538" type="nursery" />
<cycle-start id="1013" type="scavenge" contextid="0" timestamp="2024-12-13T12:32:41.123" intervalms="12.539" />
<gc-start id="1014" type="scavenge" contextid="1013" timestamp="2024-12-13T12:32:41.123">
  <mem-info id="1015" free="3204016" total="17563648" percent="18">
    <mem type="nursery" free="0" total="2359296" percent="0">
      <mem type="allocate" free="0" total="1703936" percent="0" />
      <mem type="survivor" free="0" total="655360" percent="0" />
    </mem>
    <mem type="tenure" free="3204016" total="15204352" percent="21">
      <mem type="soa" free="2443184" total="14443520" percent="16" />
      <mem type="loa" free="760832" total="760832" percent="100" />
    </mem>
    <remembered-set count="337" />
  </mem-info>
</gc-start>
<allocation-stats totalBytes="1106928" discardedBytes="456" >
  <allocated-bytes non-tlh="48" tlh="1106880" />
  <largest-consumer threadName="Default Executor-thread-1" threadId="0000000125863F00" bytes="1086464" />
</allocation-stats>
<gc-op id="1016" type="scavenge" timems="0.303" contextid="1013" timestamp="2024-12-13T12:32:41.123">
  <scavenger-info tenureage="2" tenuremask="7ffc" tiltratio="72" />
  <memory-copied type="nursery" objects="5129" bytes="390296" bytesdiscarded="142864" />
  <memory-copied type="tenure" objects="2404" bytes="218424" bytesdiscarded="880" />
  <ownableSynchronizers candidates="52" cleared="15" />
  <references type="weak" candidates="1" cleared="0" enqueued="0" />
  <references type="phantom" candidates="36" cleared="0" enqueued="0" />
  <object-monitors candidates="18" cleared="0"  />
</gc-op>
<gc-end id="1017" type="scavenge" contextid="1013" durationms="0.363" usertimems="0.857" systemtimems="0.178" stalltimems="0.467" timestamp="2024-12-13T12:32:41.123" activeThreads="5">
  <mem-info id="1018" free="4127928" total="17563648" percent="23">
    <mem type="nursery" free="1170400" total="2359296" percent="49">
      <mem type="allocate" free="1170400" total="1703936" percent="68" />
      <mem type="survivor" free="0" total="655360" percent="0" />
    </mem>
    <mem type="tenure" free="2957528" total="15204352" percent="19">
      <mem type="soa" free="2196696" total="14443520" percent="15" />
      <mem type="loa" free="760832" total="760832" percent="100" />
    </mem>
    <remembered-set count="300" />
  </mem-info>
</gc-end>
<cycle-end id="1019" type="scavenge" contextid="1013" timestamp="2024-12-13T12:32:41.123" />
<allocation-satisfied id="1020" threadId="0000000125863F00" bytesRequested="144" />
<af-end id="1021" timestamp="2024-12-13T12:32:41.123" threadId="0000000125864990" success="true" from="nursery"/>
<exclusive-end id="1022" timestamp="2024-12-13T12:32:41.123" durationms="0.484" />

<exclusive-start id="1023" timestamp="2024-12-13T12:32:41.139" intervalms="16.602">
  <response-info timems="5.299" idlems="3.535" threads="2" lastid="00000001388AD900" lastname="JIT Compilation Thread-000" />
</exclusive-start>
<af-start id="1024" threadId="0000000125864990" totalBytesRequested="32" timestamp="2024-12-13T12:32:41.139" intervalms="16.613" type="nursery" />
<cycle-start id="1025" type="scavenge" contextid="0" timestamp="2024-12-13T12:32:41.139" intervalms="16.621" />
<gc-start id="1026" type="scavenge" contextid="1025" timestamp="2024-12-13T12:32:41.140">
  <mem-info id="1027" free="2957528" total="17563648" percent="16">
    <mem type="nursery" free="0" total="2359296" percent="0">
      <mem type="allocate" free="0" total="1703936" percent="0" />
      <mem type="survivor" free="0" total="655360" percent="0" />
    </mem>
    <mem type="tenure" free="2957528" total="15204352" percent="19">
      <mem type="soa" free="2196696" total="14443520" percent="15" />
      <mem type="loa" free="760832" total="760832" percent="100" />
    </mem>
    <remembered-set count="343" />
  </mem-info>
</gc-start>
<allocation-stats totalBytes="1168824" discardedBytes="1576" >
  <allocated-bytes non-tlh="144" tlh="1168680" />
  <largest-consumer threadName="Default Executor-thread-1" threadId="0000000125863F00" bytes="1136232" />
</allocation-stats>
<gc-op id="1028" type="scavenge" timems="0.333" contextid="1025" timestamp="2024-12-13T12:32:41.140">
  <scavenger-info tenureage="2" tenuremask="7ffc" tiltratio="72" />
  <memory-copied type="nursery" objects="5002" bytes="372896" bytesdiscarded="97904" />
  <memory-copied type="tenure" objects="2640" bytes="216008" bytesdiscarded="272" />
  <ownableSynchronizers candidates="70" cleared="27" />
  <references type="weak" candidates="1" cleared="0" enqueued="0" />
  <references type="phantom" candidates="42" cleared="0" enqueued="0" />
  <object-monitors candidates="18" cleared="0"  />
</gc-op>
<gc-end id="1029" type="scavenge" contextid="1025" durationms="0.409" usertimems="0.925" systemtimems="0.222" stalltimems="0.538" timestamp="2024-12-13T12:32:41.140" activeThreads="5">
  <mem-info id="1030" free="4066632" total="17563648" percent="23">
    <mem type="nursery" free="1298264" total="2359296" percent="55">
      <mem type="allocate" free="1298264" total="1769472" percent="73" />
      <mem type="survivor" free="0" total="589824" percent="0" />
    </mem>
    <mem type="tenure" free="2768368" total="15204352" percent="18">
      <mem type="soa" free="2007536" total="14443520" percent="13" />
      <mem type="loa" free="760832" total="760832" percent="100" />
    </mem>
    <remembered-set count="282" />
  </mem-info>
</gc-end>
<cycle-end id="1031" type="scavenge" contextid="1025" timestamp="2024-12-13T12:32:41.140" />
<allocation-satisfied id="1032" threadId="0000000125863F00" bytesRequested="32" />
<af-end id="1033" timestamp="2024-12-13T12:32:41.140" threadId="0000000125864990" success="true" from="nursery"/>
<exclusive-end id="1034" timestamp="2024-12-13T12:32:41.140" durationms="0.571" />

<exclusive-start id="1035" timestamp="2024-12-13T12:32:41.154" intervalms="14.213">
  <response-info timems="2.115" idlems="1.062" threads="1" lastid="00000001388D5700" lastname="JIT Compilation Thread-005" />
</exclusive-start>
<af-start id="1036" threadId="0000000125864990" totalBytesRequested="56" timestamp="2024-12-13T12:32:41.154" intervalms="14.213" type="nursery" />
<cycle-start id="1037" type="scavenge" contextid="0" timestamp="2024-12-13T12:32:41.154" intervalms="14.212" />
<gc-start id="1038" type="scavenge" contextid="1037" timestamp="2024-12-13T12:32:41.154">
  <mem-info id="1039" free="2768256" total="17563648" percent="15">
    <mem type="nursery" free="0" total="2359296" percent="0">
      <mem type="allocate" free="0" total="1769472" percent="0" />
      <mem type="survivor" free="0" total="589824" percent="0" />
    </mem>
    <mem type="tenure" free="2768256" total="15204352" percent="18">
      <mem type="soa" free="2007424" total="14443520" percent="13" />
      <mem type="loa" free="760832" total="760832" percent="100" />
    </mem>
    <remembered-set count="341" />
  </mem-info>
</gc-start>
<allocation-stats totalBytes="1297792" discardedBytes="584" >
  <allocated-bytes non-tlh="144" tlh="1297648" />
  <largest-consumer threadName="Default Executor-thread-1" threadId="0000000125863F00" bytes="1269168" />
</allocation-stats>
<gc-op id="1040" type="scavenge" timems="0.357" contextid="1037" timestamp="2024-12-13T12:32:41.154">
  <scavenger-info tenureage="2" tenuremask="7ffc" tiltratio="75" />
  <memory-copied type="nursery" objects="6024" bytes="432608" bytesdiscarded="54336" />
  <memory-copied type="tenure" objects="2268" bytes="163336" bytesdiscarded="520" />
  <ownableSynchronizers candidates="73" cleared="27" />
  <references type="weak" candidates="1" cleared="0" enqueued="0" />
  <references type="phantom" candidates="54" cleared="0" enqueued="0" />
  <object-monitors candidates="18" cleared="0"  />
</gc-op>
<gc-end id="1041" type="scavenge" contextid="1037" durationms="0.409" usertimems="0.967" systemtimems="0.193" stalltimems="0.616" timestamp="2024-12-13T12:32:41.154" activeThreads="5">
  <mem-info id="1042" free="3892208" total="17563648" percent="22">
    <mem type="nursery" free="1281968" total="2359296" percent="54">
      <mem type="allocate" free="1281968" total="1769472" percent="72" />
      <mem type="survivor" free="0" total="589824" percent="0" />
    </mem>
    <mem type="tenure" free="2610240" total="15204352" percent="17">
      <mem type="soa" free="1849408" total="14443520" percent="12" />
      <mem type="loa" free="760832" total="760832" percent="100" />
    </mem>
    <remembered-set count="309" />
  </mem-info>
</gc-end>
<cycle-end id="1043" type="scavenge" contextid="1037" timestamp="2024-12-13T12:32:41.154" />
<allocation-satisfied id="1044" threadId="0000000125863F00" bytesRequested="56" />
<af-end id="1045" timestamp="2024-12-13T12:32:41.154" threadId="0000000125864990" success="true" from="nursery"/>
<exclusive-end id="1046" timestamp="2024-12-13T12:32:41.154" durationms="0.549" />

<exclusive-start id="1047" timestamp="2024-12-13T12:32:41.164" intervalms="10.315">
  <response-info timems="0.009" idlems="0.006" threads="1" lastid="0000000129020300" lastname="IProfiler" />
</exclusive-start>
<af-start id="1048" threadId="0000000125864990" totalBytesRequested="80" timestamp="2024-12-13T12:32:41.164" intervalms="10.308" type="nursery" />
<cycle-start id="1049" type="scavenge" contextid="0" timestamp="2024-12-13T12:32:41.164" intervalms="10.303" />
<gc-start id="1050" type="scavenge" contextid="1049" timestamp="2024-12-13T12:32:41.164">
  <mem-info id="1051" free="2610240" total="17563648" percent="14">
    <mem type="nursery" free="0" total="2359296" percent="0">
      <mem type="allocate" free="0" total="1769472" percent="0" />
      <mem type="survivor" free="0" total="589824" percent="0" />
    </mem>
    <mem type="tenure" free="2610240" total="15204352" percent="17">
      <mem type="soa" free="1849408" total="14443520" percent="12" />
      <mem type="loa" free="760832" total="760832" percent="100" />
    </mem>
    <remembered-set count="351" />
  </mem-info>
</gc-start>
<allocation-stats totalBytes="1281336" discardedBytes="632" >
  <allocated-bytes non-tlh="56" tlh="1281280" />
  <largest-consumer threadName="Default Executor-thread-1" threadId="0000000125863F00" bytes="1252712" />
</allocation-stats>
<gc-op id="1052" type="scavenge" timems="0.435" contextid="1049" timestamp="2024-12-13T12:32:41.164">
  <scavenger-info tenureage="2" tenuremask="7ffc" tiltratio="75" />
  <memory-copied type="nursery" objects="5946" bytes="429880" bytesdiscarded="121888" />
  <memory-copied type="tenure" objects="2671" bytes="206976" bytesdiscarded="560" />
  <ownableSynchronizers candidates="62" cleared="15" />
  <references type="weak" candidates="1" cleared="0" enqueued="0" />
  <references type="phantom" candidates="42" cleared="0" enqueued="0" />
  <object-monitors candidates="18" cleared="0"  />
</gc-op>
<gc-end id="1053" type="scavenge" contextid="1049" durationms="0.485" usertimems="7.179" systemtimems="0.265" stalltimems="0.958" timestamp="2024-12-13T12:32:41.165" activeThreads="5">
  <mem-info id="1054" free="3546184" total="17563648" percent="20">
    <mem type="nursery" free="1217368" total="2359296" percent="51">
      <mem type="allocate" free="1217368" total="1769472" percent="68" />
      <mem type="survivor" free="0" total="589824" percent="0" />
    </mem>
    <mem type="tenure" free="2328816" total="15204352" percent="15">
      <mem type="soa" free="1567984" total="14443520" percent="10" />
      <mem type="loa" free="760832" total="760832" percent="100" />
    </mem>
    <remembered-set count="310" />
  </mem-info>
</gc-end>
<cycle-end id="1055" type="scavenge" contextid="1049" timestamp="2024-12-13T12:32:41.165" />
<allocation-satisfied id="1056" threadId="0000000125863F00" bytesRequested="80" />
<af-end id="1057" timestamp="2024-12-13T12:32:41.165" threadId="0000000125864990" success="true" from="nursery"/>
<exclusive-end id="1058" timestamp="2024-12-13T12:32:41.165" durationms="0.614" />

<exclusive-start id="1059" timestamp="2024-12-13T12:32:41.177" intervalms="12.699">
  <response-info timems="2.717" idlems="0.941" threads="2" lastid="000000012900D500" lastname="JIT Compilation Thread-001" />
</exclusive-start>
<af-start id="1060" threadId="0000000125864990" totalBytesRequested="56" timestamp="2024-12-13T12:32:41.177" intervalms="12.706" type="nursery" />
<cycle-start id="1061" type="scavenge" contextid="0" timestamp="2024-12-13T12:32:41.177" intervalms="12.712" />
<gc-start id="1062" type="scavenge" contextid="1061" timestamp="2024-12-13T12:32:41.177">
  <mem-info id="1063" free="2328816" total="17563648" percent="13">
    <mem type="nursery" free="0" total="2359296" percent="0">
      <mem type="allocate" free="0" total="1769472" percent="0" />
      <mem type="survivor" free="0" total="589824" percent="0" />
    </mem>
    <mem type="tenure" free="2328816" total="15204352" percent="15">
      <mem type="soa" free="1567984" total="14443520" percent="10" />
      <mem type="loa" free="760832" total="760832" percent="100" />
    </mem>
    <remembered-set count="364" />
  </mem-info>
</gc-start>
<allocation-stats totalBytes="1216512" discardedBytes="856" >
  <allocated-bytes non-tlh="80" tlh="1216432" />
  <largest-consumer threadName="Default Executor-thread-1" threadId="0000000125863F00" bytes="1187888" />
</allocation-stats>
<gc-op id="1064" type="scavenge" timems="0.360" contextid="1061" timestamp="2024-12-13T12:32:41.177">
  <scavenger-info tenureage="2" tenuremask="7ffc" tiltratio="75" />
  <memory-copied type="nursery" objects="5404" bytes="404720" bytesdiscarded="39128" />
  <memory-copied type="tenure" objects="3143" bytes="214704" bytesdiscarded="664" />
  <ownableSynchronizers candidates="57" cleared="15" />
  <references type="weak" candidates="1" cleared="0" enqueued="0" />
  <references type="phantom" candidates="30" cleared="0" enqueued="0" />
  <object-monitors candidates="18" cleared="0"  />
</gc-op>
<gc-end id="1065" type="scavenge" contextid="1061" durationms="0.441" usertimems="1.516" systemtimems="0.217" stalltimems="0.623" timestamp="2024-12-13T12:32:41.177" activeThreads="5">
  <mem-info id="1066" free="3528168" total="17563648" percent="20">
    <mem type="nursery" free="1325176" total="2359296" percent="56">
      <mem type="allocate" free="1325176" total="1769472" percent="74" />
      <mem type="survivor" free="0" total="589824" percent="0" />
    </mem>
    <mem type="tenure" free="2202992" total="15204352" percent="14">
      <mem type="soa" free="1442160" total="14443520" percent="9" />
      <mem type="loa" free="760832" total="760832" percent="100" />
    </mem>
    <remembered-set count="295" />
  </mem-info>
</gc-end>
<cycle-end id="1067" type="scavenge" contextid="1061" timestamp="2024-12-13T12:32:41.177" />
<allocation-satisfied id="1068" threadId="0000000125863F00" bytesRequested="56" />
<af-end id="1069" timestamp="2024-12-13T12:32:41.177" threadId="0000000125864990" success="true" from="nursery"/>
<exclusive-end id="1070" timestamp="2024-12-13T12:32:41.177" durationms="0.604" />

<exclusive-start id="1071" timestamp="2024-12-13T12:32:41.186" intervalms="9.264">
  <response-info timems="3.342" idlems="1.676" threads="1" lastid="00000001388DE500" lastname="JIT Compilation Thread-006" />
</exclusive-start>
<af-start id="1072" threadId="0000000125864990" totalBytesRequested="56" timestamp="2024-12-13T12:32:41.186" intervalms="9.263" type="nursery" />
<cycle-start id="1073" type="scavenge" contextid="0" timestamp="2024-12-13T12:32:41.186" intervalms="9.262" />
<gc-start id="1074" type="scavenge" contextid="1073" timestamp="2024-12-13T12:32:41.186">
  <mem-info id="1075" free="2202776" total="17563648" percent="12">
    <mem type="nursery" free="0" total="2359296" percent="0">
      <mem type="allocate" free="0" total="1769472" percent="0" />
      <mem type="survivor" free="0" total="589824" percent="0" />
    </mem>
    <mem type="tenure" free="2202776" total="15204352" percent="14">
      <mem type="soa" free="1441944" total="14443520" percent="9" />
      <mem type="loa" free="760832" total="760832" percent="100" />
    </mem>
    <remembered-set count="322" />
  </mem-info>
</gc-start>
<allocation-stats totalBytes="1324936" discardedBytes="456" >
  <allocated-bytes non-tlh="157216" tlh="1167720" />
  <largest-consumer threadName="Default Executor-thread-1" threadId="0000000125863F00" bytes="1312648" />
</allocation-stats>
<gc-op id="1076" type="scavenge" timems="0.339" contextid="1073" timestamp="2024-12-13T12:32:41.186">
  <scavenger-info tenureage="2" tenuremask="7ffc" tiltratio="75" />
  <memory-copied type="nursery" objects="5854" bytes="416280" bytesdiscarded="124928" />
  <memory-copied type="tenure" objects="2406" bytes="343144" bytesdiscarded="88" />
  <copy-failed type="nursery" objects="1" bytes="156944" />
  <ownableSynchronizers candidates="36" cleared="9" />
  <references type="weak" candidates="1" cleared="0" enqueued="0" />
  <references type="phantom" candidates="24" cleared="0" enqueued="0" />
  <object-monitors candidates="18" cleared="0"  />
</gc-op>
<gc-end id="1077" type="scavenge" contextid="1073" durationms="0.404" usertimems="0.938" systemtimems="0.219" stalltimems="0.539" timestamp="2024-12-13T12:32:41.186" activeThreads="5">
  <mem-info id="1078" free="2714184" total="17563648" percent="15">
    <mem type="nursery" free="965880" total="2359296" percent="40">
      <mem type="allocate" free="965880" total="1507328" percent="64" />
      <mem type="survivor" free="0" total="851968" percent="0" />
    </mem>
    <mem type="tenure" free="1748304" total="15204352" percent="11">
      <mem type="soa" free="987472" total="14443520" percent="6" />
      <mem type="loa" free="760832" total="760832" percent="100" />
    </mem>
    <remembered-set count="283" />
  </mem-info>
</gc-end>
<cycle-end id="1079" type="scavenge" contextid="1073" timestamp="2024-12-13T12:32:41.186" />
<allocation-satisfied id="1080" threadId="0000000125863F00" bytesRequested="56" />
<af-end id="1081" timestamp="2024-12-13T12:32:41.186" threadId="0000000125864990" success="true" from="nursery"/>
<exclusive-end id="1082" timestamp="2024-12-13T12:32:41.186" durationms="0.551" />

<exclusive-start id="1083" timestamp="2024-12-13T12:32:41.193" intervalms="6.750">
  <response-info timems="1.280" idlems="0.642" threads="1" lastid="00000001388CC900" lastname="JIT Compilation Thread-004" />
</exclusive-start>
<af-start id="1084" threadId="0000000125864990" totalBytesRequested="3808" timestamp="2024-12-13T12:32:41.193" intervalms="6.739" type="nursery" />
<cycle-start id="1085" type="scavenge" contextid="0" timestamp="2024-12-13T12:32:41.193" intervalms="6.739" />
<gc-start id="1086" type="scavenge" contextid="1085" timestamp="2024-12-13T12:32:41.193">
  <mem-info id="1087" free="1748248" total="17563648" percent="9">
    <mem type="nursery" free="0" total="2359296" percent="0">
      <mem type="allocate" free="0" total="1507328" percent="0" />
      <mem type="survivor" free="0" total="851968" percent="0" />
    </mem>
    <mem type="tenure" free="1748248" total="15204352" percent="11">
      <mem type="soa" free="987416" total="14443520" percent="6" />
      <mem type="loa" free="760832" total="760832" percent="100" />
    </mem>
    <remembered-set count="387" />
  </mem-info>
</gc-start>
<allocation-stats totalBytes="964440" discardedBytes="1496" >
  <allocated-bytes non-tlh="112" tlh="964328" />
  <largest-consumer threadName="Default Executor-thread-1" threadId="0000000125863F00" bytes="943976" />
</allocation-stats>
<gc-op id="1088" type="scavenge" timems="0.342" contextid="1085" timestamp="2024-12-13T12:32:41.193">
  <scavenger-info tenureage="2" tenuremask="7ffc" tiltratio="63" />
  <memory-copied type="nursery" objects="4706" bytes="386256" bytesdiscarded="98656" />
  <memory-copied type="tenure" objects="2558" bytes="190840" bytesdiscarded="152" />
  <ownableSynchronizers candidates="37" cleared="12" />
  <references type="weak" candidates="1" cleared="0" enqueued="0" />
  <references type="phantom" candidates="20" cleared="0" enqueued="0" />
  <object-monitors candidates="18" cleared="0"  />
</gc-op>
<heap-resize id="1089" type="expand" space="nursery" amount="131072" count="1" timems="0.022" reason="excessive time being spent scavenging" timestamp="2024-12-13T12:32:41.193" />
<gc-end id="1090" type="scavenge" contextid="1085" durationms="0.416" usertimems="1.087" systemtimems="0.269" stalltimems="0.537" timestamp="2024-12-13T12:32:41.193" activeThreads="5">
  <mem-info id="1091" free="2664352" total="17694720" percent="15">
    <mem type="nursery" free="1087080" total="2490368" percent="43">
      <mem type="allocate" free="1087080" total="1572864" percent="69" />
      <mem type="survivor" free="0" total="917504" percent="0" />
    </mem>
    <mem type="tenure" free="1577272" total="15204352" percent="10">
      <mem type="soa" free="816440" total="14443520" percent="5" />
      <mem type="loa" free="760832" total="760832" percent="100" />
    </mem>
    <remembered-set count="287" />
  </mem-info>
</gc-end>
<cycle-end id="1092" type="scavenge" contextid="1085" timestamp="2024-12-13T12:32:41.193" />
<allocation-satisfied id="1093" threadId="0000000125863F00" bytesRequested="3808" />
<af-end id="1094" timestamp="2024-12-13T12:32:41.193" threadId="0000000125864990" success="true" from="nursery"/>
<exclusive-end id="1095" timestamp="2024-12-13T12:32:41.193" durationms="0.540" />

<exclusive-start id="1096" timestamp="2024-12-13T12:32:41.200" intervalms="7.079">
  <response-info timems="1.423" idlems="0.501" threads="2" lastid="00000001388B6700" lastname="JIT Compilation Thread-002" />
</exclusive-start>
<af-start id="1097" threadId="0000000125864990" totalBytesRequested="24" timestamp="2024-12-13T12:32:41.200" intervalms="7.090" type="nursery" />
<cycle-start id="1098" type="scavenge" contextid="0" timestamp="2024-12-13T12:32:41.200" intervalms="7.088" />
<gc-start id="1099" type="scavenge" contextid="1098" timestamp="2024-12-13T12:32:41.200">
  <mem-info id="1100" free="1577208" total="17694720" percent="8">
    <mem type="nursery" free="0" total="2490368" percent="0">
      <mem type="allocate" free="0" total="1572864" percent="0" />
      <mem type="survivor" free="0" total="917504" percent="0" />
    </mem>
    <mem type="tenure" free="1577208" total="15204352" percent="10">
      <mem type="soa" free="816376" total="14443520" percent="5" />
      <mem type="loa" free="760832" total="760832" percent="100" />
    </mem>
    <remembered-set count="322" />
  </mem-info>
</gc-start>
<allocation-stats totalBytes="1086048" discardedBytes="1096" >
  <allocated-bytes non-tlh="3872" tlh="1082176" />
  <largest-consumer threadName="Default Executor-thread-1" threadId="0000000125863F00" bytes="1061488" />
</allocation-stats>
<gc-op id="1101" type="scavenge" timems="0.307" contextid="1098" timestamp="2024-12-13T12:32:41.200">
  <scavenger-info tenureage="2" tenuremask="7ffc" tiltratio="63" />
  <memory-copied type="nursery" objects="5697" bytes="423464" bytesdiscarded="254160" />
  <memory-copied type="tenure" objects="1634" bytes="142384" bytesdiscarded="16" />
  <ownableSynchronizers candidates="29" cleared="9" />
  <references type="weak" candidates="2" cleared="0" enqueued="0" />
  <references type="phantom" candidates="21" cleared="0" enqueued="0" />
  <object-monitors candidates="19" cleared="0"  />
</gc-op>
<gc-end id="1102" type="scavenge" contextid="1098" durationms="0.372" usertimems="0.826" systemtimems="0.144" stalltimems="0.485" timestamp="2024-12-13T12:32:41.200" activeThreads="5">
  <mem-info id="1103" free="2397608" total="17694720" percent="13">
    <mem type="nursery" free="1026112" total="2490368" percent="41">
      <mem type="allocate" free="1026112" total="1703936" percent="60" />
      <mem type="survivor" free="0" total="786432" percent="0" />
    </mem>
    <mem type="tenure" free="1371496" total="15204352" percent="9">
      <mem type="soa" free="610664" total="14443520" percent="4" />
      <mem type="loa" free="760832" total="760832" percent="100" />
    </mem>
    <remembered-set count="301" />
  </mem-info>
</gc-end>
<cycle-end id="1104" type="scavenge" contextid="1098" timestamp="2024-12-13T12:32:41.200" />
<allocation-satisfied id="1105" threadId="0000000125863F00" bytesRequested="24" />
<af-end id="1106" timestamp="2024-12-13T12:32:41.200" threadId="0000000125864990" success="true" from="nursery"/>
<exclusive-end id="1107" timestamp="2024-12-13T12:32:41.200" durationms="0.503" />

<exclusive-start id="1108" timestamp="2024-12-13T12:32:41.206" intervalms="6.528">
  <response-info timems="0.932" idlems="0.471" threads="1" lastid="000000012900D500" lastname="JIT Compilation Thread-001" />
</exclusive-start>
<af-start id="1109" threadId="0000000125864990" totalBytesRequested="24" timestamp="2024-12-13T12:32:41.206" intervalms="6.520" type="nursery" />
<cycle-start id="1110" type="scavenge" contextid="0" timestamp="2024-12-13T12:32:41.206" intervalms="6.519" />
<gc-start id="1111" type="scavenge" contextid="1110" timestamp="2024-12-13T12:32:41.206">
  <mem-info id="1112" free="1371496" total="17694720" percent="7">
    <mem type="nursery" free="0" total="2490368" percent="0">
      <mem type="allocate" free="0" total="1703936" percent="0" />
      <mem type="survivor" free="0" total="786432" percent="0" />
    </mem>
    <mem type="tenure" free="1371496" total="15204352" percent="9">
      <mem type="soa" free="610664" total="14443520" percent="4" />
      <mem type="loa" free="760832" total="760832" percent="100" />
    </mem>
    <remembered-set count="337" />
  </mem-info>
</gc-start>
<allocation-stats totalBytes="1025024" discardedBytes="1088" >
  <allocated-bytes non-tlh="24" tlh="1025000" />
  <largest-consumer threadName="Default Executor-thread-1" threadId="0000000125863F00" bytes="1000464" />
</allocation-stats>
<gc-op id="1113" type="scavenge" timems="0.360" contextid="1110" timestamp="2024-12-13T12:32:41.207">
  <scavenger-info tenureage="2" tenuremask="7ffc" tiltratio="68" />
  <memory-copied type="nursery" objects="3801" bytes="274720" bytesdiscarded="69688" />
  <memory-copied type="tenure" objects="3062" bytes="244224" bytesdiscarded="928" />
  <ownableSynchronizers candidates="33" cleared="12" />
  <references type="weak" candidates="1" cleared="0" enqueued="0" />
  <references type="phantom" candidates="22" cleared="0" enqueued="0" />
  <object-monitors candidates="19" cleared="0"  />
</gc-op>
<heap-resize id="1114" type="expand" space="nursery" amount="131072" count="1" timems="0.015" reason="excessive time being spent scavenging" timestamp="2024-12-13T12:32:41.207" />
<gc-end id="1115" type="scavenge" contextid="1110" durationms="0.457" usertimems="1.110" systemtimems="0.392" stalltimems="0.682" timestamp="2024-12-13T12:32:41.207" activeThreads="5">
  <mem-info id="1116" free="2598816" total="17825792" percent="14">
    <mem type="nursery" free="1490344" total="2621440" percent="56">
      <mem type="allocate" free="1490344" total="1835008" percent="81" />
      <mem type="survivor" free="0" total="786432" percent="0" />
    </mem>
    <mem type="tenure" free="1108472" total="15204352" percent="7">
      <mem type="soa" free="347640" total="14443520" percent="2" />
      <mem type="loa" free="760832" total="760832" percent="100" />
    </mem>
    <remembered-set count="265" />
  </mem-info>
</gc-end>
<cycle-end id="1117" type="scavenge" contextid="1110" timestamp="2024-12-13T12:32:41.207" />
<allocation-satisfied id="1118" threadId="0000000125863F00" bytesRequested="24" />
<af-end id="1119" timestamp="2024-12-13T12:32:41.207" threadId="0000000125864990" success="true" from="nursery"/>
<exclusive-end id="1120" timestamp="2024-12-13T12:32:41.207" durationms="0.603" />

<concurrent-kickoff id="1121" timestamp="2024-12-13T12:32:41.211">
  <kickoff reason="threshold reached" targetBytes="7071324" thresholdFreeBytes="973405"  remainingFree="941456" tenureFreeBytes="1108472" nurseryFreeBytes="941456" />
</concurrent-kickoff>
<exclusive-start id="1122" timestamp="2024-12-13T12:32:41.213" intervalms="6.500">
  <response-info timems="2.218" idlems="0.454" threads="4" lastid="00000001388CC900" lastname="JIT Compilation Thread-004" />
</exclusive-start>
<cycle-start id="1123" type="global" contextid="0" timestamp="2024-12-13T12:32:41.213" intervalms="209.052" />
<concurrent-start id="1124" type="global mark" contextid="1123" timestamp="2024-12-13T12:32:41.213">
</concurrent-start>
<exclusive-end id="1125" timestamp="2024-12-13T12:32:41.213" durationms="0.024" />

<exclusive-start id="1126" timestamp="2024-12-13T12:32:41.221" intervalms="8.310">
  <response-info timems="0.023" idlems="0.017" threads="2" lastid="0000000129020300" lastname="IProfiler" />
</exclusive-start>
<af-start id="1127" threadId="0000000125864990" totalBytesRequested="192" timestamp="2024-12-13T12:32:41.221" intervalms="14.820" type="nursery" />
<cycle-start id="1128" type="scavenge" contextid="0" timestamp="2024-12-13T12:32:41.221" intervalms="14.829" />
<gc-start id="1129" type="scavenge" contextid="1128" timestamp="2024-12-13T12:32:41.221">
  <mem-info id="1130" free="1108472" total="17825792" percent="6">
    <mem type="nursery" free="0" total="2621440" percent="0">
      <mem type="allocate" free="0" total="1835008" percent="0" />
      <mem type="survivor" free="0" total="786432" percent="0" />
    </mem>
    <mem type="tenure" free="1108472" total="15204352" percent="7">
      <mem type="soa" free="347640" total="14443520" percent="2" />
      <mem type="loa" free="760832" total="760832" percent="100" />
    </mem>
    <remembered-set count="325" />
  </mem-info>
</gc-start>
<allocation-stats totalBytes="1488712" discardedBytes="1632" >
  <allocated-bytes non-tlh="24" tlh="1488688" />
  <largest-consumer threadName="Default Executor-thread-1" threadId="0000000125863F00" bytes="1464152" />
</allocation-stats>
<gc-op id="1131" type="scavenge" timems="0.377" contextid="1128" timestamp="2024-12-13T12:32:41.222">
  <scavenger-info tenureage="2" tenuremask="7ffc" tiltratio="70" />
  <memory-copied type="nursery" objects="4299" bytes="335016" bytesdiscarded="99240" />
  <memory-copied type="tenure" objects="2077" bytes="152600" bytesdiscarded="72" />
  <ownableSynchronizers candidates="43" cleared="18" />
  <references type="phantom" candidates="27" cleared="0" enqueued="0" />
  <object-monitors candidates="19" cleared="0"  />
</gc-op>
<gc-end id="1132" type="scavenge" contextid="1128" durationms="0.455" usertimems="0.943" systemtimems="0.194" stalltimems="0.693" timestamp="2024-12-13T12:32:41.222" activeThreads="5">
  <mem-info id="1133" free="2486264" total="17825792" percent="13">
    <mem type="nursery" free="1531344" total="2621440" percent="58">
      <mem type="allocate" free="1531344" total="1966080" percent="77" />
      <mem type="survivor" free="0" total="655360" percent="0" />
    </mem>
    <mem type="tenure" free="954920" total="15204352" percent="6">
      <mem type="soa" free="194088" total="14443520" percent="1" />
      <mem type="loa" free="760832" total="760832" percent="100" />
    </mem>
    <remembered-set count="278" />
  </mem-info>
</gc-end>
<cycle-end id="1134" type="scavenge" contextid="1128" timestamp="2024-12-13T12:32:41.222" />
<allocation-satisfied id="1135" threadId="0000000125863F00" bytesRequested="192" />
<af-end id="1136" timestamp="2024-12-13T12:32:41.222" threadId="0000000125864990" success="true" from="nursery"/>
<exclusive-end id="1137" timestamp="2024-12-13T12:32:41.222" durationms="0.623" />

<concurrent-end id="1138" type="global mark" contextid="1123" timestamp="2024-12-13T12:32:41.222">
<gc-op id="1139" type="trace" timems="8.948" contextid="1123" timestamp="2024-12-13T12:32:41.222">
  <trace bytesTraced="9163096" workStackOverflowCount="0" />
  <card-cleaning reason="card cleaning threshold reached" bytesTraced="81376" cardsCleaned="111" />
</gc-op>
</concurrent-end>

<exclusive-start id="1140" timestamp="2024-12-13T12:32:41.222" intervalms="0.667">
  <response-info timems="0.006" idlems="0.006" threads="0" lastid="0000000125863F00" lastname="Default Executor-thread-1" />
</exclusive-start>
<concurrent-global-final id="1141" timestamp="2024-12-13T12:32:41.222" contextid="1123" intervalms="195.062" >
  <concurrent-trace-info reason="card cleaning threshold reached" tracedByMutators="2698816" tracedByHelpers="6545656" cardsCleaned="111" workStackOverflowCount="0" />
</concurrent-global-final>
<gc-start id="1142" type="global" contextid="1123" timestamp="2024-12-13T12:32:41.222">
  <mem-info id="1143" free="2420536" total="17825792" percent="13">
    <mem type="nursery" free="1465616" total="2621440" percent="55">
      <mem type="allocate" free="1465616" total="1966080" percent="74" />
      <mem type="survivor" free="0" total="655360" percent="0" />
    </mem>
    <mem type="tenure" free="954920" total="15204352" percent="6">
      <mem type="soa" free="194088" total="14443520" percent="1" />
      <mem type="loa" free="760832" total="760832" percent="100" />
    </mem>
    <remembered-set count="278" />
  </mem-info>
</gc-start>
<allocation-stats totalBytes="65728" discardedBytes="0" >
  <allocated-bytes non-tlh="192" tlh="65536" />
  <largest-consumer threadName="Default Executor-thread-1" threadId="0000000125863F00" bytes="65728" />
</allocation-stats>
<gc-op id="1144" type="rs-scan" timems="0.248" contextid="1123" timestamp="2024-12-13T12:32:41.222">
  <scan objectsFound="4530" bytesTraced="245544" workStackOverflowCount="0" />
</gc-op>
<gc-op id="1145" type="card-cleaning" timems="0.116" contextid="1123" timestamp="2024-12-13T12:32:41.222">
  <card-cleaning cardsCleaned="63" bytesTraced="108536" workStackOverflowCount="0" />
</gc-op>
<gc-op id="1146" type="mark" timems="0.543" contextid="1123" timestamp="2024-12-13T12:32:41.223">
  <trace-info objectcount="122" scancount="119" scanbytes="4128" />
  <finalization candidates="146" enqueued="0" />
  <ownableSynchronizers candidates="791" cleared="2" />
  <references type="soft" candidates="3523" cleared="0" enqueued="0" dynamicThreshold="9" maxThreshold="32" />
  <references type="weak" candidates="3257" cleared="0" enqueued="0" />
  <references type="phantom" candidates="352" cleared="0" enqueued="0" />
  <stringconstants candidates="12579" cleared="0"  />
  <object-monitors candidates="19" cleared="0"  />
</gc-op>
<gc-op id="1147" type="sweep" timems="0.287" contextid="1123" timestamp="2024-12-13T12:32:41.223" />
<heap-resize id="1148" type="expand" space="tenure" amount="4587520" count="1" timems="0.020" reason="insufficient free space following gc" timestamp="2024-12-13T12:32:41.223" />
<gc-end id="1149" type="global" contextid="1123" durationms="1.319" usertimems="3.090" systemtimems="1.006" stalltimems="3.280" timestamp="2024-12-13T12:32:41.223" activeThreads="8">
  <mem-info id="1150" free="7608336" total="22413312" percent="33">
    <mem type="nursery" free="1629680" total="2621440" percent="62">
      <mem type="allocate" free="1629680" total="1966080" percent="82" />
      <mem type="survivor" free="0" total="655360" percent="0" />
    </mem>
    <mem type="tenure" free="5978656" total="19791872" percent="30" micro-fragmented="368944" macro-fragmented="0">
      <mem type="soa" free="4988448" total="18801664" percent="26" />
      <mem type="loa" free="990208" total="990208" percent="100" />
    </mem>
    <remembered-set count="278" />
  </mem-info>
</gc-end>
<cycle-end id="1151" type="global" contextid="1123" timestamp="2024-12-13T12:32:41.223" />
<exclusive-end id="1152" timestamp="2024-12-13T12:32:41.223" durationms="1.372" />

<exclusive-start id="1153" timestamp="2024-12-13T12:32:41.233" intervalms="11.498">
  <response-info timems="1.766" idlems="1.327" threads="3" lastid="00000001388CC900" lastname="JIT Compilation Thread-004" />
</exclusive-start>
<af-start id="1154" threadId="0000000124047190" totalBytesRequested="80" timestamp="2024-12-13T12:32:41.233" intervalms="12.163" type="nursery" />
<cycle-start id="1155" type="scavenge" contextid="0" timestamp="2024-12-13T12:32:41.233" intervalms="12.157" />
<gc-start id="1156" type="scavenge" contextid="1155" timestamp="2024-12-13T12:32:41.233">
  <mem-info id="1157" free="5978656" total="22413312" percent="26">
    <mem type="nursery" free="0" total="2621440" percent="0">
      <mem type="allocate" free="0" total="1966080" percent="0" />
      <mem type="survivor" free="0" total="655360" percent="0" />
    </mem>
    <mem type="tenure" free="5978656" total="19791872" percent="30">
      <mem type="soa" free="4988448" total="18801664" percent="26" />
      <mem type="loa" free="990208" total="990208" percent="100" />
    </mem>
    <remembered-set count="330" />
  </mem-info>
</gc-start>
<allocation-stats totalBytes="1629280" discardedBytes="400" >
  <allocated-bytes non-tlh="62104" tlh="1567176" />
  <largest-consumer threadName="Default Executor-thread-1" threadId="0000000125863F00" bytes="1612952" />
</allocation-stats>
<gc-op id="1158" type="scavenge" timems="0.332" contextid="1155" timestamp="2024-12-13T12:32:41.234">
  <scavenger-info tenureage="2" tenuremask="7ffc" tiltratio="75" />
  <memory-copied type="nursery" objects="5921" bytes="487296" bytesdiscarded="152640" />
  <memory-copied type="tenure" objects="1641" bytes="166600" bytesdiscarded="1200" />
  <copy-failed type="nursery" objects="1" bytes="62104" />
  <ownableSynchronizers candidates="1603" cleared="1574" />
  <references type="phantom" candidates="33" cleared="0" enqueued="0" />
  <object-monitors candidates="19" cleared="0"  />
</gc-op>
<gc-end id="1159" type="scavenge" contextid="1155" durationms="0.408" usertimems="0.937" systemtimems="0.174" stalltimems="0.547" timestamp="2024-12-13T12:32:41.234" activeThreads="5">
  <mem-info id="1160" free="6760152" total="22413312" percent="30">
    <mem type="nursery" free="1063368" total="2621440" percent="40">
      <mem type="allocate" free="1063368" total="1703936" percent="62" />
      <mem type="survivor" free="0" total="917504" percent="0" />
    </mem>
    <mem type="tenure" free="5696784" total="19791872" percent="28">
      <mem type="soa" free="4706576" total="18801664" percent="25" />
      <mem type="loa" free="990208" total="990208" percent="100" />
    </mem>
    <remembered-set count="303" />
  </mem-info>
</gc-end>
<cycle-end id="1161" type="scavenge" contextid="1155" timestamp="2024-12-13T12:32:41.234" />
<allocation-satisfied id="1162" threadId="0000000124046700" bytesRequested="80" />
<af-end id="1163" timestamp="2024-12-13T12:32:41.234" threadId="0000000124047190" success="true" from="nursery"/>
<exclusive-end id="1164" timestamp="2024-12-13T12:32:41.234" durationms="0.558" />

<exclusive-start id="1165" timestamp="2024-12-13T12:32:41.239" intervalms="6.101">
  <response-info timems="0.008" idlems="0.005" threads="1" lastid="00000001388DE500" lastname="JIT Compilation Thread-006" />
</exclusive-start>
<af-start id="1166" threadId="0000000125864990" totalBytesRequested="64" timestamp="2024-12-13T12:32:41.239" intervalms="6.103" type="nursery" />
<cycle-start id="1167" type="scavenge" contextid="0" timestamp="2024-12-13T12:32:41.239" intervalms="6.104" />
<gc-start id="1168" type="scavenge" contextid="1167" timestamp="2024-12-13T12:32:41.239">
  <mem-info id="1169" free="5696720" total="22413312" percent="25">
    <mem type="nursery" free="0" total="2621440" percent="0">
      <mem type="allocate" free="0" total="1703936" percent="0" />
      <mem type="survivor" free="0" total="917504" percent="0" />
    </mem>
    <mem type="tenure" free="5696720" total="19791872" percent="28">
      <mem type="soa" free="4706512" total="18801664" percent="25" />
      <mem type="loa" free="990208" total="990208" percent="100" />
    </mem>
    <remembered-set count="321" />
  </mem-info>
</gc-start>
<allocation-stats totalBytes="1063008" discardedBytes="424" >
  <allocated-bytes non-tlh="144" tlh="1062864" />
  <largest-consumer threadName="Default Executor-thread-1" threadId="0000000125863F00" bytes="1050640" />
</allocation-stats>
<gc-op id="1170" type="scavenge" timems="0.373" contextid="1167" timestamp="2024-12-13T12:32:41.240">
  <scavenger-info tenureage="2" tenuremask="7ffc" tiltratio="65" />
  <memory-copied type="nursery" objects="5468" bytes="423288" bytesdiscarded="206424" />
  <memory-copied type="tenure" objects="2651" bytes="230552" bytesdiscarded="128" />
  <ownableSynchronizers candidates="34" cleared="6" />
  <references type="weak" candidates="1" cleared="0" enqueued="0" />
  <references type="phantom" candidates="24" cleared="0" enqueued="0" />
  <object-monitors candidates="19" cleared="0"  />
</gc-op>
<gc-end id="1171" type="scavenge" contextid="1167" durationms="0.446" usertimems="1.810" systemtimems="0.389" stalltimems="0.649" timestamp="2024-12-13T12:32:41.240" activeThreads="5">
  <mem-info id="1172" free="6421144" total="22413312" percent="28">
    <mem type="nursery" free="1139560" total="2621440" percent="43">
      <mem type="allocate" free="1139560" total="1769472" percent="64" />
      <mem type="survivor" free="0" total="851968" percent="0" />
    </mem>
    <mem type="tenure" free="5281584" total="19791872" percent="26">
      <mem type="soa" free="4291376" total="18801664" percent="22" />
      <mem type="loa" free="990208" total="990208" percent="100" />
    </mem>
    <remembered-set count="275" />
  </mem-info>
</gc-end>
<cycle-end id="1173" type="scavenge" contextid="1167" timestamp="2024-12-13T12:32:41.240" />
<allocation-satisfied id="1174" threadId="0000000125863F00" bytesRequested="64" />
<af-end id="1175" timestamp="2024-12-13T12:32:41.240" threadId="0000000125864990" success="true" from="nursery"/>
<exclusive-end id="1176" timestamp="2024-12-13T12:32:41.240" durationms="0.626" />

<exclusive-start id="1177" timestamp="2024-12-13T12:32:41.250" intervalms="10.979">
  <response-info timems="1.486" idlems="0.746" threads="1" lastid="00000001388DE500" lastname="JIT Compilation Thread-006" />
</exclusive-start>
<af-start id="1178" threadId="0000000125864990" totalBytesRequested="24" timestamp="2024-12-13T12:32:41.250" intervalms="10.979" type="nursery" />
<cycle-start id="1179" type="scavenge" contextid="0" timestamp="2024-12-13T12:32:41.250" intervalms="10.988" />
<gc-start id="1180" type="scavenge" contextid="1179" timestamp="2024-12-13T12:32:41.250">
  <mem-info id="1181" free="5281464" total="22413312" percent="23">
    <mem type="nursery" free="0" total="2621440" percent="0">
      <mem type="allocate" free="0" total="1769472" percent="0" />
      <mem type="survivor" free="0" total="851968" percent="0" />
    </mem>
    <mem type="tenure" free="5281464" total="19791872" percent="26">
      <mem type="soa" free="4291256" total="18801664" percent="22" />
      <mem type="loa" free="990208" total="990208" percent="100" />
    </mem>
    <remembered-set count="307" />
  </mem-info>
</gc-start>
<allocation-stats totalBytes="1139264" discardedBytes="416" >
  <allocated-bytes non-tlh="90336" tlh="1048928" />
  <largest-consumer threadName="Default Executor-thread-1" threadId="0000000125863F00" bytes="1126976" />
</allocation-stats>
<gc-op id="1182" type="scavenge" timems="0.383" contextid="1179" timestamp="2024-12-13T12:32:41.251">
  <scavenger-info tenureage="2" tenuremask="7ffc" tiltratio="67" />
  <memory-copied type="nursery" objects="3228" bytes="383344" bytesdiscarded="164384" />
  <memory-copied type="tenure" objects="3243" bytes="256016" bytesdiscarded="240" />
  <ownableSynchronizers candidates="26" cleared="6" />
  <references type="weak" candidates="1" cleared="0" enqueued="0" />
  <references type="phantom" candidates="15" cleared="0" enqueued="0" />
  <object-monitors candidates="19" cleared="0"  />
</gc-op>
<gc-end id="1183" type="scavenge" contextid="1179" durationms="0.438" usertimems="0.924" systemtimems="0.373" stalltimems="0.792" timestamp="2024-12-13T12:32:41.251" activeThreads="5">
  <mem-info id="1184" free="6241096" total="22413312" percent="27">
    <mem type="nursery" free="1286992" total="2621440" percent="49">
      <mem type="allocate" free="1286992" total="1835008" percent="70" />
      <mem type="survivor" free="0" total="786432" percent="0" />
    </mem>
    <mem type="tenure" free="4954104" total="19791872" percent="25">
      <mem type="soa" free="3963896" total="18801664" percent="21" />
      <mem type="loa" free="990208" total="990208" percent="100" />
    </mem>
    <remembered-set count="249" />
  </mem-info>
</gc-end>
<cycle-end id="1185" type="scavenge" contextid="1179" timestamp="2024-12-13T12:32:41.251" />
<allocation-satisfied id="1186" threadId="0000000125863F00" bytesRequested="24" />
<af-end id="1187" timestamp="2024-12-13T12:32:41.251" threadId="0000000125864990" success="true" from="nursery"/>
<exclusive-end id="1188" timestamp="2024-12-13T12:32:41.251" durationms="0.600" />

<exclusive-start id="1189" timestamp="2024-12-13T12:32:41.254" intervalms="3.664">
  <response-info timems="0.008" idlems="0.006" threads="1" lastid="00000001388C2900" lastname="JIT Compilation Thread-003" />
</exclusive-start>
<af-start id="1190" threadId="0000000125864990" totalBytesRequested="1552" timestamp="2024-12-13T12:32:41.254" intervalms="3.663" type="nursery" />
<cycle-start id="1191" type="scavenge" contextid="0" timestamp="2024-12-13T12:32:41.254" intervalms="3.652" />
<gc-start id="1192" type="scavenge" contextid="1191" timestamp="2024-12-13T12:32:41.254">
  <mem-info id="1193" free="4954104" total="22413312" percent="22">
    <mem type="nursery" free="0" total="2621440" percent="0">
      <mem type="allocate" free="0" total="1835008" percent="0" />
      <mem type="survivor" free="0" total="786432" percent="0" />
    </mem>
    <mem type="tenure" free="4954104" total="19791872" percent="25">
      <mem type="soa" free="3963896" total="18801664" percent="21" />
      <mem type="loa" free="990208" total="990208" percent="100" />
    </mem>
    <remembered-set count="251" />
  </mem-info>
</gc-start>
<allocation-stats totalBytes="1286048" discardedBytes="944" >
  <allocated-bytes non-tlh="24" tlh="1286024" />
  <largest-consumer threadName="Default Executor-thread-1" threadId="0000000125863F00" bytes="1286048" />
</allocation-stats>
<gc-op id="1194" type="scavenge" timems="0.413" contextid="1191" timestamp="2024-12-13T12:32:41.255">
  <scavenger-info tenureage="2" tenuremask="7ffc" tiltratio="70" />
  <memory-copied type="nursery" objects="5749" bytes="486384" bytesdiscarded="65512" />
  <memory-copied type="tenure" objects="1348" bytes="118432" bytesdiscarded="40" />
  <ownableSynchronizers candidates="13" cleared="0" />
  <references type="weak" candidates="1" cleared="0" enqueued="0" />
  <references type="phantom" candidates="6" cleared="0" enqueued="0" />
  <object-monitors candidates="19" cleared="0"  />
</gc-op>
<heap-resize id="1195" type="expand" space="nursery" amount="262144" count="1" timems="0.018" reason="excessive time being spent scavenging" timestamp="2024-12-13T12:32:41.255" />
<gc-end id="1196" type="scavenge" contextid="1191" durationms="0.502" usertimems="4.127" systemtimems="0.488" stalltimems="0.844" timestamp="2024-12-13T12:32:41.255" activeThreads="5">
  <mem-info id="1197" free="6288968" total="22675456" percent="27">
    <mem type="nursery" free="1414184" total="2883584" percent="49">
      <mem type="allocate" free="1414184" total="1966080" percent="71" />
      <mem type="survivor" free="0" total="917504" percent="0" />
    </mem>
    <mem type="tenure" free="4874784" total="19791872" percent="24">
      <mem type="soa" free="3884576" total="18801664" percent="20" />
      <mem type="loa" free="990208" total="990208" percent="100" />
    </mem>
    <remembered-set count="237" />
  </mem-info>
</gc-end>
<cycle-end id="1198" type="scavenge" contextid="1191" timestamp="2024-12-13T12:32:41.255" />
<allocation-satisfied id="1199" threadId="0000000125863F00" bytesRequested="1552" />
<af-end id="1200" timestamp="2024-12-13T12:32:41.255" threadId="0000000125864990" success="true" from="nursery"/>
<exclusive-end id="1201" timestamp="2024-12-13T12:32:41.255" durationms="0.645" />

<exclusive-start id="1202" timestamp="2024-12-13T12:32:41.270" intervalms="16.079">
  <response-info timems="0.041" idlems="0.024" threads="1" lastid="00000001388B6700" lastname="JIT Compilation Thread-002" />
</exclusive-start>
<af-start id="1203" threadId="0000000125864990" totalBytesRequested="88" timestamp="2024-12-13T12:32:41.270" intervalms="16.083" type="nursery" />
<cycle-start id="1204" type="scavenge" contextid="0" timestamp="2024-12-13T12:32:41.270" intervalms="16.095" />
<gc-start id="1205" type="scavenge" contextid="1204" timestamp="2024-12-13T12:32:41.270">
  <mem-info id="1206" free="4874720" total="22675456" percent="21">
    <mem type="nursery" free="0" total="2883584" percent="0">
      <mem type="allocate" free="0" total="1966080" percent="0" />
      <mem type="survivor" free="0" total="917504" percent="0" />
    </mem>
    <mem type="tenure" free="4874720" total="19791872" percent="24">
      <mem type="soa" free="3884512" total="18801664" percent="20" />
      <mem type="loa" free="990208" total="990208" percent="100" />
    </mem>
    <remembered-set count="335" />
  </mem-info>
</gc-start>
<allocation-stats totalBytes="1413320" discardedBytes="928" >
  <allocated-bytes non-tlh="1616" tlh="1411704" />
  <largest-consumer threadName="Default Executor-thread-1" threadId="0000000125863F00" bytes="1384696" />
</allocation-stats>
<gc-op id="1207" type="scavenge" timems="0.368" contextid="1204" timestamp="2024-12-13T12:32:41.271">
  <scavenger-info tenureage="2" tenuremask="7ffc" tiltratio="68" />
  <memory-copied type="nursery" objects="5301" bytes="368016" bytesdiscarded="85248" />
  <memory-copied type="tenure" objects="1514" bytes="236496" bytesdiscarded="48" />
  <ownableSynchronizers candidates="40" cleared="21" />
  <references type="weak" candidates="2" cleared="0" enqueued="0" />
  <references type="phantom" candidates="22" cleared="0" enqueued="0" />
  <object-monitors candidates="19" cleared="0"  />
</gc-op>
<gc-end id="1208" type="scavenge" contextid="1204" durationms="0.444" usertimems="0.960" systemtimems="0.288" stalltimems="0.659" timestamp="2024-12-13T12:32:41.271" activeThreads="5">
  <mem-info id="1209" free="6402408" total="22675456" percent="28">
    <mem type="nursery" free="1708464" total="2883584" percent="59">
      <mem type="allocate" free="1708464" total="2162688" percent="78" />
      <mem type="survivor" free="0" total="720896" percent="0" />
    </mem>
    <mem type="tenure" free="4693944" total="19791872" percent="23">
      <mem type="soa" free="3703736" total="18801664" percent="19" />
      <mem type="loa" free="990208" total="990208" percent="100" />
    </mem>
    <remembered-set count="300" />
  </mem-info>
</gc-end>
<cycle-end id="1210" type="scavenge" contextid="1204" timestamp="2024-12-13T12:32:41.271" />
<allocation-satisfied id="1211" threadId="0000000125863F00" bytesRequested="88" />
<af-end id="1212" timestamp="2024-12-13T12:32:41.271" threadId="0000000125864990" success="true" from="nursery"/>
<exclusive-end id="1213" timestamp="2024-12-13T12:32:41.271" durationms="0.635" />

<exclusive-start id="1214" timestamp="2024-12-13T12:32:41.289" intervalms="18.913">
  <response-info timems="4.594" idlems="1.198" threads="3" lastid="00000001388CC900" lastname="JIT Compilation Thread-004" />
</exclusive-start>
<af-start id="1215" threadId="0000000125864990" totalBytesRequested="16400" timestamp="2024-12-13T12:32:41.289" intervalms="18.921" type="nursery" />
<cycle-start id="1216" type="scavenge" contextid="0" timestamp="2024-12-13T12:32:41.289" intervalms="18.929" />
<gc-start id="1217" type="scavenge" contextid="1216" timestamp="2024-12-13T12:32:41.289">
  <mem-info id="1218" free="4693944" total="22675456" percent="20">
    <mem type="nursery" free="0" total="2883584" percent="0">
      <mem type="allocate" free="0" total="2162688" percent="0" />
      <mem type="survivor" free="0" total="720896" percent="0" />
    </mem>
    <mem type="tenure" free="4693944" total="19791872" percent="23">
      <mem type="soa" free="3703736" total="18801664" percent="19" />
      <mem type="loa" free="990208" total="990208" percent="100" />
    </mem>
    <remembered-set count="375" />
  </mem-info>
</gc-start>
<allocation-stats totalBytes="1695256" discardedBytes="13208" >
  <allocated-bytes non-tlh="88" tlh="1695168" />
  <largest-consumer threadName="Default Executor-thread-1" threadId="0000000125863F00" bytes="1654328" />
</allocation-stats>
<gc-op id="1219" type="scavenge" timems="0.415" contextid="1216" timestamp="2024-12-13T12:32:41.290">
  <scavenger-info tenureage="2" tenuremask="7ffc" tiltratio="75" />
  <memory-copied type="nursery" objects="6353" bytes="494376" bytesdiscarded="73368" />
  <memory-copied type="tenure" objects="2372" bytes="133088" bytesdiscarded="64" />
  <ownableSynchronizers candidates="60" cleared="27" />
  <references type="weak" candidates="2" cleared="0" enqueued="0" />
  <references type="phantom" candidates="49" cleared="0" enqueued="0" />
  <object-monitors candidates="19" cleared="0"  />
</gc-op>
<gc-end id="1220" type="scavenge" contextid="1216" durationms="0.489" usertimems="1.105" systemtimems="0.322" stalltimems="0.763" timestamp="2024-12-13T12:32:41.290" activeThreads="5">
  <mem-info id="1221" free="6213760" total="22675456" percent="27">
    <mem type="nursery" free="1594312" total="2883584" percent="55">
      <mem type="allocate" free="1594312" total="2162688" percent="73" />
      <mem type="survivor" free="0" total="720896" percent="0" />
    </mem>
    <mem type="tenure" free="4619448" total="19791872" percent="23">
      <mem type="soa" free="3629240" total="18801664" percent="19" />
      <mem type="loa" free="990208" total="990208" percent="100" />
    </mem>
    <remembered-set count="371" />
  </mem-info>
</gc-end>
<cycle-end id="1222" type="scavenge" contextid="1216" timestamp="2024-12-13T12:32:41.290" />
<allocation-satisfied id="1223" threadId="0000000125863F00" bytesRequested="16400" />
<af-end id="1224" timestamp="2024-12-13T12:32:41.290" threadId="0000000125864990" success="true" from="nursery"/>
<exclusive-end id="1225" timestamp="2024-12-13T12:32:41.290" durationms="0.702" />

<exclusive-start id="1226" timestamp="2024-12-13T12:32:41.296" intervalms="7.347">
  <response-info timems="0.147" idlems="0.137" threads="1" lastid="000000012900D500" lastname="JIT Compilation Thread-001" />
</exclusive-start>
<af-start id="1227" threadId="0000000125864990" totalBytesRequested="2064" timestamp="2024-12-13T12:32:41.296" intervalms="7.334" type="nursery" />
<cycle-start id="1228" type="scavenge" contextid="0" timestamp="2024-12-13T12:32:41.296" intervalms="7.321" />
<gc-start id="1229" type="scavenge" contextid="1228" timestamp="2024-12-13T12:32:41.296">
  <mem-info id="1230" free="4619448" total="22675456" percent="20">
    <mem type="nursery" free="0" total="2883584" percent="0">
      <mem type="allocate" free="0" total="2162688" percent="0" />
      <mem type="survivor" free="0" total="720896" percent="0" />
    </mem>
    <mem type="tenure" free="4619448" total="19791872" percent="23">
      <mem type="soa" free="3629240" total="18801664" percent="19" />
      <mem type="loa" free="990208" total="990208" percent="100" />
    </mem>
    <remembered-set count="428" />
  </mem-info>
</gc-start>
<allocation-stats totalBytes="1590736" discardedBytes="3576" >
  <allocated-bytes non-tlh="279848" tlh="1310888" />
  <largest-consumer threadName="Default Executor-thread-1" threadId="0000000125863F00" bytes="1574352" />
</allocation-stats>
<gc-op id="1231" type="scavenge" timems="0.428" contextid="1228" timestamp="2024-12-13T12:32:41.297">
  <scavenger-info tenureage="2" tenuremask="7ffc" tiltratio="75" />
  <memory-copied type="nursery" objects="5343" bytes="621728" bytesdiscarded="98504" />
  <memory-copied type="tenure" objects="3657" bytes="347448" bytesdiscarded="712" />
  <copy-failed type="nursery" objects="755" bytes="146376" />
  <ownableSynchronizers candidates="47" cleared="9" />
  <references type="weak" candidates="2" cleared="0" enqueued="0" />
  <references type="phantom" candidates="37" cleared="0" enqueued="0" />
  <object-monitors candidates="19" cleared="0"  />
</gc-op>
<gc-end id="1232" type="scavenge" contextid="1228" durationms="0.512" usertimems="1.178" systemtimems="0.297" stalltimems="0.786" timestamp="2024-12-13T12:32:41.297" activeThreads="5">
  <mem-info id="1233" free="5249552" total="22675456" percent="23">
    <mem type="nursery" free="917504" total="2883584" percent="31">
      <mem type="allocate" free="917504" total="1638400" percent="56" />
      <mem type="survivor" free="0" total="1245184" percent="0" />
    </mem>
    <mem type="tenure" free="4332048" total="19791872" percent="21">
      <mem type="soa" free="3341840" total="18801664" percent="17" />
      <mem type="loa" free="990208" total="990208" percent="100" />
    </mem>
    <remembered-set count="482" />
  </mem-info>
</gc-end>
<cycle-end id="1234" type="scavenge" contextid="1228" timestamp="2024-12-13T12:32:41.297" />
<allocation-satisfied id="1235" threadId="0000000125863F00" bytesRequested="2064" />
<af-end id="1236" timestamp="2024-12-13T12:32:41.297" threadId="0000000125864990" success="true" from="nursery"/>
<exclusive-end id="1237" timestamp="2024-12-13T12:32:41.297" durationms="0.682" />

<exclusive-start id="1238" timestamp="2024-12-13T12:32:41.303" intervalms="7.068">
  <response-info timems="5.278" idlems="1.338" threads="3" lastid="00000001388AD900" lastname="JIT Compilation Thread-000" />
</exclusive-start>
<af-start id="1239" threadId="0000000125864990" totalBytesRequested="144" timestamp="2024-12-13T12:32:41.303" intervalms="7.056" type="nursery" />
<cycle-start id="1240" type="scavenge" contextid="0" timestamp="2024-12-13T12:32:41.303" intervalms="7.046" />
<gc-start id="1241" type="scavenge" contextid="1240" timestamp="2024-12-13T12:32:41.303">
  <mem-info id="1242" free="4332048" total="22675456" percent="19">
    <mem type="nursery" free="0" total="2883584" percent="0">
      <mem type="allocate" free="0" total="1638400" percent="0" />
      <mem type="survivor" free="0" total="1245184" percent="0" />
    </mem>
    <mem type="tenure" free="4332048" total="19791872" percent="21">
      <mem type="soa" free="3341840" total="18801664" percent="17" />
      <mem type="loa" free="990208" total="990208" percent="100" />
    </mem>
    <remembered-set count="482" />
  </mem-info>
</gc-start>
<allocation-stats totalBytes="916904" discardedBytes="600" >
  <allocated-bytes non-tlh="2064" tlh="914840" />
  <largest-consumer threadName="Default Executor-thread-1" threadId="0000000125863F00" bytes="916904" />
</allocation-stats>
<gc-op id="1243" type="scavenge" timems="0.458" contextid="1240" timestamp="2024-12-13T12:32:41.304">
  <scavenger-info tenureage="1" tenuremask="7ffe" tiltratio="56" />
  <memory-copied type="nursery" objects="3355" bytes="190552" bytesdiscarded="49064" />
  <memory-copied type="tenure" objects="5329" bytes="590384" bytesdiscarded="704" />
  <ownableSynchronizers candidates="15" cleared="0" />
  <object-monitors candidates="19" cleared="0"  />
</gc-op>
<heap-resize id="1244" type="expand" space="nursery" amount="262144" count="1" timems="0.015" reason="excessive time being spent scavenging" timestamp="2024-12-13T12:32:41.304" />
<gc-end id="1245" type="scavenge" contextid="1240" durationms="0.555" usertimems="1.107" systemtimems="0.208" stalltimems="0.893" timestamp="2024-12-13T12:32:41.304" activeThreads="5">
  <mem-info id="1246" free="5325472" total="22937600" percent="23">
    <mem type="nursery" free="1595392" total="3145728" percent="50">
      <mem type="allocate" free="1595392" total="1835008" percent="86" />
      <mem type="survivor" free="0" total="1310720" percent="0" />
    </mem>
    <mem type="tenure" free="3730080" total="19791872" percent="18">
      <mem type="soa" free="2739872" total="18801664" percent="14" />
      <mem type="loa" free="990208" total="990208" percent="100" />
    </mem>
    <remembered-set count="188" />
  </mem-info>
</gc-end>
<cycle-end id="1247" type="scavenge" contextid="1240" timestamp="2024-12-13T12:32:41.304" />
<allocation-satisfied id="1248" threadId="0000000125863F00" bytesRequested="144" />
<af-end id="1249" timestamp="2024-12-13T12:32:41.304" threadId="0000000125864990" success="true" from="nursery"/>
<exclusive-end id="1250" timestamp="2024-12-13T12:32:41.304" durationms="0.688" />

<exclusive-start id="1251" timestamp="2024-12-13T12:32:41.312" intervalms="8.248">
  <response-info timems="0.092" idlems="0.060" threads="1" lastid="000000012900D500" lastname="JIT Compilation Thread-001" />
</exclusive-start>
<af-start id="1252" threadId="0000000125864990" totalBytesRequested="96" timestamp="2024-12-13T12:32:41.312" intervalms="8.268" type="nursery" />
<cycle-start id="1253" type="scavenge" contextid="0" timestamp="2024-12-13T12:32:41.312" intervalms="8.298" />
<gc-start id="1254" type="scavenge" contextid="1253" timestamp="2024-12-13T12:32:41.312">
  <mem-info id="1255" free="3730080" total="22937600" percent="16">
    <mem type="nursery" free="0" total="3145728" percent="0">
      <mem type="allocate" free="0" total="1835008" percent="0" />
      <mem type="survivor" free="0" total="1310720" percent="0" />
    </mem>
    <mem type="tenure" free="3730080" total="19791872" percent="18">
      <mem type="soa" free="2739872" total="18801664" percent="14" />
      <mem type="loa" free="990208" total="990208" percent="100" />
    </mem>
    <remembered-set count="302" />
  </mem-info>
</gc-start>
<allocation-stats totalBytes="1593840" discardedBytes="1552" >
  <allocated-bytes non-tlh="144" tlh="1593696" />
  <largest-consumer threadName="Default Executor-thread-1" threadId="0000000125863F00" bytes="1565240" />
</allocation-stats>
<gc-op id="1256" type="scavenge" timems="0.463" contextid="1253" timestamp="2024-12-13T12:32:41.312">
  <scavenger-info tenureage="1" tenuremask="7ffe" tiltratio="58" />
  <memory-copied type="nursery" objects="4071" bytes="252080" bytesdiscarded="71840" />
  <memory-copied type="tenure" objects="795" bytes="56328" bytesdiscarded="8" />
  <ownableSynchronizers candidates="38" cleared="20" />
  <references type="weak" candidates="1" cleared="0" enqueued="0" />
  <references type="phantom" candidates="21" cleared="0" enqueued="0" />
  <object-monitors candidates="19" cleared="0"  />
</gc-op>
<gc-end id="1257" type="scavenge" contextid="1253" durationms="0.531" usertimems="0.809" systemtimems="0.357" stalltimems="1.117" timestamp="2024-12-13T12:32:41.312" activeThreads="5">
  <mem-info id="1258" free="5416424" total="22937600" percent="23">
    <mem type="nursery" free="1772376" total="3145728" percent="56">
      <mem type="allocate" free="1772376" total="2097152" percent="84" />
      <mem type="survivor" free="0" total="1048576" percent="0" />
    </mem>
    <mem type="tenure" free="3644048" total="19791872" percent="18">
      <mem type="soa" free="2653840" total="18801664" percent="14" />
      <mem type="loa" free="990208" total="990208" percent="100" />
    </mem>
    <remembered-set count="298" />
  </mem-info>
</gc-end>
<cycle-end id="1259" type="scavenge" contextid="1253" timestamp="2024-12-13T12:32:41.312" />
<allocation-satisfied id="1260" threadId="0000000125863F00" bytesRequested="96" />
<af-end id="1261" timestamp="2024-12-13T12:32:41.312" threadId="0000000125864990" success="true" from="nursery"/>
<exclusive-end id="1262" timestamp="2024-12-13T12:32:41.312" durationms="0.744" />

<exclusive-start id="1263" timestamp="2024-12-13T12:32:41.371" intervalms="58.954">
  <response-info timems="0.025" idlems="0.019" threads="2" lastid="0000000129020300" lastname="IProfiler" />
</exclusive-start>
<af-start id="1264" threadId="0000000125864990" totalBytesRequested="72" timestamp="2024-12-13T12:32:41.371" intervalms="58.957" type="nursery" />
<cycle-start id="1265" type="scavenge" contextid="0" timestamp="2024-12-13T12:32:41.371" intervalms="58.949" />
<gc-start id="1266" type="scavenge" contextid="1265" timestamp="2024-12-13T12:32:41.371">
  <mem-info id="1267" free="3642256" total="22937600" percent="15">
    <mem type="nursery" free="0" total="3145728" percent="0">
      <mem type="allocate" free="0" total="2097152" percent="0" />
      <mem type="survivor" free="0" total="1048576" percent="0" />
    </mem>
    <mem type="tenure" free="3642256" total="19791872" percent="18">
      <mem type="soa" free="2652048" total="18801664" percent="14" />
      <mem type="loa" free="990208" total="990208" percent="100" />
    </mem>
    <remembered-set count="374" />
  </mem-info>
</gc-start>
<allocation-stats totalBytes="1773024" discardedBytes="1144" >
  <allocated-bytes non-tlh="1888" tlh="1771136" />
  <largest-consumer threadName="Default Executor-thread-1" threadId="0000000125863F00" bytes="1748456" />
</allocation-stats>
<gc-op id="1268" type="scavenge" timems="0.670" contextid="1265" timestamp="2024-12-13T12:32:41.371">
  <scavenger-info tenureage="1" tenuremask="7ffe" tiltratio="66" />
  <memory-copied type="nursery" objects="2756" bytes="248616" bytesdiscarded="69744" />
  <memory-copied type="tenure" objects="4000" bytes="249896" bytesdiscarded="504" />
  <ownableSynchronizers candidates="35" cleared="12" />
  <references type="weak" candidates="12" cleared="7" enqueued="7" />
  <references type="phantom" candidates="15" cleared="0" enqueued="0" />
  <object-monitors candidates="19" cleared="0"  />
</gc-op>
<gc-end id="1269" type="scavenge" contextid="1265" durationms="0.749" usertimems="3.605" systemtimems="0.517" stalltimems="1.871" timestamp="2024-12-13T12:32:41.372" activeThreads="5">
  <mem-info id="1270" free="5370640" total="22937600" percent="23">
    <mem type="nursery" free="1975152" total="3145728" percent="62">
      <mem type="allocate" free="1975152" total="2293760" percent="86" />
      <mem type="survivor" free="0" total="851968" percent="0" />
    </mem>
    <mem type="tenure" free="3395488" total="19791872" percent="17">
      <mem type="soa" free="2405280" total="18801664" percent="12" />
      <mem type="loa" free="990208" total="990208" percent="100" />
    </mem>
    <pending-finalizers system="0" default="0" reference="7" classloader="0" />
    <remembered-set count="268" />
  </mem-info>
</gc-end>
<cycle-end id="1271" type="scavenge" contextid="1265" timestamp="2024-12-13T12:32:41.372" />
<allocation-satisfied id="1272" threadId="0000000125863F00" bytesRequested="72" />
<af-end id="1273" timestamp="2024-12-13T12:32:41.372" threadId="0000000125864990" success="true" from="nursery"/>
<exclusive-end id="1274" timestamp="2024-12-13T12:32:41.372" durationms="0.971" />

<exclusive-start id="1275" timestamp="2024-12-13T12:32:41.387" intervalms="16.719">
  <response-info timems="0.266" idlems="0.079" threads="4" lastid="00000001388B6700" lastname="JIT Compilation Thread-002" />
</exclusive-start>
<af-start id="1276" threadId="0000000125864990" totalBytesRequested="4120" timestamp="2024-12-13T12:32:41.387" intervalms="16.712" type="nursery" />
<cycle-start id="1277" type="scavenge" contextid="0" timestamp="2024-12-13T12:32:41.387" intervalms="16.703" />
<gc-start id="1278" type="scavenge" contextid="1277" timestamp="2024-12-13T12:32:41.387">
  <mem-info id="1279" free="3395488" total="22937600" percent="14">
    <mem type="nursery" free="0" total="3145728" percent="0">
      <mem type="allocate" free="0" total="2293760" percent="0" />
      <mem type="survivor" free="0" total="851968" percent="0" />
    </mem>
    <mem type="tenure" free="3395488" total="19791872" percent="17">
      <mem type="soa" free="2405280" total="18801664" percent="12" />
      <mem type="loa" free="990208" total="990208" percent="100" />
    </mem>
    <remembered-set count="292" />
  </mem-info>
</gc-start>
<allocation-stats totalBytes="1970456" discardedBytes="4696" >
  <allocated-bytes non-tlh="72" tlh="1970384" />
  <largest-consumer threadName="Default Executor-thread-1" threadId="0000000125863F00" bytes="1970456" />
</allocation-stats>
<gc-op id="1280" type="scavenge" timems="0.308" contextid="1277" timestamp="2024-12-13T12:32:41.388">
  <scavenger-info tenureage="1" tenuremask="7ffe" tiltratio="72" />
  <memory-copied type="nursery" objects="2791" bytes="336992" bytesdiscarded="70896" />
  <memory-copied type="tenure" objects="2590" bytes="232240" bytesdiscarded="456" />
  <ownableSynchronizers candidates="8" cleared="0" />
  <object-monitors candidates="19" cleared="0"  />
</gc-op>
<gc-end id="1281" type="scavenge" contextid="1277" durationms="0.369" usertimems="0.871" systemtimems="0.141" stalltimems="0.280" timestamp="2024-12-13T12:32:41.388" activeThreads="4">
  <mem-info id="1282" free="5120552" total="22937600" percent="22">
    <mem type="nursery" free="1951408" total="3145728" percent="62">
      <mem type="allocate" free="1951408" total="2359296" percent="82" />
      <mem type="survivor" free="0" total="786432" percent="0" />
    </mem>
    <mem type="tenure" free="3169144" total="19791872" percent="16">
      <mem type="soa" free="2178936" total="18801664" percent="11" />
      <mem type="loa" free="990208" total="990208" percent="100" />
    </mem>
    <remembered-set count="242" />
  </mem-info>
</gc-end>
<cycle-end id="1283" type="scavenge" contextid="1277" timestamp="2024-12-13T12:32:41.388" />
<allocation-satisfied id="1284" threadId="0000000125863F00" bytesRequested="4120" />
<af-end id="1285" timestamp="2024-12-13T12:32:41.388" threadId="0000000125864990" success="true" from="nursery"/>
<exclusive-end id="1286" timestamp="2024-12-13T12:32:41.388" durationms="0.534" />

<exclusive-start id="1287" timestamp="2024-12-13T12:32:41.401" intervalms="13.665">
  <response-info timems="0.008" idlems="0.008" threads="0" lastid="0000000125863F00" lastname="Default Executor-thread-1" />
</exclusive-start>
<af-start id="1288" threadId="0000000125864990" totalBytesRequested="64" timestamp="2024-12-13T12:32:41.401" intervalms="13.663" type="nursery" />
<cycle-start id="1289" type="scavenge" contextid="0" timestamp="2024-12-13T12:32:41.401" intervalms="13.660" />
<gc-start id="1290" type="scavenge" contextid="1289" timestamp="2024-12-13T12:32:41.401">
  <mem-info id="1291" free="3169144" total="22937600" percent="13">
    <mem type="nursery" free="0" total="3145728" percent="0">
      <mem type="allocate" free="0" total="2359296" percent="0" />
      <mem type="survivor" free="0" total="786432" percent="0" />
    </mem>
    <mem type="tenure" free="3169144" total="19791872" percent="16">
      <mem type="soa" free="2178936" total="18801664" percent="11" />
      <mem type="loa" free="990208" total="990208" percent="100" />
    </mem>
    <remembered-set count="265" />
  </mem-info>
</gc-start>
<allocation-stats totalBytes="1950608" discardedBytes="800" >
  <allocated-bytes non-tlh="4120" tlh="1946488" />
  <largest-consumer threadName="Default Executor-thread-1" threadId="0000000125863F00" bytes="1950608" />
</allocation-stats>
<gc-op id="1292" type="scavenge" timems="0.242" contextid="1289" timestamp="2024-12-13T12:32:41.401">
  <scavenger-info tenureage="1" tenuremask="7ffe" tiltratio="75" />
  <memory-copied type="nursery" objects="1132" bytes="63384" bytesdiscarded="19560" />
  <memory-copied type="tenure" objects="324" bytes="15920" bytesdiscarded="16" />
  <object-monitors candidates="19" cleared="0"  />
</gc-op>
<gc-end id="1293" type="scavenge" contextid="1289" durationms="0.294" usertimems="2.036" systemtimems="0.130" stalltimems="0.592" timestamp="2024-12-13T12:32:41.401" activeThreads="5">
  <mem-info id="1294" free="5490296" total="22937600" percent="23">
    <mem type="nursery" free="2341888" total="3145728" percent="74">
      <mem type="allocate" free="2341888" total="2424832" percent="96" />
      <mem type="survivor" free="0" total="720896" percent="0" />
    </mem>
    <mem type="tenure" free="3148408" total="19791872" percent="15">
      <mem type="soa" free="2158200" total="18801664" percent="11" />
      <mem type="loa" free="990208" total="990208" percent="100" />
    </mem>
    <remembered-set count="217" />
  </mem-info>
</gc-end>
<cycle-end id="1295" type="scavenge" contextid="1289" timestamp="2024-12-13T12:32:41.401" />
<allocation-satisfied id="1296" threadId="0000000125863F00" bytesRequested="64" />
<af-end id="1297" timestamp="2024-12-13T12:32:41.401" threadId="0000000125864990" success="true" from="nursery"/>
<exclusive-end id="1298" timestamp="2024-12-13T12:32:41.401" durationms="0.441" />

<exclusive-start id="1299" timestamp="2024-12-13T12:32:41.422" intervalms="20.710">
  <response-info timems="0.036" idlems="0.032" threads="2" lastid="0000000129020300" lastname="IProfiler" />
</exclusive-start>
<af-start id="1300" threadId="0000000125864990" totalBytesRequested="40" timestamp="2024-12-13T12:32:41.422" intervalms="20.717" type="nursery" />
<cycle-start id="1301" type="scavenge" contextid="0" timestamp="2024-12-13T12:32:41.422" intervalms="20.721" />
<gc-start id="1302" type="scavenge" contextid="1301" timestamp="2024-12-13T12:32:41.422">
  <mem-info id="1303" free="3148408" total="22937600" percent="13">
    <mem type="nursery" free="0" total="3145728" percent="0">
      <mem type="allocate" free="0" total="2424832" percent="0" />
      <mem type="survivor" free="0" total="720896" percent="0" />
    </mem>
    <mem type="tenure" free="3148408" total="19791872" percent="15">
      <mem type="soa" free="2158200" total="18801664" percent="11" />
      <mem type="loa" free="990208" total="990208" percent="100" />
    </mem>
    <remembered-set count="277" />
  </mem-info>
</gc-start>
<allocation-stats totalBytes="2340568" discardedBytes="1320" >
  <allocated-bytes non-tlh="64" tlh="2340504" />
  <largest-consumer threadName="Default Executor-thread-1" threadId="0000000125863F00" bytes="2340568" />
</allocation-stats>
<gc-op id="1304" type="scavenge" timems="0.232" contextid="1301" timestamp="2024-12-13T12:32:41.422">
  <scavenger-info tenureage="2" tenuremask="7ffc" tiltratio="77" />
  <memory-copied type="nursery" objects="2618" bytes="137248" bytesdiscarded="68000" />
  <object-monitors candidates="19" cleared="0"  />
</gc-op>
<gc-end id="1305" type="scavenge" contextid="1301" durationms="0.282" usertimems="5.967" systemtimems="0.108" stalltimems="0.362" timestamp="2024-12-13T12:32:41.422" activeThreads="4">
  <mem-info id="1306" free="5433528" total="22937600" percent="23">
    <mem type="nursery" free="2285120" total="3145728" percent="72">
      <mem type="allocate" free="2285120" total="2490368" percent="91" />
      <mem type="survivor" free="0" total="655360" percent="0" />
    </mem>
    <mem type="tenure" free="3148408" total="19791872" percent="15">
      <mem type="soa" free="2158200" total="18801664" percent="11" />
      <mem type="loa" free="990208" total="990208" percent="100" />
    </mem>
    <remembered-set count="275" />
  </mem-info>
</gc-end>
<cycle-end id="1307" type="scavenge" contextid="1301" timestamp="2024-12-13T12:32:41.422" />
<allocation-satisfied id="1308" threadId="0000000125863F00" bytesRequested="40" />
<af-end id="1309" timestamp="2024-12-13T12:32:41.422" threadId="0000000125864990" success="true" from="nursery"/>
<exclusive-end id="1310" timestamp="2024-12-13T12:32:41.422" durationms="0.450" />

<exclusive-start id="1311" timestamp="2024-12-13T12:32:41.438" intervalms="16.688">
  <response-info timems="0.009" idlems="0.008" threads="1" lastid="000000012900D500" lastname="JIT Compilation Thread-001" />
</exclusive-start>
<af-start id="1312" threadId="0000000125864990" totalBytesRequested="64" timestamp="2024-12-13T12:32:41.438" intervalms="16.688" type="nursery" />
<cycle-start id="1313" type="scavenge" contextid="0" timestamp="2024-12-13T12:32:41.438" intervalms="16.691" />
<gc-start id="1314" type="scavenge" contextid="1313" timestamp="2024-12-13T12:32:41.439">
  <mem-info id="1315" free="3148408" total="22937600" percent="13">
    <mem type="nursery" free="0" total="3145728" percent="0">
      <mem type="allocate" free="0" total="2490368" percent="0" />
      <mem type="survivor" free="0" total="655360" percent="0" />
    </mem>
    <mem type="tenure" free="3148408" total="19791872" percent="15">
      <mem type="soa" free="2158200" total="18801664" percent="11" />
      <mem type="loa" free="990208" total="990208" percent="100" />
    </mem>
    <remembered-set count="334" />
  </mem-info>
</gc-start>
<allocation-stats totalBytes="2282728" discardedBytes="2392" >
  <allocated-bytes non-tlh="40" tlh="2282688" />
  <largest-consumer threadName="Default Executor-thread-1" threadId="0000000125863F00" bytes="2282728" />
</allocation-stats>
<gc-op id="1316" type="scavenge" timems="0.341" contextid="1313" timestamp="2024-12-13T12:32:41.439">
  <scavenger-info tenureage="3" tenuremask="7ff8" tiltratio="79" />
  <memory-copied type="nursery" objects="5253" bytes="357688" bytesdiscarded="105784" />
  <object-monitors candidates="19" cleared="0"  />
</gc-op>
<gc-end id="1317" type="scavenge" contextid="1313" durationms="0.399" usertimems="3.468" systemtimems="0.173" stalltimems="0.445" timestamp="2024-12-13T12:32:41.439" activeThreads="4">
  <mem-info id="1318" free="5175304" total="22937600" percent="22">
    <mem type="nursery" free="2026896" total="3145728" percent="64">
      <mem type="allocate" free="2026896" total="2490368" percent="81" />
      <mem type="survivor" free="0" total="655360" percent="0" />
    </mem>
    <mem type="tenure" free="3148408" total="19791872" percent="15">
      <mem type="soa" free="2158200" total="18801664" percent="11" />
      <mem type="loa" free="990208" total="990208" percent="100" />
    </mem>
    <remembered-set count="333" />
  </mem-info>
</gc-end>
<cycle-end id="1319" type="scavenge" contextid="1313" timestamp="2024-12-13T12:32:41.439" />
<allocation-satisfied id="1320" threadId="0000000125863F00" bytesRequested="64" />
<af-end id="1321" timestamp="2024-12-13T12:32:41.439" threadId="0000000125864990" success="true" from="nursery"/>
<exclusive-end id="1322" timestamp="2024-12-13T12:32:41.439" durationms="0.575" />

<exclusive-start id="1323" timestamp="2024-12-13T12:32:41.452" intervalms="13.511">
  <response-info timems="1.402" idlems="0.712" threads="1" lastid="00000001388DE500" lastname="JIT Compilation Thread-006" />
</exclusive-start>
<af-start id="1324" threadId="0000000125864990" totalBytesRequested="64" timestamp="2024-12-13T12:32:41.452" intervalms="13.512" type="nursery" />
<cycle-start id="1325" type="scavenge" contextid="0" timestamp="2024-12-13T12:32:41.452" intervalms="13.507" />
<gc-start id="1326" type="scavenge" contextid="1325" timestamp="2024-12-13T12:32:41.452">
  <mem-info id="1327" free="3148408" total="22937600" percent="13">
    <mem type="nursery" free="0" total="3145728" percent="0">
      <mem type="allocate" free="0" total="2490368" percent="0" />
      <mem type="survivor" free="0" total="655360" percent="0" />
    </mem>
    <mem type="tenure" free="3148408" total="19791872" percent="15">
      <mem type="soa" free="2158200" total="18801664" percent="11" />
      <mem type="loa" free="990208" total="990208" percent="100" />
    </mem>
    <remembered-set count="358" />
  </mem-info>
</gc-start>
<allocation-stats totalBytes="2025176" discardedBytes="1720" >
  <allocated-bytes non-tlh="64" tlh="2025112" />
  <largest-consumer threadName="Default Executor-thread-1" threadId="0000000125863F00" bytes="2025176" />
</allocation-stats>
<gc-op id="1328" type="scavenge" timems="0.416" contextid="1325" timestamp="2024-12-13T12:32:41.452">
  <scavenger-info tenureage="3" tenuremask="7ff8" tiltratio="79" />
  <memory-copied type="nursery" objects="4762" bytes="330520" bytesdiscarded="198776" />
  <memory-copied type="tenure" objects="498" bytes="25136" bytesdiscarded="0" />
  <object-monitors candidates="19" cleared="0"  />
</gc-op>
<gc-end id="1329" type="scavenge" contextid="1325" durationms="0.505" usertimems="0.723" systemtimems="0.159" stalltimems="0.675" timestamp="2024-12-13T12:32:41.453" activeThreads="4">
  <mem-info id="1330" free="5002728" total="22937600" percent="21">
    <mem type="nursery" free="1961072" total="3145728" percent="62">
      <mem type="allocate" free="1961072" total="2490368" percent="78" />
      <mem type="survivor" free="0" total="655360" percent="0" />
    </mem>
    <mem type="tenure" free="3041656" total="19791872" percent="15">
      <mem type="soa" free="2051448" total="18801664" percent="10" />
      <mem type="loa" free="990208" total="990208" percent="100" />
    </mem>
    <remembered-set count="344" />
  </mem-info>
</gc-end>
<cycle-end id="1331" type="scavenge" contextid="1325" timestamp="2024-12-13T12:32:41.453" />
<allocation-satisfied id="1332" threadId="0000000125863F00" bytesRequested="64" />
<af-end id="1333" timestamp="2024-12-13T12:32:41.453" threadId="0000000125864990" success="true" from="nursery"/>
<exclusive-end id="1334" timestamp="2024-12-13T12:32:41.453" durationms="0.696" />

<exclusive-start id="1335" timestamp="2024-12-13T12:32:41.469" intervalms="17.385">
  <response-info timems="3.682" idlems="1.843" threads="1" lastid="00000001388CC900" lastname="JIT Compilation Thread-004" />
</exclusive-start>
<af-start id="1336" threadId="0000000125864990" totalBytesRequested="2072" timestamp="2024-12-13T12:32:41.469" intervalms="17.379" type="nursery" />
<cycle-start id="1337" type="scavenge" contextid="0" timestamp="2024-12-13T12:32:41.469" intervalms="17.377" />
<gc-start id="1338" type="scavenge" contextid="1337" timestamp="2024-12-13T12:32:41.469">
  <mem-info id="1339" free="3040968" total="22937600" percent="13">
    <mem type="nursery" free="0" total="3145728" percent="0">
      <mem type="allocate" free="0" total="2490368" percent="0" />
      <mem type="survivor" free="0" total="655360" percent="0" />
    </mem>
    <mem type="tenure" free="3040968" total="19791872" percent="15">
      <mem type="soa" free="2050760" total="18801664" percent="10" />
      <mem type="loa" free="990208" total="990208" percent="100" />
    </mem>
    <remembered-set count="397" />
  </mem-info>
</gc-start>
<allocation-stats totalBytes="1957984" discardedBytes="3776" >
  <allocated-bytes non-tlh="752" tlh="1957232" />
  <largest-consumer threadName="Default Executor-thread-1" threadId="0000000125863F00" bytes="1957984" />
</allocation-stats>
<gc-op id="1340" type="scavenge" timems="0.308" contextid="1337" timestamp="2024-12-13T12:32:41.470">
  <scavenger-info tenureage="3" tenuremask="7ff8" tiltratio="79" />
  <memory-copied type="nursery" objects="4160" bytes="335480" bytesdiscarded="128840" />
  <memory-copied type="tenure" objects="963" bytes="45840" bytesdiscarded="0" />
  <finalization candidates="1" enqueued="0" />
  <references type="weak" candidates="1" cleared="1" enqueued="1" />
  <object-monitors candidates="19" cleared="0"  />
</gc-op>
<gc-end id="1341" type="scavenge" contextid="1337" durationms="0.357" usertimems="0.693" systemtimems="0.217" stalltimems="0.487" timestamp="2024-12-13T12:32:41.470" activeThreads="4">
  <mem-info id="1342" free="5132552" total="22937600" percent="22">
    <mem type="nursery" free="2091584" total="3145728" percent="66">
      <mem type="allocate" free="2091584" total="2555904" percent="81" />
      <mem type="survivor" free="0" total="589824" percent="0" />
    </mem>
    <mem type="tenure" free="3040968" total="19791872" percent="15">
      <mem type="soa" free="2050760" total="18801664" percent="10" />
      <mem type="loa" free="990208" total="990208" percent="100" />
    </mem>
    <pending-finalizers system="0" default="0" reference="1" classloader="0" />
    <remembered-set count="334" />
  </mem-info>
</gc-end>
<cycle-end id="1343" type="scavenge" contextid="1337" timestamp="2024-12-13T12:32:41.470" />
<allocation-satisfied id="1344" threadId="0000000125863F00" bytesRequested="2072" />
<af-end id="1345" timestamp="2024-12-13T12:32:41.470" threadId="0000000125864990" success="true" from="nursery"/>
<exclusive-end id="1346" timestamp="2024-12-13T12:32:41.470" durationms="0.513" />

<exclusive-start id="1347" timestamp="2024-12-13T12:32:41.478" intervalms="8.425">
  <response-info timems="0.007" idlems="0.004" threads="2" lastid="0000000129020300" lastname="IProfiler" />
</exclusive-start>
<af-start id="1348" threadId="0000000125864990" totalBytesRequested="64" timestamp="2024-12-13T12:32:41.478" intervalms="8.419" type="nursery" />
<cycle-start id="1349" type="scavenge" contextid="0" timestamp="2024-12-13T12:32:41.478" intervalms="8.411" />
<gc-start id="1350" type="scavenge" contextid="1349" timestamp="2024-12-13T12:32:41.478">
  <mem-info id="1351" free="3040968" total="22937600" percent="13">
    <mem type="nursery" free="0" total="3145728" percent="0">
      <mem type="allocate" free="0" total="2555904" percent="0" />
      <mem type="survivor" free="0" total="589824" percent="0" />
    </mem>
    <mem type="tenure" free="3040968" total="19791872" percent="15">
      <mem type="soa" free="2050760" total="18801664" percent="10" />
      <mem type="loa" free="990208" total="990208" percent="100" />
    </mem>
    <remembered-set count="353" />
  </mem-info>
</gc-start>
<allocation-stats totalBytes="2089944" discardedBytes="1640" >
  <allocated-bytes non-tlh="2072" tlh="2087872" />
  <largest-consumer threadName="Default Executor-thread-1" threadId="0000000125863F00" bytes="2089944" />
</allocation-stats>
<gc-op id="1352" type="scavenge" timems="0.283" contextid="1349" timestamp="2024-12-13T12:32:41.478">
  <scavenger-info tenureage="3" tenuremask="7ff8" tiltratio="81" />
  <memory-copied type="nursery" objects="5394" bytes="469320" bytesdiscarded="120504" />
  <memory-copied type="tenure" objects="1584" bytes="79584" bytesdiscarded="8" />
  <copy-failed type="nursery" objects="307" bytes="14824" />
  <finalization candidates="2" enqueued="0" />
  <object-monitors candidates="19" cleared="0"  />
</gc-op>
<gc-end id="1353" type="scavenge" contextid="1349" durationms="0.333" usertimems="0.781" systemtimems="0.145" stalltimems="0.301" timestamp="2024-12-13T12:32:41.478" activeThreads="4">
  <mem-info id="1354" free="4789704" total="22937600" percent="20">
    <mem type="nursery" free="1769472" total="3145728" percent="56">
      <mem type="allocate" free="1769472" total="2359296" percent="75" />
      <mem type="survivor" free="0" total="786432" percent="0" />
    </mem>
    <mem type="tenure" free="3020232" total="19791872" percent="15">
      <mem type="soa" free="2030024" total="18801664" percent="10" />
      <mem type="loa" free="990208" total="990208" percent="100" />
    </mem>
    <remembered-set count="344" />
  </mem-info>
</gc-end>
<cycle-end id="1355" type="scavenge" contextid="1349" timestamp="2024-12-13T12:32:41.478" />
<allocation-satisfied id="1356" threadId="0000000125863F00" bytesRequested="64" />
<af-end id="1357" timestamp="2024-12-13T12:32:41.478" threadId="0000000125864990" success="true" from="nursery"/>
<exclusive-end id="1358" timestamp="2024-12-13T12:32:41.478" durationms="0.461" />

<exclusive-start id="1359" timestamp="2024-12-13T12:32:41.487" intervalms="9.245">
  <response-info timems="0.062" idlems="0.046" threads="3" lastid="00000001388D5700" lastname="JIT Compilation Thread-005" />
</exclusive-start>
<af-start id="1360" threadId="0000000125864990" totalBytesRequested="152" timestamp="2024-12-13T12:32:41.487" intervalms="9.242" type="nursery" />
<cycle-start id="1361" type="scavenge" contextid="0" timestamp="2024-12-13T12:32:41.487" intervalms="9.241" />
<gc-start id="1362" type="scavenge" contextid="1361" timestamp="2024-12-13T12:32:41.487">
  <mem-info id="1363" free="3020232" total="22937600" percent="13">
    <mem type="nursery" free="0" total="3145728" percent="0">
      <mem type="allocate" free="0" total="2359296" percent="0" />
      <mem type="survivor" free="0" total="786432" percent="0" />
    </mem>
    <mem type="tenure" free="3020232" total="19791872" percent="15">
      <mem type="soa" free="2030024" total="18801664" percent="10" />
      <mem type="loa" free="990208" total="990208" percent="100" />
    </mem>
    <remembered-set count="376" />
  </mem-info>
</gc-start>
<allocation-stats totalBytes="1768208" discardedBytes="1264" >
  <allocated-bytes non-tlh="64" tlh="1768144" />
  <largest-consumer threadName="Default Executor-thread-1" threadId="0000000125863F00" bytes="1768208" />
</allocation-stats>
<gc-op id="1364" type="scavenge" timems="0.291" contextid="1361" timestamp="2024-12-13T12:32:41.487">
  <scavenger-info tenureage="3" tenuremask="7ff8" tiltratio="75" />
  <memory-copied type="nursery" objects="2791" bytes="241736" bytesdiscarded="78976" />
  <memory-copied type="tenure" objects="586" bytes="30112" bytesdiscarded="16" />
  <finalization candidates="2" enqueued="0" />
  <object-monitors candidates="19" cleared="0"  />
</gc-op>
<gc-end id="1365" type="scavenge" contextid="1361" durationms="0.336" usertimems="0.681" systemtimems="0.279" stalltimems="0.664" timestamp="2024-12-13T12:32:41.487" activeThreads="5">
  <mem-info id="1366" free="5091328" total="22937600" percent="22">
    <mem type="nursery" free="2104120" total="3145728" percent="66">
      <mem type="allocate" free="2104120" total="2424832" percent="86" />
      <mem type="survivor" free="0" total="720896" percent="0" />
    </mem>
    <mem type="tenure" free="2987208" total="19791872" percent="15">
      <mem type="soa" free="1997000" total="18801664" percent="10" />
      <mem type="loa" free="990208" total="990208" percent="100" />
    </mem>
    <remembered-set count="320" />
  </mem-info>
</gc-end>
<cycle-end id="1367" type="scavenge" contextid="1361" timestamp="2024-12-13T12:32:41.487" />
<allocation-satisfied id="1368" threadId="0000000125863F00" bytesRequested="152" />
<af-end id="1369" timestamp="2024-12-13T12:32:41.487" threadId="0000000125864990" success="true" from="nursery"/>
<exclusive-end id="1370" timestamp="2024-12-13T12:32:41.487" durationms="0.454" />

<exclusive-start id="1371" timestamp="2024-12-13T12:32:41.494" intervalms="7.506">
  <response-info timems="1.842" idlems="0.923" threads="1" lastid="000000012900D500" lastname="JIT Compilation Thread-001" />
</exclusive-start>
<af-start id="1372" threadId="0000000125864990" totalBytesRequested="96" timestamp="2024-12-13T12:32:41.494" intervalms="7.511" type="nursery" />
<cycle-start id="1373" type="scavenge" contextid="0" timestamp="2024-12-13T12:32:41.495" intervalms="7.510" />
<gc-start id="1374" type="scavenge" contextid="1373" timestamp="2024-12-13T12:32:41.495">
  <mem-info id="1375" free="2987208" total="22937600" percent="13">
    <mem type="nursery" free="0" total="3145728" percent="0">
      <mem type="allocate" free="0" total="2424832" percent="0" />
      <mem type="survivor" free="0" total="720896" percent="0" />
    </mem>
    <mem type="tenure" free="2987208" total="19791872" percent="15">
      <mem type="soa" free="1997000" total="18801664" percent="10" />
      <mem type="loa" free="990208" total="990208" percent="100" />
    </mem>
    <remembered-set count="327" />
  </mem-info>
</gc-start>
<allocation-stats totalBytes="2103088" discardedBytes="1032" >
  <allocated-bytes non-tlh="152" tlh="2102936" />
  <largest-consumer threadName="Default Executor-thread-1" threadId="0000000125863F00" bytes="2103088" />
</allocation-stats>
<gc-op id="1376" type="scavenge" timems="0.351" contextid="1373" timestamp="2024-12-13T12:32:41.495">
  <scavenger-info tenureage="4" tenuremask="7ff0" tiltratio="77" />
  <memory-copied type="nursery" objects="6877" bytes="678168" bytesdiscarded="42728" />
  <memory-copied type="tenure" objects="1636" bytes="190128" bytesdiscarded="672" />
  <copy-failed type="nursery" objects="1636" bytes="190128" />
  <finalization candidates="2" enqueued="0" />
  <object-monitors candidates="19" cleared="0"  />
</gc-op>
<gc-end id="1377" type="scavenge" contextid="1373" durationms="0.396" usertimems="0.954" systemtimems="0.276" stalltimems="0.667" timestamp="2024-12-13T12:32:41.495" activeThreads="5">
  <mem-info id="1378" free="3622736" total="22937600" percent="15">
    <mem type="nursery" free="851968" total="3145728" percent="27">
      <mem type="allocate" free="851968" total="1572864" percent="54" />
      <mem type="survivor" free="0" total="1572864" percent="0" />
    </mem>
    <mem type="tenure" free="2770768" total="19791872" percent="13">
      <mem type="soa" free="1780560" total="18801664" percent="9" />
      <mem type="loa" free="990208" total="990208" percent="100" />
    </mem>
    <remembered-set count="476" />
  </mem-info>
</gc-end>
<cycle-end id="1379" type="scavenge" contextid="1373" timestamp="2024-12-13T12:32:41.495" />
<allocation-satisfied id="1380" threadId="0000000125863F00" bytesRequested="96" />
<af-end id="1381" timestamp="2024-12-13T12:32:41.495" threadId="0000000125864990" success="true" from="nursery"/>
<exclusive-end id="1382" timestamp="2024-12-13T12:32:41.495" durationms="0.520" />

<exclusive-start id="1383" timestamp="2024-12-13T12:32:41.505" intervalms="10.137">
  <response-info timems="0.007" idlems="0.007" threads="0" lastid="0000000125863F00" lastname="Default Executor-thread-1" />
</exclusive-start>
<af-start id="1384" threadId="0000000125864990" totalBytesRequested="2072" timestamp="2024-12-13T12:32:41.505" intervalms="10.142" type="nursery" />
<cycle-start id="1385" type="scavenge" contextid="0" timestamp="2024-12-13T12:32:41.505" intervalms="10.143" />
<gc-start id="1386" type="scavenge" contextid="1385" timestamp="2024-12-13T12:32:41.505">
  <mem-info id="1387" free="2770768" total="22937600" percent="12">
    <mem type="nursery" free="0" total="3145728" percent="0">
      <mem type="allocate" free="0" total="1572864" percent="0" />
      <mem type="survivor" free="0" total="1572864" percent="0" />
    </mem>
    <mem type="tenure" free="2770768" total="19791872" percent="13">
      <mem type="soa" free="1780560" total="18801664" percent="9" />
      <mem type="loa" free="990208" total="990208" percent="100" />
    </mem>
    <remembered-set count="509" />
  </mem-info>
</gc-start>
<allocation-stats totalBytes="848336" discardedBytes="3632" >
  <allocated-bytes non-tlh="96" tlh="848240" />
  <largest-consumer threadName="Default Executor-thread-1" threadId="0000000125863F00" bytes="848336" />
</allocation-stats>
<gc-op id="1388" type="scavenge" timems="0.283" contextid="1385" timestamp="2024-12-13T12:32:41.505">
  <scavenger-info tenureage="3" tenuremask="7ff8" tiltratio="50" />
  <memory-copied type="nursery" objects="3403" bytes="348856" bytesdiscarded="200920" />
  <memory-copied type="tenure" objects="789" bytes="38272" bytesdiscarded="32" />
  <finalization candidates="2" enqueued="0" />
  <object-monitors candidates="19" cleared="0"  />
</gc-op>
<gc-end id="1389" type="scavenge" contextid="1385" durationms="0.356" usertimems="6.187" systemtimems="0.328" stalltimems="0.544" timestamp="2024-12-13T12:32:41.505" activeThreads="5">
  <mem-info id="1390" free="3760832" total="22937600" percent="16">
    <mem type="nursery" free="1023088" total="3145728" percent="32">
      <mem type="allocate" free="1023088" total="1572864" percent="65" />
      <mem type="survivor" free="0" total="1572864" percent="0" />
    </mem>
    <mem type="tenure" free="2737744" total="19791872" percent="13">
      <mem type="soa" free="1747536" total="18801664" percent="9" />
      <mem type="loa" free="990208" total="990208" percent="100" />
    </mem>
    <remembered-set count="421" />
  </mem-info>
</gc-end>
<cycle-end id="1391" type="scavenge" contextid="1385" timestamp="2024-12-13T12:32:41.505" />
<allocation-satisfied id="1392" threadId="0000000125863F00" bytesRequested="2072" />
<af-end id="1393" timestamp="2024-12-13T12:32:41.505" threadId="0000000125864990" success="true" from="nursery"/>
<exclusive-end id="1394" timestamp="2024-12-13T12:32:41.505" durationms="0.515" />

<exclusive-start id="1395" timestamp="2024-12-13T12:32:41.511" intervalms="6.689">
  <response-info timems="4.122" idlems="2.063" threads="1" lastid="000000012900D500" lastname="JIT Compilation Thread-001" />
</exclusive-start>
<af-start id="1396" threadId="0000000125864990" totalBytesRequested="32" timestamp="2024-12-13T12:32:41.511" intervalms="6.679" type="nursery" />
<cycle-start id="1397" type="scavenge" contextid="0" timestamp="2024-12-13T12:32:41.511" intervalms="6.680" />
<gc-start id="1398" type="scavenge" contextid="1397" timestamp="2024-12-13T12:32:41.511">
  <mem-info id="1399" free="2737744" total="22937600" percent="11">
    <mem type="nursery" free="0" total="3145728" percent="0">
      <mem type="allocate" free="0" total="1572864" percent="0" />
      <mem type="survivor" free="0" total="1572864" percent="0" />
    </mem>
    <mem type="tenure" free="2737744" total="19791872" percent="13">
      <mem type="soa" free="1747536" total="18801664" percent="9" />
      <mem type="loa" free="990208" total="990208" percent="100" />
    </mem>
    <remembered-set count="437" />
  </mem-info>
</gc-start>
<allocation-stats totalBytes="1020792" discardedBytes="2296" >
  <allocated-bytes non-tlh="2072" tlh="1018720" />
  <largest-consumer threadName="Default Executor-thread-1" threadId="0000000125863F00" bytes="1020792" />
</allocation-stats>
<gc-op id="1400" type="scavenge" timems="0.220" contextid="1397" timestamp="2024-12-13T12:32:41.512">
  <scavenger-info tenureage="3" tenuremask="7ff8" tiltratio="50" />
  <memory-copied type="nursery" objects="2624" bytes="194776" bytesdiscarded="47472" />
  <memory-copied type="tenure" objects="575" bytes="28960" bytesdiscarded="8" />
  <object-monitors candidates="19" cleared="0"  />
</gc-op>
<gc-end id="1401" type="scavenge" contextid="1397" durationms="0.267" usertimems="0.537" systemtimems="0.172" stalltimems="0.435" timestamp="2024-12-13T12:32:41.512" activeThreads="5">
  <mem-info id="1402" free="4244232" total="22937600" percent="18">
    <mem type="nursery" free="1527224" total="3145728" percent="48">
      <mem type="allocate" free="1527224" total="1769472" percent="86" />
      <mem type="survivor" free="0" total="1376256" percent="0" />
    </mem>
    <mem type="tenure" free="2717008" total="19791872" percent="13">
      <mem type="soa" free="1726800" total="18801664" percent="9" />
      <mem type="loa" free="990208" total="990208" percent="100" />
    </mem>
    <remembered-set count="405" />
  </mem-info>
</gc-end>
<cycle-end id="1403" type="scavenge" contextid="1397" timestamp="2024-12-13T12:32:41.512" />
<allocation-satisfied id="1404" threadId="0000000125863F00" bytesRequested="32" />
<af-end id="1405" timestamp="2024-12-13T12:32:41.512" threadId="0000000125864990" success="true" from="nursery"/>
<exclusive-end id="1406" timestamp="2024-12-13T12:32:41.512" durationms="0.387" />

<exclusive-start id="1407" timestamp="2024-12-13T12:32:41.519" intervalms="7.704">
  <response-info timems="3.375" idlems="1.155" threads="2" lastid="00000001388DE500" lastname="JIT Compilation Thread-006" />
</exclusive-start>
<af-start id="1408" threadId="0000000125864990" totalBytesRequested="1048" timestamp="2024-12-13T12:32:41.519" intervalms="7.714" type="nursery" />
<cycle-start id="1409" type="scavenge" contextid="0" timestamp="2024-12-13T12:32:41.519" intervalms="7.719" />
<gc-start id="1410" type="scavenge" contextid="1409" timestamp="2024-12-13T12:32:41.519">
  <mem-info id="1411" free="2717008" total="22937600" percent="11">
    <mem type="nursery" free="0" total="3145728" percent="0">
      <mem type="allocate" free="0" total="1769472" percent="0" />
      <mem type="survivor" free="0" total="1376256" percent="0" />
    </mem>
    <mem type="tenure" free="2717008" total="19791872" percent="13">
      <mem type="soa" free="1726800" total="18801664" percent="9" />
      <mem type="loa" free="990208" total="990208" percent="100" />
    </mem>
    <remembered-set count="423" />
  </mem-info>
</gc-start>
<allocation-stats totalBytes="1521688" discardedBytes="5536" >
  <allocated-bytes non-tlh="32" tlh="1521656" />
  <largest-consumer threadName="Default Executor-thread-1" threadId="0000000125863F00" bytes="1521688" />
</allocation-stats>
<gc-op id="1412" type="scavenge" timems="0.308" contextid="1409" timestamp="2024-12-13T12:32:41.519">
  <scavenger-info tenureage="3" tenuremask="7ff8" tiltratio="56" />
  <memory-copied type="nursery" objects="3433" bytes="463160" bytesdiscarded="102096" />
  <memory-copied type="tenure" objects="750" bytes="30960" bytesdiscarded="0" />
  <object-monitors candidates="19" cleared="0"  />
</gc-op>
<gc-end id="1413" type="scavenge" contextid="1409" durationms="0.372" usertimems="1.355" systemtimems="0.327" stalltimems="0.597" timestamp="2024-12-13T12:32:41.519" activeThreads="5">
  <mem-info id="1414" free="4019272" total="22937600" percent="17">
    <mem type="nursery" free="1335288" total="3145728" percent="42">
      <mem type="allocate" free="1335288" total="1900544" percent="70" />
      <mem type="survivor" free="0" total="1245184" percent="0" />
    </mem>
    <mem type="tenure" free="2683984" total="19791872" percent="13">
      <mem type="soa" free="1693776" total="18801664" percent="9" />
      <mem type="loa" free="990208" total="990208" percent="100" />
    </mem>
    <remembered-set count="265" />
  </mem-info>
</gc-end>
<cycle-end id="1415" type="scavenge" contextid="1409" timestamp="2024-12-13T12:32:41.519" />
<allocation-satisfied id="1416" threadId="0000000125863F00" bytesRequested="1048" />
<af-end id="1417" timestamp="2024-12-13T12:32:41.520" threadId="0000000125864990" success="true" from="nursery"/>
<exclusive-end id="1418" timestamp="2024-12-13T12:32:41.520" durationms="0.528" />

<exclusive-start id="1419" timestamp="2024-12-13T12:32:41.527" intervalms="8.081">
  <response-info timems="4.023" idlems="1.344" threads="2" lastid="00000001388AD900" lastname="JIT Compilation Thread-000" />
</exclusive-start>
<af-start id="1420" threadId="0000000125864990" totalBytesRequested="144" timestamp="2024-12-13T12:32:41.527" intervalms="8.074" type="nursery" />
<cycle-start id="1421" type="scavenge" contextid="0" timestamp="2024-12-13T12:32:41.527" intervalms="8.071" />
<gc-start id="1422" type="scavenge" contextid="1421" timestamp="2024-12-13T12:32:41.527">
  <mem-info id="1423" free="2683984" total="22937600" percent="11">
    <mem type="nursery" free="0" total="3145728" percent="0">
      <mem type="allocate" free="0" total="1900544" percent="0" />
      <mem type="survivor" free="0" total="1245184" percent="0" />
    </mem>
    <mem type="tenure" free="2683984" total="19791872" percent="13">
      <mem type="soa" free="1693776" total="18801664" percent="9" />
      <mem type="loa" free="990208" total="990208" percent="100" />
    </mem>
    <remembered-set count="273" />
  </mem-info>
</gc-start>
<allocation-stats totalBytes="1334840" discardedBytes="448" >
  <allocated-bytes non-tlh="1048" tlh="1333792" />
  <largest-consumer threadName="Default Executor-thread-1" threadId="0000000125863F00" bytes="1334840" />
</allocation-stats>
<gc-op id="1424" type="scavenge" timems="0.441" contextid="1421" timestamp="2024-12-13T12:32:41.528">
  <scavenger-info tenureage="3" tenuremask="7ff8" tiltratio="60" />
  <memory-copied type="nursery" objects="4892" bytes="585328" bytesdiscarded="70872" />
  <memory-copied type="tenure" objects="906" bytes="46816" bytesdiscarded="0" />
  <object-monitors candidates="19" cleared="0"  />
</gc-op>
<heap-resize id="1425" type="expand" space="nursery" amount="131072" count="1" timems="0.015" reason="excessive time being spent scavenging" timestamp="2024-12-13T12:32:41.528" />
<gc-end id="1426" type="scavenge" contextid="1421" durationms="0.514" usertimems="3.702" systemtimems="0.436" stalltimems="0.981" timestamp="2024-12-13T12:32:41.528" activeThreads="5">
  <mem-info id="1427" free="4005640" total="23068672" percent="17">
    <mem type="nursery" free="1375416" total="3276800" percent="41">
      <mem type="allocate" free="1375416" total="2031616" percent="67" />
      <mem type="survivor" free="0" total="1245184" percent="0" />
    </mem>
    <mem type="tenure" free="2630224" total="19791872" percent="13">
      <mem type="soa" free="1640016" total="18801664" percent="8" />
      <mem type="loa" free="990208" total="990208" percent="100" />
    </mem>
    <remembered-set count="233" />
  </mem-info>
</gc-end>
<cycle-end id="1428" type="scavenge" contextid="1421" timestamp="2024-12-13T12:32:41.528" />
<allocation-satisfied id="1429" threadId="0000000125863F00" bytesRequested="144" />
<af-end id="1430" timestamp="2024-12-13T12:32:41.528" threadId="0000000125864990" success="true" from="nursery"/>
<exclusive-end id="1431" timestamp="2024-12-13T12:32:41.528" durationms="0.641" />

<exclusive-start id="1432" timestamp="2024-12-13T12:32:41.535" intervalms="7.486">
  <response-info timems="1.840" idlems="0.621" threads="2" lastid="00000001388DE500" lastname="JIT Compilation Thread-006" />
</exclusive-start>
<af-start id="1433" threadId="0000000125864990" totalBytesRequested="2072" timestamp="2024-12-13T12:32:41.535" intervalms="7.478" type="nursery" />
<cycle-start id="1434" type="scavenge" contextid="0" timestamp="2024-12-13T12:32:41.535" intervalms="7.474" />
<gc-start id="1435" type="scavenge" contextid="1434" timestamp="2024-12-13T12:32:41.535">
  <mem-info id="1436" free="2630224" total="23068672" percent="11">
    <mem type="nursery" free="0" total="3276800" percent="0">
      <mem type="allocate" free="0" total="2031616" percent="0" />
      <mem type="survivor" free="0" total="1245184" percent="0" />
    </mem>
    <mem type="tenure" free="2630224" total="19791872" percent="13">
      <mem type="soa" free="1640016" total="18801664" percent="8" />
      <mem type="loa" free="990208" total="990208" percent="100" />
    </mem>
    <remembered-set count="257" />
  </mem-info>
</gc-start>
<allocation-stats totalBytes="1374304" discardedBytes="1112" >
  <allocated-bytes non-tlh="144" tlh="1374160" />
  <largest-consumer threadName="Default Executor-thread-1" threadId="0000000125863F00" bytes="1374304" />
</allocation-stats>
<gc-op id="1437" type="scavenge" timems="0.204" contextid="1434" timestamp="2024-12-13T12:32:41.535">
  <scavenger-info tenureage="3" tenuremask="7ff8" tiltratio="62" />
  <memory-copied type="nursery" objects="2002" bytes="205720" bytesdiscarded="91168" />
  <memory-copied type="tenure" objects="231" bytes="11288" bytesdiscarded="16" />
  <object-monitors candidates="19" cleared="0"  />
</gc-op>
<gc-end id="1438" type="scavenge" contextid="1434" durationms="0.248" usertimems="0.478" systemtimems="0.247" stalltimems="0.412" timestamp="2024-12-13T12:32:41.535" activeThreads="5">
  <mem-info id="1439" free="4450712" total="23068672" percent="19">
    <mem type="nursery" free="1865800" total="3276800" percent="56">
      <mem type="allocate" free="1865800" total="2162688" percent="86" />
      <mem type="survivor" free="0" total="1114112" percent="0" />
    </mem>
    <mem type="tenure" free="2584912" total="19791872" percent="13">
      <mem type="soa" free="1594704" total="18801664" percent="8" />
      <mem type="loa" free="990208" total="990208" percent="100" />
    </mem>
    <remembered-set count="240" />
  </mem-info>
</gc-end>
<cycle-end id="1440" type="scavenge" contextid="1434" timestamp="2024-12-13T12:32:41.535" />
<allocation-satisfied id="1441" threadId="0000000125863F00" bytesRequested="2072" />
<af-end id="1442" timestamp="2024-12-13T12:32:41.535" threadId="0000000125864990" success="true" from="nursery"/>
<exclusive-end id="1443" timestamp="2024-12-13T12:32:41.535" durationms="0.358" />

<exclusive-start id="1444" timestamp="2024-12-13T12:32:41.543" intervalms="8.066">
  <response-info timems="0.007" idlems="0.004" threads="1" lastid="0000000129020300" lastname="IProfiler" />
</exclusive-start>
<af-start id="1445" threadId="0000000125864990" totalBytesRequested="4120" timestamp="2024-12-13T12:32:41.543" intervalms="8.080" type="nursery" />
<cycle-start id="1446" type="scavenge" contextid="0" timestamp="2024-12-13T12:32:41.543" intervalms="8.082" />
<gc-start id="1447" type="scavenge" contextid="1446" timestamp="2024-12-13T12:32:41.543">
  <mem-info id="1448" free="2584912" total="23068672" percent="11">
    <mem type="nursery" free="0" total="3276800" percent="0">
      <mem type="allocate" free="0" total="2162688" percent="0" />
      <mem type="survivor" free="0" total="1114112" percent="0" />
    </mem>
    <mem type="tenure" free="2584912" total="19791872" percent="13">
      <mem type="soa" free="1594704" total="18801664" percent="8" />
      <mem type="loa" free="990208" total="990208" percent="100" />
    </mem>
    <remembered-set count="255" />
  </mem-info>
</gc-start>
<allocation-stats totalBytes="1863624" discardedBytes="2176" >
  <allocated-bytes non-tlh="2072" tlh="1861552" />
  <largest-consumer threadName="Default Executor-thread-1" threadId="0000000125863F00" bytes="1863624" />
</allocation-stats>
<gc-op id="1449" type="scavenge" timems="0.251" contextid="1446" timestamp="2024-12-13T12:32:41.543">
  <scavenger-info tenureage="4" tenuremask="7ff0" tiltratio="66" />
  <memory-copied type="nursery" objects="1678" bytes="117784" bytesdiscarded="65272" />
  <object-monitors candidates="19" cleared="0"  />
</gc-op>
<gc-end id="1450" type="scavenge" contextid="1446" durationms="0.374" usertimems="2.457" systemtimems="0.306" stalltimems="0.556" timestamp="2024-12-13T12:32:41.543" activeThreads="5">
  <mem-info id="1451" free="4761152" total="23068672" percent="20">
    <mem type="nursery" free="2176240" total="3276800" percent="66">
      <mem type="allocate" free="2176240" total="2359296" percent="92" />
      <mem type="survivor" free="0" total="917504" percent="0" />
    </mem>
    <mem type="tenure" free="2584912" total="19791872" percent="13">
      <mem type="soa" free="1594704" total="18801664" percent="8" />
      <mem type="loa" free="990208" total="990208" percent="100" />
    </mem>
    <remembered-set count="255" />
  </mem-info>
</gc-end>
<cycle-end id="1452" type="scavenge" contextid="1446" timestamp="2024-12-13T12:32:41.543" />
<allocation-satisfied id="1453" threadId="0000000125863F00" bytesRequested="4120" />
<af-end id="1454" timestamp="2024-12-13T12:32:41.543" threadId="0000000125864990" success="true" from="nursery"/>
<exclusive-end id="1455" timestamp="2024-12-13T12:32:41.543" durationms="0.534" />

<exclusive-start id="1456" timestamp="2024-12-13T12:32:41.559" intervalms="16.631">
  <response-info timems="3.813" idlems="1.909" threads="1" lastid="00000001388C2900" lastname="JIT Compilation Thread-003" />
</exclusive-start>
<af-start id="1457" threadId="0000000125864990" totalBytesRequested="32" timestamp="2024-12-13T12:32:41.559" intervalms="16.625" type="nursery" />
<cycle-start id="1458" type="scavenge" contextid="0" timestamp="2024-12-13T12:32:41.559" intervalms="16.628" />
<gc-start id="1459" type="scavenge" contextid="1458" timestamp="2024-12-13T12:32:41.559">
  <mem-info id="1460" free="2584352" total="23068672" percent="11">
    <mem type="nursery" free="0" total="3276800" percent="0">
      <mem type="allocate" free="0" total="2359296" percent="0" />
      <mem type="survivor" free="0" total="917504" percent="0" />
    </mem>
    <mem type="tenure" free="2584352" total="19791872" percent="13">
      <mem type="soa" free="1594144" total="18801664" percent="8" />
      <mem type="loa" free="990208" total="990208" percent="100" />
    </mem>
    <remembered-set count="316" />
  </mem-info>
</gc-start>
<allocation-stats totalBytes="2174544" discardedBytes="2256" >
  <allocated-bytes non-tlh="4680" tlh="2169864" />
  <largest-consumer threadName="Default Executor-thread-1" threadId="0000000125863F00" bytes="2174544" />
</allocation-stats>
<gc-op id="1461" type="scavenge" timems="0.189" contextid="1458" timestamp="2024-12-13T12:32:41.560">
  <scavenger-info tenureage="5" tenuremask="7fe0" tiltratio="72" />
  <memory-copied type="nursery" objects="2824" bytes="150592" bytesdiscarded="49360" />
  <references type="weak" candidates="2" cleared="2" enqueued="2" />
  <object-monitors candidates="19" cleared="0"  />
</gc-op>
<gc-end id="1462" type="scavenge" contextid="1458" durationms="0.244" usertimems="0.565" systemtimems="0.087" stalltimems="0.246" timestamp="2024-12-13T12:32:41.560" activeThreads="4">
  <mem-info id="1463" free="4874768" total="23068672" percent="21">
    <mem type="nursery" free="2290416" total="3276800" percent="69">
      <mem type="allocate" free="2290416" total="2490368" percent="91" />
      <mem type="survivor" free="0" total="786432" percent="0" />
    </mem>
    <mem type="tenure" free="2584352" total="19791872" percent="13">
      <mem type="soa" free="1594144" total="18801664" percent="8" />
      <mem type="loa" free="990208" total="990208" percent="100" />
    </mem>
    <pending-finalizers system="0" default="0" reference="2" classloader="0" />
    <remembered-set count="311" />
  </mem-info>
</gc-end>
<cycle-end id="1464" type="scavenge" contextid="1458" timestamp="2024-12-13T12:32:41.560" />
<allocation-satisfied id="1465" threadId="0000000125863F00" bytesRequested="32" />
<af-end id="1466" timestamp="2024-12-13T12:32:41.560" threadId="0000000125864990" success="true" from="nursery"/>
<exclusive-end id="1467" timestamp="2024-12-13T12:32:41.560" durationms="0.376" />

<exclusive-start id="1468" timestamp="2024-12-13T12:32:41.566" intervalms="7.150">
  <response-info timems="0.030" idlems="0.014" threads="2" lastid="00000001388D5700" lastname="JIT Compilation Thread-005" />
</exclusive-start>
<af-start id="1469" threadId="0000000125864990" totalBytesRequested="152" timestamp="2024-12-13T12:32:41.566" intervalms="7.143" type="nursery" />
<cycle-start id="1470" type="scavenge" contextid="0" timestamp="2024-12-13T12:32:41.566" intervalms="7.139" />
<gc-start id="1471" type="scavenge" contextid="1470" timestamp="2024-12-13T12:32:41.566">
  <mem-info id="1472" free="2584352" total="23068672" percent="11">
    <mem type="nursery" free="0" total="3276800" percent="0">
      <mem type="allocate" free="0" total="2490368" percent="0" />
      <mem type="survivor" free="0" total="786432" percent="0" />
    </mem>
    <mem type="tenure" free="2584352" total="19791872" percent="13">
      <mem type="soa" free="1594144" total="18801664" percent="8" />
      <mem type="loa" free="990208" total="990208" percent="100" />
    </mem>
    <remembered-set count="356" />
  </mem-info>
</gc-start>
<allocation-stats totalBytes="2288168" discardedBytes="2248" >
  <allocated-bytes non-tlh="32" tlh="2288136" />
  <largest-consumer threadName="Default Executor-thread-1" threadId="0000000125863F00" bytes="2288168" />
</allocation-stats>
<gc-op id="1473" type="scavenge" timems="0.206" contextid="1470" timestamp="2024-12-13T12:32:41.567">
  <scavenger-info tenureage="6" tenuremask="7fc0" tiltratio="76" />
  <memory-copied type="nursery" objects="4311" bytes="373728" bytesdiscarded="92696" />
  <object-monitors candidates="19" cleared="0"  />
</gc-op>
<gc-end id="1474" type="scavenge" contextid="1470" durationms="0.250" usertimems="0.666" systemtimems="0.082" stalltimems="0.249" timestamp="2024-12-13T12:32:41.567" activeThreads="4">
  <mem-info id="1475" free="4608296" total="23068672" percent="19">
    <mem type="nursery" free="2023944" total="3276800" percent="61">
      <mem type="allocate" free="2023944" total="2490368" percent="81" />
      <mem type="survivor" free="0" total="786432" percent="0" />
    </mem>
    <mem type="tenure" free="2584352" total="19791872" percent="13">
      <mem type="soa" free="1594144" total="18801664" percent="8" />
      <mem type="loa" free="990208" total="990208" percent="100" />
    </mem>
    <remembered-set count="356" />
  </mem-info>
</gc-end>
<cycle-end id="1476" type="scavenge" contextid="1470" timestamp="2024-12-13T12:32:41.567" />
<allocation-satisfied id="1477" threadId="0000000125863F00" bytesRequested="152" />
<af-end id="1478" timestamp="2024-12-13T12:32:41.567" threadId="0000000125864990" success="true" from="nursery"/>
<exclusive-end id="1479" timestamp="2024-12-13T12:32:41.567" durationms="0.366" />

<exclusive-start id="1480" timestamp="2024-12-13T12:32:41.576" intervalms="9.874">
  <response-info timems="1.296" idlems="0.651" threads="1" lastid="00000001388B6700" lastname="JIT Compilation Thread-002" />
</exclusive-start>
<af-start id="1481" threadId="0000000125864990" totalBytesRequested="2072" timestamp="2024-12-13T12:32:41.576" intervalms="9.883" type="nursery" />
<cycle-start id="1482" type="scavenge" contextid="0" timestamp="2024-12-13T12:32:41.576" intervalms="9.886" />
<gc-start id="1483" type="scavenge" contextid="1482" timestamp="2024-12-13T12:32:41.576">
  <mem-info id="1484" free="2584352" total="23068672" percent="11">
    <mem type="nursery" free="0" total="3276800" percent="0">
      <mem type="allocate" free="0" total="2490368" percent="0" />
      <mem type="survivor" free="0" total="786432" percent="0" />
    </mem>
    <mem type="tenure" free="2584352" total="19791872" percent="13">
      <mem type="soa" free="1594144" total="18801664" percent="8" />
      <mem type="loa" free="990208" total="990208" percent="100" />
    </mem>
    <remembered-set count="386" />
  </mem-info>
</gc-start>
<allocation-stats totalBytes="2022008" discardedBytes="1936" >
  <allocated-bytes non-tlh="152" tlh="2021856" />
  <largest-consumer threadName="Default Executor-thread-1" threadId="0000000125863F00" bytes="2022008" />
</allocation-stats>
<gc-op id="1485" type="scavenge" timems="0.288" contextid="1482" timestamp="2024-12-13T12:32:41.577">
  <scavenger-info tenureage="6" tenuremask="7fc0" tiltratio="76" />
  <memory-copied type="nursery" objects="5681" bytes="579384" bytesdiscarded="144576" />
  <memory-copied type="tenure" objects="285" bytes="14624" bytesdiscarded="0" />
  <object-monitors candidates="19" cleared="0"  />
</gc-op>
<gc-end id="1486" type="scavenge" contextid="1482" durationms="0.365" usertimems="0.774" systemtimems="0.148" stalltimems="0.332" timestamp="2024-12-13T12:32:41.577" activeThreads="4">
  <mem-info id="1487" free="4219688" total="23068672" percent="18">
    <mem type="nursery" free="1635336" total="3276800" percent="49">
      <mem type="allocate" free="1635336" total="2359296" percent="69" />
      <mem type="survivor" free="0" total="917504" percent="0" />
    </mem>
    <mem type="tenure" free="2584352" total="19791872" percent="13">
      <mem type="soa" free="1594144" total="18801664" percent="8" />
      <mem type="loa" free="990208" total="990208" percent="100" />
    </mem>
    <remembered-set count="373" />
  </mem-info>
</gc-end>
<cycle-end id="1488" type="scavenge" contextid="1482" timestamp="2024-12-13T12:32:41.577" />
<allocation-satisfied id="1489" threadId="0000000125863F00" bytesRequested="2072" />
<af-end id="1490" timestamp="2024-12-13T12:32:41.577" threadId="0000000125864990" success="true" from="nursery"/>
<exclusive-end id="1491" timestamp="2024-12-13T12:32:41.577" durationms="0.526" />

<exclusive-start id="1492" timestamp="2024-12-13T12:32:41.583" intervalms="6.699">
  <response-info timems="0.070" idlems="0.035" threads="2" lastid="00000001388B6700" lastname="JIT Compilation Thread-002" />
</exclusive-start>
<af-start id="1493" threadId="0000000125864990" totalBytesRequested="2072" timestamp="2024-12-13T12:32:41.583" intervalms="6.690" type="nursery" />
<cycle-start id="1494" type="scavenge" contextid="0" timestamp="2024-12-13T12:32:41.583" intervalms="6.688" />
<gc-start id="1495" type="scavenge" contextid="1494" timestamp="2024-12-13T12:32:41.583">
  <mem-info id="1496" free="2584352" total="23068672" percent="11">
    <mem type="nursery" free="0" total="3276800" percent="0">
      <mem type="allocate" free="0" total="2359296" percent="0" />
      <mem type="survivor" free="0" total="917504" percent="0" />
    </mem>
    <mem type="tenure" free="2584352" total="19791872" percent="13">
      <mem type="soa" free="1594144" total="18801664" percent="8" />
      <mem type="loa" free="990208" total="990208" percent="100" />
    </mem>
    <remembered-set count="399" />
  </mem-info>
</gc-start>
<allocation-stats totalBytes="1632648" discardedBytes="2688" >
  <allocated-bytes non-tlh="2072" tlh="1630576" />
  <largest-consumer threadName="Default Executor-thread-1" threadId="0000000125863F00" bytes="1620360" />
</allocation-stats>
<gc-op id="1497" type="scavenge" timems="0.249" contextid="1494" timestamp="2024-12-13T12:32:41.583">
  <scavenger-info tenureage="6" tenuremask="7fc0" tiltratio="72" />
  <memory-copied type="nursery" objects="4942" bytes="370808" bytesdiscarded="34576" />
  <memory-copied type="tenure" objects="151" bytes="7400" bytesdiscarded="16" />
  <ownableSynchronizers candidates="4" cleared="0" />
  <references type="weak" candidates="2" cleared="0" enqueued="0" />
  <object-monitors candidates="21" cleared="0"  />
</gc-op>
<gc-end id="1498" type="scavenge" contextid="1494" durationms="0.291" usertimems="0.659" systemtimems="0.112" stalltimems="0.274" timestamp="2024-12-13T12:32:41.583" activeThreads="4">
  <mem-info id="1499" free="4558472" total="23068672" percent="19">
    <mem type="nursery" free="2019432" total="3276800" percent="61">
      <mem type="allocate" free="2019432" total="2424832" percent="83" />
      <mem type="survivor" free="0" total="851968" percent="0" />
    </mem>
    <mem type="tenure" free="2539040" total="19791872" percent="12">
      <mem type="soa" free="1548832" total="18801664" percent="8" />
      <mem type="loa" free="990208" total="990208" percent="100" />
    </mem>
    <remembered-set count="390" />
  </mem-info>
</gc-end>
<cycle-end id="1500" type="scavenge" contextid="1494" timestamp="2024-12-13T12:32:41.583" />
<allocation-satisfied id="1501" threadId="0000000125863F00" bytesRequested="2072" />
<af-end id="1502" timestamp="2024-12-13T12:32:41.583" threadId="0000000125864990" success="true" from="nursery"/>
<exclusive-end id="1503" timestamp="2024-12-13T12:32:41.583" durationms="0.407" />

<exclusive-start id="1504" timestamp="2024-12-13T12:32:41.593" intervalms="10.100">
  <response-info timems="5.665" idlems="2.836" threads="1" lastid="00000001388CC900" lastname="JIT Compilation Thread-004" />
</exclusive-start>
<af-start id="1505" threadId="0000000125864990" totalBytesRequested="144" timestamp="2024-12-13T12:32:41.593" intervalms="10.107" type="nursery" />
<cycle-start id="1506" type="scavenge" contextid="0" timestamp="2024-12-13T12:32:41.593" intervalms="10.105" />
<gc-start id="1507" type="scavenge" contextid="1506" timestamp="2024-12-13T12:32:41.593">
  <mem-info id="1508" free="2539040" total="23068672" percent="11">
    <mem type="nursery" free="0" total="3276800" percent="0">
      <mem type="allocate" free="0" total="2424832" percent="0" />
      <mem type="survivor" free="0" total="851968" percent="0" />
    </mem>
    <mem type="tenure" free="2539040" total="19791872" percent="12">
      <mem type="soa" free="1548832" total="18801664" percent="8" />
      <mem type="loa" free="990208" total="990208" percent="100" />
    </mem>
    <remembered-set count="397" />
  </mem-info>
</gc-start>
<allocation-stats totalBytes="2017656" discardedBytes="1776" >
  <allocated-bytes non-tlh="2072" tlh="2015584" />
  <largest-consumer threadName="Default Executor-thread-1" threadId="0000000125863F00" bytes="2017656" />
</allocation-stats>
<gc-op id="1509" type="scavenge" timems="0.327" contextid="1506" timestamp="2024-12-13T12:32:41.594">
  <scavenger-info tenureage="6" tenuremask="7fc0" tiltratio="74" />
  <memory-copied type="nursery" objects="8888" bytes="748888" bytesdiscarded="78336" />
  <memory-copied type="tenure" objects="309" bytes="16152" bytesdiscarded="0" />
  <ownableSynchronizers candidates="4" cleared="0" />
  <references type="weak" candidates="2" cleared="0" enqueued="0" />
  <object-monitors candidates="21" cleared="0"  />
</gc-op>
<gc-end id="1510" type="scavenge" contextid="1506" durationms="0.372" usertimems="0.974" systemtimems="0.167" stalltimems="0.240" timestamp="2024-12-13T12:32:41.594" activeThreads="4">
  <mem-info id="1511" free="3743432" total="23068672" percent="16">
    <mem type="nursery" free="1204392" total="3276800" percent="36">
      <mem type="allocate" free="1204392" total="2031616" percent="59" />
      <mem type="survivor" free="0" total="1245184" percent="0" />
    </mem>
    <mem type="tenure" free="2539040" total="19791872" percent="12">
      <mem type="soa" free="1548832" total="18801664" percent="8" />
      <mem type="loa" free="990208" total="990208" percent="100" />
    </mem>
    <remembered-set count="375" />
  </mem-info>
</gc-end>
<cycle-end id="1512" type="scavenge" contextid="1506" timestamp="2024-12-13T12:32:41.594" />
<allocation-satisfied id="1513" threadId="0000000125863F00" bytesRequested="144" />
<af-end id="1514" timestamp="2024-12-13T12:32:41.594" threadId="0000000125864990" success="true" from="nursery"/>
<exclusive-end id="1515" timestamp="2024-12-13T12:32:41.594" durationms="0.497" />

<exclusive-start id="1516" timestamp="2024-12-13T12:32:41.600" intervalms="7.021">
  <response-info timems="1.338" idlems="0.467" threads="2" lastid="000000012900D500" lastname="JIT Compilation Thread-001" />
</exclusive-start>
<af-start id="1517" threadId="0000000125864990" totalBytesRequested="2072" timestamp="2024-12-13T12:32:41.600" intervalms="7.014" type="nursery" />
<cycle-start id="1518" type="scavenge" contextid="0" timestamp="2024-12-13T12:32:41.600" intervalms="7.017" />
<gc-start id="1519" type="scavenge" contextid="1518" timestamp="2024-12-13T12:32:41.600">
  <mem-info id="1520" free="2539040" total="23068672" percent="11">
    <mem type="nursery" free="0" total="3276800" percent="0">
      <mem type="allocate" free="0" total="2031616" percent="0" />
      <mem type="survivor" free="0" total="1245184" percent="0" />
    </mem>
    <mem type="tenure" free="2539040" total="19791872" percent="12">
      <mem type="soa" free="1548832" total="18801664" percent="8" />
      <mem type="loa" free="990208" total="990208" percent="100" />
    </mem>
    <remembered-set count="447" />
  </mem-info>
</gc-start>
<allocation-stats totalBytes="1203728" discardedBytes="664" >
  <allocated-bytes non-tlh="144" tlh="1203584" />
  <largest-consumer threadName="Default Executor-thread-1" threadId="0000000125863F00" bytes="1203728" />
</allocation-stats>
<gc-op id="1521" type="scavenge" timems="0.387" contextid="1518" timestamp="2024-12-13T12:32:41.601">
  <scavenger-info tenureage="5" tenuremask="7fe0" tiltratio="62" />
  <memory-copied type="nursery" objects="5561" bytes="582672" bytesdiscarded="137216" />
  <memory-copied type="tenure" objects="1191" bytes="57256" bytesdiscarded="16" />
  <ownableSynchronizers candidates="4" cleared="0" />
  <references type="weak" candidates="2" cleared="0" enqueued="0" />
  <object-monitors candidates="21" cleared="0"  />
</gc-op>
<heap-resize id="1522" type="expand" space="nursery" amount="131072" count="1" timems="0.012" reason="excessive time being spent scavenging" timestamp="2024-12-13T12:32:41.601" />
<gc-end id="1523" type="scavenge" contextid="1518" durationms="0.447" usertimems="0.951" systemtimems="0.396" stalltimems="0.838" timestamp="2024-12-13T12:32:41.601" activeThreads="5">
  <mem-info id="1524" free="3829776" total="23199744" percent="16">
    <mem type="nursery" free="1442800" total="3407872" percent="42">
      <mem type="allocate" free="1442800" total="2162688" percent="66" />
      <mem type="survivor" free="0" total="1245184" percent="0" />
    </mem>
    <mem type="tenure" free="2386976" total="19791872" percent="12">
      <mem type="soa" free="1396768" total="18801664" percent="7" />
      <mem type="loa" free="990208" total="990208" percent="100" />
    </mem>
    <remembered-set count="382" />
  </mem-info>
</gc-end>
<cycle-end id="1525" type="scavenge" contextid="1518" timestamp="2024-12-13T12:32:41.601" />
<allocation-satisfied id="1526" threadId="0000000125863F00" bytesRequested="2072" />
<af-end id="1527" timestamp="2024-12-13T12:32:41.601" threadId="0000000125864990" success="true" from="nursery"/>
<exclusive-end id="1528" timestamp="2024-12-13T12:32:41.601" durationms="0.561" />

<exclusive-start id="1529" timestamp="2024-12-13T12:32:41.608" intervalms="7.747">
  <response-info timems="3.584" idlems="1.796" threads="1" lastid="00000001388C2900" lastname="JIT Compilation Thread-003" />
</exclusive-start>
<af-start id="1530" threadId="0000000125864990" totalBytesRequested="4120" timestamp="2024-12-13T12:32:41.608" intervalms="7.744" type="nursery" />
<cycle-start id="1531" type="scavenge" contextid="0" timestamp="2024-12-13T12:32:41.608" intervalms="7.742" />
<gc-start id="1532" type="scavenge" contextid="1531" timestamp="2024-12-13T12:32:41.608">
  <mem-info id="1533" free="2386976" total="23199744" percent="10">
    <mem type="nursery" free="0" total="3407872" percent="0">
      <mem type="allocate" free="0" total="2162688" percent="0" />
      <mem type="survivor" free="0" total="1245184" percent="0" />
    </mem>
    <mem type="tenure" free="2386976" total="19791872" percent="12">
      <mem type="soa" free="1396768" total="18801664" percent="7" />
      <mem type="loa" free="990208" total="990208" percent="100" />
    </mem>
    <remembered-set count="420" />
  </mem-info>
</gc-start>
<allocation-stats totalBytes="1437912" discardedBytes="4888" >
  <allocated-bytes non-tlh="2072" tlh="1435840" />
  <largest-consumer threadName="Default Executor-thread-1" threadId="0000000125863F00" bytes="1437912" />
</allocation-stats>
<gc-op id="1534" type="scavenge" timems="0.298" contextid="1531" timestamp="2024-12-13T12:32:41.608">
  <scavenger-info tenureage="5" tenuremask="7fe0" tiltratio="63" />
  <memory-copied type="nursery" objects="3670" bytes="247968" bytesdiscarded="128920" />
  <memory-copied type="tenure" objects="445" bytes="21560" bytesdiscarded="56" />
  <ownableSynchronizers candidates="4" cleared="0" />
  <references type="weak" candidates="2" cleared="0" enqueued="0" />
  <object-monitors candidates="21" cleared="0"  />
</gc-op>
<gc-end id="1535" type="scavenge" contextid="1531" durationms="0.341" usertimems="0.631" systemtimems="0.256" stalltimems="0.745" timestamp="2024-12-13T12:32:41.608" activeThreads="5">
  <mem-info id="1536" free="4348648" total="23199744" percent="18">
    <mem type="nursery" free="1982408" total="3407872" percent="58">
      <mem type="allocate" free="1982408" total="2359296" percent="84" />
      <mem type="survivor" free="0" total="1048576" percent="0" />
    </mem>
    <mem type="tenure" free="2366240" total="19791872" percent="11">
      <mem type="soa" free="1376032" total="18801664" percent="7" />
      <mem type="loa" free="990208" total="990208" percent="100" />
    </mem>
    <remembered-set count="377" />
  </mem-info>
</gc-end>
<cycle-end id="1537" type="scavenge" contextid="1531" timestamp="2024-12-13T12:32:41.608" />
<allocation-satisfied id="1538" threadId="0000000125863F00" bytesRequested="4120" />
<af-end id="1539" timestamp="2024-12-13T12:32:41.608" threadId="0000000125864990" success="true" from="nursery"/>
<exclusive-end id="1540" timestamp="2024-12-13T12:32:41.608" durationms="0.447" />

<exclusive-start id="1541" timestamp="2024-12-13T12:32:41.621" intervalms="13.501">
  <response-info timems="5.471" idlems="1.834" threads="2" lastid="00000001388CC900" lastname="JIT Compilation Thread-004" />
</exclusive-start>
<af-start id="1542" threadId="0000000125864990" totalBytesRequested="40" timestamp="2024-12-13T12:32:41.621" intervalms="13.518" type="nursery" />
<cycle-start id="1543" type="scavenge" contextid="0" timestamp="2024-12-13T12:32:41.621" intervalms="13.518" />
<gc-start id="1544" type="scavenge" contextid="1543" timestamp="2024-12-13T12:32:41.621">
  <mem-info id="1545" free="2366240" total="23199744" percent="10">
    <mem type="nursery" free="0" total="3407872" percent="0">
      <mem type="allocate" free="0" total="2359296" percent="0" />
      <mem type="survivor" free="0" total="1048576" percent="0" />
    </mem>
    <mem type="tenure" free="2366240" total="19791872" percent="11">
      <mem type="soa" free="1376032" total="18801664" percent="7" />
      <mem type="loa" free="990208" total="990208" percent="100" />
    </mem>
    <remembered-set count="408" />
  </mem-info>
</gc-start>
<allocation-stats totalBytes="1981864" discardedBytes="544" >
  <allocated-bytes non-tlh="4120" tlh="1977744" />
  <largest-consumer threadName="Default Executor-thread-1" threadId="0000000125863F00" bytes="1981864" />
</allocation-stats>
<gc-op id="1546" type="scavenge" timems="0.267" contextid="1543" timestamp="2024-12-13T12:32:41.622">
  <scavenger-info tenureage="5" tenuremask="7fe0" tiltratio="69" />
  <memory-copied type="nursery" objects="4392" bytes="233288" bytesdiscarded="57016" />
  <memory-copied type="tenure" objects="466" bytes="22880" bytesdiscarded="88" />
  <ownableSynchronizers candidates="4" cleared="0" />
  <references type="weak" candidates="2" cleared="0" enqueued="0" />
  <object-monitors candidates="21" cleared="0"  />
</gc-op>
<gc-end id="1547" type="scavenge" contextid="1543" durationms="0.311" usertimems="0.618" systemtimems="0.172" stalltimems="0.605" timestamp="2024-12-13T12:32:41.622" activeThreads="5">
  <mem-info id="1548" free="4533280" total="23199744" percent="19">
    <mem type="nursery" free="2200064" total="3407872" percent="64">
      <mem type="allocate" free="2200064" total="2490368" percent="88" />
      <mem type="survivor" free="0" total="917504" percent="0" />
    </mem>
    <mem type="tenure" free="2333216" total="19791872" percent="11">
      <mem type="soa" free="1343008" total="18801664" percent="7" />
      <mem type="loa" free="990208" total="990208" percent="100" />
    </mem>
    <remembered-set count="381" />
  </mem-info>
</gc-end>
<cycle-end id="1549" type="scavenge" contextid="1543" timestamp="2024-12-13T12:32:41.622" />
<allocation-satisfied id="1550" threadId="0000000125863F00" bytesRequested="40" />
<af-end id="1551" timestamp="2024-12-13T12:32:41.622" threadId="0000000125864990" success="true" from="nursery"/>
<exclusive-end id="1552" timestamp="2024-12-13T12:32:41.622" durationms="0.439" />

<exclusive-start id="1553" timestamp="2024-12-13T12:32:41.628" intervalms="6.804">
  <response-info timems="0.708" idlems="0.199" threads="3" lastid="00000001388B6700" lastname="JIT Compilation Thread-002" />
</exclusive-start>
<af-start id="1554" threadId="0000000125864990" totalBytesRequested="32" timestamp="2024-12-13T12:32:41.628" intervalms="6.792" type="nursery" />
<cycle-start id="1555" type="scavenge" contextid="0" timestamp="2024-12-13T12:32:41.628" intervalms="6.790" />
<gc-start id="1556" type="scavenge" contextid="1555" timestamp="2024-12-13T12:32:41.628">
  <mem-info id="1557" free="2333216" total="23199744" percent="10">
    <mem type="nursery" free="0" total="3407872" percent="0">
      <mem type="allocate" free="0" total="2490368" percent="0" />
      <mem type="survivor" free="0" total="917504" percent="0" />
    </mem>
    <mem type="tenure" free="2333216" total="19791872" percent="11">
      <mem type="soa" free="1343008" total="18801664" percent="7" />
      <mem type="loa" free="990208" total="990208" percent="100" />
    </mem>
    <remembered-set count="382" />
  </mem-info>
</gc-start>
<allocation-stats totalBytes="2198864" discardedBytes="1200" >
  <allocated-bytes non-tlh="40" tlh="2198824" />
  <largest-consumer threadName="Default Executor-thread-1" threadId="0000000125863F00" bytes="2198864" />
</allocation-stats>
<gc-op id="1558" type="scavenge" timems="0.558" contextid="1555" timestamp="2024-12-13T12:32:41.629">
  <scavenger-info tenureage="6" tenuremask="7fc0" tiltratio="73" />
  <memory-copied type="nursery" objects="9367" bytes="914936" bytesdiscarded="2568" />
  <memory-copied type="tenure" objects="7749" bytes="683560" bytesdiscarded="1976" />
  <copy-failed type="nursery" objects="7749" bytes="683560" />
  <ownableSynchronizers candidates="4" cleared="0" />
  <references type="weak" candidates="2" cleared="0" enqueued="0" />
  <object-monitors candidates="21" cleared="0"  />
</gc-op>
<heap-resize id="1559" type="expand" space="nursery" amount="262144" count="1" timems="0.009" reason="excessive time being spent scavenging" timestamp="2024-12-13T12:32:41.629" />
<gc-end id="1560" type="scavenge" contextid="1555" durationms="0.624" usertimems="1.719" systemtimems="0.465" stalltimems="0.880" timestamp="2024-12-13T12:32:41.629" activeThreads="5">
  <mem-info id="1561" free="2669312" total="23461888" percent="11">
    <mem type="nursery" free="917504" total="3670016" percent="25">
      <mem type="allocate" free="917504" total="1835008" percent="50" />
      <mem type="survivor" free="0" total="1835008" percent="0" />
    </mem>
    <mem type="tenure" free="1751808" total="19791872" percent="8">
      <mem type="soa" free="761600" total="18801664" percent="4" />
      <mem type="loa" free="990208" total="990208" percent="100" />
    </mem>
    <remembered-set count="585" />
  </mem-info>
</gc-end>
<cycle-end id="1562" type="scavenge" contextid="1555" timestamp="2024-12-13T12:32:41.629" />
<allocation-satisfied id="1563" threadId="0000000125863F00" bytesRequested="32" />
<af-end id="1564" timestamp="2024-12-13T12:32:41.629" threadId="0000000125864990" success="true" from="nursery"/>
<exclusive-end id="1565" timestamp="2024-12-13T12:32:41.629" durationms="0.733" />

<exclusive-start id="1566" timestamp="2024-12-13T12:32:41.638" intervalms="9.574">
  <response-info timems="4.864" idlems="1.628" threads="2" lastid="000000012900D500" lastname="JIT Compilation Thread-001" />
</exclusive-start>
<af-start id="1567" threadId="0000000125864990" totalBytesRequested="96" timestamp="2024-12-13T12:32:41.638" intervalms="9.577" type="nursery" />
<cycle-start id="1568" type="scavenge" contextid="0" timestamp="2024-12-13T12:32:41.638" intervalms="9.581" />
<gc-start id="1569" type="scavenge" contextid="1568" timestamp="2024-12-13T12:32:41.638">
  <mem-info id="1570" free="1751808" total="23461888" percent="7">
    <mem type="nursery" free="0" total="3670016" percent="0">
      <mem type="allocate" free="0" total="1835008" percent="0" />
      <mem type="survivor" free="0" total="1835008" percent="0" />
    </mem>
    <mem type="tenure" free="1751808" total="19791872" percent="8">
      <mem type="soa" free="761600" total="18801664" percent="4" />
      <mem type="loa" free="990208" total="990208" percent="100" />
    </mem>
    <remembered-set count="655" />
  </mem-info>
</gc-start>
<allocation-stats totalBytes="917280" discardedBytes="224" >
  <allocated-bytes non-tlh="32" tlh="917248" />
  <largest-consumer threadName="Default Executor-thread-1" threadId="0000000125863F00" bytes="917280" />
</allocation-stats>
<gc-op id="1571" type="scavenge" timems="0.357" contextid="1568" timestamp="2024-12-13T12:32:41.638">
  <scavenger-info tenureage="3" tenuremask="7ff8" tiltratio="50" />
  <memory-copied type="nursery" objects="5730" bytes="391480" bytesdiscarded="135904" />
  <memory-copied type="tenure" objects="2713" bytes="138712" bytesdiscarded="168" />
  <ownableSynchronizers candidates="4" cleared="0" />
  <object-monitors candidates="21" cleared="0"  />
</gc-op>
<gc-end id="1572" type="scavenge" contextid="1568" durationms="0.405" usertimems="1.139" systemtimems="0.360" stalltimems="0.738" timestamp="2024-12-13T12:32:41.638" activeThreads="6">
  <mem-info id="1573" free="2922728" total="23461888" percent="12">
    <mem type="nursery" free="1307624" total="3670016" percent="35">
      <mem type="allocate" free="1307624" total="1835008" percent="71" />
      <mem type="survivor" free="0" total="1835008" percent="0" />
    </mem>
    <mem type="tenure" free="1615104" total="19791872" percent="8">
      <mem type="soa" free="624896" total="18801664" percent="3" />
      <mem type="loa" free="990208" total="990208" percent="100" />
    </mem>
    <remembered-set count="524" />
  </mem-info>
</gc-end>
<cycle-end id="1574" type="scavenge" contextid="1568" timestamp="2024-12-13T12:32:41.638" />
<concurrent-kickoff id="1575" timestamp="2024-12-13T12:32:41.638">
  <kickoff reason="threshold reached" targetBytes="9734590" thresholdFreeBytes="1339834"  remainingFree="1307528" tenureFreeBytes="1615104" nurseryFreeBytes="1307528" />
</concurrent-kickoff>
<allocation-satisfied id="1576" threadId="0000000125863F00" bytesRequested="96" />
<af-end id="1577" timestamp="2024-12-13T12:32:41.638" threadId="0000000125864990" success="true" from="nursery"/>
<exclusive-end id="1578" timestamp="2024-12-13T12:32:41.638" durationms="0.533" />

<exclusive-start id="1579" timestamp="2024-12-13T12:32:41.638" intervalms="0.670">
  <response-info timems="0.036" idlems="0.019" threads="3" lastid="00000001388B6700" lastname="JIT Compilation Thread-002" />
</exclusive-start>
<cycle-start id="1580" type="global" contextid="0" timestamp="2024-12-13T12:32:41.638" intervalms="425.631" />
<concurrent-start id="1581" type="global mark" contextid="1580" timestamp="2024-12-13T12:32:41.638">
</concurrent-start>
<exclusive-end id="1582" timestamp="2024-12-13T12:32:41.638" durationms="0.017" />

<exclusive-start id="1583" timestamp="2024-12-13T12:32:41.645" intervalms="6.766">
  <response-info timems="0.199" idlems="0.087" threads="2" lastid="00000001388B6700" lastname="JIT Compilation Thread-002" />
</exclusive-start>
<af-start id="1584" threadId="0000000125864990" totalBytesRequested="144" timestamp="2024-12-13T12:32:41.645" intervalms="7.436" type="nursery" />
<percolate-collect id="1585" from="nursery" to="global" reason="concurrent mark exhausted" timestamp="2024-12-13T12:32:41.645"/>
<concurrent-end id="1586" type="global mark" contextid="1580" timestamp="2024-12-13T12:32:41.645">
<gc-op id="1587" type="trace" timems="6.556" contextid="1580" timestamp="2024-12-13T12:32:41.645">
  <trace bytesTraced="10766664" workStackOverflowCount="0" />
  <card-cleaning reason="card cleaning threshold reached" bytesTraced="14344" cardsCleaned="60" />
</gc-op>
</concurrent-end>

<gc-start id="1588" type="global" contextid="1580" timestamp="2024-12-13T12:32:41.645">
  <mem-info id="1589" free="1615104" total="23461888" percent="6">
    <mem type="nursery" free="0" total="3670016" percent="0">
      <mem type="allocate" free="0" total="1835008" percent="0" />
      <mem type="survivor" free="0" total="1835008" percent="0" />
    </mem>
    <mem type="tenure" free="1615104" total="19791872" percent="8">
      <mem type="soa" free="624896" total="18801664" percent="3" />
      <mem type="loa" free="990208" total="990208" percent="100" />
    </mem>
    <remembered-set count="605" />
  </mem-info>
</gc-start>
<allocation-stats totalBytes="1305968" discardedBytes="1656" >
  <allocated-bytes non-tlh="96" tlh="1305872" />
  <largest-consumer threadName="Default Executor-thread-1" threadId="0000000125863F00" bytes="1305968" />
</allocation-stats>
<concurrent-halted id="1590" timestamp="2024-12-13T12:32:41.645">
  <halted state="Complete" status="exhausted" />
  <traced bytesTarget="9734590" bytesTotal="10781008" bytesByMutator="2537256" bytesByHelper="8243752" percent="110" />
  <cards cleaned="60" thresholdBytes="527813" />
</concurrent-halted>
<gc-op id="1591" type="rs-scan" timems="0.385" contextid="1580" timestamp="2024-12-13T12:32:41.646">
  <scan objectsFound="3322" bytesTraced="207296" workStackOverflowCount="0" />
</gc-op>
<gc-op id="1592" type="card-cleaning" timems="0.130" contextid="1580" timestamp="2024-12-13T12:32:41.646">
  <card-cleaning cardsCleaned="5" bytesTraced="2200" workStackOverflowCount="0" />
</gc-op>
<gc-op id="1593" type="mark" timems="0.909" contextid="1580" timestamp="2024-12-13T12:32:41.647">
  <trace-info objectcount="795" scancount="767" scanbytes="85808" />
  <finalization candidates="148" enqueued="0" />
  <ownableSynchronizers candidates="874" cleared="3" />
  <references type="soft" candidates="3523" cleared="0" enqueued="0" dynamicThreshold="9" maxThreshold="32" />
  <references type="weak" candidates="3264" cleared="0" enqueued="0" />
  <references type="phantom" candidates="344" cleared="0" enqueued="0" />
  <stringconstants candidates="12590" cleared="0"  />
  <object-monitors candidates="21" cleared="0"  />
</gc-op>
<gc-op id="1594" type="sweep" timems="0.420" contextid="1580" timestamp="2024-12-13T12:32:41.647" />
<heap-resize id="1595" type="expand" space="tenure" amount="3538944" count="1" timems="0.016" reason="insufficient free space following gc" timestamp="2024-12-13T12:32:41.647" />
<gc-end id="1596" type="global" contextid="1580" durationms="1.963" usertimems="3.447" systemtimems="3.650" stalltimems="8.455" timestamp="2024-12-13T12:32:41.647" activeThreads="10">
  <mem-info id="1597" free="8483080" total="27000832" percent="31">
    <mem type="nursery" free="1443712" total="3670016" percent="39">
      <mem type="allocate" free="1443712" total="1835008" percent="78" />
      <mem type="survivor" free="0" total="1835008" percent="0" />
    </mem>
    <mem type="tenure" free="7039368" total="23330816" percent="30" micro-fragmented="482122" macro-fragmented="0">
      <mem type="soa" free="5872008" total="22163456" percent="26" />
      <mem type="loa" free="1167360" total="1167360" percent="100" />
    </mem>
    <remembered-set count="268" />
  </mem-info>
</gc-end>
<cycle-end id="1598" type="global" contextid="1580" timestamp="2024-12-13T12:32:41.647" />
<allocation-satisfied id="1599" threadId="0000000125863F00" bytesRequested="144" />
<af-end id="1600" timestamp="2024-12-13T12:32:41.647" threadId="0000000125864990" success="true" from="nursery"/>
<exclusive-end id="1601" timestamp="2024-12-13T12:32:41.647" durationms="2.095" />

<exclusive-start id="1602" timestamp="2024-12-13T12:32:41.659" intervalms="14.287">
  <response-info timems="0.043" idlems="0.029" threads="2" lastid="00000001388AD900" lastname="JIT Compilation Thread-000" />
</exclusive-start>
<af-start id="1603" threadId="0000000125864990" totalBytesRequested="32" timestamp="2024-12-13T12:32:41.659" intervalms="14.304" type="nursery" />
<cycle-start id="1604" type="scavenge" contextid="0" timestamp="2024-12-13T12:32:41.660" intervalms="21.754" />
<gc-start id="1605" type="scavenge" contextid="1604" timestamp="2024-12-13T12:32:41.660">
  <mem-info id="1606" free="7039368" total="27000832" percent="26">
    <mem type="nursery" free="0" total="3670016" percent="0">
      <mem type="allocate" free="0" total="1835008" percent="0" />
      <mem type="survivor" free="0" total="1835008" percent="0" />
    </mem>
    <mem type="tenure" free="7039368" total="23330816" percent="30">
      <mem type="soa" free="5872008" total="22163456" percent="26" />
      <mem type="loa" free="1167360" total="1167360" percent="100" />
    </mem>
    <remembered-set count="298" />
  </mem-info>
</gc-start>
<allocation-stats totalBytes="1438496" discardedBytes="4464" >
  <allocated-bytes non-tlh="7064" tlh="1431432" />
  <largest-consumer threadName="Default Executor-thread-1" threadId="0000000125863F00" bytes="1438496" />
</allocation-stats>
<gc-op id="1607" type="scavenge" timems="0.416" contextid="1604" timestamp="2024-12-13T12:32:41.660">
  <scavenger-info tenureage="5" tenuremask="7fe0" tiltratio="50" />
  <memory-copied type="nursery" objects="7713" bytes="610256" bytesdiscarded="111936" />
  <ownableSynchronizers candidates="1742" cleared="1742" />
  <object-monitors candidates="21" cleared="0"  />
</gc-op>
<gc-end id="1608" type="scavenge" contextid="1604" durationms="0.474" usertimems="2.986" systemtimems="0.513" stalltimems="0.842" timestamp="2024-12-13T12:32:41.660" activeThreads="6">
  <mem-info id="1609" free="8152184" total="27000832" percent="30">
    <mem type="nursery" free="1112816" total="3670016" percent="30">
      <mem type="allocate" free="1112816" total="1835008" percent="60" />
      <mem type="survivor" free="0" total="1835008" percent="0" />
    </mem>
    <mem type="tenure" free="7039368" total="23330816" percent="30">
      <mem type="soa" free="5872008" total="22163456" percent="26" />
      <mem type="loa" free="1167360" total="1167360" percent="100" />
    </mem>
    <remembered-set count="298" />
  </mem-info>
</gc-end>
<cycle-end id="1610" type="scavenge" contextid="1604" timestamp="2024-12-13T12:32:41.660" />
<allocation-satisfied id="1611" threadId="0000000125863F00" bytesRequested="32" />
<af-end id="1612" timestamp="2024-12-13T12:32:41.660" threadId="0000000125864990" success="true" from="nursery"/>
<exclusive-end id="1613" timestamp="2024-12-13T12:32:41.660" durationms="0.647" />

<exclusive-start id="1614" timestamp="2024-12-13T12:32:41.669" intervalms="9.294">
  <response-info timems="3.470" idlems="1.739" threads="1" lastid="00000001388DE500" lastname="JIT Compilation Thread-006" />
</exclusive-start>
<af-start id="1615" threadId="0000000125864990" totalBytesRequested="24" timestamp="2024-12-13T12:32:41.669" intervalms="9.284" type="nursery" />
<cycle-start id="1616" type="scavenge" contextid="0" timestamp="2024-12-13T12:32:41.669" intervalms="9.270" />
<gc-start id="1617" type="scavenge" contextid="1616" timestamp="2024-12-13T12:32:41.669">
  <mem-info id="1618" free="7039368" total="27000832" percent="26">
    <mem type="nursery" free="0" total="3670016" percent="0">
      <mem type="allocate" free="0" total="1835008" percent="0" />
      <mem type="survivor" free="0" total="1835008" percent="0" />
    </mem>
    <mem type="tenure" free="7039368" total="23330816" percent="30">
      <mem type="soa" free="5872008" total="22163456" percent="26" />
      <mem type="loa" free="1167360" total="1167360" percent="100" />
    </mem>
    <remembered-set count="340" />
  </mem-info>
</gc-start>
<allocation-stats totalBytes="1112032" discardedBytes="784" >
  <allocated-bytes non-tlh="32" tlh="1112000" />
  <largest-consumer threadName="Default Executor-thread-1" threadId="0000000125863F00" bytes="1112032" />
</allocation-stats>
<gc-op id="1619" type="scavenge" timems="0.261" contextid="1616" timestamp="2024-12-13T12:32:41.669">
  <scavenger-info tenureage="4" tenuremask="7ff0" tiltratio="50" />
  <memory-copied type="nursery" objects="3666" bytes="202480" bytesdiscarded="70928" />
  <memory-copied type="tenure" objects="638" bytes="30264" bytesdiscarded="408" />
  <object-monitors candidates="21" cleared="0"  />
</gc-op>
<gc-end id="1620" type="scavenge" contextid="1616" durationms="0.308" usertimems="0.688" systemtimems="0.258" stalltimems="0.676" timestamp="2024-12-13T12:32:41.669" activeThreads="6">
  <mem-info id="1621" free="8532688" total="27000832" percent="31">
    <mem type="nursery" free="1561600" total="3670016" percent="42">
      <mem type="allocate" free="1561600" total="1835008" percent="85" />
      <mem type="survivor" free="0" total="1835008" percent="0" />
    </mem>
    <mem type="tenure" free="6971088" total="23330816" percent="29">
      <mem type="soa" free="5803728" total="22163456" percent="26" />
      <mem type="loa" free="1167360" total="1167360" percent="100" />
    </mem>
    <remembered-set count="317" />
  </mem-info>
</gc-end>
<cycle-end id="1622" type="scavenge" contextid="1616" timestamp="2024-12-13T12:32:41.669" />
<allocation-satisfied id="1623" threadId="0000000125863F00" bytesRequested="24" />
<af-end id="1624" timestamp="2024-12-13T12:32:41.669" threadId="0000000125864990" success="true" from="nursery"/>
<exclusive-end id="1625" timestamp="2024-12-13T12:32:41.669" durationms="0.443" />

<exclusive-start id="1626" timestamp="2024-12-13T12:32:41.675" intervalms="6.332">
  <response-info timems="1.114" idlems="0.412" threads="2" lastid="00000001388C2900" lastname="JIT Compilation Thread-003" />
</exclusive-start>
<af-start id="1627" threadId="0000000125864990" totalBytesRequested="2064" timestamp="2024-12-13T12:32:41.675" intervalms="6.317" type="nursery" />
<cycle-start id="1628" type="scavenge" contextid="0" timestamp="2024-12-13T12:32:41.675" intervalms="6.313" />
<gc-start id="1629" type="scavenge" contextid="1628" timestamp="2024-12-13T12:32:41.675">
  <mem-info id="1630" free="6971088" total="27000832" percent="25">
    <mem type="nursery" free="0" total="3670016" percent="0">
      <mem type="allocate" free="0" total="1835008" percent="0" />
      <mem type="survivor" free="0" total="1835008" percent="0" />
    </mem>
    <mem type="tenure" free="6971088" total="23330816" percent="29">
      <mem type="soa" free="5803728" total="22163456" percent="26" />
      <mem type="loa" free="1167360" total="1167360" percent="100" />
    </mem>
    <remembered-set count="342" />
  </mem-info>
</gc-start>
<allocation-stats totalBytes="1558792" discardedBytes="2808" >
  <allocated-bytes non-tlh="24" tlh="1558768" />
  <largest-consumer threadName="Default Executor-thread-1" threadId="0000000125863F00" bytes="1558792" />
</allocation-stats>
<gc-op id="1631" type="scavenge" timems="0.295" contextid="1628" timestamp="2024-12-13T12:32:41.675">
  <scavenger-info tenureage="4" tenuremask="7ff0" tiltratio="50" />
  <memory-copied type="nursery" objects="4694" bytes="283712" bytesdiscarded="89360" />
  <memory-copied type="tenure" objects="99" bytes="5440" bytesdiscarded="616" />
  <object-monitors candidates="21" cleared="0"  />
</gc-op>
<gc-end id="1632" type="scavenge" contextid="1628" durationms="0.342" usertimems="0.562" systemtimems="0.117" stalltimems="0.721" timestamp="2024-12-13T12:32:41.675" activeThreads="5">
  <mem-info id="1633" free="8402976" total="27000832" percent="31">
    <mem type="nursery" free="1461936" total="3670016" percent="39">
      <mem type="allocate" free="1461936" total="1835008" percent="79" />
      <mem type="survivor" free="0" total="1835008" percent="0" />
    </mem>
    <mem type="tenure" free="6941040" total="23330816" percent="29">
      <mem type="soa" free="5773680" total="22163456" percent="26" />
      <mem type="loa" free="1167360" total="1167360" percent="100" />
    </mem>
    <remembered-set count="334" />
  </mem-info>
</gc-end>
<cycle-end id="1634" type="scavenge" contextid="1628" timestamp="2024-12-13T12:32:41.675" />
<allocation-satisfied id="1635" threadId="0000000125863F00" bytesRequested="2064" />
<af-end id="1636" timestamp="2024-12-13T12:32:41.676" threadId="0000000125864990" success="true" from="nursery"/>
<exclusive-end id="1637" timestamp="2024-12-13T12:32:41.676" durationms="0.452" />

<exclusive-start id="1638" timestamp="2024-12-13T12:32:41.682" intervalms="6.596">
  <response-info timems="3.925" idlems="2.622" threads="2" lastid="00000001388DE500" lastname="JIT Compilation Thread-006" />
</exclusive-start>
<af-start id="1639" threadId="0000000125864990" totalBytesRequested="4120" timestamp="2024-12-13T12:32:41.682" intervalms="6.593" type="nursery" />
<cycle-start id="1640" type="scavenge" contextid="0" timestamp="2024-12-13T12:32:41.682" intervalms="6.593" />
<gc-start id="1641" type="scavenge" contextid="1640" timestamp="2024-12-13T12:32:41.682">
  <mem-info id="1642" free="6941040" total="27000832" percent="25">
    <mem type="nursery" free="0" total="3670016" percent="0">
      <mem type="allocate" free="0" total="1835008" percent="0" />
      <mem type="survivor" free="0" total="1835008" percent="0" />
    </mem>
    <mem type="tenure" free="6941040" total="23330816" percent="29">
      <mem type="soa" free="5773680" total="22163456" percent="26" />
      <mem type="loa" free="1167360" total="1167360" percent="100" />
    </mem>
    <remembered-set count="370" />
  </mem-info>
</gc-start>
<allocation-stats totalBytes="1459352" discardedBytes="2584" >
  <allocated-bytes non-tlh="2064" tlh="1457288" />
  <largest-consumer threadName="Default Executor-thread-1" threadId="0000000125863F00" bytes="1459352" />
</allocation-stats>
<gc-op id="1643" type="scavenge" timems="0.242" contextid="1640" timestamp="2024-12-13T12:32:41.682">
  <scavenger-info tenureage="3" tenuremask="fff8" tiltratio="50" />
  <memory-copied type="nursery" objects="2548" bytes="172016" bytesdiscarded="67136" />
  <memory-copied type="tenure" objects="2191" bytes="113904" bytesdiscarded="192" />
  <object-monitors candidates="21" cleared="0"  />
</gc-op>
<gc-end id="1644" type="scavenge" contextid="1640" durationms="0.283" usertimems="0.622" systemtimems="0.069" stalltimems="0.310" timestamp="2024-12-13T12:32:41.682" activeThreads="4">
  <mem-info id="1645" free="8583304" total="27000832" percent="31">
    <mem type="nursery" free="1792464" total="3670016" percent="48">
      <mem type="allocate" free="1792464" total="2031616" percent="88" />
      <mem type="survivor" free="0" total="1638400" percent="0" />
    </mem>
    <mem type="tenure" free="6790840" total="23330816" percent="29">
      <mem type="soa" free="5623480" total="22163456" percent="25" />
      <mem type="loa" free="1167360" total="1167360" percent="100" />
    </mem>
    <remembered-set count="308" />
  </mem-info>
</gc-end>
<cycle-end id="1646" type="scavenge" contextid="1640" timestamp="2024-12-13T12:32:41.682" />
<allocation-satisfied id="1647" threadId="0000000125863F00" bytesRequested="4120" />
<af-end id="1648" timestamp="2024-12-13T12:32:41.682" threadId="0000000125864990" success="true" from="nursery"/>
<exclusive-end id="1649" timestamp="2024-12-13T12:32:41.682" durationms="0.380" />

<exclusive-start id="1650" timestamp="2024-12-13T12:32:41.695" intervalms="13.305">
  <response-info timems="3.790" idlems="0.968" threads="3" lastid="000000012900D500" lastname="JIT Compilation Thread-001" />
</exclusive-start>
<af-start id="1651" threadId="0000000125864990" totalBytesRequested="72" timestamp="2024-12-13T12:32:41.695" intervalms="13.313" type="nursery" />
<cycle-start id="1652" type="scavenge" contextid="0" timestamp="2024-12-13T12:32:41.695" intervalms="13.314" />
<gc-start id="1653" type="scavenge" contextid="1652" timestamp="2024-12-13T12:32:41.695">
  <mem-info id="1654" free="6790840" total="27000832" percent="25">
    <mem type="nursery" free="0" total="3670016" percent="0">
      <mem type="allocate" free="0" total="2031616" percent="0" />
      <mem type="survivor" free="0" total="1638400" percent="0" />
    </mem>
    <mem type="tenure" free="6790840" total="23330816" percent="29">
      <mem type="soa" free="5623480" total="22163456" percent="25" />
      <mem type="loa" free="1167360" total="1167360" percent="100" />
    </mem>
    <remembered-set count="403" />
  </mem-info>
</gc-start>
<allocation-stats totalBytes="1791896" discardedBytes="568" >
  <allocated-bytes non-tlh="4120" tlh="1787776" />
  <largest-consumer threadName="Default Executor-thread-1" threadId="0000000125863F00" bytes="1791896" />
</allocation-stats>
<gc-op id="1655" type="scavenge" timems="0.319" contextid="1652" timestamp="2024-12-13T12:32:41.695">
  <scavenger-info tenureage="3" tenuremask="ffe8" tiltratio="55" />
  <memory-copied type="nursery" objects="4246" bytes="224616" bytesdiscarded="78256" />
  <memory-copied type="tenure" objects="490" bytes="23144" bytesdiscarded="8" />
  <object-monitors candidates="21" cleared="0"  />
</gc-op>
<gc-end id="1656" type="scavenge" contextid="1652" durationms="0.367" usertimems="0.587" systemtimems="0.061" stalltimems="0.550" timestamp="2024-12-13T12:32:41.695" activeThreads="4">
  <mem-info id="1657" free="8763968" total="27000832" percent="32">
    <mem type="nursery" free="1990888" total="3670016" percent="54">
      <mem type="allocate" free="1990888" total="2293760" percent="86" />
      <mem type="survivor" free="0" total="1376256" percent="0" />
    </mem>
    <mem type="tenure" free="6773080" total="23330816" percent="29">
      <mem type="soa" free="5605720" total="22163456" percent="25" />
      <mem type="loa" free="1167360" total="1167360" percent="100" />
    </mem>
    <remembered-set count="365" />
  </mem-info>
</gc-end>
<cycle-end id="1658" type="scavenge" contextid="1652" timestamp="2024-12-13T12:32:41.695" />
<allocation-satisfied id="1659" threadId="0000000125863F00" bytesRequested="72" />
<af-end id="1660" timestamp="2024-12-13T12:32:41.695" threadId="0000000125864990" success="true" from="nursery"/>
<exclusive-end id="1661" timestamp="2024-12-13T12:32:41.695" durationms="0.487" />

<exclusive-start id="1662" timestamp="2024-12-13T12:32:41.703" intervalms="7.659">
  <response-info timems="0.010" idlems="0.010" threads="0" lastid="0000000125863F00" lastname="Default Executor-thread-1" />
</exclusive-start>
<af-start id="1663" threadId="0000000125864990" totalBytesRequested="24" timestamp="2024-12-13T12:32:41.703" intervalms="7.670" type="nursery" />
<cycle-start id="1664" type="scavenge" contextid="0" timestamp="2024-12-13T12:32:41.703" intervalms="7.674" />
<gc-start id="1665" type="scavenge" contextid="1664" timestamp="2024-12-13T12:32:41.703">
  <mem-info id="1666" free="6773080" total="27000832" percent="25">
    <mem type="nursery" free="0" total="3670016" percent="0">
      <mem type="allocate" free="0" total="2293760" percent="0" />
      <mem type="survivor" free="0" total="1376256" percent="0" />
    </mem>
    <mem type="tenure" free="6773080" total="23330816" percent="29">
      <mem type="soa" free="5605720" total="22163456" percent="25" />
      <mem type="loa" free="1167360" total="1167360" percent="100" />
    </mem>
    <remembered-set count="395" />
  </mem-info>
</gc-start>
<allocation-stats totalBytes="1989472" discardedBytes="1416" >
  <allocated-bytes non-tlh="72" tlh="1989400" />
  <largest-consumer threadName="Default Executor-thread-1" threadId="0000000125863F00" bytes="1989472" />
</allocation-stats>
<gc-op id="1667" type="scavenge" timems="0.432" contextid="1664" timestamp="2024-12-13T12:32:41.703">
  <scavenger-info tenureage="3" tenuremask="ffe8" tiltratio="62" />
  <memory-copied type="nursery" objects="8671" bytes="1073832" bytesdiscarded="152296" />
  <memory-copied type="tenure" objects="717" bytes="37392" bytesdiscarded="312" />
  <object-monitors candidates="21" cleared="0"  />
</gc-op>
<heap-resize id="1668" type="expand" space="nursery" amount="262144" count="1" timems="0.020" reason="excessive time being spent scavenging" timestamp="2024-12-13T12:32:41.703" />
<gc-end id="1669" type="scavenge" contextid="1664" durationms="0.523" usertimems="1.886" systemtimems="0.141" stalltimems="0.458" timestamp="2024-12-13T12:32:41.703" activeThreads="4">
  <mem-info id="1670" free="7454872" total="27262976" percent="27">
    <mem type="nursery" free="739952" total="3932160" percent="18">
      <mem type="allocate" free="739952" total="1966080" percent="37" />
      <mem type="survivor" free="0" total="1966080" percent="0" />
    </mem>
    <mem type="tenure" free="6714920" total="23330816" percent="28">
      <mem type="soa" free="5547560" total="22163456" percent="25" />
      <mem type="loa" free="1167360" total="1167360" percent="100" />
    </mem>
    <remembered-set count="366" />
  </mem-info>
</gc-end>
<cycle-end id="1671" type="scavenge" contextid="1664" timestamp="2024-12-13T12:32:41.703" />
<allocation-satisfied id="1672" threadId="0000000125863F00" bytesRequested="24" />
<af-end id="1673" timestamp="2024-12-13T12:32:41.703" threadId="0000000125864990" success="true" from="nursery"/>
<exclusive-end id="1674" timestamp="2024-12-13T12:32:41.703" durationms="0.677" />

<exclusive-start id="1675" timestamp="2024-12-13T12:32:41.709" intervalms="6.612">
  <response-info timems="5.323" idlems="2.669" threads="1" lastid="00000001388D5700" lastname="JIT Compilation Thread-005" />
</exclusive-start>
<af-start id="1676" threadId="0000000125864990" totalBytesRequested="48" timestamp="2024-12-13T12:32:41.709" intervalms="6.589" type="nursery" />
<cycle-start id="1677" type="scavenge" contextid="0" timestamp="2024-12-13T12:32:41.709" intervalms="6.585" />
<gc-start id="1678" type="scavenge" contextid="1677" timestamp="2024-12-13T12:32:41.709">
  <mem-info id="1679" free="6714920" total="27262976" percent="24">
    <mem type="nursery" free="0" total="3932160" percent="0">
      <mem type="allocate" free="0" total="1966080" percent="0" />
      <mem type="survivor" free="0" total="1966080" percent="0" />
    </mem>
    <mem type="tenure" free="6714920" total="23330816" percent="28">
      <mem type="soa" free="5547560" total="22163456" percent="25" />
      <mem type="loa" free="1167360" total="1167360" percent="100" />
    </mem>
    <remembered-set count="366" />
  </mem-info>
</gc-start>
<allocation-stats totalBytes="739664" discardedBytes="288" >
  <allocated-bytes non-tlh="24" tlh="739640" />
  <largest-consumer threadName="Default Executor-thread-1" threadId="0000000125863F00" bytes="739664" />
</allocation-stats>
<gc-op id="1680" type="scavenge" timems="0.531" contextid="1677" timestamp="2024-12-13T12:32:41.710">
  <scavenger-info tenureage="3" tenuremask="7fe8" tiltratio="50" />
  <memory-copied type="nursery" objects="13597" bytes="1358288" bytesdiscarded="172296" />
  <memory-copied type="tenure" objects="1136" bytes="62312" bytesdiscarded="480" />
  <object-monitors candidates="21" cleared="0"  />
</gc-op>
<heap-resize id="1681" type="expand" space="nursery" amount="262144" count="1" timems="0.015" reason="excessive time being spent scavenging" timestamp="2024-12-13T12:32:41.710" />
<gc-end id="1682" type="scavenge" contextid="1677" durationms="0.605" usertimems="1.540" systemtimems="0.307" stalltimems="1.034" timestamp="2024-12-13T12:32:41.710" activeThreads="5">
  <mem-info id="1683" free="7216144" total="27525120" percent="26">
    <mem type="nursery" free="566568" total="4194304" percent="13">
      <mem type="allocate" free="566568" total="2097152" percent="27" />
      <mem type="survivor" free="0" total="2097152" percent="0" />
    </mem>
    <mem type="tenure" free="6649576" total="23330816" percent="28">
      <mem type="soa" free="5482216" total="22163456" percent="24" />
      <mem type="loa" free="1167360" total="1167360" percent="100" />
    </mem>
    <remembered-set count="322" />
  </mem-info>
</gc-end>
<cycle-end id="1684" type="scavenge" contextid="1677" timestamp="2024-12-13T12:32:41.710" />
<allocation-satisfied id="1685" threadId="0000000125863F00" bytesRequested="48" />
<af-end id="1686" timestamp="2024-12-13T12:32:41.710" threadId="0000000125864990" success="true" from="nursery"/>
<exclusive-end id="1687" timestamp="2024-12-13T12:32:41.710" durationms="0.711" />

<exclusive-start id="1688" timestamp="2024-12-13T12:32:41.722" intervalms="12.255">
  <response-info timems="9.125" idlems="3.727" threads="3" lastid="00000001388C2900" lastname="JIT Compilation Thread-003" />
</exclusive-start>
<af-start id="1689" threadId="0000000125864990" totalBytesRequested="96" timestamp="2024-12-13T12:32:41.722" intervalms="12.260" type="nursery" />
<cycle-start id="1690" type="scavenge" contextid="0" timestamp="2024-12-13T12:32:41.722" intervalms="12.256" />
<gc-start id="1691" type="scavenge" contextid="1690" timestamp="2024-12-13T12:32:41.722">
  <mem-info id="1692" free="6649576" total="27525120" percent="24">
    <mem type="nursery" free="0" total="4194304" percent="0">
      <mem type="allocate" free="0" total="2097152" percent="0" />
      <mem type="survivor" free="0" total="2097152" percent="0" />
    </mem>
    <mem type="tenure" free="6649576" total="23330816" percent="28">
      <mem type="soa" free="5482216" total="22163456" percent="24" />
      <mem type="loa" free="1167360" total="1167360" percent="100" />
    </mem>
    <remembered-set count="322" />
  </mem-info>
</gc-start>
<allocation-stats totalBytes="566200" discardedBytes="368" >
  <allocated-bytes non-tlh="48" tlh="566152" />
  <largest-consumer threadName="Default Executor-thread-1" threadId="0000000125863F00" bytes="566200" />
</allocation-stats>
<gc-op id="1693" type="scavenge" timems="0.588" contextid="1690" timestamp="2024-12-13T12:32:41.722">
  <scavenger-info tenureage="2" tenuremask="7ffc" tiltratio="50" />
  <memory-copied type="nursery" objects="10177" bytes="613864" bytesdiscarded="167960" />
  <memory-copied type="tenure" objects="7505" bytes="1010184" bytesdiscarded="10168" />
  <object-monitors candidates="21" cleared="0"  />
</gc-op>
<gc-end id="1694" type="scavenge" contextid="1690" durationms="0.642" usertimems="2.050" systemtimems="0.325" stalltimems="0.744" timestamp="2024-12-13T12:32:41.722" activeThreads="5">
  <mem-info id="1695" free="6950208" total="27525120" percent="25">
    <mem type="nursery" free="1577472" total="4194304" percent="37">
      <mem type="allocate" free="1577472" total="2359296" percent="66" />
      <mem type="survivor" free="0" total="1835008" percent="0" />
    </mem>
    <mem type="tenure" free="5372736" total="23330816" percent="23">
      <mem type="soa" free="4205376" total="22163456" percent="18" />
      <mem type="loa" free="1167360" total="1167360" percent="100" />
    </mem>
    <remembered-set count="300" />
  </mem-info>
</gc-end>
<cycle-end id="1696" type="scavenge" contextid="1690" timestamp="2024-12-13T12:32:41.722" />
<allocation-satisfied id="1697" threadId="0000000125863F00" bytesRequested="96" />
<af-end id="1698" timestamp="2024-12-13T12:32:41.722" threadId="0000000125864990" success="true" from="nursery"/>
<exclusive-end id="1699" timestamp="2024-12-13T12:32:41.722" durationms="0.756" />

<exclusive-start id="1700" timestamp="2024-12-13T12:32:41.725" intervalms="3.172">
  <response-info timems="0.007" idlems="0.005" threads="2" lastid="00000001388B6700" lastname="JIT Compilation Thread-002" />
</exclusive-start>
<af-start id="1701" threadId="0000000125864990" totalBytesRequested="40" timestamp="2024-12-13T12:32:41.725" intervalms="3.172" type="nursery" />
<cycle-start id="1702" type="scavenge" contextid="0" timestamp="2024-12-13T12:32:41.725" intervalms="3.176" />
<gc-start id="1703" type="scavenge" contextid="1702" timestamp="2024-12-13T12:32:41.725">
  <mem-info id="1704" free="5372736" total="27525120" percent="19">
    <mem type="nursery" free="0" total="4194304" percent="0">
      <mem type="allocate" free="0" total="2359296" percent="0" />
      <mem type="survivor" free="0" total="1835008" percent="0" />
    </mem>
    <mem type="tenure" free="5372736" total="23330816" percent="23">
      <mem type="soa" free="4205376" total="22163456" percent="18" />
      <mem type="loa" free="1167360" total="1167360" percent="100" />
    </mem>
    <remembered-set count="312" />
  </mem-info>
</gc-start>
<allocation-stats totalBytes="1576320" discardedBytes="1152" >
  <allocated-bytes non-tlh="96" tlh="1576224" />
  <largest-consumer threadName="Default Executor-thread-1" threadId="0000000125863F00" bytes="1576320" />
</allocation-stats>
<gc-op id="1705" type="scavenge" timems="0.583" contextid="1702" timestamp="2024-12-13T12:32:41.725">
  <scavenger-info tenureage="4" tenuremask="7ff0" tiltratio="56" />
  <memory-copied type="nursery" objects="19306" bytes="1263704" bytesdiscarded="77224" />
  <object-monitors candidates="21" cleared="0"  />
</gc-op>
<heap-resize id="1706" type="expand" space="nursery" amount="524288" count="1" timems="0.013" reason="excessive time being spent scavenging" timestamp="2024-12-13T12:32:41.725" />
<gc-end id="1707" type="scavenge" contextid="1702" durationms="0.640" usertimems="6.121" systemtimems="0.551" stalltimems="1.064" timestamp="2024-12-13T12:32:41.725" activeThreads="6">
  <mem-info id="1708" free="6391104" total="28049408" percent="22">
    <mem type="nursery" free="1018368" total="4718592" percent="21">
      <mem type="allocate" free="1018368" total="2359296" percent="43" />
      <mem type="survivor" free="0" total="2359296" percent="0" />
    </mem>
    <mem type="tenure" free="5372736" total="23330816" percent="23">
      <mem type="soa" free="4205376" total="22163456" percent="18" />
      <mem type="loa" free="1167360" total="1167360" percent="100" />
    </mem>
    <remembered-set count="312" />
  </mem-info>
</gc-end>
<cycle-end id="1709" type="scavenge" contextid="1702" timestamp="2024-12-13T12:32:41.725" />
<allocation-satisfied id="1710" threadId="0000000125863F00" bytesRequested="40" />
<af-end id="1711" timestamp="2024-12-13T12:32:41.725" threadId="0000000125864990" success="true" from="nursery"/>
<exclusive-end id="1712" timestamp="2024-12-13T12:32:41.725" durationms="0.745" />

<exclusive-start id="1713" timestamp="2024-12-13T12:32:41.732" intervalms="6.987">
  <response-info timems="2.218" idlems="0.481" threads="4" lastid="000000012900D500" lastname="JIT Compilation Thread-001" />
</exclusive-start>
<af-start id="1714" threadId="0000000125864990" totalBytesRequested="24" timestamp="2024-12-13T12:32:41.732" intervalms="6.992" type="nursery" />
<cycle-start id="1715" type="scavenge" contextid="0" timestamp="2024-12-13T12:32:41.732" intervalms="6.990" />
<gc-start id="1716" type="scavenge" contextid="1715" timestamp="2024-12-13T12:32:41.732">
  <mem-info id="1717" free="5372736" total="28049408" percent="19">
    <mem type="nursery" free="0" total="4718592" percent="0">
      <mem type="allocate" free="0" total="2359296" percent="0" />
      <mem type="survivor" free="0" total="2359296" percent="0" />
    </mem>
    <mem type="tenure" free="5372736" total="23330816" percent="23">
      <mem type="soa" free="4205376" total="22163456" percent="18" />
      <mem type="loa" free="1167360" total="1167360" percent="100" />
    </mem>
    <remembered-set count="403" />
  </mem-info>
</gc-start>
<allocation-stats totalBytes="1017640" discardedBytes="728" >
  <allocated-bytes non-tlh="40" tlh="1017600" />
  <largest-consumer threadName="Default Executor-thread-1" threadId="0000000125863F00" bytes="1017640" />
</allocation-stats>
<gc-op id="1718" type="scavenge" timems="0.548" contextid="1715" timestamp="2024-12-13T12:32:41.732">
  <scavenger-info tenureage="3" tenuremask="7ff8" tiltratio="50" />
  <memory-copied type="nursery" objects="19036" bytes="1301216" bytesdiscarded="113968" />
  <memory-copied type="tenure" objects="6002" bytes="341104" bytesdiscarded="512" />
  <object-monitors candidates="21" cleared="0"  />
</gc-op>
<heap-resize id="1719" type="expand" space="nursery" amount="262144" count="1" timems="0.016" reason="excessive time being spent scavenging" timestamp="2024-12-13T12:32:41.732" />
<gc-end id="1720" type="scavenge" contextid="1715" durationms="0.644" usertimems="2.893" systemtimems="0.399" stalltimems="1.264" timestamp="2024-12-13T12:32:41.732" activeThreads="7">
  <mem-info id="1721" free="6767640" total="28311552" percent="23">
    <mem type="nursery" free="1533936" total="4980736" percent="30">
      <mem type="allocate" free="1533936" total="2949120" percent="52" />
      <mem type="survivor" free="0" total="2031616" percent="0" />
    </mem>
    <mem type="tenure" free="5233704" total="23330816" percent="22">
      <mem type="soa" free="4066344" total="22163456" percent="18" />
      <mem type="loa" free="1167360" total="1167360" percent="100" />
    </mem>
    <remembered-set count="519" />
  </mem-info>
</gc-end>
<cycle-end id="1722" type="scavenge" contextid="1715" timestamp="2024-12-13T12:32:41.732" />
<allocation-satisfied id="1723" threadId="0000000125863F00" bytesRequested="24" />
<af-end id="1724" timestamp="2024-12-13T12:32:41.732" threadId="0000000125864990" success="true" from="nursery"/>
<exclusive-end id="1725" timestamp="2024-12-13T12:32:41.732" durationms="0.773" />

<exclusive-start id="1726" timestamp="2024-12-13T12:32:41.738" intervalms="6.705">
  <response-info timems="3.101" idlems="1.037" threads="2" lastid="00000001388D5700" lastname="JIT Compilation Thread-005" />
</exclusive-start>
<af-start id="1727" threadId="0000000125864990" totalBytesRequested="64" timestamp="2024-12-13T12:32:41.738" intervalms="6.708" type="nursery" />
<cycle-start id="1728" type="scavenge" contextid="0" timestamp="2024-12-13T12:32:41.738" intervalms="6.712" />
<gc-start id="1729" type="scavenge" contextid="1728" timestamp="2024-12-13T12:32:41.738">
  <mem-info id="1730" free="5233704" total="28311552" percent="18">
    <mem type="nursery" free="0" total="4980736" percent="0">
      <mem type="allocate" free="0" total="2949120" percent="0" />
      <mem type="survivor" free="0" total="2031616" percent="0" />
    </mem>
    <mem type="tenure" free="5233704" total="23330816" percent="22">
      <mem type="soa" free="4066344" total="22163456" percent="18" />
      <mem type="loa" free="1167360" total="1167360" percent="100" />
    </mem>
    <remembered-set count="615" />
  </mem-info>
</gc-start>
<allocation-stats totalBytes="1530776" discardedBytes="3160" >
  <allocated-bytes non-tlh="24" tlh="1530752" />
  <largest-consumer threadName="Default Executor-thread-1" threadId="0000000125863F00" bytes="1530776" />
</allocation-stats>
<gc-op id="1731" type="scavenge" timems="0.590" contextid="1728" timestamp="2024-12-13T12:32:41.739">
  <scavenger-info tenureage="2" tenuremask="7ffc" tiltratio="59" />
  <memory-copied type="nursery" objects="12470" bytes="1347312" bytesdiscarded="287400" />
  <memory-copied type="tenure" objects="13043" bytes="908280" bytesdiscarded="2680" />
  <object-monitors candidates="21" cleared="0"  />
</gc-op>
<heap-resize id="1732" type="expand" space="nursery" amount="262144" count="1" timems="0.011" reason="excessive time being spent scavenging" timestamp="2024-12-13T12:32:41.739" />
<gc-end id="1733" type="scavenge" contextid="1728" durationms="0.652" usertimems="2.583" systemtimems="0.501" stalltimems="1.131" timestamp="2024-12-13T12:32:41.739" activeThreads="7">
  <mem-info id="1734" free="6194056" total="28573696" percent="21">
    <mem type="nursery" free="1838696" total="5242880" percent="35">
      <mem type="allocate" free="1838696" total="3473408" percent="52" />
      <mem type="survivor" free="0" total="1769472" percent="0" />
    </mem>
    <mem type="tenure" free="4355360" total="23330816" percent="18">
      <mem type="soa" free="3188000" total="22163456" percent="14" />
      <mem type="loa" free="1167360" total="1167360" percent="100" />
    </mem>
    <remembered-set count="668" />
  </mem-info>
</gc-end>
<cycle-end id="1735" type="scavenge" contextid="1728" timestamp="2024-12-13T12:32:41.739" />
<allocation-satisfied id="1736" threadId="0000000125863F00" bytesRequested="64" />
<af-end id="1737" timestamp="2024-12-13T12:32:41.739" threadId="0000000125864990" success="true" from="nursery"/>
<exclusive-end id="1738" timestamp="2024-12-13T12:32:41.739" durationms="0.771" />

<exclusive-start id="1739" timestamp="2024-12-13T12:32:41.745" intervalms="6.761">
  <response-info timems="0.957" idlems="0.335" threads="2" lastid="00000001388D5700" lastname="JIT Compilation Thread-005" />
</exclusive-start>
<af-start id="1740" threadId="0000000125864990" totalBytesRequested="2064" timestamp="2024-12-13T12:32:41.745" intervalms="6.754" type="nursery" />
<cycle-start id="1741" type="scavenge" contextid="0" timestamp="2024-12-13T12:32:41.745" intervalms="6.750" />
<gc-start id="1742" type="scavenge" contextid="1741" timestamp="2024-12-13T12:32:41.745">
  <mem-info id="1743" free="4355360" total="28573696" percent="15">
    <mem type="nursery" free="0" total="5242880" percent="0">
      <mem type="allocate" free="0" total="3473408" percent="0" />
      <mem type="survivor" free="0" total="1769472" percent="0" />
    </mem>
    <mem type="tenure" free="4355360" total="23330816" percent="18">
      <mem type="soa" free="3188000" total="22163456" percent="14" />
      <mem type="loa" free="1167360" total="1167360" percent="100" />
    </mem>
    <remembered-set count="674" />
  </mem-info>
</gc-start>
<allocation-stats totalBytes="1835528" discardedBytes="3168" >
  <allocated-bytes non-tlh="64" tlh="1835464" />
  <largest-consumer threadName="Default Executor-thread-1" threadId="0000000125863F00" bytes="1835528" />
</allocation-stats>
<gc-op id="1744" type="scavenge" timems="0.315" contextid="1741" timestamp="2024-12-13T12:32:41.746">
  <scavenger-info tenureage="1" tenuremask="7ffe" tiltratio="66" />
  <memory-copied type="nursery" objects="1341" bytes="115600" bytesdiscarded="149288" />
  <memory-copied type="tenure" objects="5987" bytes="374080" bytesdiscarded="1152" />
  <object-monitors candidates="21" cleared="0"  />
</gc-op>
<gc-end id="1745" type="scavenge" contextid="1741" durationms="0.374" usertimems="0.894" systemtimems="0.349" stalltimems="1.188" timestamp="2024-12-13T12:32:41.746" activeThreads="8">
  <mem-info id="1746" free="7335528" total="28573696" percent="25">
    <mem type="nursery" free="3339592" total="5242880" percent="63">
      <mem type="allocate" free="3339592" total="3604480" percent="92" />
      <mem type="survivor" free="0" total="1638400" percent="0" />
    </mem>
    <mem type="tenure" free="3995936" total="23330816" percent="17">
      <mem type="soa" free="2828576" total="22163456" percent="12" />
      <mem type="loa" free="1167360" total="1167360" percent="100" />
    </mem>
    <remembered-set count="209" />
  </mem-info>
</gc-end>
<cycle-end id="1747" type="scavenge" contextid="1741" timestamp="2024-12-13T12:32:41.746" />
<allocation-satisfied id="1748" threadId="0000000125863F00" bytesRequested="2064" />
<af-end id="1749" timestamp="2024-12-13T12:32:41.746" threadId="0000000125864990" success="true" from="nursery"/>
<exclusive-end id="1750" timestamp="2024-12-13T12:32:41.746" durationms="0.483" />

<exclusive-start id="1751" timestamp="2024-12-13T12:32:41.753" intervalms="7.951">
  <response-info timems="1.550" idlems="0.778" threads="1" lastid="00000001388C2900" lastname="JIT Compilation Thread-003" />
</exclusive-start>
<af-start id="1752" threadId="0000000125864990" totalBytesRequested="2072" timestamp="2024-12-13T12:32:41.753" intervalms="7.965" type="nursery" />
<cycle-start id="1753" type="scavenge" contextid="0" timestamp="2024-12-13T12:32:41.753" intervalms="7.971" />
<gc-start id="1754" type="scavenge" contextid="1753" timestamp="2024-12-13T12:32:41.753">
  <mem-info id="1755" free="3995936" total="28573696" percent="13">
    <mem type="nursery" free="0" total="5242880" percent="0">
      <mem type="allocate" free="0" total="3604480" percent="0" />
      <mem type="survivor" free="0" total="1638400" percent="0" />
    </mem>
    <mem type="tenure" free="3995936" total="23330816" percent="17">
      <mem type="soa" free="2828576" total="22163456" percent="12" />
      <mem type="loa" free="1167360" total="1167360" percent="100" />
    </mem>
    <remembered-set count="261" />
  </mem-info>
</gc-start>
<allocation-stats totalBytes="3334888" discardedBytes="4704" >
  <allocated-bytes non-tlh="2064" tlh="3332824" />
  <largest-consumer threadName="Default Executor-thread-1" threadId="0000000125863F00" bytes="3334888" />
</allocation-stats>
<gc-op id="1756" type="scavenge" timems="0.293" contextid="1753" timestamp="2024-12-13T12:32:41.753">
  <scavenger-info tenureage="2" tenuremask="7ffc" tiltratio="68" />
  <memory-copied type="nursery" objects="3112" bytes="429008" bytesdiscarded="309880" />
  <object-monitors candidates="21" cleared="0"  />
</gc-op>
<gc-end id="1757" type="scavenge" contextid="1753" durationms="0.363" usertimems="1.036" systemtimems="0.302" stalltimems="0.982" timestamp="2024-12-13T12:32:41.754" activeThreads="7">
  <mem-info id="1758" free="7058136" total="28573696" percent="24">
    <mem type="nursery" free="3062200" total="5242880" percent="58">
      <mem type="allocate" free="3062200" total="3801088" percent="80" />
      <mem type="survivor" free="0" total="1441792" percent="0" />
    </mem>
    <mem type="tenure" free="3995936" total="23330816" percent="17">
      <mem type="soa" free="2828576" total="22163456" percent="12" />
      <mem type="loa" free="1167360" total="1167360" percent="100" />
    </mem>
    <remembered-set count="261" />
  </mem-info>
</gc-end>
<cycle-end id="1759" type="scavenge" contextid="1753" timestamp="2024-12-13T12:32:41.754" />
<allocation-satisfied id="1760" threadId="0000000125863F00" bytesRequested="2072" />
<af-end id="1761" timestamp="2024-12-13T12:32:41.754" threadId="0000000125864990" success="true" from="nursery"/>
<exclusive-end id="1762" timestamp="2024-12-13T12:32:41.754" durationms="0.509" />

<exclusive-start id="1763" timestamp="2024-12-13T12:32:41.761" intervalms="7.808">
  <response-info timems="1.615" idlems="0.815" threads="3" lastid="00000001388B6700" lastname="JIT Compilation Thread-002" />
</exclusive-start>
<af-start id="1764" threadId="0000000125864990" totalBytesRequested="64" timestamp="2024-12-13T12:32:41.761" intervalms="7.802" type="nursery" />
<cycle-start id="1765" type="scavenge" contextid="0" timestamp="2024-12-13T12:32:41.761" intervalms="7.804" />
<gc-start id="1766" type="scavenge" contextid="1765" timestamp="2024-12-13T12:32:41.761">
  <mem-info id="1767" free="3995936" total="28573696" percent="13">
    <mem type="nursery" free="0" total="5242880" percent="0">
      <mem type="allocate" free="0" total="3801088" percent="0" />
      <mem type="survivor" free="0" total="1441792" percent="0" />
    </mem>
    <mem type="tenure" free="3995936" total="23330816" percent="17">
      <mem type="soa" free="2828576" total="22163456" percent="12" />
      <mem type="loa" free="1167360" total="1167360" percent="100" />
    </mem>
    <remembered-set count="297" />
  </mem-info>
</gc-start>
<allocation-stats totalBytes="3059736" discardedBytes="2464" >
  <allocated-bytes non-tlh="2072" tlh="3057664" />
  <largest-consumer threadName="Default Executor-thread-1" threadId="0000000125863F00" bytes="3059736" />
</allocation-stats>
<gc-op id="1768" type="scavenge" timems="0.344" contextid="1765" timestamp="2024-12-13T12:32:41.761">
  <scavenger-info tenureage="2" tenuremask="7ffc" tiltratio="72" />
  <memory-copied type="nursery" objects="5230" bytes="640296" bytesdiscarded="338944" />
  <memory-copied type="tenure" objects="392" bytes="20576" bytesdiscarded="8" />
  <object-monitors candidates="21" cleared="0"  />
</gc-op>
<gc-end id="1769" type="scavenge" contextid="1765" durationms="0.417" usertimems="1.011" systemtimems="0.258" stalltimems="0.937" timestamp="2024-12-13T12:32:41.761" activeThreads="6">
  <mem-info id="1770" free="6788856" total="28573696" percent="23">
    <mem type="nursery" free="2887384" total="5242880" percent="55">
      <mem type="allocate" free="2887384" total="3866624" percent="74" />
      <mem type="survivor" free="0" total="1376256" percent="0" />
    </mem>
    <mem type="tenure" free="3901472" total="23330816" percent="16">
      <mem type="soa" free="2734112" total="22163456" percent="12" />
      <mem type="loa" free="1167360" total="1167360" percent="100" />
    </mem>
    <remembered-set count="293" />
  </mem-info>
</gc-end>
<cycle-end id="1771" type="scavenge" contextid="1765" timestamp="2024-12-13T12:32:41.761" />
<allocation-satisfied id="1772" threadId="0000000125863F00" bytesRequested="64" />
<af-end id="1773" timestamp="2024-12-13T12:32:41.761" threadId="0000000125864990" success="true" from="nursery"/>
<exclusive-end id="1774" timestamp="2024-12-13T12:32:41.761" durationms="0.561" />

<exclusive-start id="1775" timestamp="2024-12-13T12:32:41.770" intervalms="9.067">
  <response-info timems="0.006" idlems="0.006" threads="0" lastid="0000000125863F00" lastname="Default Executor-thread-1" />
</exclusive-start>
<af-start id="1776" threadId="0000000125864990" totalBytesRequested="32" timestamp="2024-12-13T12:32:41.770" intervalms="9.071" type="nursery" />
<cycle-start id="1777" type="scavenge" contextid="0" timestamp="2024-12-13T12:32:41.770" intervalms="9.067" />
<gc-start id="1778" type="scavenge" contextid="1777" timestamp="2024-12-13T12:32:41.770">
  <mem-info id="1779" free="3901472" total="28573696" percent="13">
    <mem type="nursery" free="0" total="5242880" percent="0">
      <mem type="allocate" free="0" total="3866624" percent="0" />
      <mem type="survivor" free="0" total="1376256" percent="0" />
    </mem>
    <mem type="tenure" free="3901472" total="23330816" percent="16">
      <mem type="soa" free="2734112" total="22163456" percent="12" />
      <mem type="loa" free="1167360" total="1167360" percent="100" />
    </mem>
    <remembered-set count="411" />
  </mem-info>
</gc-start>
<allocation-stats totalBytes="2885744" discardedBytes="1640" >
  <allocated-bytes non-tlh="64" tlh="2885680" />
  <largest-consumer threadName="Default Executor-thread-1" threadId="0000000125863F00" bytes="2885744" />
</allocation-stats>
<gc-op id="1780" type="scavenge" timems="0.340" contextid="1777" timestamp="2024-12-13T12:32:41.770">
  <scavenger-info tenureage="2" tenuremask="7ffc" tiltratio="73" />
  <memory-copied type="nursery" objects="4257" bytes="418176" bytesdiscarded="264592" />
  <memory-copied type="tenure" objects="815" bytes="43216" bytesdiscarded="0" />
  <object-monitors candidates="21" cleared="0"  />
</gc-op>
<gc-end id="1781" type="scavenge" contextid="1777" durationms="0.418" usertimems="4.980" systemtimems="0.173" stalltimems="0.793" timestamp="2024-12-13T12:32:41.770" activeThreads="5">
  <mem-info id="1782" free="7216400" total="28573696" percent="25">
    <mem type="nursery" free="3314928" total="5242880" percent="63">
      <mem type="allocate" free="3314928" total="3997696" percent="82" />
      <mem type="survivor" free="0" total="1245184" percent="0" />
    </mem>
    <mem type="tenure" free="3901472" total="23330816" percent="16">
      <mem type="soa" free="2734112" total="22163456" percent="12" />
      <mem type="loa" free="1167360" total="1167360" percent="100" />
    </mem>
    <remembered-set count="359" />
  </mem-info>
</gc-end>
<cycle-end id="1783" type="scavenge" contextid="1777" timestamp="2024-12-13T12:32:41.771" />
<allocation-satisfied id="1784" threadId="0000000125863F00" bytesRequested="32" />
<af-end id="1785" timestamp="2024-12-13T12:32:41.771" threadId="0000000125864990" success="true" from="nursery"/>
<exclusive-end id="1786" timestamp="2024-12-13T12:32:41.771" durationms="0.576" />

<exclusive-start id="1787" timestamp="2024-12-13T12:32:41.777" intervalms="7.231">
  <response-info timems="0.560" idlems="0.207" threads="2" lastid="00000001388CC900" lastname="JIT Compilation Thread-004" />
</exclusive-start>
<af-start id="1788" threadId="0000000125864990" totalBytesRequested="64" timestamp="2024-12-13T12:32:41.777" intervalms="7.220" type="nursery" />
<cycle-start id="1789" type="scavenge" contextid="0" timestamp="2024-12-13T12:32:41.777" intervalms="7.224" />
<gc-start id="1790" type="scavenge" contextid="1789" timestamp="2024-12-13T12:32:41.777">
  <mem-info id="1791" free="3901472" total="28573696" percent="13">
    <mem type="nursery" free="0" total="5242880" percent="0">
      <mem type="allocate" free="0" total="3997696" percent="0" />
      <mem type="survivor" free="0" total="1245184" percent="0" />
    </mem>
    <mem type="tenure" free="3901472" total="23330816" percent="16">
      <mem type="soa" free="2734112" total="22163456" percent="12" />
      <mem type="loa" free="1167360" total="1167360" percent="100" />
    </mem>
    <remembered-set count="427" />
  </mem-info>
</gc-start>
<allocation-stats totalBytes="3311312" discardedBytes="3616" >
  <allocated-bytes non-tlh="32" tlh="3311280" />
  <largest-consumer threadName="Default Executor-thread-1" threadId="0000000125863F00" bytes="3311312" />
</allocation-stats>
<gc-op id="1792" type="scavenge" timems="0.416" contextid="1789" timestamp="2024-12-13T12:32:41.778">
  <scavenger-info tenureage="2" tenuremask="7ffc" tiltratio="76" />
  <memory-copied type="nursery" objects="8935" bytes="1201664" bytesdiscarded="43520" />
  <memory-copied type="tenure" objects="1320" bytes="261584" bytesdiscarded="424" />
  <copy-failed type="nursery" objects="555" bytes="223496" />
  <object-monitors candidates="21" cleared="0"  />
</gc-op>
<heap-resize id="1793" type="expand" space="nursery" amount="262144" count="1" timems="0.018" reason="excessive time being spent scavenging" timestamp="2024-12-13T12:32:41.778" />
<gc-end id="1794" type="scavenge" contextid="1789" durationms="0.489" usertimems="1.091" systemtimems="0.147" stalltimems="0.411" timestamp="2024-12-13T12:32:41.778" activeThreads="4">
  <mem-info id="1795" free="5218960" total="28835840" percent="18">
    <mem type="nursery" free="1507328" total="5505024" percent="27">
      <mem type="allocate" free="1507328" total="2752512" percent="54" />
      <mem type="survivor" free="0" total="2752512" percent="0" />
    </mem>
    <mem type="tenure" free="3711632" total="23330816" percent="15">
      <mem type="soa" free="2544272" total="22163456" percent="11" />
      <mem type="loa" free="1167360" total="1167360" percent="100" />
    </mem>
    <remembered-set count="403" />
  </mem-info>
</gc-end>
<cycle-end id="1796" type="scavenge" contextid="1789" timestamp="2024-12-13T12:32:41.778" />
<allocation-satisfied id="1797" threadId="0000000125863F00" bytesRequested="64" />
<af-end id="1798" timestamp="2024-12-13T12:32:41.778" threadId="0000000125864990" success="true" from="nursery"/>
<exclusive-end id="1799" timestamp="2024-12-13T12:32:41.778" durationms="0.613" />

<exclusive-start id="1800" timestamp="2024-12-13T12:32:41.786" intervalms="9.272">
  <response-info timems="5.390" idlems="2.701" threads="1" lastid="00000001388DE500" lastname="JIT Compilation Thread-006" />
</exclusive-start>
<af-start id="1801" threadId="0000000125864990" totalBytesRequested="4112" timestamp="2024-12-13T12:32:41.786" intervalms="9.273" type="nursery" />
<cycle-start id="1802" type="scavenge" contextid="0" timestamp="2024-12-13T12:32:41.787" intervalms="9.269" />
<gc-start id="1803" type="scavenge" contextid="1802" timestamp="2024-12-13T12:32:41.787">
  <mem-info id="1804" free="3711632" total="28835840" percent="12">
    <mem type="nursery" free="0" total="5505024" percent="0">
      <mem type="allocate" free="0" total="2752512" percent="0" />
      <mem type="survivor" free="0" total="2752512" percent="0" />
    </mem>
    <mem type="tenure" free="3711632" total="23330816" percent="15">
      <mem type="soa" free="2544272" total="22163456" percent="11" />
      <mem type="loa" free="1167360" total="1167360" percent="100" />
    </mem>
    <remembered-set count="438" />
  </mem-info>
</gc-start>
<allocation-stats totalBytes="1503856" discardedBytes="3472" >
  <allocated-bytes non-tlh="64" tlh="1503792" />
  <largest-consumer threadName="Default Executor-thread-1" threadId="0000000125863F00" bytes="1503856" />
</allocation-stats>
<gc-op id="1805" type="scavenge" timems="0.713" contextid="1802" timestamp="2024-12-13T12:32:41.787">
  <scavenger-info tenureage="1" tenuremask="7ffe" tiltratio="50" />
  <memory-copied type="nursery" objects="11909" bytes="718904" bytesdiscarded="142024" />
  <memory-copied type="tenure" objects="8891" bytes="1199696" bytesdiscarded="2040" />
  <object-monitors candidates="21" cleared="0"  />
</gc-op>
<gc-end id="1806" type="scavenge" contextid="1802" durationms="0.762" usertimems="1.907" systemtimems="0.395" stalltimems="1.295" timestamp="2024-12-13T12:32:41.787" activeThreads="5">
  <mem-info id="1807" free="4446008" total="28835840" percent="15">
    <mem type="nursery" free="2088192" total="5505024" percent="37">
      <mem type="allocate" free="2088192" total="2949120" percent="70" />
      <mem type="survivor" free="0" total="2555904" percent="0" />
    </mem>
    <mem type="tenure" free="2357816" total="23330816" percent="10">
      <mem type="soa" free="1190456" total="22163456" percent="5" />
      <mem type="loa" free="1167360" total="1167360" percent="100" />
    </mem>
    <remembered-set count="340" />
  </mem-info>
</gc-end>
<cycle-end id="1808" type="scavenge" contextid="1802" timestamp="2024-12-13T12:32:41.787" />
<allocation-satisfied id="1809" threadId="0000000125863F00" bytesRequested="4112" />
<af-end id="1810" timestamp="2024-12-13T12:32:41.787" threadId="0000000125864990" success="true" from="nursery"/>
<exclusive-end id="1811" timestamp="2024-12-13T12:32:41.787" durationms="0.876" />

<concurrent-kickoff id="1812" timestamp="2024-12-13T12:32:41.789">
  <kickoff reason="threshold reached" targetBytes="11709767" thresholdFreeBytes="1613415"  remainingFree="1539312" tenureFreeBytes="2357816" nurseryFreeBytes="1539312" />
</concurrent-kickoff>
<exclusive-start id="1813" timestamp="2024-12-13T12:32:41.794" intervalms="7.774">
  <response-info timems="4.880" idlems="2.446" threads="1" lastid="00000001388C2900" lastname="JIT Compilation Thread-003" />
</exclusive-start>
<cycle-start id="1814" type="global" contextid="0" timestamp="2024-12-13T12:32:41.794" intervalms="155.855" />
<concurrent-start id="1815" type="global mark" contextid="1814" timestamp="2024-12-13T12:32:41.794">
</concurrent-start>
<exclusive-end id="1816" timestamp="2024-12-13T12:32:41.794" durationms="0.039" />

<exclusive-start id="1817" timestamp="2024-12-13T12:32:41.808" intervalms="13.545">
  <response-info timems="5.458" idlems="2.740" threads="1" lastid="00000001388DE500" lastname="JIT Compilation Thread-006" />
</exclusive-start>
<af-start id="1818" threadId="0000000125864990" totalBytesRequested="144" timestamp="2024-12-13T12:32:41.808" intervalms="21.382" type="nursery" />
<percolate-collect id="1819" from="nursery" to="global" reason="concurrent mark exhausted" timestamp="2024-12-13T12:32:41.808"/>
<concurrent-end id="1820" type="global mark" contextid="1814" timestamp="2024-12-13T12:32:41.808">
<gc-op id="1821" type="trace" timems="8.060" contextid="1814" timestamp="2024-12-13T12:32:41.808">
  <trace bytesTraced="11266512" workStackOverflowCount="0" />
  <card-cleaning reason="card cleaning threshold reached" bytesTraced="1040" cardsCleaned="3" />
</gc-op>
</concurrent-end>

<gc-start id="1822" type="global" contextid="1814" timestamp="2024-12-13T12:32:41.808">
  <mem-info id="1823" free="2357816" total="28835840" percent="8">
    <mem type="nursery" free="0" total="5505024" percent="0">
      <mem type="allocate" free="0" total="2949120" percent="0" />
      <mem type="survivor" free="0" total="2555904" percent="0" />
    </mem>
    <mem type="tenure" free="2357816" total="23330816" percent="10">
      <mem type="soa" free="1190456" total="22163456" percent="5" />
      <mem type="loa" free="1167360" total="1167360" percent="100" />
    </mem>
    <remembered-set count="431" />
  </mem-info>
</gc-start>
<allocation-stats totalBytes="2086408" discardedBytes="1784" >
  <allocated-bytes non-tlh="4112" tlh="2082296" />
  <largest-consumer threadName="Default Executor-thread-1" threadId="0000000125863F00" bytes="2086408" />
</allocation-stats>
<concurrent-halted id="1824" timestamp="2024-12-13T12:32:41.808">
  <halted state="Complete" status="exhausted" />
  <traced bytesTarget="11709767" bytesTotal="11267552" bytesByMutator="3103936" bytesByHelper="8163616" percent="96" />
  <cards cleaned="3" thresholdBytes="635587" />
</concurrent-halted>
<gc-op id="1825" type="rs-scan" timems="0.299" contextid="1814" timestamp="2024-12-13T12:32:41.808">
  <scan objectsFound="765" bytesTraced="63240" workStackOverflowCount="0" />
</gc-op>
<gc-op id="1826" type="card-cleaning" timems="0.138" contextid="1814" timestamp="2024-12-13T12:32:41.808">
  <card-cleaning cardsCleaned="15" bytesTraced="59096" workStackOverflowCount="0" />
</gc-op>
<gc-op id="1827" type="mark" timems="0.723" contextid="1814" timestamp="2024-12-13T12:32:41.809">
  <trace-info objectcount="205" scancount="196" scanbytes="10672" />
  <finalization candidates="148" enqueued="0" />
  <ownableSynchronizers candidates="871" cleared="0" />
  <references type="soft" candidates="3523" cleared="0" enqueued="0" dynamicThreshold="9" maxThreshold="32" />
  <references type="weak" candidates="3264" cleared="0" enqueued="0" />
  <references type="phantom" candidates="344" cleared="0" enqueued="0" />
  <stringconstants candidates="12590" cleared="0"  />
  <object-monitors candidates="21" cleared="0"  />
</gc-op>
<gc-op id="1828" type="sweep" timems="0.452" contextid="1814" timestamp="2024-12-13T12:32:41.810" />
<heap-resize id="1829" type="expand" space="tenure" amount="1048576" count="1" timems="0.023" reason="insufficient free space following gc" timestamp="2024-12-13T12:32:41.810" />
<gc-end id="1830" type="global" contextid="1814" durationms="1.791" usertimems="4.223" systemtimems="2.455" stalltimems="6.859" timestamp="2024-12-13T12:32:41.810" activeThreads="10">
  <mem-info id="1831" free="10264144" total="29884416" percent="34">
    <mem type="nursery" free="2751272" total="5505024" percent="49">
      <mem type="allocate" free="2751272" total="2949120" percent="93" />
      <mem type="survivor" free="0" total="2555904" percent="0" />
    </mem>
    <mem type="tenure" free="7512872" total="24379392" percent="30" micro-fragmented="583026" macro-fragmented="0">
      <mem type="soa" free="6293288" total="23159808" percent="27" />
      <mem type="loa" free="1219584" total="1219584" percent="100" />
    </mem>
    <remembered-set count="221" />
  </mem-info>
</gc-end>
<cycle-end id="1832" type="global" contextid="1814" timestamp="2024-12-13T12:32:41.810" />
<allocation-satisfied id="1833" threadId="0000000125863F00" bytesRequested="144" />
<af-end id="1834" timestamp="2024-12-13T12:32:41.810" threadId="0000000125864990" success="true" from="nursery"/>
<exclusive-end id="1835" timestamp="2024-12-13T12:32:41.810" durationms="2.018" />

<exclusive-start id="1836" timestamp="2024-12-13T12:32:41.817" intervalms="9.594">
  <response-info timems="2.871" idlems="1.437" threads="1" lastid="00000001388DE500" lastname="JIT Compilation Thread-006" />
</exclusive-start>
<af-start id="1837" threadId="0000000125864990" totalBytesRequested="2072" timestamp="2024-12-13T12:32:41.817" intervalms="9.550" type="nursery" />
<cycle-start id="1838" type="scavenge" contextid="0" timestamp="2024-12-13T12:32:41.817" intervalms="30.939" />
<gc-start id="1839" type="scavenge" contextid="1838" timestamp="2024-12-13T12:32:41.817">
  <mem-info id="1840" free="7512872" total="29884416" percent="25">
    <mem type="nursery" free="0" total="5505024" percent="0">
      <mem type="allocate" free="0" total="2949120" percent="0" />
      <mem type="survivor" free="0" total="2555904" percent="0" />
    </mem>
    <mem type="tenure" free="7512872" total="24379392" percent="30">
      <mem type="soa" free="6293288" total="23159808" percent="27" />
      <mem type="loa" free="1219584" total="1219584" percent="100" />
    </mem>
    <remembered-set count="241" />
  </mem-info>
</gc-start>
<allocation-stats totalBytes="2731656" discardedBytes="19152" >
  <allocated-bytes non-tlh="60120" tlh="2671536" />
  <largest-consumer threadName="Default Executor-thread-1" threadId="0000000125863F00" bytes="2731656" />
</allocation-stats>
<gc-op id="1841" type="scavenge" timems="0.370" contextid="1838" timestamp="2024-12-13T12:32:41.818">
  <scavenger-info tenureage="1" tenuremask="7ffe" tiltratio="53" />
  <memory-copied type="nursery" objects="3572" bytes="523168" bytesdiscarded="186016" />
  <ownableSynchronizers candidates="1742" cleared="1742" />
  <object-monitors candidates="21" cleared="0"  />
</gc-op>
<gc-end id="1842" type="scavenge" contextid="1838" durationms="0.440" usertimems="1.567" systemtimems="0.320" stalltimems="0.873" timestamp="2024-12-13T12:32:41.818" activeThreads="5">
  <mem-info id="1843" free="10080488" total="29884416" percent="33">
    <mem type="nursery" free="2567616" total="5505024" percent="46">
      <mem type="allocate" free="2567616" total="3276800" percent="78" />
      <mem type="survivor" free="0" total="2228224" percent="0" />
    </mem>
    <mem type="tenure" free="7512872" total="24379392" percent="30">
      <mem type="soa" free="6293288" total="23159808" percent="27" />
      <mem type="loa" free="1219584" total="1219584" percent="100" />
    </mem>
    <remembered-set count="241" />
  </mem-info>
</gc-end>
<cycle-end id="1844" type="scavenge" contextid="1838" timestamp="2024-12-13T12:32:41.818" />
<allocation-satisfied id="1845" threadId="0000000125863F00" bytesRequested="2072" />
<af-end id="1846" timestamp="2024-12-13T12:32:41.818" threadId="0000000125864990" success="true" from="nursery"/>
<exclusive-end id="1847" timestamp="2024-12-13T12:32:41.818" durationms="0.614" />

<exclusive-start id="1848" timestamp="2024-12-13T12:32:41.828" intervalms="10.424">
  <response-info timems="4.910" idlems="2.460" threads="1" lastid="00000001388B6700" lastname="JIT Compilation Thread-002" />
</exclusive-start>
<af-start id="1849" threadId="0000000125864990" totalBytesRequested="2072" timestamp="2024-12-13T12:32:41.828" intervalms="10.465" type="nursery" />
<cycle-start id="1850" type="scavenge" contextid="0" timestamp="2024-12-13T12:32:41.828" intervalms="10.480" />
<gc-start id="1851" type="scavenge" contextid="1850" timestamp="2024-12-13T12:32:41.828">
  <mem-info id="1852" free="7512872" total="29884416" percent="25">
    <mem type="nursery" free="0" total="5505024" percent="0">
      <mem type="allocate" free="0" total="3276800" percent="0" />
      <mem type="survivor" free="0" total="2228224" percent="0" />
    </mem>
    <mem type="tenure" free="7512872" total="24379392" percent="30">
      <mem type="soa" free="6293288" total="23159808" percent="27" />
      <mem type="loa" free="1219584" total="1219584" percent="100" />
    </mem>
    <remembered-set count="276" />
  </mem-info>
</gc-start>
<allocation-stats totalBytes="2562224" discardedBytes="5392" >
  <allocated-bytes non-tlh="2072" tlh="2560152" />
  <largest-consumer threadName="Default Executor-thread-1" threadId="0000000125863F00" bytes="2562224" />
</allocation-stats>
<gc-op id="1853" type="scavenge" timems="0.318" contextid="1850" timestamp="2024-12-13T12:32:41.828">
  <scavenger-info tenureage="1" tenuremask="7ffe" tiltratio="59" />
  <memory-copied type="nursery" objects="2652" bytes="441488" bytesdiscarded="174224" />
  <memory-copied type="tenure" objects="1478" bytes="83128" bytesdiscarded="2152" />
  <object-monitors candidates="21" cleared="0"  />
</gc-op>
<gc-end id="1854" type="scavenge" contextid="1850" durationms="0.376" usertimems="0.892" systemtimems="0.244" stalltimems="0.469" timestamp="2024-12-13T12:32:41.828" activeThreads="5">
  <mem-info id="1855" free="10403792" total="29884416" percent="34">
    <mem type="nursery" free="2988768" total="5505024" percent="54">
      <mem type="allocate" free="2988768" total="3604480" percent="82" />
      <mem type="survivor" free="0" total="1900544" percent="0" />
    </mem>
    <mem type="tenure" free="7415024" total="24379392" percent="30">
      <mem type="soa" free="6195440" total="23159808" percent="26" />
      <mem type="loa" free="1219584" total="1219584" percent="100" />
    </mem>
    <remembered-set count="235" />
  </mem-info>
</gc-end>
<cycle-end id="1856" type="scavenge" contextid="1850" timestamp="2024-12-13T12:32:41.828" />
<allocation-satisfied id="1857" threadId="0000000125863F00" bytesRequested="2072" />
<af-end id="1858" timestamp="2024-12-13T12:32:41.828" threadId="0000000125864990" success="true" from="nursery"/>
<exclusive-end id="1859" timestamp="2024-12-13T12:32:41.828" durationms="0.588" />

<exclusive-start id="1860" timestamp="2024-12-13T12:32:41.837" intervalms="8.838">
  <response-info timems="1.957" idlems="0.981" threads="1" lastid="00000001388B6700" lastname="JIT Compilation Thread-002" />
</exclusive-start>
<af-start id="1861" threadId="0000000125864990" totalBytesRequested="32" timestamp="2024-12-13T12:32:41.837" intervalms="8.826" type="nursery" />
<cycle-start id="1862" type="scavenge" contextid="0" timestamp="2024-12-13T12:32:41.837" intervalms="8.839" />
<gc-start id="1863" type="scavenge" contextid="1862" timestamp="2024-12-13T12:32:41.837">
  <mem-info id="1864" free="7415024" total="29884416" percent="24">
    <mem type="nursery" free="0" total="5505024" percent="0">
      <mem type="allocate" free="0" total="3604480" percent="0" />
      <mem type="survivor" free="0" total="1900544" percent="0" />
    </mem>
    <mem type="tenure" free="7415024" total="24379392" percent="30">
      <mem type="soa" free="6195440" total="23159808" percent="26" />
      <mem type="loa" free="1219584" total="1219584" percent="100" />
    </mem>
    <remembered-set count="289" />
  </mem-info>
</gc-start>
<allocation-stats totalBytes="2986696" discardedBytes="2072" >
  <allocated-bytes non-tlh="2072" tlh="2984624" />
  <largest-consumer threadName="Default Executor-thread-1" threadId="0000000125863F00" bytes="2986696" />
</allocation-stats>
<gc-op id="1865" type="scavenge" timems="0.296" contextid="1862" timestamp="2024-12-13T12:32:41.837">
  <scavenger-info tenureage="1" tenuremask="7ffe" tiltratio="65" />
  <memory-copied type="nursery" objects="3401" bytes="477624" bytesdiscarded="140984" />
  <memory-copied type="tenure" objects="683" bytes="34992" bytesdiscarded="1024" />
  <object-monitors candidates="21" cleared="0"  />
</gc-op>
<gc-end id="1866" type="scavenge" contextid="1862" durationms="0.355" usertimems="0.707" systemtimems="0.141" stalltimems="0.557" timestamp="2024-12-13T12:32:41.837" activeThreads="5">
  <mem-info id="1867" free="10607088" total="29884416" percent="35">
    <mem type="nursery" free="3248016" total="5505024" percent="59">
      <mem type="allocate" free="3248016" total="3866624" percent="84" />
      <mem type="survivor" free="0" total="1638400" percent="0" />
    </mem>
    <mem type="tenure" free="7359072" total="24379392" percent="30">
      <mem type="soa" free="6139488" total="23159808" percent="26" />
      <mem type="loa" free="1219584" total="1219584" percent="100" />
    </mem>
    <remembered-set count="253" />
  </mem-info>
</gc-end>
<cycle-end id="1868" type="scavenge" contextid="1862" timestamp="2024-12-13T12:32:41.837" />
<allocation-satisfied id="1869" threadId="0000000125863F00" bytesRequested="32" />
<af-end id="1870" timestamp="2024-12-13T12:32:41.837" threadId="0000000125864990" success="true" from="nursery"/>
<exclusive-end id="1871" timestamp="2024-12-13T12:32:41.837" durationms="0.585" />

<exclusive-start id="1872" timestamp="2024-12-13T12:32:41.845" intervalms="8.791">
  <response-info timems="1.843" idlems="0.633" threads="2" lastid="00000001388DE500" lastname="JIT Compilation Thread-006" />
</exclusive-start>
<af-start id="1873" threadId="0000000125864990" totalBytesRequested="32" timestamp="2024-12-13T12:32:41.845" intervalms="8.774" type="nursery" />
<cycle-start id="1874" type="scavenge" contextid="0" timestamp="2024-12-13T12:32:41.846" intervalms="8.748" />
<gc-start id="1875" type="scavenge" contextid="1874" timestamp="2024-12-13T12:32:41.846">
  <mem-info id="1876" free="7359072" total="29884416" percent="24">
    <mem type="nursery" free="0" total="5505024" percent="0">
      <mem type="allocate" free="0" total="3866624" percent="0" />
      <mem type="survivor" free="0" total="1638400" percent="0" />
    </mem>
    <mem type="tenure" free="7359072" total="24379392" percent="30">
      <mem type="soa" free="6139488" total="23159808" percent="26" />
      <mem type="loa" free="1219584" total="1219584" percent="100" />
    </mem>
    <remembered-set count="291" />
  </mem-info>
</gc-start>
<allocation-stats totalBytes="3245416" discardedBytes="2600" >
  <allocated-bytes non-tlh="32" tlh="3245384" />
  <largest-consumer threadName="Default Executor-thread-1" threadId="0000000125863F00" bytes="3245416" />
</allocation-stats>
<gc-op id="1877" type="scavenge" timems="0.261" contextid="1874" timestamp="2024-12-13T12:32:41.846">
  <scavenger-info tenureage="1" tenuremask="7ffe" tiltratio="70" />
  <memory-copied type="nursery" objects="3161" bytes="472312" bytesdiscarded="297616" />
  <memory-copied type="tenure" objects="457" bytes="22512" bytesdiscarded="40" />
  <object-monitors candidates="21" cleared="0"  />
</gc-op>
<gc-end id="1878" type="scavenge" contextid="1874" durationms="0.334" usertimems="0.942" systemtimems="0.191" stalltimems="0.424" timestamp="2024-12-13T12:32:41.846" activeThreads="5">
  <mem-info id="1879" free="10599168" total="29884416" percent="35">
    <mem type="nursery" free="3293304" total="5505024" percent="59">
      <mem type="allocate" free="3293304" total="4063232" percent="81" />
      <mem type="survivor" free="0" total="1441792" percent="0" />
    </mem>
    <mem type="tenure" free="7305864" total="24379392" percent="29">
      <mem type="soa" free="6086280" total="23159808" percent="26" />
      <mem type="loa" free="1219584" total="1219584" percent="100" />
    </mem>
    <remembered-set count="242" />
  </mem-info>
</gc-end>
<cycle-end id="1880" type="scavenge" contextid="1874" timestamp="2024-12-13T12:32:41.846" />
<allocation-satisfied id="1881" threadId="0000000125863F00" bytesRequested="32" />
<af-end id="1882" timestamp="2024-12-13T12:32:41.846" threadId="0000000125864990" success="true" from="nursery"/>
<exclusive-end id="1883" timestamp="2024-12-13T12:32:41.846" durationms="0.514" />

<exclusive-start id="1884" timestamp="2024-12-13T12:32:41.858" intervalms="12.939">
  <response-info timems="0.043" idlems="0.030" threads="3" lastid="00000001388D5700" lastname="JIT Compilation Thread-005" />
</exclusive-start>
<af-start id="1885" threadId="0000000124047190" totalBytesRequested="144" timestamp="2024-12-13T12:32:41.858" intervalms="12.923" type="nursery" />
<cycle-start id="1886" type="scavenge" contextid="0" timestamp="2024-12-13T12:32:41.858" intervalms="12.915" />
<gc-start id="1887" type="scavenge" contextid="1886" timestamp="2024-12-13T12:32:41.858">
  <mem-info id="1888" free="7305864" total="29884416" percent="24">
    <mem type="nursery" free="0" total="5505024" percent="0">
      <mem type="allocate" free="0" total="4063232" percent="0" />
      <mem type="survivor" free="0" total="1441792" percent="0" />
    </mem>
    <mem type="tenure" free="7305864" total="24379392" percent="29">
      <mem type="soa" free="6086280" total="23159808" percent="26" />
      <mem type="loa" free="1219584" total="1219584" percent="100" />
    </mem>
    <remembered-set count="288" />
  </mem-info>
</gc-start>
<allocation-stats totalBytes="3290496" discardedBytes="2808" >
  <allocated-bytes non-tlh="32" tlh="3290464" />
  <largest-consumer threadName="Default Executor-thread-1" threadId="0000000125863F00" bytes="3274200" />
</allocation-stats>
<gc-op id="1889" type="scavenge" timems="0.495" contextid="1886" timestamp="2024-12-13T12:32:41.859">
  <scavenger-info tenureage="1" tenuremask="7ffe" tiltratio="73" />
  <memory-copied type="nursery" objects="10838" bytes="598240" bytesdiscarded="91280" />
  <memory-copied type="tenure" objects="1024" bytes="59864" bytesdiscarded="160" />
  <object-monitors candidates="21" cleared="0"  />
</gc-op>
<gc-end id="1890" type="scavenge" contextid="1886" durationms="0.566" usertimems="1.285" systemtimems="0.169" stalltimems="1.000" timestamp="2024-12-13T12:32:41.859" activeThreads="5">
  <mem-info id="1891" free="10765456" total="29884416" percent="36">
    <mem type="nursery" free="3504784" total="5505024" percent="63">
      <mem type="allocate" free="3504784" total="4194304" percent="83" />
      <mem type="survivor" free="0" total="1310720" percent="0" />
    </mem>
    <mem type="tenure" free="7260672" total="24379392" percent="29">
      <mem type="soa" free="6041088" total="23159808" percent="26" />
      <mem type="loa" free="1219584" total="1219584" percent="100" />
    </mem>
    <remembered-set count="238" />
  </mem-info>
</gc-end>
<cycle-end id="1892" type="scavenge" contextid="1886" timestamp="2024-12-13T12:32:41.859" />
<allocation-satisfied id="1893" threadId="0000000124046700" bytesRequested="144" />
<af-end id="1894" timestamp="2024-12-13T12:32:41.859" threadId="0000000124047190" success="true" from="nursery"/>
<exclusive-end id="1895" timestamp="2024-12-13T12:32:41.859" durationms="0.704" />

<exclusive-start id="1896" timestamp="2024-12-13T12:32:41.926" intervalms="67.707">
  <response-info timems="3.627" idlems="1.236" threads="2" lastid="00000001388D5700" lastname="JIT Compilation Thread-005" />
</exclusive-start>
<af-start id="1897" threadId="0000000125864990" totalBytesRequested="6648" timestamp="2024-12-13T12:32:41.926" intervalms="67.766" type="nursery" />
<cycle-start id="1898" type="scavenge" contextid="0" timestamp="2024-12-13T12:32:41.926" intervalms="67.807" />
<gc-start id="1899" type="scavenge" contextid="1898" timestamp="2024-12-13T12:32:41.926">
  <mem-info id="1900" free="7259568" total="29884416" percent="24">
    <mem type="nursery" free="0" total="5505024" percent="0">
      <mem type="allocate" free="0" total="4194304" percent="0" />
      <mem type="survivor" free="0" total="1310720" percent="0" />
    </mem>
    <mem type="tenure" free="7259568" total="24379392" percent="29">
      <mem type="soa" free="6039984" total="23159808" percent="26" />
      <mem type="loa" free="1219584" total="1219584" percent="100" />
    </mem>
    <remembered-set count="295" />
  </mem-info>
</gc-start>
<allocation-stats totalBytes="3498720" discardedBytes="7168" >
  <allocated-bytes non-tlh="83800" tlh="3414920" />
  <largest-consumer threadName="Default Executor-thread-1" threadId="0000000125863F00" bytes="3126304" />
</allocation-stats>
<gc-op id="1901" type="scavenge" timems="0.506" contextid="1898" timestamp="2024-12-13T12:32:41.927">
  <scavenger-info tenureage="1" tenuremask="7ffe" tiltratio="76" />
  <memory-copied type="nursery" objects="4925" bytes="432864" bytesdiscarded="239152" />
  <memory-copied type="tenure" objects="10767" bytes="594440" bytesdiscarded="3408" />
  <references type="soft" candidates="1" cleared="0" enqueued="0" dynamicThreshold="9" maxThreshold="32" />
  <references type="weak" candidates="5" cleared="3" enqueued="3" />
  <references type="phantom" candidates="30" cleared="0" enqueued="0" />
  <object-monitors candidates="21" cleared="0"  />
</gc-op>
<gc-end id="1902" type="scavenge" contextid="1898" durationms="0.582" usertimems="1.422" systemtimems="0.224" stalltimems="0.893" timestamp="2024-12-13T12:32:41.927" activeThreads="5">
  <mem-info id="1903" free="10200104" total="29884416" percent="34">
    <mem type="nursery" free="3653352" total="5505024" percent="66">
      <mem type="allocate" free="3653352" total="4325376" percent="84" />
      <mem type="survivor" free="0" total="1179648" percent="0" />
    </mem>
    <mem type="tenure" free="6546752" total="24379392" percent="26">
      <mem type="soa" free="5327168" total="23159808" percent="23" />
      <mem type="loa" free="1219584" total="1219584" percent="100" />
    </mem>
    <pending-finalizers system="0" default="0" reference="3" classloader="0" />
    <remembered-set count="244" />
  </mem-info>
</gc-end>
<cycle-end id="1904" type="scavenge" contextid="1898" timestamp="2024-12-13T12:32:41.927" />
<allocation-satisfied id="1905" threadId="0000000125863F00" bytesRequested="6648" />
<af-end id="1906" timestamp="2024-12-13T12:32:41.927" threadId="0000000125864990" success="true" from="nursery"/>
<exclusive-end id="1907" timestamp="2024-12-13T12:32:41.927" durationms="0.847" />

<exclusive-start id="1908" timestamp="2024-12-13T12:32:41.987" intervalms="60.768">
  <response-info timems="0.010" idlems="0.008" threads="1" lastid="00000001388CC900" lastname="JIT Compilation Thread-004" />
</exclusive-start>
<af-start id="1909" threadId="0000000125864990" totalBytesRequested="24" timestamp="2024-12-13T12:32:41.987" intervalms="60.719" type="nursery" />
<cycle-start id="1910" type="scavenge" contextid="0" timestamp="2024-12-13T12:32:41.987" intervalms="60.697" />
<gc-start id="1911" type="scavenge" contextid="1910" timestamp="2024-12-13T12:32:41.987">
  <mem-info id="1912" free="6544256" total="29884416" percent="21">
    <mem type="nursery" free="0" total="5505024" percent="0">
      <mem type="allocate" free="0" total="4325376" percent="0" />
      <mem type="survivor" free="0" total="1179648" percent="0" />
    </mem>
    <mem type="tenure" free="6544256" total="24379392" percent="26">
      <mem type="soa" free="5324672" total="23159808" percent="22" />
      <mem type="loa" free="1219584" total="1219584" percent="100" />
    </mem>
    <remembered-set count="363" />
  </mem-info>
</gc-start>
<allocation-stats totalBytes="3654224" discardedBytes="1624" >
  <allocated-bytes non-tlh="9144" tlh="3645080" />
  <largest-consumer threadName="Default Executor-thread-1" threadId="0000000125863F00" bytes="3587416" />
</allocation-stats>
<gc-op id="1913" type="scavenge" timems="0.527" contextid="1910" timestamp="2024-12-13T12:32:41.988">
  <scavenger-info tenureage="1" tenuremask="7ffe" tiltratio="78" />
  <memory-copied type="nursery" objects="6414" bytes="823672" bytesdiscarded="165944" />
  <memory-copied type="tenure" objects="3782" bytes="365528" bytesdiscarded="888" />
  <references type="weak" candidates="44" cleared="20" enqueued="15" />
  <references type="phantom" candidates="81" cleared="0" enqueued="0" />
  <object-monitors candidates="21" cleared="0"  />
</gc-op>
<gc-end id="1914" type="scavenge" contextid="1910" durationms="0.595" usertimems="1.821" systemtimems="0.226" stalltimems="1.051" timestamp="2024-12-13T12:32:41.988" activeThreads="5">
  <mem-info id="1915" free="9272120" total="29884416" percent="31">
    <mem type="nursery" free="3138680" total="5505024" percent="57">
      <mem type="allocate" free="3138680" total="4128768" percent="76" />
      <mem type="survivor" free="0" total="1376256" percent="0" />
    </mem>
    <mem type="tenure" free="6133440" total="24379392" percent="25">
      <mem type="soa" free="4913856" total="23159808" percent="21" />
      <mem type="loa" free="1219584" total="1219584" percent="100" />
    </mem>
    <pending-finalizers system="0" default="0" reference="15" classloader="0" />
    <remembered-set count="511" />
  </mem-info>
</gc-end>
<cycle-end id="1916" type="scavenge" contextid="1910" timestamp="2024-12-13T12:32:41.988" />
<allocation-satisfied id="1917" threadId="0000000125863F00" bytesRequested="24" />
<af-end id="1918" timestamp="2024-12-13T12:32:41.988" threadId="0000000125864990" success="true" from="nursery"/>
<exclusive-end id="1919" timestamp="2024-12-13T12:32:41.988" durationms="0.796" />

<exclusive-start id="1920" timestamp="2024-12-13T12:32:42.009" intervalms="22.368">
  <response-info timems="0.010" idlems="0.007" threads="1" lastid="0000000129020300" lastname="IProfiler" />
</exclusive-start>
<af-start id="1921" threadId="0000000125864990" totalBytesRequested="112" timestamp="2024-12-13T12:32:42.009" intervalms="22.369" type="nursery" />
<cycle-start id="1922" type="scavenge" contextid="0" timestamp="2024-12-13T12:32:42.009" intervalms="22.368" />
<gc-start id="1923" type="scavenge" contextid="1922" timestamp="2024-12-13T12:32:42.009">
  <mem-info id="1924" free="6133272" total="29884416" percent="20">
    <mem type="nursery" free="0" total="5505024" percent="0">
      <mem type="allocate" free="0" total="4128768" percent="0" />
      <mem type="survivor" free="0" total="1376256" percent="0" />
    </mem>
    <mem type="tenure" free="6133272" total="24379392" percent="25">
      <mem type="soa" free="4913688" total="23159808" percent="21" />
      <mem type="loa" free="1219584" total="1219584" percent="100" />
    </mem>
    <remembered-set count="557" />
  </mem-info>
</gc-start>
<allocation-stats totalBytes="3136976" discardedBytes="1872" >
  <allocated-bytes non-tlh="157136" tlh="2979840" />
  <largest-consumer threadName="Default Executor-thread-1" threadId="0000000125863F00" bytes="3128784" />
</allocation-stats>
<gc-op id="1925" type="scavenge" timems="0.373" contextid="1922" timestamp="2024-12-13T12:32:42.010">
  <scavenger-info tenureage="1" tenuremask="7ffe" tiltratio="75" />
  <memory-copied type="nursery" objects="2707" bytes="656176" bytesdiscarded="292880" />
  <memory-copied type="tenure" objects="6042" bytes="795792" bytesdiscarded="4808" />
  <references type="phantom" candidates="72" cleared="0" enqueued="0" />
  <object-monitors candidates="21" cleared="0"  />
</gc-op>
<gc-end id="1926" type="scavenge" contextid="1922" durationms="0.430" usertimems="4.277" systemtimems="0.138" stalltimems="0.413" timestamp="2024-12-13T12:32:42.010" activeThreads="5">
  <mem-info id="1927" free="8442744" total="29884416" percent="28">
    <mem type="nursery" free="3245224" total="5505024" percent="58">
      <mem type="allocate" free="3245224" total="4194304" percent="77" />
      <mem type="survivor" free="0" total="1310720" percent="0" />
    </mem>
    <mem type="tenure" free="5197520" total="24379392" percent="21">
      <mem type="soa" free="3977936" total="23159808" percent="17" />
      <mem type="loa" free="1219584" total="1219584" percent="100" />
    </mem>
    <remembered-set count="276" />
  </mem-info>
</gc-end>
<cycle-end id="1928" type="scavenge" contextid="1922" timestamp="2024-12-13T12:32:42.010" />
<allocation-satisfied id="1929" threadId="0000000125863F00" bytesRequested="112" />
<af-end id="1930" timestamp="2024-12-13T12:32:42.010" threadId="0000000125864990" success="true" from="nursery"/>
<exclusive-end id="1931" timestamp="2024-12-13T12:32:42.010" durationms="0.614" />

<exclusive-start id="1932" timestamp="2024-12-13T12:32:42.053" intervalms="43.792">
  <response-info timems="4.074" idlems="1.036" threads="3" lastid="000000012900D500" lastname="JIT Compilation Thread-001" />
</exclusive-start>
<af-start id="1933" threadId="0000000125864990" totalBytesRequested="48" timestamp="2024-12-13T12:32:42.053" intervalms="43.797" type="nursery" />
<cycle-start id="1934" type="scavenge" contextid="0" timestamp="2024-12-13T12:32:42.053" intervalms="43.803" />
<gc-start id="1935" type="scavenge" contextid="1934" timestamp="2024-12-13T12:32:42.053">
  <mem-info id="1936" free="5196904" total="29884416" percent="17">
    <mem type="nursery" free="0" total="5505024" percent="0">
      <mem type="allocate" free="0" total="4194304" percent="0" />
      <mem type="survivor" free="0" total="1310720" percent="0" />
    </mem>
    <mem type="tenure" free="5196904" total="24379392" percent="21">
      <mem type="soa" free="3977320" total="23159808" percent="17" />
      <mem type="loa" free="1219584" total="1219584" percent="100" />
    </mem>
    <remembered-set count="331" />
  </mem-info>
</gc-start>
<allocation-stats totalBytes="3244928" discardedBytes="912" >
  <allocated-bytes non-tlh="62832" tlh="3182096" />
  <largest-consumer threadName="Default Executor-thread-1" threadId="0000000125863F00" bytes="3240832" />
</allocation-stats>
<gc-op id="1937" type="scavenge" timems="0.497" contextid="1934" timestamp="2024-12-13T12:32:42.054">
  <scavenger-info tenureage="1" tenuremask="7ffe" tiltratio="76" />
  <memory-copied type="nursery" objects="10463" bytes="853640" bytesdiscarded="395696" />
  <memory-copied type="tenure" objects="2369" bytes="630424" bytesdiscarded="4696" />
  <references type="phantom" candidates="30" cleared="0" enqueued="0" />
  <object-monitors candidates="21" cleared="0"  />
</gc-op>
<gc-end id="1938" type="scavenge" contextid="1934" durationms="0.597" usertimems="2.054" systemtimems="0.323" stalltimems="0.876" timestamp="2024-12-13T12:32:42.054" activeThreads="5">
  <mem-info id="1939" free="7652720" total="29884416" percent="25">
    <mem type="nursery" free="3010320" total="5505024" percent="54">
      <mem type="allocate" free="3010320" total="4259840" percent="70" />
      <mem type="survivor" free="0" total="1245184" percent="0" />
    </mem>
    <mem type="tenure" free="4642400" total="24379392" percent="19">
      <mem type="soa" free="3422816" total="23159808" percent="14" />
      <mem type="loa" free="1219584" total="1219584" percent="100" />
    </mem>
    <remembered-set count="258" />
  </mem-info>
</gc-end>
<cycle-end id="1940" type="scavenge" contextid="1934" timestamp="2024-12-13T12:32:42.054" />
<allocation-satisfied id="1941" threadId="0000000125863F00" bytesRequested="48" />
<af-end id="1942" timestamp="2024-12-13T12:32:42.054" threadId="0000000125864990" success="true" from="nursery"/>
<exclusive-end id="1943" timestamp="2024-12-13T12:32:42.054" durationms="0.826" />

<exclusive-start id="1944" timestamp="2024-12-13T12:32:42.073" intervalms="20.382">
  <response-info timems="0.011" idlems="0.011" threads="0" lastid="0000000125863F00" lastname="Default Executor-thread-1" />
</exclusive-start>
<af-start id="1945" threadId="0000000125864990" totalBytesRequested="16400" timestamp="2024-12-13T12:32:42.073" intervalms="20.373" type="nursery" />
<cycle-start id="1946" type="scavenge" contextid="0" timestamp="2024-12-13T12:32:42.073" intervalms="20.360" />
<gc-start id="1947" type="scavenge" contextid="1946" timestamp="2024-12-13T12:32:42.074">
  <mem-info id="1948" free="4640488" total="29884416" percent="15">
    <mem type="nursery" free="0" total="5505024" percent="0">
      <mem type="allocate" free="0" total="4259840" percent="0" />
      <mem type="survivor" free="0" total="1245184" percent="0" />
    </mem>
    <mem type="tenure" free="4640488" total="24379392" percent="19">
      <mem type="soa" free="3420904" total="23159808" percent="14" />
      <mem type="loa" free="1219584" total="1219584" percent="100" />
    </mem>
    <remembered-set count="365" />
  </mem-info>
</gc-start>
<allocation-stats totalBytes="3002520" discardedBytes="8208" >
  <allocated-bytes non-tlh="170312" tlh="2832208" />
  <largest-consumer threadName="Default Executor-thread-1" threadId="0000000125863F00" bytes="2998424" />
</allocation-stats>
<gc-op id="1949" type="scavenge" timems="0.585" contextid="1946" timestamp="2024-12-13T12:32:42.074">
  <scavenger-info tenureage="1" tenuremask="7ffe" tiltratio="77" />
  <memory-copied type="nursery" objects="2963" bytes="703200" bytesdiscarded="97920" />
  <memory-copied type="tenure" objects="10167" bytes="830192" bytesdiscarded="2016" />
  <references type="weak" candidates="34" cleared="0" enqueued="0" />
  <references type="phantom" candidates="67" cleared="0" enqueued="0" />
  <object-monitors candidates="21" cleared="0"  />
</gc-op>
<gc-end id="1950" type="scavenge" contextid="1946" durationms="0.646" usertimems="4.643" systemtimems="0.325" stalltimems="1.271" timestamp="2024-12-13T12:32:42.074" activeThreads="5">
  <mem-info id="1951" free="7450600" total="29884416" percent="24">
    <mem type="nursery" free="3524168" total="5505024" percent="64">
      <mem type="allocate" free="3524168" total="4325376" percent="81" />
      <mem type="survivor" free="0" total="1179648" percent="0" />
    </mem>
    <mem type="tenure" free="3926432" total="24379392" percent="16">
      <mem type="soa" free="2706848" total="23159808" percent="11" />
      <mem type="loa" free="1219584" total="1219584" percent="100" />
    </mem>
    <remembered-set count="314" />
  </mem-info>
</gc-end>
<cycle-end id="1952" type="scavenge" contextid="1946" timestamp="2024-12-13T12:32:42.074" />
<allocation-satisfied id="1953" threadId="0000000125863F00" bytesRequested="16400" />
<af-end id="1954" timestamp="2024-12-13T12:32:42.074" threadId="0000000125864990" success="true" from="nursery"/>
<exclusive-end id="1955" timestamp="2024-12-13T12:32:42.074" durationms="0.823" />

<exclusive-start id="1956" timestamp="2024-12-13T12:32:42.188" intervalms="114.416">
  <response-info timems="0.037" idlems="0.024" threads="8" lastid="0000000129020300" lastname="IProfiler" />
</exclusive-start>
<af-start id="1957" threadId="00000001291E7590" totalBytesRequested="16056" timestamp="2024-12-13T12:32:42.188" intervalms="114.408" type="nursery" />
<cycle-start id="1958" type="scavenge" contextid="0" timestamp="2024-12-13T12:32:42.188" intervalms="114.411" />
<gc-start id="1959" type="scavenge" contextid="1958" timestamp="2024-12-13T12:32:42.188">
  <mem-info id="1960" free="3915256" total="29884416" percent="13">
    <mem type="nursery" free="0" total="5505024" percent="0">
      <mem type="allocate" free="0" total="4325376" percent="0" />
      <mem type="survivor" free="0" total="1179648" percent="0" />
    </mem>
    <mem type="tenure" free="3915256" total="24379392" percent="16">
      <mem type="soa" free="2695672" total="23159808" percent="11" />
      <mem type="loa" free="1219584" total="1219584" percent="100" />
    </mem>
    <remembered-set count="885" />
  </mem-info>
</gc-start>
<allocation-stats totalBytes="3460840" discardedBytes="74504" >
  <allocated-bytes non-tlh="100744" tlh="3360096" />
  <largest-consumer threadName="Default Executor-thread-1" threadId="0000000125863F00" bytes="2400872" />
</allocation-stats>
<gc-op id="1961" type="scavenge" timems="0.413" contextid="1958" timestamp="2024-12-13T12:32:42.188">
  <scavenger-info tenureage="1" tenuremask="7ffe" tiltratio="78" />
  <memory-copied type="nursery" objects="5628" bytes="576312" bytesdiscarded="87168" />
  <memory-copied type="tenure" objects="2497" bytes="631232" bytesdiscarded="1448" />
  <ownableSynchronizers candidates="128" cleared="32" />
  <references type="soft" candidates="6" cleared="0" enqueued="0" dynamicThreshold="9" maxThreshold="32" />
  <references type="weak" candidates="135" cleared="4" enqueued="4" />
  <references type="phantom" candidates="29" cleared="0" enqueued="0" />
  <object-monitors candidates="24" cleared="0"  />
</gc-op>
<gc-end id="1962" type="scavenge" contextid="1958" durationms="0.484" usertimems="1.275" systemtimems="0.244" stalltimems="0.646" timestamp="2024-12-13T12:32:42.188" activeThreads="5">
  <mem-info id="1963" free="6938680" total="29884416" percent="23">
    <mem type="nursery" free="3727160" total="5505024" percent="67">
      <mem type="allocate" free="3727160" total="4390912" percent="84" />
      <mem type="survivor" free="0" total="1114112" percent="0" />
    </mem>
    <mem type="tenure" free="3211520" total="24379392" percent="13">
      <mem type="soa" free="1991936" total="23159808" percent="8" />
      <mem type="loa" free="1219584" total="1219584" percent="100" />
    </mem>
    <pending-finalizers system="0" default="0" reference="4" classloader="0" />
    <remembered-set count="741" />
  </mem-info>
</gc-end>
<cycle-end id="1964" type="scavenge" contextid="1958" timestamp="2024-12-13T12:32:42.188" />
<allocation-satisfied id="1965" threadId="00000001291E6B00" bytesRequested="16056" />
<af-end id="1966" timestamp="2024-12-13T12:32:42.188" threadId="00000001291E7590" success="true" from="nursery"/>
<exclusive-end id="1967" timestamp="2024-12-13T12:32:42.188" durationms="0.670" />

<exclusive-start id="1968" timestamp="2024-12-13T12:32:42.248" intervalms="59.893">
  <response-info timems="0.106" idlems="0.070" threads="7" lastid="00000001291E6B00" lastname="Equinox start level thread - Equinox Container: c6926eca-9c4a-4" />
</exclusive-start>
<af-start id="1969" threadId="00000001291DEF90" totalBytesRequested="48" timestamp="2024-12-13T12:32:42.248" intervalms="59.897" type="nursery" />
<cycle-start id="1970" type="scavenge" contextid="0" timestamp="2024-12-13T12:32:42.248" intervalms="59.908" />
<gc-start id="1971" type="scavenge" contextid="1970" timestamp="2024-12-13T12:32:42.248">
  <mem-info id="1972" free="3189488" total="29884416" percent="10">
    <mem type="nursery" free="0" total="5505024" percent="0">
      <mem type="allocate" free="0" total="4390912" percent="0" />
      <mem type="survivor" free="0" total="1114112" percent="0" />
    </mem>
    <mem type="tenure" free="3189488" total="24379392" percent="13">
      <mem type="soa" free="1969904" total="23159808" percent="8" />
      <mem type="loa" free="1219584" total="1219584" percent="100" />
    </mem>
    <remembered-set count="1092" />
  </mem-info>
</gc-start>
<allocation-stats totalBytes="3723096" discardedBytes="26096" >
  <allocated-bytes non-tlh="177400" tlh="3545696" />
  <largest-consumer threadName="Equinox start level thread - Equinox Container: c6926eca-9c4a-4aa9-968f-23fc721bf490" threadId="00000001291E6B00" bytes="1032112" />
</allocation-stats>
<gc-op id="1973" type="scavenge" timems="0.661" contextid="1970" timestamp="2024-12-13T12:32:42.249">
  <scavenger-info tenureage="1" tenuremask="7ffe" tiltratio="79" />
  <memory-copied type="nursery" objects="7351" bytes="575416" bytesdiscarded="58216" />
  <memory-copied type="tenure" objects="5257" bytes="499328" bytesdiscarded="864" />
  <ownableSynchronizers candidates="331" cleared="88" />
  <references type="soft" candidates="82" cleared="0" enqueued="0" dynamicThreshold="9" maxThreshold="32" />
  <references type="weak" candidates="89" cleared="52" enqueued="52" />
  <references type="phantom" candidates="29" cleared="0" enqueued="0" />
  <object-monitors candidates="25" cleared="1"  />
</gc-op>
<gc-end id="1974" type="scavenge" contextid="1970" durationms="0.734" usertimems="6.990" systemtimems="0.327" stalltimems="1.054" timestamp="2024-12-13T12:32:42.249" activeThreads="5">
  <mem-info id="1975" free="6310088" total="29884416" percent="21">
    <mem type="nursery" free="3822232" total="5505024" percent="69">
      <mem type="allocate" free="3822232" total="4456448" percent="85" />
      <mem type="survivor" free="0" total="1048576" percent="0" />
    </mem>
    <mem type="tenure" free="2487856" total="24379392" percent="10">
      <mem type="soa" free="1268272" total="23159808" percent="5" />
      <mem type="loa" free="1219584" total="1219584" percent="100" />
    </mem>
    <pending-finalizers system="0" default="0" reference="52" classloader="0" />
    <remembered-set count="733" />
  </mem-info>
</gc-end>
<cycle-end id="1976" type="scavenge" contextid="1970" timestamp="2024-12-13T12:32:42.249" />
<allocation-satisfied id="1977" threadId="00000001291DE500" bytesRequested="48" />
<af-end id="1978" timestamp="2024-12-13T12:32:42.249" threadId="00000001291DEF90" success="true" from="nursery"/>
<exclusive-end id="1979" timestamp="2024-12-13T12:32:42.249" durationms="0.931" />

<concurrent-kickoff id="1980" timestamp="2024-12-13T12:32:42.259">
  <kickoff reason="threshold reached" targetBytes="12156481" thresholdFreeBytes="1676186"  remainingFree="1639016" tenureFreeBytes="2480424" nurseryFreeBytes="1639016" />
</concurrent-kickoff>
<exclusive-start id="1981" timestamp="2024-12-13T12:32:42.259" intervalms="11.804">
  <response-info timems="0.040" idlems="0.020" threads="5" lastid="00000001388D5700" lastname="JIT Compilation Thread-005" />
</exclusive-start>
<cycle-start id="1982" type="global" contextid="0" timestamp="2024-12-13T12:32:42.259" intervalms="465.254" />
<concurrent-start id="1983" type="global mark" contextid="1982" timestamp="2024-12-13T12:32:42.259">
</concurrent-start>
<exclusive-end id="1984" timestamp="2024-12-13T12:32:42.259" durationms="0.018" />

<concurrent-end id="1985" type="global mark" contextid="1982" timestamp="2024-12-13T12:32:42.275">
<gc-op id="1986" type="trace" timems="15.577" contextid="1982" timestamp="2024-12-13T12:32:42.275">
  <trace bytesTraced="11919088" workStackOverflowCount="0" />
  <card-cleaning reason="card cleaning threshold reached" bytesTraced="42496" cardsCleaned="115" />
</gc-op>
</concurrent-end>

<exclusive-start id="1987" timestamp="2024-12-13T12:32:42.275" intervalms="15.689">
  <response-info timems="0.060" idlems="0.048" threads="8" lastid="00000001388CC900" lastname="JIT Compilation Thread-004" />
</exclusive-start>
<concurrent-global-final id="1988" timestamp="2024-12-13T12:32:42.275" contextid="1982" intervalms="1053.468" >
  <concurrent-trace-info reason="card cleaning threshold reached" tracedByMutators="4853744" tracedByHelpers="7107840" cardsCleaned="115" workStackOverflowCount="0" />
</concurrent-global-final>
<gc-start id="1989" type="global" contextid="1982" timestamp="2024-12-13T12:32:42.275">
  <mem-info id="1990" free="2705384" total="29884416" percent="9">
    <mem type="nursery" free="229752" total="5505024" percent="4">
      <mem type="allocate" free="229752" total="4456448" percent="5" />
      <mem type="survivor" free="0" total="1048576" percent="0" />
    </mem>
    <mem type="tenure" free="2475632" total="24379392" percent="10">
      <mem type="soa" free="1256048" total="23159808" percent="5" />
      <mem type="loa" free="1219584" total="1219584" percent="100" />
    </mem>
    <remembered-set count="926" />
  </mem-info>
</gc-start>
<allocation-stats totalBytes="3601904" discardedBytes="2800" >
  <allocated-bytes non-tlh="53472" tlh="3548432" />
  <largest-consumer threadName="Equinox start level thread - Equinox Container: c6926eca-9c4a-4aa9-968f-23fc721bf490" threadId="00000001291DE500" bytes="1289168" />
</allocation-stats>
<gc-op id="1991" type="rs-scan" timems="0.402" contextid="1982" timestamp="2024-12-13T12:32:42.276">
  <scan objectsFound="11463" bytesTraced="680160" workStackOverflowCount="0" />
</gc-op>
<gc-op id="1992" type="card-cleaning" timems="0.137" contextid="1982" timestamp="2024-12-13T12:32:42.276">
  <card-cleaning cardsCleaned="33" bytesTraced="34088" workStackOverflowCount="0" />
</gc-op>
<gc-op id="1993" type="mark" timems="1.861" contextid="1982" timestamp="2024-12-13T12:32:42.278">
  <trace-info objectcount="1243" scancount="1157" scanbytes="79272" />
  <finalization candidates="148" enqueued="0" />
  <ownableSynchronizers candidates="1305" cleared="102" />
  <references type="soft" candidates="3652" cleared="0" enqueued="0" dynamicThreshold="9" maxThreshold="32" />
  <references type="weak" candidates="3529" cleared="29" enqueued="27" />
  <references type="phantom" candidates="294" cleared="0" enqueued="0" />
  <stringconstants candidates="12872" cleared="28"  />
  <object-monitors candidates="24" cleared="0"  />
</gc-op>
<gc-op id="1994" type="classunload" timems="0.003" contextid="1982" timestamp="2024-12-13T12:32:42.278">
  <classunload-info classloadercandidates="38" classloadersunloaded="0" classesunloaded="0" anonymousclassesunloaded="0" quiescems="0.000" setupms="0.002" scanms="0.000" postms="0.000" />
</gc-op>
<gc-op id="1995" type="sweep" timems="0.458" contextid="1982" timestamp="2024-12-13T12:32:42.278" />
<heap-resize id="1996" type="expand" space="tenure" amount="1048576" count="1" timems="0.031" reason="insufficient free space following gc" timestamp="2024-12-13T12:32:42.278" />
<gc-end id="1997" type="global" contextid="1982" durationms="3.063" usertimems="7.411" systemtimems="3.843" stalltimems="16.375" timestamp="2024-12-13T12:32:42.278" activeThreads="10">
  <mem-info id="1998" free="10902096" total="30932992" percent="35">
    <mem type="nursery" free="3255456" total="5505024" percent="59">
      <mem type="allocate" free="3255456" total="4456448" percent="73" />
      <mem type="survivor" free="0" total="1048576" percent="0" />
    </mem>
    <mem type="tenure" free="7646640" total="25427968" percent="30" micro-fragmented="538840" macro-fragmented="0">
      <mem type="soa" free="6374832" total="24156160" percent="26" />
      <mem type="loa" free="1271808" total="1271808" percent="100" />
    </mem>
    <pending-finalizers system="0" default="0" reference="27" classloader="0" />
    <remembered-set count="785" />
  </mem-info>
</gc-end>
<cycle-end id="1999" type="global" contextid="1982" timestamp="2024-12-13T12:32:42.278" />
<exclusive-end id="2000" timestamp="2024-12-13T12:32:42.278" durationms="3.192" />

<exclusive-start id="2001" timestamp="2024-12-13T12:32:42.290" intervalms="14.452">
  <response-info timems="0.034" idlems="0.023" threads="5" lastid="00000001291E6B00" lastname="Equinox start level thread - Equinox Container: c6926eca-9c4a-4" />
</exclusive-start>
<af-start id="2002" threadId="00000001291EDD90" totalBytesRequested="24" timestamp="2024-12-13T12:32:42.290" intervalms="41.937" type="nursery" />
<cycle-start id="2003" type="scavenge" contextid="0" timestamp="2024-12-13T12:32:42.290" intervalms="41.921" />
<gc-start id="2004" type="scavenge" contextid="2003" timestamp="2024-12-13T12:32:42.290">
  <mem-info id="2005" free="7642448" total="30932992" percent="24">
    <mem type="nursery" free="0" total="5505024" percent="0">
      <mem type="allocate" free="0" total="4456448" percent="0" />
      <mem type="survivor" free="0" total="1048576" percent="0" />
    </mem>
    <mem type="tenure" free="7642448" total="25427968" percent="30">
      <mem type="soa" free="6370640" total="24156160" percent="26" />
      <mem type="loa" free="1271808" total="1271808" percent="100" />
    </mem>
    <remembered-set count="871" />
  </mem-info>
</gc-start>
<allocation-stats totalBytes="3238344" discardedBytes="19136" >
  <allocated-bytes non-tlh="45576" tlh="3192768" />
  <largest-consumer threadName="Equinox start level thread - Equinox Container: c6926eca-9c4a-4aa9-968f-23fc721bf490" threadId="00000001291DE500" bytes="1022080" />
</allocation-stats>
<gc-op id="2006" type="scavenge" timems="0.694" contextid="2003" timestamp="2024-12-13T12:32:42.290">
  <scavenger-info tenureage="1" tenuremask="7ffe" tiltratio="80" />
  <memory-copied type="nursery" objects="10589" bytes="694136" bytesdiscarded="304856" />
  <memory-copied type="tenure" objects="6477" bytes="535040" bytesdiscarded="3736" />
  <ownableSynchronizers candidates="2490" cleared="2199" />
  <references type="soft" candidates="40" cleared="0" enqueued="0" dynamicThreshold="9" maxThreshold="32" />
  <references type="weak" candidates="25" cleared="0" enqueued="0" />
  <references type="phantom" candidates="16" cleared="0" enqueued="0" />
  <object-monitors candidates="24" cleared="0"  />
</gc-op>
<gc-end id="2007" type="scavenge" contextid="2003" durationms="0.775" usertimems="3.189" systemtimems="0.273" stalltimems="0.824" timestamp="2024-12-13T12:32:42.290" activeThreads="5">
  <mem-info id="2008" free="10512536" total="30932992" percent="33">
    <mem type="nursery" free="3456568" total="5505024" percent="62">
      <mem type="allocate" free="3456568" total="4456448" percent="77" />
      <mem type="survivor" free="0" total="1048576" percent="0" />
    </mem>
    <mem type="tenure" free="7055968" total="25427968" percent="27">
      <mem type="soa" free="5784160" total="24156160" percent="23" />
      <mem type="loa" free="1271808" total="1271808" percent="100" />
    </mem>
    <remembered-set count="726" />
  </mem-info>
</gc-end>
<cycle-end id="2009" type="scavenge" contextid="2003" timestamp="2024-12-13T12:32:42.291" />
<allocation-satisfied id="2010" threadId="00000001291ED300" bytesRequested="24" />
<af-end id="2011" timestamp="2024-12-13T12:32:42.291" threadId="00000001291EDD90" success="true" from="nursery"/>
<exclusive-end id="2012" timestamp="2024-12-13T12:32:42.291" durationms="0.937" />

<exclusive-start id="2013" timestamp="2024-12-13T12:32:42.308" intervalms="18.151">
  <response-info timems="0.235" idlems="0.192" threads="5" lastid="00000001388B6700" lastname="JIT Compilation Thread-002" />
</exclusive-start>
<af-start id="2014" threadId="00000001291DEF90" totalBytesRequested="56" timestamp="2024-12-13T12:32:42.308" intervalms="18.170" type="nursery" />
<cycle-start id="2015" type="scavenge" contextid="0" timestamp="2024-12-13T12:32:42.308" intervalms="18.187" />
<gc-start id="2016" type="scavenge" contextid="2015" timestamp="2024-12-13T12:32:42.308">
  <mem-info id="2017" free="7044400" total="30932992" percent="22">
    <mem type="nursery" free="0" total="5505024" percent="0">
      <mem type="allocate" free="0" total="4456448" percent="0" />
      <mem type="survivor" free="0" total="1048576" percent="0" />
    </mem>
    <mem type="tenure" free="7044400" total="25427968" percent="27">
      <mem type="soa" free="5772592" total="24156160" percent="23" />
      <mem type="loa" free="1271808" total="1271808" percent="100" />
    </mem>
    <remembered-set count="932" />
  </mem-info>
</gc-start>
<allocation-stats totalBytes="3459504" discardedBytes="8632" >
  <allocated-bytes non-tlh="11592" tlh="3447912" />
  <largest-consumer threadName="Equinox start level thread - Equinox Container: c6926eca-9c4a-4aa9-968f-23fc721bf490" threadId="00000001291E6B00" bytes="1169064" />
</allocation-stats>
<gc-op id="2018" type="scavenge" timems="0.645" contextid="2015" timestamp="2024-12-13T12:32:42.309">
  <scavenger-info tenureage="1" tenuremask="7ffe" tiltratio="80" />
  <memory-copied type="nursery" objects="6774" bytes="440368" bytesdiscarded="607792" />
  <memory-copied type="tenure" objects="9688" bytes="632128" bytesdiscarded="3216" />
  <ownableSynchronizers candidates="376" cleared="109" />
  <references type="soft" candidates="34" cleared="0" enqueued="0" dynamicThreshold="9" maxThreshold="32" />
  <references type="weak" candidates="48" cleared="28" enqueued="28" />
  <references type="phantom" candidates="5" cleared="0" enqueued="0" />
  <object-monitors candidates="24" cleared="0"  />
</gc-op>
<gc-end id="2019" type="scavenge" contextid="2015" durationms="0.723" usertimems="6.786" systemtimems="0.294" stalltimems="1.047" timestamp="2024-12-13T12:32:42.309" activeThreads="6">
  <mem-info id="2020" free="9804016" total="30932992" percent="31">
    <mem type="nursery" free="3473408" total="5505024" percent="63">
      <mem type="allocate" free="3473408" total="4521984" percent="76" />
      <mem type="survivor" free="0" total="983040" percent="0" />
    </mem>
    <mem type="tenure" free="6330608" total="25427968" percent="24">
      <mem type="soa" free="5058800" total="24156160" percent="20" />
      <mem type="loa" free="1271808" total="1271808" percent="100" />
    </mem>
    <pending-finalizers system="0" default="0" reference="28" classloader="0" />
    <remembered-set count="676" />
  </mem-info>
</gc-end>
<cycle-end id="2021" type="scavenge" contextid="2015" timestamp="2024-12-13T12:32:42.309" />
<allocation-satisfied id="2022" threadId="00000001291DE500" bytesRequested="56" />
<af-end id="2023" timestamp="2024-12-13T12:32:42.309" threadId="00000001291DEF90" success="true" from="nursery"/>
<exclusive-end id="2024" timestamp="2024-12-13T12:32:42.309" durationms="0.937" />

<exclusive-start id="2025" timestamp="2024-12-13T12:32:42.323" intervalms="15.417">
  <response-info timems="0.425" idlems="0.222" threads="10" lastid="00000001388CC900" lastname="JIT Compilation Thread-004" />
</exclusive-start>
<af-start id="2026" threadId="00000001291EDD90" totalBytesRequested="408" timestamp="2024-12-13T12:32:42.323" intervalms="15.416" type="nursery" />
<cycle-start id="2027" type="scavenge" contextid="0" timestamp="2024-12-13T12:32:42.323" intervalms="15.401" />
<gc-start id="2028" type="scavenge" contextid="2027" timestamp="2024-12-13T12:32:42.323">
  <mem-info id="2029" free="6315432" total="30932992" percent="20">
    <mem type="nursery" free="0" total="5505024" percent="0">
      <mem type="allocate" free="0" total="4521984" percent="0" />
      <mem type="survivor" free="0" total="983040" percent="0" />
    </mem>
    <mem type="tenure" free="6315432" total="25427968" percent="24">
      <mem type="soa" free="5043624" total="24156160" percent="20" />
      <mem type="loa" free="1271808" total="1271808" percent="100" />
    </mem>
    <remembered-set count="950" />
  </mem-info>
</gc-start>
<allocation-stats totalBytes="3444800" discardedBytes="43128" >
  <allocated-bytes non-tlh="186592" tlh="3258208" />
  <largest-consumer threadName="Equinox start level thread - Equinox Container: c6926eca-9c4a-4aa9-968f-23fc721bf490" threadId="00000001291DE500" bytes="1065408" />
</allocation-stats>
<gc-op id="2030" type="scavenge" timems="0.573" contextid="2027" timestamp="2024-12-13T12:32:42.324">
  <scavenger-info tenureage="2" tenuremask="7ffc" tiltratio="82" />
  <memory-copied type="nursery" objects="11760" bytes="678496" bytesdiscarded="93296" />
  <ownableSynchronizers candidates="299" cleared="67" />
  <references type="soft" candidates="66" cleared="0" enqueued="0" dynamicThreshold="9" maxThreshold="32" />
  <references type="weak" candidates="82" cleared="47" enqueued="47" />
  <references type="phantom" candidates="21" cleared="0" enqueued="0" />
  <object-monitors candidates="24" cleared="0"  />
</gc-op>
<gc-end id="2031" type="scavenge" contextid="2027" durationms="0.661" usertimems="1.833" systemtimems="0.574" stalltimems="1.891" timestamp="2024-12-13T12:32:42.324" activeThreads="7">
  <mem-info id="2032" free="9999712" total="30932992" percent="32">
    <mem type="nursery" free="3684280" total="5505024" percent="66">
      <mem type="allocate" free="3684280" total="4456448" percent="82" />
      <mem type="survivor" free="0" total="1048576" percent="0" />
    </mem>
    <mem type="tenure" free="6315432" total="25427968" percent="24">
      <mem type="soa" free="5043624" total="24156160" percent="20" />
      <mem type="loa" free="1271808" total="1271808" percent="100" />
    </mem>
    <pending-finalizers system="0" default="0" reference="47" classloader="0" />
    <remembered-set count="789" />
  </mem-info>
</gc-end>
<cycle-end id="2033" type="scavenge" contextid="2027" timestamp="2024-12-13T12:32:42.324" />
<allocation-satisfied id="2034" threadId="00000001291ED300" bytesRequested="408" />
<af-end id="2035" timestamp="2024-12-13T12:32:42.324" threadId="00000001291EDD90" success="true" from="nursery"/>
<exclusive-end id="2036" timestamp="2024-12-13T12:32:42.324" durationms="0.866" />

<exclusive-start id="2037" timestamp="2024-12-13T12:32:42.343" intervalms="19.403">
  <response-info timems="0.039" idlems="0.026" threads="6" lastid="00000001388DE500" lastname="JIT Compilation Thread-006" />
</exclusive-start>
<af-start id="2038" threadId="00000001291D9390" totalBytesRequested="44080" timestamp="2024-12-13T12:32:42.343" intervalms="19.393" type="nursery" />
<cycle-start id="2039" type="scavenge" contextid="0" timestamp="2024-12-13T12:32:42.343" intervalms="19.395" />
<gc-start id="2040" type="scavenge" contextid="2039" timestamp="2024-12-13T12:32:42.343">
  <mem-info id="2041" free="6284456" total="30932992" percent="20">
    <mem type="nursery" free="0" total="5505024" percent="0">
      <mem type="allocate" free="0" total="4456448" percent="0" />
      <mem type="survivor" free="0" total="1048576" percent="0" />
    </mem>
    <mem type="tenure" free="6284456" total="25427968" percent="24">
      <mem type="soa" free="5012648" total="24156160" percent="20" />
      <mem type="loa" free="1271808" total="1271808" percent="100" />
    </mem>
    <remembered-set count="1235" />
  </mem-info>
</gc-start>
<allocation-stats totalBytes="3682464" discardedBytes="32080" >
  <allocated-bytes non-tlh="30672" tlh="3651792" />
  <largest-consumer threadName="Equinox start level thread - Equinox Container: c6926eca-9c4a-4aa9-968f-23fc721bf490" threadId="00000001291DE500" bytes="1595480" />
</allocation-stats>
<gc-op id="2042" type="scavenge" timems="0.654" contextid="2039" timestamp="2024-12-13T12:32:42.343">
  <scavenger-info tenureage="2" tenuremask="7ffc" tiltratio="80" />
  <memory-copied type="nursery" objects="11620" bytes="712192" bytesdiscarded="273872" />
  <memory-copied type="tenure" objects="5735" bytes="308328" bytesdiscarded="2608" />
  <finalization candidates="1" enqueued="0" />
  <ownableSynchronizers candidates="571" cleared="156" />
  <references type="soft" candidates="145" cleared="0" enqueued="0" dynamicThreshold="9" maxThreshold="32" />
  <references type="weak" candidates="187" cleared="93" enqueued="82" />
  <references type="phantom" candidates="35" cleared="0" enqueued="0" />
  <object-monitors candidates="24" cleared="0"  />
</gc-op>
<gc-end id="2043" type="scavenge" contextid="2039" durationms="0.750" usertimems="4.908" systemtimems="0.394" stalltimems="1.166" timestamp="2024-12-13T12:32:42.343" activeThreads="6">
  <mem-info id="2044" free="9563768" total="30932992" percent="30">
    <mem type="nursery" free="3601096" total="5505024" percent="65">
      <mem type="allocate" free="3601096" total="4587520" percent="78" />
      <mem type="survivor" free="0" total="917504" percent="0" />
    </mem>
    <mem type="tenure" free="5962672" total="25427968" percent="23">
      <mem type="soa" free="4690864" total="24156160" percent="19" />
      <mem type="loa" free="1271808" total="1271808" percent="100" />
    </mem>
    <pending-finalizers system="0" default="0" reference="82" classloader="0" />
    <remembered-set count="1064" />
  </mem-info>
</gc-end>
<cycle-end id="2045" type="scavenge" contextid="2039" timestamp="2024-12-13T12:32:42.344" />
<allocation-satisfied id="2046" threadId="00000001291D8900" bytesRequested="44080" />
<af-end id="2047" timestamp="2024-12-13T12:32:42.344" threadId="00000001291D9390" success="true" from="nursery"/>
<exclusive-end id="2048" timestamp="2024-12-13T12:32:42.344" durationms="0.947" />

<exclusive-start id="2049" timestamp="2024-12-13T12:32:42.363" intervalms="20.148">
  <response-info timems="2.776" idlems="0.863" threads="9" lastid="00000001291E6B00" lastname="Equinox start level thread - Equinox Container: c6926eca-9c4a-4" />
</exclusive-start>
<af-start id="2050" threadId="00000001291DEF90" totalBytesRequested="32" timestamp="2024-12-13T12:32:42.363" intervalms="20.146" type="nursery" />
<cycle-start id="2051" type="scavenge" contextid="0" timestamp="2024-12-13T12:32:42.363" intervalms="20.140" />
<gc-start id="2052" type="scavenge" contextid="2051" timestamp="2024-12-13T12:32:42.363">
  <mem-info id="2053" free="5940864" total="30932992" percent="19">
    <mem type="nursery" free="0" total="5505024" percent="0">
      <mem type="allocate" free="0" total="4587520" percent="0" />
      <mem type="survivor" free="0" total="917504" percent="0" />
    </mem>
    <mem type="tenure" free="5940864" total="25427968" percent="23">
      <mem type="soa" free="4669056" total="24156160" percent="19" />
      <mem type="loa" free="1271808" total="1271808" percent="100" />
    </mem>
    <remembered-set count="1486" />
  </mem-info>
</gc-start>
<allocation-stats totalBytes="3605880" discardedBytes="17024" >
  <allocated-bytes non-tlh="109968" tlh="3495912" />
  <largest-consumer threadName="Equinox start level thread - Equinox Container: c6926eca-9c4a-4aa9-968f-23fc721bf490" threadId="00000001291DE500" bytes="1561496" />
</allocation-stats>
<gc-op id="2054" type="scavenge" timems="0.732" contextid="2051" timestamp="2024-12-13T12:32:42.364">
  <scavenger-info tenureage="2" tenuremask="7ffc" tiltratio="83" />
  <memory-copied type="nursery" objects="8700" bytes="790744" bytesdiscarded="126472" />
  <memory-copied type="tenure" objects="7768" bytes="562400" bytesdiscarded="2848" />
  <copy-failed type="nursery" objects="2156" bytes="243368" />
  <finalization candidates="1" enqueued="0" />
  <ownableSynchronizers candidates="596" cleared="194" />
  <references type="soft" candidates="87" cleared="0" enqueued="0" dynamicThreshold="9" maxThreshold="32" />
  <references type="weak" candidates="122" cleared="50" enqueued="45" />
  <references type="phantom" candidates="107" cleared="0" enqueued="0" />
  <object-monitors candidates="24" cleared="0"  />
</gc-op>
<gc-end id="2055" type="scavenge" contextid="2051" durationms="0.802" usertimems="2.554" systemtimems="0.476" stalltimems="1.542" timestamp="2024-12-13T12:32:42.364" activeThreads="6">
  <mem-info id="2056" free="8306152" total="30932992" percent="26">
    <mem type="nursery" free="3014656" total="5505024" percent="54">
      <mem type="allocate" free="3014656" total="3932160" percent="76" />
      <mem type="survivor" free="0" total="1572864" percent="0" />
    </mem>
    <mem type="tenure" free="5291496" total="25427968" percent="20">
      <mem type="soa" free="4019688" total="24156160" percent="16" />
      <mem type="loa" free="1271808" total="1271808" percent="100" />
    </mem>
    <pending-finalizers system="0" default="0" reference="45" classloader="0" />
    <remembered-set count="1612" />
  </mem-info>
</gc-end>
<cycle-end id="2057" type="scavenge" contextid="2051" timestamp="2024-12-13T12:32:42.364" />
<allocation-satisfied id="2058" threadId="00000001291DE500" bytesRequested="32" />
<af-end id="2059" timestamp="2024-12-13T12:32:42.364" threadId="00000001291DEF90" success="true" from="nursery"/>
<exclusive-end id="2060" timestamp="2024-12-13T12:32:42.364" durationms="0.966" />

<exclusive-start id="2061" timestamp="2024-12-13T12:32:42.381" intervalms="17.908">
  <response-info timems="0.037" idlems="0.024" threads="8" lastid="00000001388C2900" lastname="JIT Compilation Thread-003" />
</exclusive-start>
<af-start id="2062" threadId="00000001291D9390" totalBytesRequested="5920" timestamp="2024-12-13T12:32:42.381" intervalms="17.904" type="nursery" />
<cycle-start id="2063" type="scavenge" contextid="0" timestamp="2024-12-13T12:32:42.381" intervalms="17.906" />
<gc-start id="2064" type="scavenge" contextid="2063" timestamp="2024-12-13T12:32:42.381">
  <mem-info id="2065" free="5278280" total="30932992" percent="17">
    <mem type="nursery" free="0" total="5505024" percent="0">
      <mem type="allocate" free="0" total="3932160" percent="0" />
      <mem type="survivor" free="0" total="1572864" percent="0" />
    </mem>
    <mem type="tenure" free="5278280" total="25427968" percent="20">
      <mem type="soa" free="4006472" total="24156160" percent="16" />
      <mem type="loa" free="1271808" total="1271808" percent="100" />
    </mem>
    <remembered-set count="1888" />
  </mem-info>
</gc-start>
<allocation-stats totalBytes="3015280" discardedBytes="11088" >
  <allocated-bytes non-tlh="494240" tlh="2521040" />
  <largest-consumer threadName="Equinox start level thread - Equinox Container: c6926eca-9c4a-4aa9-968f-23fc721bf490" threadId="00000001291ED300" bytes="2205584" />
</allocation-stats>
<gc-op id="2066" type="scavenge" timems="0.819" contextid="2063" timestamp="2024-12-13T12:32:42.382">
  <scavenger-info tenureage="2" tenuremask="7ffc" tiltratio="71" />
  <memory-copied type="nursery" objects="7793" bytes="1334560" bytesdiscarded="238184" />
  <memory-copied type="tenure" objects="4107" bytes="657832" bytesdiscarded="3880" />
  <copy-failed type="nursery" objects="148" bytes="416056" />
  <finalization candidates="1" enqueued="0" />
  <ownableSynchronizers candidates="262" cleared="14" />
  <references type="soft" candidates="102" cleared="0" enqueued="0" dynamicThreshold="9" maxThreshold="32" />
  <references type="weak" candidates="64" cleared="21" enqueued="21" />
  <references type="phantom" candidates="164" cleared="0" enqueued="0" />
  <object-monitors candidates="24" cleared="0"  />
</gc-op>
<gc-end id="2067" type="scavenge" contextid="2063" durationms="0.929" usertimems="2.612" systemtimems="0.674" stalltimems="1.940" timestamp="2024-12-13T12:32:42.382" activeThreads="6">
  <mem-info id="2068" free="5853552" total="30932992" percent="18">
    <mem type="nursery" free="1179648" total="5505024" percent="21">
      <mem type="allocate" free="1179648" total="2752512" percent="42" />
      <mem type="survivor" free="0" total="2752512" percent="0" />
    </mem>
    <mem type="tenure" free="4673904" total="25427968" percent="18">
      <mem type="soa" free="3402096" total="24156160" percent="14" />
      <mem type="loa" free="1271808" total="1271808" percent="100" />
    </mem>
    <pending-finalizers system="0" default="0" reference="21" classloader="0" />
    <remembered-set count="1197" />
  </mem-info>
</gc-end>
<cycle-end id="2069" type="scavenge" contextid="2063" timestamp="2024-12-13T12:32:42.382" />
<allocation-satisfied id="2070" threadId="00000001291D8900" bytesRequested="5920" />
<af-end id="2071" timestamp="2024-12-13T12:32:42.382" threadId="00000001291D9390" success="true" from="nursery"/>
<exclusive-end id="2072" timestamp="2024-12-13T12:32:42.382" durationms="1.124" />

<exclusive-start id="2073" timestamp="2024-12-13T12:32:42.385" intervalms="4.107">
  <response-info timems="0.269" idlems="0.216" threads="5" lastid="00000001291E6B00" lastname="Equinox start level thread - Equinox Container: c6926eca-9c4a-4" />
</exclusive-start>
<af-start id="2074" threadId="00000001291D9390" totalBytesRequested="20760" timestamp="2024-12-13T12:32:42.385" intervalms="4.104" type="nursery" />
<cycle-start id="2075" type="scavenge" contextid="0" timestamp="2024-12-13T12:32:42.385" intervalms="4.115" />
<gc-start id="2076" type="scavenge" contextid="2075" timestamp="2024-12-13T12:32:42.385">
  <mem-info id="2077" free="4657352" total="30932992" percent="15">
    <mem type="nursery" free="0" total="5505024" percent="0">
      <mem type="allocate" free="0" total="2752512" percent="0" />
      <mem type="survivor" free="0" total="2752512" percent="0" />
    </mem>
    <mem type="tenure" free="4657352" total="25427968" percent="18">
      <mem type="soa" free="3385544" total="24156160" percent="14" />
      <mem type="loa" free="1271808" total="1271808" percent="100" />
    </mem>
    <remembered-set count="1340" />
  </mem-info>
</gc-start>
<allocation-stats totalBytes="1175944" discardedBytes="14632" >
  <allocated-bytes non-tlh="37608" tlh="1138336" />
  <largest-consumer threadName="Equinox start level thread - Equinox Container: c6926eca-9c4a-4aa9-968f-23fc721bf490" threadId="00000001291DE500" bytes="877952" />
</allocation-stats>
<gc-op id="2078" type="scavenge" timems="0.540" contextid="2075" timestamp="2024-12-13T12:32:42.385">
  <scavenger-info tenureage="1" tenuremask="7ffe" tiltratio="50" />
  <memory-copied type="nursery" objects="757" bytes="92792" bytesdiscarded="224104" />
  <memory-copied type="tenure" objects="6421" bytes="1248328" bytesdiscarded="9448" />
  <ownableSynchronizers candidates="127" cleared="1" />
  <references type="soft" candidates="8" cleared="0" enqueued="0" dynamicThreshold="9" maxThreshold="32" />
  <references type="weak" candidates="23" cleared="7" enqueued="6" />
  <references type="phantom" candidates="3" cleared="0" enqueued="0" />
  <object-monitors candidates="24" cleared="0"  />
</gc-op>
<heap-resize id="2079" type="expand" space="nursery" amount="524288" count="1" timems="0.018" reason="excessive time being spent scavenging" timestamp="2024-12-13T12:32:42.385" />
<gc-end id="2080" type="scavenge" contextid="2075" durationms="0.665" usertimems="1.877" systemtimems="0.553" stalltimems="1.056" timestamp="2024-12-13T12:32:42.386" activeThreads="6">
  <mem-info id="2081" free="6187064" total="31457280" percent="19">
    <mem type="nursery" free="2763248" total="6029312" percent="45">
      <mem type="allocate" free="2763248" total="3080192" percent="89" />
      <mem type="survivor" free="0" total="2949120" percent="0" />
    </mem>
    <mem type="tenure" free="3423816" total="25427968" percent="13">
      <mem type="soa" free="2152008" total="24156160" percent="8" />
      <mem type="loa" free="1271808" total="1271808" percent="100" />
    </mem>
    <pending-finalizers system="0" default="0" reference="6" classloader="0" />
    <remembered-set count="604" />
  </mem-info>
</gc-end>
<cycle-end id="2082" type="scavenge" contextid="2075" timestamp="2024-12-13T12:32:42.386" />
<allocation-satisfied id="2083" threadId="00000001291D8900" bytesRequested="20760" />
<af-end id="2084" timestamp="2024-12-13T12:32:42.386" threadId="00000001291D9390" success="true" from="nursery"/>
<exclusive-end id="2085" timestamp="2024-12-13T12:32:42.386" durationms="0.845" />

<exclusive-start id="2086" timestamp="2024-12-13T12:32:42.395" intervalms="10.243">
  <response-info timems="0.068" idlems="0.054" threads="8" lastid="00000001388B6700" lastname="JIT Compilation Thread-002" />
</exclusive-start>
<af-start id="2087" threadId="00000001291E7590" totalBytesRequested="2704" timestamp="2024-12-13T12:32:42.395" intervalms="10.260" type="nursery" />
<cycle-start id="2088" type="scavenge" contextid="0" timestamp="2024-12-13T12:32:42.395" intervalms="10.256" />
<gc-start id="2089" type="scavenge" contextid="2088" timestamp="2024-12-13T12:32:42.395">
  <mem-info id="2090" free="3409448" total="31457280" percent="10">
    <mem type="nursery" free="0" total="6029312" percent="0">
      <mem type="allocate" free="0" total="3080192" percent="0" />
      <mem type="survivor" free="0" total="2949120" percent="0" />
    </mem>
    <mem type="tenure" free="3409448" total="25427968" percent="13">
      <mem type="soa" free="2137640" total="24156160" percent="8" />
      <mem type="loa" free="1271808" total="1271808" percent="100" />
    </mem>
    <remembered-set count="892" />
  </mem-info>
</gc-start>
<allocation-stats totalBytes="2768928" discardedBytes="5976" >
  <allocated-bytes non-tlh="283880" tlh="2485048" />
  <largest-consumer threadName="Equinox start level thread - Equinox Container: c6926eca-9c4a-4aa9-968f-23fc721bf490" threadId="00000001291DE500" bytes="1273312" />
</allocation-stats>
<gc-op id="2091" type="scavenge" timems="0.460" contextid="2088" timestamp="2024-12-13T12:32:42.396">
  <scavenger-info tenureage="2" tenuremask="7ffc" tiltratio="51" />
  <memory-copied type="nursery" objects="3041" bytes="273016" bytesdiscarded="154488" />
  <ownableSynchronizers candidates="61" cleared="27" />
  <references type="soft" candidates="9" cleared="0" enqueued="0" dynamicThreshold="9" maxThreshold="32" />
  <references type="weak" candidates="57" cleared="18" enqueued="18" />
  <references type="phantom" candidates="32" cleared="0" enqueued="0" />
  <object-monitors candidates="24" cleared="0"  />
</gc-op>
<gc-end id="2092" type="scavenge" contextid="2088" durationms="0.546" usertimems="1.041" systemtimems="0.450" stalltimems="1.391" timestamp="2024-12-13T12:32:42.396" activeThreads="6">
  <mem-info id="2093" free="6651704" total="31457280" percent="21">
    <mem type="nursery" free="3242256" total="6029312" percent="53">
      <mem type="allocate" free="3242256" total="3670016" percent="88" />
      <mem type="survivor" free="0" total="2359296" percent="0" />
    </mem>
    <mem type="tenure" free="3409448" total="25427968" percent="13">
      <mem type="soa" free="2137640" total="24156160" percent="8" />
      <mem type="loa" free="1271808" total="1271808" percent="100" />
    </mem>
    <pending-finalizers system="0" default="0" reference="18" classloader="0" />
    <remembered-set count="715" />
  </mem-info>
</gc-end>
<cycle-end id="2094" type="scavenge" contextid="2088" timestamp="2024-12-13T12:32:42.396" />
<allocation-satisfied id="2095" threadId="00000001291E6B00" bytesRequested="2704" />
<af-end id="2096" timestamp="2024-12-13T12:32:42.396" threadId="00000001291E7590" success="true" from="nursery"/>
<exclusive-end id="2097" timestamp="2024-12-13T12:32:42.396" durationms="0.755" />

<concurrent-kickoff id="2098" timestamp="2024-12-13T12:32:42.408">
  <kickoff reason="threshold reached" targetBytes="12650411" thresholdFreeBytes="1696236"  remainingFree="518640" tenureFreeBytes="3379712" nurseryFreeBytes="518640" />
</concurrent-kickoff>
<exclusive-start id="2099" timestamp="2024-12-13T12:32:42.408" intervalms="13.353">
  <response-info timems="0.040" idlems="0.024" threads="8" lastid="00000001291E6B00" lastname="Equinox start level thread - Equinox Container: c6926eca-9c4a-4" />
</exclusive-start>
<cycle-start id="2100" type="global" contextid="0" timestamp="2024-12-13T12:32:42.408" intervalms="148.884" />
<concurrent-start id="2101" type="global mark" contextid="2100" timestamp="2024-12-13T12:32:42.408">
</concurrent-start>
<exclusive-end id="2102" timestamp="2024-12-13T12:32:42.408" durationms="0.034" />

<concurrent-end id="2103" type="global mark" contextid="2100" timestamp="2024-12-13T12:32:42.414">
<gc-op id="2104" type="trace" timems="6.024" contextid="2100" timestamp="2024-12-13T12:32:42.414">
  <trace bytesTraced="10261888" workStackOverflowCount="0" />
  <card-cleaning reason="card cleaning threshold reached" bytesTraced="36248" cardsCleaned="64" />
</gc-op>
</concurrent-end>

<exclusive-start id="2105" timestamp="2024-12-13T12:32:42.414" intervalms="6.130">
  <response-info timems="0.043" idlems="0.032" threads="8" lastid="00000001388B6700" lastname="JIT Compilation Thread-002" />
</exclusive-start>
<concurrent-global-final id="2106" timestamp="2024-12-13T12:32:42.414" contextid="2100" intervalms="139.315" >
  <concurrent-trace-info reason="card cleaning threshold reached" tracedByMutators="5980944" tracedByHelpers="4317192" cardsCleaned="64" workStackOverflowCount="0" />
</concurrent-global-final>
<gc-start id="2107" type="global" contextid="2100" timestamp="2024-12-13T12:32:42.415">
  <mem-info id="2108" free="3374464" total="31457280" percent="10">
    <mem type="nursery" free="0" total="6029312" percent="0">
      <mem type="allocate" free="0" total="3670016" percent="0" />
      <mem type="survivor" free="0" total="2359296" percent="0" />
    </mem>
    <mem type="tenure" free="3374464" total="25427968" percent="13">
      <mem type="soa" free="2102656" total="24156160" percent="8" />
      <mem type="loa" free="1271808" total="1271808" percent="100" />
    </mem>
    <remembered-set count="1231" />
  </mem-info>
</gc-start>
<allocation-stats totalBytes="3264040" discardedBytes="9680" >
  <allocated-bytes non-tlh="64008" tlh="3200032" />
  <largest-consumer threadName="Equinox start level thread - Equinox Container: c6926eca-9c4a-4aa9-968f-23fc721bf490" threadId="00000001291D8900" bytes="1039624" />
</allocation-stats>
<gc-op id="2109" type="rs-scan" timems="0.324" contextid="2100" timestamp="2024-12-13T12:32:42.415">
  <scan objectsFound="7364" bytesTraced="494680" workStackOverflowCount="0" />
</gc-op>
<gc-op id="2110" type="card-cleaning" timems="0.130" contextid="2100" timestamp="2024-12-13T12:32:42.415">
  <card-cleaning cardsCleaned="45" bytesTraced="19216" workStackOverflowCount="0" />
</gc-op>
<gc-op id="2111" type="mark" timems="1.497" contextid="2100" timestamp="2024-12-13T12:32:42.417">
  <trace-info objectcount="76202" scancount="60074" scanbytes="3513216" />
  <finalization candidates="149" enqueued="0" />
  <ownableSynchronizers candidates="1962" cleared="65" />
  <references type="soft" candidates="3975" cleared="0" enqueued="0" dynamicThreshold="9" maxThreshold="32" />
  <references type="weak" candidates="3775" cleared="39" enqueued="34" />
  <references type="phantom" candidates="291" cleared="0" enqueued="0" />
  <stringconstants candidates="13658" cleared="2"  />
  <object-monitors candidates="25" cleared="0"  />
</gc-op>
<gc-op id="2112" type="sweep" timems="0.512" contextid="2100" timestamp="2024-12-13T12:32:42.417" />
<heap-resize id="2113" type="expand" space="tenure" amount="3014656" count="1" timems="0.025" reason="insufficient free space following gc" timestamp="2024-12-13T12:32:42.417" />
<gc-end id="2114" type="global" contextid="2100" durationms="2.648" usertimems="14.256" systemtimems="2.769" stalltimems="9.118" timestamp="2024-12-13T12:32:42.417" activeThreads="10">
  <mem-info id="2115" free="11468128" total="34471936" percent="33">
    <mem type="nursery" free="2899008" total="6029312" percent="48">
      <mem type="allocate" free="2899008" total="3670016" percent="78" />
      <mem type="survivor" free="0" total="2359296" percent="0" />
    </mem>
    <mem type="tenure" free="8569120" total="28442624" percent="30" micro-fragmented="707072" macro-fragmented="0">
      <mem type="soa" free="7146784" total="27020288" percent="26" />
      <mem type="loa" free="1422336" total="1422336" percent="100" />
    </mem>
    <pending-finalizers system="0" default="0" reference="34" classloader="0" />
    <remembered-set count="1032" />
  </mem-info>
</gc-end>
<cycle-end id="2116" type="global" contextid="2100" timestamp="2024-12-13T12:32:42.417" />
<exclusive-end id="2117" timestamp="2024-12-13T12:32:42.417" durationms="2.789" />

<exclusive-start id="2118" timestamp="2024-12-13T12:32:42.430" intervalms="15.318">
  <response-info timems="0.154" idlems="0.113" threads="3" lastid="00000001291DE500" lastname="Equinox start level thread - Equinox Container: c6926eca-9c4a-4" />
</exclusive-start>
<af-start id="2119" threadId="00000001291E7590" totalBytesRequested="8208" timestamp="2024-12-13T12:32:42.430" intervalms="34.799" type="nursery" />
<cycle-start id="2120" type="scavenge" contextid="0" timestamp="2024-12-13T12:32:42.430" intervalms="34.795" />
<gc-start id="2121" type="scavenge" contextid="2120" timestamp="2024-12-13T12:32:42.430">
  <mem-info id="2122" free="8547848" total="34471936" percent="24">
    <mem type="nursery" free="0" total="6029312" percent="0">
      <mem type="allocate" free="0" total="3670016" percent="0" />
      <mem type="survivor" free="0" total="2359296" percent="0" />
    </mem>
    <mem type="tenure" free="8547848" total="28442624" percent="30">
      <mem type="soa" free="7125512" total="27020288" percent="26" />
      <mem type="loa" free="1422336" total="1422336" percent="100" />
    </mem>
    <remembered-set count="1346" />
  </mem-info>
</gc-start>
<allocation-stats totalBytes="2872368" discardedBytes="44104" >
  <allocated-bytes non-tlh="104328" tlh="2768040" />
  <largest-consumer threadName="Equinox start level thread - Equinox Container: c6926eca-9c4a-4aa9-968f-23fc721bf490" threadId="00000001291ED300" bytes="1021720" />
</allocation-stats>
<gc-op id="2123" type="scavenge" timems="0.585" contextid="2120" timestamp="2024-12-13T12:32:42.431">
  <scavenger-info tenureage="3" tenuremask="7ff8" tiltratio="60" />
  <memory-copied type="nursery" objects="13538" bytes="895488" bytesdiscarded="72296" />
  <ownableSynchronizers candidates="4033" cleared="3800" />
  <references type="soft" candidates="67" cleared="0" enqueued="0" dynamicThreshold="9" maxThreshold="32" />
  <references type="weak" candidates="131" cleared="18" enqueued="18" />
  <references type="phantom" candidates="49" cleared="0" enqueued="0" />
  <object-monitors candidates="26" cleared="0"  />
</gc-op>
<gc-end id="2124" type="scavenge" contextid="2120" durationms="0.659" usertimems="3.427" systemtimems="0.294" stalltimems="0.775" timestamp="2024-12-13T12:32:42.431" activeThreads="5">
  <mem-info id="2125" free="11445840" total="34471936" percent="33">
    <mem type="nursery" free="2897992" total="6029312" percent="48">
      <mem type="allocate" free="2897992" total="3866624" percent="74" />
      <mem type="survivor" free="0" total="2162688" percent="0" />
    </mem>
    <mem type="tenure" free="8547848" total="28442624" percent="30">
      <mem type="soa" free="7125512" total="27020288" percent="26" />
      <mem type="loa" free="1422336" total="1422336" percent="100" />
    </mem>
    <pending-finalizers system="0" default="0" reference="18" classloader="0" />
    <remembered-set count="1165" />
  </mem-info>
</gc-end>
<cycle-end id="2126" type="scavenge" contextid="2120" timestamp="2024-12-13T12:32:42.431" />
<allocation-satisfied id="2127" threadId="00000001291E6B00" bytesRequested="8208" />
<af-end id="2128" timestamp="2024-12-13T12:32:42.431" threadId="00000001291E7590" success="true" from="nursery"/>
<exclusive-end id="2129" timestamp="2024-12-13T12:32:42.431" durationms="0.844" />

<exclusive-start id="2130" timestamp="2024-12-13T12:32:42.441" intervalms="10.758">
  <response-info timems="0.063" idlems="0.042" threads="8" lastid="00000001388CC900" lastname="JIT Compilation Thread-004" />
</exclusive-start>
<af-start id="2131" threadId="00000001291E7590" totalBytesRequested="1040" timestamp="2024-12-13T12:32:42.441" intervalms="10.744" type="nursery" />
<cycle-start id="2132" type="scavenge" contextid="0" timestamp="2024-12-13T12:32:42.441" intervalms="10.738" />
<gc-start id="2133" type="scavenge" contextid="2132" timestamp="2024-12-13T12:32:42.441">
  <mem-info id="2134" free="8533384" total="34471936" percent="24">
    <mem type="nursery" free="0" total="6029312" percent="0">
      <mem type="allocate" free="0" total="3866624" percent="0" />
      <mem type="survivor" free="0" total="2162688" percent="0" />
    </mem>
    <mem type="tenure" free="8533384" total="28442624" percent="30">
      <mem type="soa" free="7111048" total="27020288" percent="26" />
      <mem type="loa" free="1422336" total="1422336" percent="100" />
    </mem>
    <remembered-set count="1500" />
  </mem-info>
</gc-start>
<allocation-stats totalBytes="2839696" discardedBytes="72040" >
  <allocated-bytes non-tlh="63944" tlh="2775752" />
  <largest-consumer threadName="Equinox start level thread - Equinox Container: c6926eca-9c4a-4aa9-968f-23fc721bf490" threadId="00000001291ED300" bytes="839040" />
</allocation-stats>
<gc-op id="2135" type="scavenge" timems="0.576" contextid="2132" timestamp="2024-12-13T12:32:42.441">
  <scavenger-info tenureage="3" tenuremask="7ff8" tiltratio="64" />
  <memory-copied type="nursery" objects="17321" bytes="1096784" bytesdiscarded="77480" />
  <memory-copied type="tenure" objects="270" bytes="14576" bytesdiscarded="856" />
  <ownableSynchronizers candidates="363" cleared="63" />
  <references type="soft" candidates="109" cleared="0" enqueued="0" dynamicThreshold="9" maxThreshold="32" />
  <references type="weak" candidates="135" cleared="25" enqueued="25" />
  <references type="phantom" candidates="46" cleared="0" enqueued="0" />
  <object-monitors candidates="26" cleared="0"  />
</gc-op>
<gc-end id="2136" type="scavenge" contextid="2132" durationms="0.656" usertimems="2.242" systemtimems="0.317" stalltimems="0.987" timestamp="2024-12-13T12:32:42.441" activeThreads="6">
  <mem-info id="2137" free="11323520" total="34471936" percent="32">
    <mem type="nursery" free="2823144" total="6029312" percent="46">
      <mem type="allocate" free="2823144" total="3997696" percent="70" />
      <mem type="survivor" free="0" total="2031616" percent="0" />
    </mem>
    <mem type="tenure" free="8500376" total="28442624" percent="29">
      <mem type="soa" free="7078040" total="27020288" percent="26" />
      <mem type="loa" free="1422336" total="1422336" percent="100" />
    </mem>
    <pending-finalizers system="0" default="0" reference="25" classloader="0" />
    <remembered-set count="1367" />
  </mem-info>
</gc-end>
<cycle-end id="2138" type="scavenge" contextid="2132" timestamp="2024-12-13T12:32:42.441" />
<allocation-satisfied id="2139" threadId="00000001291E6B00" bytesRequested="1040" />
<af-end id="2140" timestamp="2024-12-13T12:32:42.441" threadId="00000001291E7590" success="true" from="nursery"/>
<exclusive-end id="2141" timestamp="2024-12-13T12:32:42.441" durationms="0.831" />

<exclusive-start id="2142" timestamp="2024-12-13T12:32:42.459" intervalms="18.035">
  <response-info timems="0.071" idlems="0.043" threads="10" lastid="00000001388AD900" lastname="JIT Compilation Thread-000" />
</exclusive-start>
<af-start id="2143" threadId="00000001291DEF90" totalBytesRequested="102224" timestamp="2024-12-13T12:32:42.459" intervalms="18.045" type="nursery" />
<cycle-start id="2144" type="scavenge" contextid="0" timestamp="2024-12-13T12:32:42.459" intervalms="18.050" />
<gc-start id="2145" type="scavenge" contextid="2144" timestamp="2024-12-13T12:32:42.459">
  <mem-info id="2146" free="8466616" total="34471936" percent="24">
    <mem type="nursery" free="0" total="6029312" percent="0">
      <mem type="allocate" free="0" total="3997696" percent="0" />
      <mem type="survivor" free="0" total="2031616" percent="0" />
    </mem>
    <mem type="tenure" free="8466616" total="28442624" percent="29">
      <mem type="soa" free="7044280" total="27020288" percent="26" />
      <mem type="loa" free="1422336" total="1422336" percent="100" />
    </mem>
    <remembered-set count="1805" />
  </mem-info>
</gc-start>
<allocation-stats totalBytes="2833280" discardedBytes="16544" >
  <allocated-bytes non-tlh="186704" tlh="2646576" />
  <largest-consumer threadName="Equinox start level thread - Equinox Container: c6926eca-9c4a-4aa9-968f-23fc721bf490" threadId="00000001291ED300" bytes="781048" />
</allocation-stats>
<gc-op id="2147" type="scavenge" timems="0.751" contextid="2144" timestamp="2024-12-13T12:32:42.459">
  <scavenger-info tenureage="3" tenuremask="7ff8" tiltratio="66" />
  <memory-copied type="nursery" objects="25685" bytes="1543432" bytesdiscarded="290752" />
  <memory-copied type="tenure" objects="2153" bytes="206904" bytesdiscarded="816" />
  <finalization candidates="1" enqueued="0" />
  <ownableSynchronizers candidates="590" cleared="108" />
  <references type="soft" candidates="242" cleared="0" enqueued="0" dynamicThreshold="9" maxThreshold="32" />
  <references type="weak" candidates="143" cleared="26" enqueued="26" />
  <references type="phantom" candidates="27" cleared="0" enqueued="0" />
  <object-monitors candidates="26" cleared="0"  />
</gc-op>
<gc-end id="2148" type="scavenge" contextid="2144" durationms="0.813" usertimems="5.630" systemtimems="0.345" stalltimems="1.680" timestamp="2024-12-13T12:32:42.460" activeThreads="7">
  <mem-info id="2149" free="10079656" total="34471936" percent="29">
    <mem type="nursery" free="1966616" total="6029312" percent="32">
      <mem type="allocate" free="1966616" total="3801088" percent="51" />
      <mem type="survivor" free="0" total="2228224" percent="0" />
    </mem>
    <mem type="tenure" free="8113040" total="28442624" percent="28">
      <mem type="soa" free="6690704" total="27020288" percent="24" />
      <mem type="loa" free="1422336" total="1422336" percent="100" />
    </mem>
    <pending-finalizers system="0" default="0" reference="26" classloader="0" />
    <remembered-set count="1299" />
  </mem-info>
</gc-end>
<cycle-end id="2150" type="scavenge" contextid="2144" timestamp="2024-12-13T12:32:42.460" />
<allocation-satisfied id="2151" threadId="00000001291DE500" bytesRequested="102224" />
<af-end id="2152" timestamp="2024-12-13T12:32:42.460" threadId="00000001291DEF90" success="true" from="nursery"/>
<exclusive-end id="2153" timestamp="2024-12-13T12:32:42.460" durationms="0.975" />

<exclusive-start id="2154" timestamp="2024-12-13T12:32:42.492" intervalms="33.337">
  <response-info timems="5.792" idlems="1.350" threads="8" lastid="00000001388C2900" lastname="JIT Compilation Thread-003" />
</exclusive-start>
<af-start id="2155" threadId="00000001291DEF90" totalBytesRequested="13568" timestamp="2024-12-13T12:32:42.492" intervalms="33.328" type="nursery" />
<cycle-start id="2156" type="scavenge" contextid="0" timestamp="2024-12-13T12:32:42.492" intervalms="33.328" />
<gc-start id="2157" type="scavenge" contextid="2156" timestamp="2024-12-13T12:32:42.492">
  <mem-info id="2158" free="8091664" total="34471936" percent="23">
    <mem type="nursery" free="0" total="6029312" percent="0">
      <mem type="allocate" free="0" total="3801088" percent="0" />
      <mem type="survivor" free="0" total="2228224" percent="0" />
    </mem>
    <mem type="tenure" free="8091664" total="28442624" percent="28">
      <mem type="soa" free="6669328" total="27020288" percent="24" />
      <mem type="loa" free="1422336" total="1422336" percent="100" />
    </mem>
    <remembered-set count="1593" />
  </mem-info>
</gc-start>
<allocation-stats totalBytes="1966344" discardedBytes="20992" >
  <allocated-bytes non-tlh="122944" tlh="1843400" />
  <largest-consumer threadName="Equinox start level thread - Equinox Container: c6926eca-9c4a-4aa9-968f-23fc721bf490" threadId="00000001291ED300" bytes="541376" />
</allocation-stats>
<gc-op id="2159" type="scavenge" timems="0.865" contextid="2156" timestamp="2024-12-13T12:32:42.493">
  <scavenger-info tenureage="2" tenuremask="7ffc" tiltratio="63" />
  <memory-copied type="nursery" objects="14742" bytes="787456" bytesdiscarded="458600" />
  <memory-copied type="tenure" objects="14382" bytes="845736" bytesdiscarded="2760" />
  <finalization candidates="1" enqueued="0" />
  <ownableSynchronizers candidates="610" cleared="27" />
  <references type="soft" candidates="183" cleared="0" enqueued="0" dynamicThreshold="9" maxThreshold="32" />
  <references type="weak" candidates="96" cleared="31" enqueued="31" />
  <references type="phantom" candidates="17" cleared="0" enqueued="0" />
  <object-monitors candidates="26" cleared="0"  />
</gc-op>
<gc-end id="2160" type="scavenge" contextid="2156" durationms="0.956" usertimems="4.595" systemtimems="0.691" stalltimems="1.862" timestamp="2024-12-13T12:32:42.493" activeThreads="8">
  <mem-info id="2161" free="9744128" total="34471936" percent="28">
    <mem type="nursery" free="2620416" total="6029312" percent="43">
      <mem type="allocate" free="2620416" total="3866624" percent="67" />
      <mem type="survivor" free="0" total="2162688" percent="0" />
    </mem>
    <mem type="tenure" free="7123712" total="28442624" percent="25">
      <mem type="soa" free="5701376" total="27020288" percent="21" />
      <mem type="loa" free="1422336" total="1422336" percent="100" />
    </mem>
    <pending-finalizers system="0" default="0" reference="31" classloader="0" />
    <remembered-set count="1154" />
  </mem-info>
</gc-end>
<cycle-end id="2162" type="scavenge" contextid="2156" timestamp="2024-12-13T12:32:42.493" />
<allocation-satisfied id="2163" threadId="00000001291DE500" bytesRequested="13568" />
<af-end id="2164" timestamp="2024-12-13T12:32:42.493" threadId="00000001291DEF90" success="true" from="nursery"/>
<exclusive-end id="2165" timestamp="2024-12-13T12:32:42.493" durationms="1.165" />

<exclusive-start id="2166" timestamp="2024-12-13T12:32:42.509" intervalms="16.695">
  <response-info timems="0.345" idlems="0.065" threads="8" lastid="00000001388DE500" lastname="JIT Compilation Thread-006" />
</exclusive-start>
<af-start id="2167" threadId="00000001291D9390" totalBytesRequested="784" timestamp="2024-12-13T12:32:42.509" intervalms="16.708" type="nursery" />
<cycle-start id="2168" type="scavenge" contextid="0" timestamp="2024-12-13T12:32:42.509" intervalms="16.710" />
<gc-start id="2169" type="scavenge" contextid="2168" timestamp="2024-12-13T12:32:42.509">
  <mem-info id="2170" free="7092688" total="34471936" percent="20">
    <mem type="nursery" free="0" total="6029312" percent="0">
      <mem type="allocate" free="0" total="3866624" percent="0" />
      <mem type="survivor" free="0" total="2162688" percent="0" />
    </mem>
    <mem type="tenure" free="7092688" total="28442624" percent="24">
      <mem type="soa" free="5670352" total="27020288" percent="20" />
      <mem type="loa" free="1422336" total="1422336" percent="100" />
    </mem>
    <remembered-set count="1543" />
  </mem-info>
</gc-start>
<allocation-stats totalBytes="2570416" discardedBytes="81024" >
  <allocated-bytes non-tlh="283280" tlh="2287136" />
  <largest-consumer threadName="Equinox start level thread - Equinox Container: c6926eca-9c4a-4aa9-968f-23fc721bf490" threadId="00000001291E6B00" bytes="1426144" />
</allocation-stats>
<gc-op id="2171" type="scavenge" timems="0.668" contextid="2168" timestamp="2024-12-13T12:32:42.509">
  <scavenger-info tenureage="2" tenuremask="7ffc" tiltratio="64" />
  <memory-copied type="nursery" objects="5900" bytes="357936" bytesdiscarded="618760" />
  <memory-copied type="tenure" objects="10797" bytes="546864" bytesdiscarded="1136" />
  <finalization candidates="2" enqueued="0" />
  <ownableSynchronizers candidates="350" cleared="9" />
  <references type="soft" candidates="155" cleared="0" enqueued="0" dynamicThreshold="9" maxThreshold="32" />
  <references type="weak" candidates="88" cleared="44" enqueued="44" />
  <references type="phantom" candidates="8" cleared="0" enqueued="0" />
  <object-monitors candidates="27" cleared="0"  />
</gc-op>
<gc-end id="2172" type="scavenge" contextid="2168" durationms="0.722" usertimems="2.498" systemtimems="0.681" stalltimems="2.754" timestamp="2024-12-13T12:32:42.509" activeThreads="9">
  <mem-info id="2173" free="9535376" total="34471936" percent="27">
    <mem type="nursery" free="3151968" total="6029312" percent="52">
      <mem type="allocate" free="3151968" total="4128768" percent="76" />
      <mem type="survivor" free="0" total="1900544" percent="0" />
    </mem>
    <mem type="tenure" free="6383408" total="28442624" percent="22">
      <mem type="soa" free="4961072" total="27020288" percent="18" />
      <mem type="loa" free="1422336" total="1422336" percent="100" />
    </mem>
    <pending-finalizers system="0" default="0" reference="44" classloader="0" />
    <remembered-set count="1123" />
  </mem-info>
</gc-end>
<cycle-end id="2174" type="scavenge" contextid="2168" timestamp="2024-12-13T12:32:42.509" />
<allocation-satisfied id="2175" threadId="00000001291D8900" bytesRequested="784" />
<af-end id="2176" timestamp="2024-12-13T12:32:42.510" threadId="00000001291D9390" success="true" from="nursery"/>
<exclusive-end id="2177" timestamp="2024-12-13T12:32:42.510" durationms="0.891" />

<exclusive-start id="2178" timestamp="2024-12-13T12:32:42.523" intervalms="14.090">
  <response-info timems="0.012" idlems="0.006" threads="3" lastid="00000001291DE500" lastname="Equinox start level thread - Equinox Container: c6926eca-9c4a-4" />
</exclusive-start>
<af-start id="2179" threadId="00000001291E7590" totalBytesRequested="2168" timestamp="2024-12-13T12:32:42.523" intervalms="14.086" type="nursery" />
<cycle-start id="2180" type="scavenge" contextid="0" timestamp="2024-12-13T12:32:42.523" intervalms="14.098" />
<gc-start id="2181" type="scavenge" contextid="2180" timestamp="2024-12-13T12:32:42.523">
  <mem-info id="2182" free="6346152" total="34471936" percent="18">
    <mem type="nursery" free="0" total="6029312" percent="0">
      <mem type="allocate" free="0" total="4128768" percent="0" />
      <mem type="survivor" free="0" total="1900544" percent="0" />
    </mem>
    <mem type="tenure" free="6346152" total="28442624" percent="22">
      <mem type="soa" free="4923816" total="27020288" percent="18" />
      <mem type="loa" free="1422336" total="1422336" percent="100" />
    </mem>
    <remembered-set count="1672" />
  </mem-info>
</gc-start>
<allocation-stats totalBytes="3122936" discardedBytes="64896" >
  <allocated-bytes non-tlh="75976" tlh="3046960" />
  <largest-consumer threadName="Equinox start level thread - Equinox Container: c6926eca-9c4a-4aa9-968f-23fc721bf490" threadId="00000001291D8900" bytes="1081816" />
</allocation-stats>
<gc-op id="2183" type="scavenge" timems="0.597" contextid="2180" timestamp="2024-12-13T12:32:42.523">
  <scavenger-info tenureage="3" tenuremask="7ff8" tiltratio="68" />
  <memory-copied type="nursery" objects="10440" bytes="582120" bytesdiscarded="79560" />
  <finalization candidates="1" enqueued="0" />
  <ownableSynchronizers candidates="272" cleared="32" />
  <references type="soft" candidates="401" cleared="0" enqueued="0" dynamicThreshold="9" maxThreshold="32" />
  <references type="weak" candidates="117" cleared="40" enqueued="40" />
  <references type="phantom" candidates="12" cleared="0" enqueued="0" />
  <object-monitors candidates="27" cleared="0"  />
</gc-op>
<gc-end id="2184" type="scavenge" contextid="2180" durationms="0.656" usertimems="4.020" systemtimems="0.629" stalltimems="2.437" timestamp="2024-12-13T12:32:42.523" activeThreads="8">
  <mem-info id="2185" free="10009512" total="34471936" percent="29">
    <mem type="nursery" free="3663360" total="6029312" percent="60">
      <mem type="allocate" free="3663360" total="4325376" percent="84" />
      <mem type="survivor" free="0" total="1703936" percent="0" />
    </mem>
    <mem type="tenure" free="6346152" total="28442624" percent="22">
      <mem type="soa" free="4923816" total="27020288" percent="18" />
      <mem type="loa" free="1422336" total="1422336" percent="100" />
    </mem>
    <pending-finalizers system="0" default="0" reference="40" classloader="0" />
    <remembered-set count="1483" />
  </mem-info>
</gc-end>
<cycle-end id="2186" type="scavenge" contextid="2180" timestamp="2024-12-13T12:32:42.524" />
<allocation-satisfied id="2187" threadId="00000001291E6B00" bytesRequested="2168" />
<af-end id="2188" timestamp="2024-12-13T12:32:42.524" threadId="00000001291E7590" success="true" from="nursery"/>
<exclusive-end id="2189" timestamp="2024-12-13T12:32:42.524" durationms="0.838" />

<exclusive-start id="2190" timestamp="2024-12-13T12:32:42.538" intervalms="15.669">
  <response-info timems="0.107" idlems="0.049" threads="8" lastid="00000001388AD900" lastname="JIT Compilation Thread-000" />
</exclusive-start>
<af-start id="2191" threadId="0000000124047190" totalBytesRequested="64" timestamp="2024-12-13T12:32:42.538" intervalms="15.666" type="nursery" />
<cycle-start id="2192" type="scavenge" contextid="0" timestamp="2024-12-13T12:32:42.538" intervalms="15.648" />
<gc-start id="2193" type="scavenge" contextid="2192" timestamp="2024-12-13T12:32:42.539">
  <mem-info id="2194" free="6309552" total="34471936" percent="18">
    <mem type="nursery" free="0" total="6029312" percent="0">
      <mem type="allocate" free="0" total="4325376" percent="0" />
      <mem type="survivor" free="0" total="1703936" percent="0" />
    </mem>
    <mem type="tenure" free="6309552" total="28442624" percent="22">
      <mem type="soa" free="4887216" total="27020288" percent="18" />
      <mem type="loa" free="1422336" total="1422336" percent="100" />
    </mem>
    <remembered-set count="1961" />
  </mem-info>
</gc-start>
<allocation-stats totalBytes="3620456" discardedBytes="79504" >
  <allocated-bytes non-tlh="161120" tlh="3459336" />
  <largest-consumer threadName="Equinox start level thread - Equinox Container: c6926eca-9c4a-4aa9-968f-23fc721bf490" threadId="00000001291D8900" bytes="1429248" />
</allocation-stats>
<gc-op id="2195" type="scavenge" timems="0.720" contextid="2192" timestamp="2024-12-13T12:32:42.539">
  <scavenger-info tenureage="3" tenuremask="7ff8" tiltratio="71" />
  <memory-copied type="nursery" objects="11837" bytes="662152" bytesdiscarded="151568" />
  <memory-copied type="tenure" objects="3636" bytes="197352" bytesdiscarded="584" />
  <finalization candidates="1" enqueued="0" />
  <ownableSynchronizers candidates="450" cleared="90" />
  <references type="soft" candidates="488" cleared="0" enqueued="0" dynamicThreshold="9" maxThreshold="32" />
  <references type="weak" candidates="125" cleared="48" enqueued="48" />
  <references type="phantom" candidates="8" cleared="0" enqueued="0" />
  <object-monitors candidates="27" cleared="0"  />
</gc-op>
<gc-end id="2196" type="scavenge" contextid="2192" durationms="0.791" usertimems="3.467" systemtimems="0.472" stalltimems="2.021" timestamp="2024-12-13T12:32:42.539" activeThreads="7">
  <mem-info id="2197" free="9807448" total="34471936" percent="28">
    <mem type="nursery" free="3642368" total="6029312" percent="60">
      <mem type="allocate" free="3642368" total="4456448" percent="81" />
      <mem type="survivor" free="0" total="1572864" percent="0" />
    </mem>
    <mem type="tenure" free="6165080" total="28442624" percent="21">
      <mem type="soa" free="4742744" total="27020288" percent="17" />
      <mem type="loa" free="1422336" total="1422336" percent="100" />
    </mem>
    <pending-finalizers system="0" default="0" reference="48" classloader="0" />
    <remembered-set count="1486" />
  </mem-info>
</gc-end>
<cycle-end id="2198" type="scavenge" contextid="2192" timestamp="2024-12-13T12:32:42.539" />
<allocation-satisfied id="2199" threadId="0000000124046700" bytesRequested="64" />
<af-end id="2200" timestamp="2024-12-13T12:32:42.539" threadId="0000000124047190" success="true" from="nursery"/>
<exclusive-end id="2201" timestamp="2024-12-13T12:32:42.539" durationms="0.972" />

<exclusive-start id="2202" timestamp="2024-12-13T12:32:42.573" intervalms="34.309">
  <response-info timems="0.064" idlems="0.035" threads="8" lastid="00000001291D8900" lastname="Equinox start level thread - Equinox Container: c6926eca-9c4a-4" />
</exclusive-start>
<af-start id="2203" threadId="00000001291E7590" totalBytesRequested="66632" timestamp="2024-12-13T12:32:42.573" intervalms="34.321" type="nursery" />
<cycle-start id="2204" type="scavenge" contextid="0" timestamp="2024-12-13T12:32:42.573" intervalms="34.349" />
<gc-start id="2205" type="scavenge" contextid="2204" timestamp="2024-12-13T12:32:42.573">
  <mem-info id="2206" free="6173704" total="34471936" percent="17">
    <mem type="nursery" free="34624" total="6029312" percent="0">
      <mem type="allocate" free="34624" total="4456448" percent="0" />
      <mem type="survivor" free="0" total="1572864" percent="0" />
    </mem>
    <mem type="tenure" free="6139080" total="28442624" percent="21">
      <mem type="soa" free="4716744" total="27020288" percent="17" />
      <mem type="loa" free="1422336" total="1422336" percent="100" />
    </mem>
    <remembered-set count="1865" />
  </mem-info>
</gc-start>
<allocation-stats totalBytes="3579616" discardedBytes="54128" >
  <allocated-bytes non-tlh="250512" tlh="3329104" />
  <largest-consumer threadName="Equinox start level thread - Equinox Container: c6926eca-9c4a-4aa9-968f-23fc721bf490" threadId="00000001291D8900" bytes="1399424" />
</allocation-stats>
<gc-op id="2207" type="scavenge" timems="0.732" contextid="2204" timestamp="2024-12-13T12:32:42.574">
  <scavenger-info tenureage="3" tenuremask="7ff8" tiltratio="73" />
  <memory-copied type="nursery" objects="13715" bytes="822528" bytesdiscarded="144680" />
  <memory-copied type="tenure" objects="1627" bytes="92120" bytesdiscarded="784" />
  <finalization candidates="1" enqueued="0" />
  <ownableSynchronizers candidates="380" cleared="74" />
  <references type="soft" candidates="478" cleared="0" enqueued="0" dynamicThreshold="9" maxThreshold="32" />
  <references type="weak" candidates="141" cleared="49" enqueued="49" />
  <references type="phantom" candidates="13" cleared="0" enqueued="0" />
  <object-monitors candidates="27" cleared="0"  />
</gc-op>
<gc-end id="2208" type="scavenge" contextid="2204" durationms="0.796" usertimems="2.551" systemtimems="0.731" stalltimems="2.225" timestamp="2024-12-13T12:32:42.574" activeThreads="7">
  <mem-info id="2209" free="9602560" total="34471936" percent="27">
    <mem type="nursery" free="3620024" total="6029312" percent="60">
      <mem type="allocate" free="3620024" total="4587520" percent="78" />
      <mem type="survivor" free="0" total="1441792" percent="0" />
    </mem>
    <mem type="tenure" free="5982536" total="28442624" percent="21">
      <mem type="soa" free="4560200" total="27020288" percent="16" />
      <mem type="loa" free="1422336" total="1422336" percent="100" />
    </mem>
    <pending-finalizers system="0" default="0" reference="49" classloader="0" />
    <remembered-set count="1378" />
  </mem-info>
</gc-end>
<cycle-end id="2210" type="scavenge" contextid="2204" timestamp="2024-12-13T12:32:42.574" />
<allocation-satisfied id="2211" threadId="00000001291E6B00" bytesRequested="66632" />
<af-end id="2212" timestamp="2024-12-13T12:32:42.574" threadId="00000001291E7590" success="true" from="nursery"/>
<exclusive-end id="2213" timestamp="2024-12-13T12:32:42.574" durationms="1.018" />

<exclusive-start id="2214" timestamp="2024-12-13T12:32:42.603" intervalms="30.453">
  <response-info timems="0.047" idlems="0.035" threads="7" lastid="00000001291D8900" lastname="Equinox start level thread - Equinox Container: c6926eca-9c4a-4" />
</exclusive-start>
<af-start id="2215" threadId="00000001291DEF90" totalBytesRequested="528" timestamp="2024-12-13T12:32:42.603" intervalms="30.460" type="nursery" />
<cycle-start id="2216" type="scavenge" contextid="0" timestamp="2024-12-13T12:32:42.603" intervalms="30.456" />
<gc-start id="2217" type="scavenge" contextid="2216" timestamp="2024-12-13T12:32:42.603">
  <mem-info id="2218" free="5938456" total="34471936" percent="17">
    <mem type="nursery" free="0" total="6029312" percent="0">
      <mem type="allocate" free="0" total="4587520" percent="0" />
      <mem type="survivor" free="0" total="1441792" percent="0" />
    </mem>
    <mem type="tenure" free="5938456" total="28442624" percent="20">
      <mem type="soa" free="4516120" total="27020288" percent="16" />
      <mem type="loa" free="1422336" total="1422336" percent="100" />
    </mem>
    <remembered-set count="2013" />
  </mem-info>
</gc-start>
<allocation-stats totalBytes="3645368" discardedBytes="18736" >
  <allocated-bytes non-tlh="218280" tlh="3427088" />
  <largest-consumer threadName="Equinox start level thread - Equinox Container: c6926eca-9c4a-4aa9-968f-23fc721bf490" threadId="00000001291D8900" bytes="1353488" />
</allocation-stats>
<gc-op id="2219" type="scavenge" timems="0.731" contextid="2216" timestamp="2024-12-13T12:32:42.604">
  <scavenger-info tenureage="3" tenuremask="7ff8" tiltratio="76" />
  <memory-copied type="nursery" objects="15122" bytes="837296" bytesdiscarded="69312" />
  <memory-copied type="tenure" objects="4653" bytes="255976" bytesdiscarded="96" />
  <ownableSynchronizers candidates="523" cleared="68" />
  <references type="soft" candidates="358" cleared="0" enqueued="0" dynamicThreshold="9" maxThreshold="32" />
  <references type="weak" candidates="247" cleared="72" enqueued="68" />
  <references type="phantom" candidates="16" cleared="0" enqueued="0" />
  <object-monitors candidates="27" cleared="0"  />
</gc-op>
<gc-end id="2220" type="scavenge" contextid="2216" durationms="0.835" usertimems="4.425" systemtimems="0.478" stalltimems="1.634" timestamp="2024-12-13T12:32:42.604" activeThreads="7">
  <mem-info id="2221" free="9618456" total="34471936" percent="27">
    <mem type="nursery" free="3746048" total="6029312" percent="62">
      <mem type="allocate" free="3746048" total="4653056" percent="80" />
      <mem type="survivor" free="0" total="1376256" percent="0" />
    </mem>
    <mem type="tenure" free="5872408" total="28442624" percent="20">
      <mem type="soa" free="4450072" total="27020288" percent="16" />
      <mem type="loa" free="1422336" total="1422336" percent="100" />
    </mem>
    <pending-finalizers system="0" default="0" reference="68" classloader="0" />
    <remembered-set count="1477" />
  </mem-info>
</gc-end>
<cycle-end id="2222" type="scavenge" contextid="2216" timestamp="2024-12-13T12:32:42.604" />
<allocation-satisfied id="2223" threadId="00000001291DE500" bytesRequested="528" />
<af-end id="2224" timestamp="2024-12-13T12:32:42.604" threadId="00000001291DEF90" success="true" from="nursery"/>
<exclusive-end id="2225" timestamp="2024-12-13T12:32:42.604" durationms="1.109" />

<exclusive-start id="2226" timestamp="2024-12-13T12:32:42.627" intervalms="23.525">
  <response-info timems="0.054" idlems="0.023" threads="6" lastid="000000012900D500" lastname="JIT Compilation Thread-001" />
</exclusive-start>
<af-start id="2227" threadId="00000001291E7590" totalBytesRequested="13576" timestamp="2024-12-13T12:32:42.627" intervalms="23.506" type="nursery" />
<cycle-start id="2228" type="scavenge" contextid="0" timestamp="2024-12-13T12:32:42.627" intervalms="23.492" />
<gc-start id="2229" type="scavenge" contextid="2228" timestamp="2024-12-13T12:32:42.627">
  <mem-info id="2230" free="5845312" total="34471936" percent="16">
    <mem type="nursery" free="0" total="6029312" percent="0">
      <mem type="allocate" free="0" total="4653056" percent="0" />
      <mem type="survivor" free="0" total="1376256" percent="0" />
    </mem>
    <mem type="tenure" free="5845312" total="28442624" percent="20">
      <mem type="soa" free="4422976" total="27020288" percent="16" />
      <mem type="loa" free="1422336" total="1422336" percent="100" />
    </mem>
    <remembered-set count="1890" />
  </mem-info>
</gc-start>
<allocation-stats totalBytes="3750360" discardedBytes="22784" >
  <allocated-bytes non-tlh="537128" tlh="3213232" />
  <largest-consumer threadName="Equinox start level thread - Equinox Container: c6926eca-9c4a-4aa9-968f-23fc721bf490" threadId="00000001291DE500" bytes="1343576" />
</allocation-stats>
<gc-op id="2231" type="scavenge" timems="0.713" contextid="2228" timestamp="2024-12-13T12:32:42.628">
  <scavenger-info tenureage="3" tenuremask="7ff8" tiltratio="77" />
  <memory-copied type="nursery" objects="12924" bytes="751968" bytesdiscarded="130984" />
  <memory-copied type="tenure" objects="5157" bytes="279824" bytesdiscarded="208" />
  <ownableSynchronizers candidates="512" cleared="72" />
  <references type="soft" candidates="262" cleared="0" enqueued="0" dynamicThreshold="9" maxThreshold="32" />
  <references type="weak" candidates="190" cleared="31" enqueued="31" />
  <references type="phantom" candidates="14" cleared="0" enqueued="0" />
  <object-monitors candidates="27" cleared="0"  />
</gc-op>
<gc-end id="2232" type="scavenge" contextid="2228" durationms="0.797" usertimems="3.100" systemtimems="0.578" stalltimems="1.462" timestamp="2024-12-13T12:32:42.628" activeThreads="7">
  <mem-info id="2233" free="9285880" total="34471936" percent="26">
    <mem type="nursery" free="3835320" total="6029312" percent="63">
      <mem type="allocate" free="3835320" total="4718592" percent="81" />
      <mem type="survivor" free="0" total="1310720" percent="0" />
    </mem>
    <mem type="tenure" free="5450560" total="28442624" percent="19">
      <mem type="soa" free="4028224" total="27020288" percent="14" />
      <mem type="loa" free="1422336" total="1422336" percent="100" />
    </mem>
    <pending-finalizers system="0" default="0" reference="31" classloader="0" />
    <remembered-set count="1539" />
  </mem-info>
</gc-end>
<cycle-end id="2234" type="scavenge" contextid="2228" timestamp="2024-12-13T12:32:42.628" />
<allocation-satisfied id="2235" threadId="00000001291E6B00" bytesRequested="13576" />
<af-end id="2236" timestamp="2024-12-13T12:32:42.628" threadId="00000001291E7590" success="true" from="nursery"/>
<exclusive-end id="2237" timestamp="2024-12-13T12:32:42.628" durationms="1.005" />

<exclusive-start id="2238" timestamp="2024-12-13T12:32:42.645" intervalms="18.540">
  <response-info timems="0.051" idlems="0.044" threads="4" lastid="00000001291D8900" lastname="Equinox start level thread - Equinox Container: c6926eca-9c4a-4" />
</exclusive-start>
<af-start id="2239" threadId="00000001291E7590" totalBytesRequested="2072" timestamp="2024-12-13T12:32:42.645" intervalms="18.554" type="nursery" />
<cycle-start id="2240" type="scavenge" contextid="0" timestamp="2024-12-13T12:32:42.645" intervalms="18.553" />
<gc-start id="2241" type="scavenge" contextid="2240" timestamp="2024-12-13T12:32:42.645">
  <mem-info id="2242" free="5356360" total="34471936" percent="15">
    <mem type="nursery" free="0" total="6029312" percent="0">
      <mem type="allocate" free="0" total="4718592" percent="0" />
      <mem type="survivor" free="0" total="1310720" percent="0" />
    </mem>
    <mem type="tenure" free="5356360" total="28442624" percent="18">
      <mem type="soa" free="3934024" total="27020288" percent="14" />
      <mem type="loa" free="1422336" total="1422336" percent="100" />
    </mem>
    <remembered-set count="2617" />
  </mem-info>
</gc-start>
<allocation-stats totalBytes="3894280" discardedBytes="35240" >
  <allocated-bytes non-tlh="447664" tlh="3446616" />
  <largest-consumer threadName="Equinox start level thread - Equinox Container: c6926eca-9c4a-4aa9-968f-23fc721bf490" threadId="00000001291E6B00" bytes="1529120" />
</allocation-stats>
<gc-op id="2243" type="scavenge" timems="0.764" contextid="2240" timestamp="2024-12-13T12:32:42.646">
  <scavenger-info tenureage="3" tenuremask="7ff8" tiltratio="78" />
  <memory-copied type="nursery" objects="15566" bytes="1292512" bytesdiscarded="17936" />
  <memory-copied type="tenure" objects="4769" bytes="329456" bytesdiscarded="176" />
  <copy-failed type="nursery" objects="1483" bytes="151584" />
  <ownableSynchronizers candidates="465" cleared="51" />
  <references type="soft" candidates="197" cleared="0" enqueued="0" dynamicThreshold="9" maxThreshold="32" />
  <references type="weak" candidates="209" cleared="43" enqueued="43" />
  <references type="phantom" candidates="11" cleared="0" enqueued="0" />
  <object-monitors candidates="27" cleared="0"  />
</gc-op>
<gc-end id="2244" type="scavenge" contextid="2240" durationms="0.830" usertimems="3.294" systemtimems="0.525" stalltimems="1.534" timestamp="2024-12-13T12:32:42.646" activeThreads="7">
  <mem-info id="2245" free="7183616" total="34471936" percent="20">
    <mem type="nursery" free="2228224" total="6029312" percent="36">
      <mem type="allocate" free="2228224" total="3538944" percent="62" />
      <mem type="survivor" free="0" total="2490368" percent="0" />
    </mem>
    <mem type="tenure" free="4955392" total="28442624" percent="17">
      <mem type="soa" free="3533056" total="27020288" percent="13" />
      <mem type="loa" free="1422336" total="1422336" percent="100" />
    </mem>
    <pending-finalizers system="0" default="0" reference="43" classloader="0" />
    <remembered-set count="2283" />
  </mem-info>
</gc-end>
<cycle-end id="2246" type="scavenge" contextid="2240" timestamp="2024-12-13T12:32:42.646" />
<allocation-satisfied id="2247" threadId="00000001291E6B00" bytesRequested="2072" />
<af-end id="2248" timestamp="2024-12-13T12:32:42.646" threadId="00000001291E7590" success="true" from="nursery"/>
<exclusive-end id="2249" timestamp="2024-12-13T12:32:42.646" durationms="1.047" />

<exclusive-start id="2250" timestamp="2024-12-13T12:32:42.653" intervalms="7.345">
  <response-info timems="0.048" idlems="0.028" threads="5" lastid="00000001388AD900" lastname="JIT Compilation Thread-000" />
</exclusive-start>
<af-start id="2251" threadId="00000001291E7590" totalBytesRequested="560" timestamp="2024-12-13T12:32:42.653" intervalms="7.331" type="nursery" />
<cycle-start id="2252" type="scavenge" contextid="0" timestamp="2024-12-13T12:32:42.653" intervalms="7.326" />
<gc-start id="2253" type="scavenge" contextid="2252" timestamp="2024-12-13T12:32:42.653">
  <mem-info id="2254" free="4944832" total="34471936" percent="14">
    <mem type="nursery" free="0" total="6029312" percent="0">
      <mem type="allocate" free="0" total="3538944" percent="0" />
      <mem type="survivor" free="0" total="2490368" percent="0" />
    </mem>
    <mem type="tenure" free="4944832" total="28442624" percent="17">
      <mem type="soa" free="3522496" total="27020288" percent="13" />
      <mem type="loa" free="1422336" total="1422336" percent="100" />
    </mem>
    <remembered-set count="2494" />
  </mem-info>
</gc-start>
<allocation-stats totalBytes="2235000" discardedBytes="3784" >
  <allocated-bytes non-tlh="12632" tlh="2222368" />
  <largest-consumer threadName="Equinox start level thread - Equinox Container: c6926eca-9c4a-4aa9-968f-23fc721bf490" threadId="00000001291E6B00" bytes="1188856" />
</allocation-stats>
<gc-op id="2255" type="scavenge" timems="0.700" contextid="2252" timestamp="2024-12-13T12:32:42.653">
  <scavenger-info tenureage="2" tenuremask="7ffc" tiltratio="58" />
  <memory-copied type="nursery" objects="7421" bytes="426272" bytesdiscarded="271792" />
  <memory-copied type="tenure" objects="8481" bytes="471552" bytesdiscarded="456" />
  <ownableSynchronizers candidates="402" cleared="30" />
  <references type="soft" candidates="72" cleared="0" enqueued="0" dynamicThreshold="9" maxThreshold="32" />
  <references type="weak" candidates="66" cleared="16" enqueued="16" />
  <references type="phantom" candidates="8" cleared="0" enqueued="0" />
  <object-monitors candidates="28" cleared="0"  />
</gc-op>
<heap-resize id="2256" type="expand" space="nursery" amount="393216" count="1" timems="0.018" reason="excessive time being spent scavenging" timestamp="2024-12-13T12:32:42.653" />
<gc-end id="2257" type="scavenge" contextid="2252" durationms="0.793" usertimems="5.554" systemtimems="0.665" stalltimems="2.159" timestamp="2024-12-13T12:32:42.653" activeThreads="8">
  <mem-info id="2258" free="7868168" total="34865152" percent="22">
    <mem type="nursery" free="3233880" total="6422528" percent="50">
      <mem type="allocate" free="3233880" total="3932160" percent="82" />
      <mem type="survivor" free="0" total="2490368" percent="0" />
    </mem>
    <mem type="tenure" free="4634288" total="28442624" percent="16">
      <mem type="soa" free="3211952" total="27020288" percent="11" />
      <mem type="loa" free="1422336" total="1422336" percent="100" />
    </mem>
    <pending-finalizers system="0" default="0" reference="16" classloader="0" />
    <remembered-set count="1669" />
  </mem-info>
</gc-end>
<cycle-end id="2259" type="scavenge" contextid="2252" timestamp="2024-12-13T12:32:42.653" />
<allocation-satisfied id="2260" threadId="00000001291E6B00" bytesRequested="560" />
<af-end id="2261" timestamp="2024-12-13T12:32:42.654" threadId="00000001291E7590" success="true" from="nursery"/>
<exclusive-end id="2262" timestamp="2024-12-13T12:32:42.654" durationms="0.965" />

<exclusive-start id="2263" timestamp="2024-12-13T12:32:42.680" intervalms="26.960">
  <response-info timems="0.037" idlems="0.021" threads="4" lastid="00000001388AD900" lastname="JIT Compilation Thread-000" />
</exclusive-start>
<af-start id="2264" threadId="00000001291D9390" totalBytesRequested="1376" timestamp="2024-12-13T12:32:42.680" intervalms="26.963" type="nursery" />
<cycle-start id="2265" type="scavenge" contextid="0" timestamp="2024-12-13T12:32:42.680" intervalms="26.969" />
<gc-start id="2266" type="scavenge" contextid="2265" timestamp="2024-12-13T12:32:42.680">
  <mem-info id="2267" free="4586680" total="34865152" percent="13">
    <mem type="nursery" free="0" total="6422528" percent="0">
      <mem type="allocate" free="0" total="3932160" percent="0" />
      <mem type="survivor" free="0" total="2490368" percent="0" />
    </mem>
    <mem type="tenure" free="4586680" total="28442624" percent="16">
      <mem type="soa" free="3164344" total="27020288" percent="11" />
      <mem type="loa" free="1422336" total="1422336" percent="100" />
    </mem>
    <remembered-set count="2414" />
  </mem-info>
</gc-start>
<allocation-stats totalBytes="3248440" discardedBytes="33048" >
  <allocated-bytes non-tlh="401768" tlh="2846672" />
  <largest-consumer threadName="Equinox start level thread - Equinox Container: c6926eca-9c4a-4aa9-968f-23fc721bf490" threadId="00000001291DE500" bytes="1245824" />
</allocation-stats>
<gc-op id="2268" type="scavenge" timems="0.600" contextid="2265" timestamp="2024-12-13T12:32:42.680">
  <scavenger-info tenureage="2" tenuremask="7ffc" tiltratio="61" />
  <memory-copied type="nursery" objects="7784" bytes="459032" bytesdiscarded="301096" />
  <memory-copied type="tenure" objects="3235" bytes="162992" bytesdiscarded="184" />
  <ownableSynchronizers candidates="255" cleared="25" />
  <references type="soft" candidates="177" cleared="0" enqueued="0" dynamicThreshold="9" maxThreshold="32" />
  <references type="weak" candidates="137" cleared="64" enqueued="60" />
  <references type="phantom" candidates="12" cleared="0" enqueued="0" />
  <object-monitors candidates="28" cleared="0"  />
</gc-op>
<gc-end id="2269" type="scavenge" contextid="2265" durationms="0.666" usertimems="3.304" systemtimems="0.491" stalltimems="1.966" timestamp="2024-12-13T12:32:42.680" activeThreads="8">
  <mem-info id="2270" free="7979640" total="34865152" percent="22">
    <mem type="nursery" free="3696064" total="6422528" percent="57">
      <mem type="allocate" free="3696064" total="4456448" percent="82" />
      <mem type="survivor" free="0" total="1966080" percent="0" />
    </mem>
    <mem type="tenure" free="4283576" total="28442624" percent="15">
      <mem type="soa" free="2861240" total="27020288" percent="10" />
      <mem type="loa" free="1422336" total="1422336" percent="100" />
    </mem>
    <pending-finalizers system="0" default="0" reference="60" classloader="0" />
    <remembered-set count="1275" />
  </mem-info>
</gc-end>
<cycle-end id="2271" type="scavenge" contextid="2265" timestamp="2024-12-13T12:32:42.680" />
<allocation-satisfied id="2272" threadId="00000001291D8900" bytesRequested="1376" />
<af-end id="2273" timestamp="2024-12-13T12:32:42.680" threadId="00000001291D9390" success="true" from="nursery"/>
<exclusive-end id="2274" timestamp="2024-12-13T12:32:42.680" durationms="0.858" />

<exclusive-start id="2275" timestamp="2024-12-13T12:32:42.769" intervalms="89.195">
  <response-info timems="0.028" idlems="0.012" threads="5" lastid="000000012900D500" lastname="JIT Compilation Thread-001" />
</exclusive-start>
<af-start id="2276" threadId="00000001291DEF90" totalBytesRequested="30448" timestamp="2024-12-13T12:32:42.769" intervalms="89.198" type="nursery" />
<cycle-start id="2277" type="scavenge" contextid="0" timestamp="2024-12-13T12:32:42.769" intervalms="89.213" />
<gc-start id="2278" type="scavenge" contextid="2277" timestamp="2024-12-13T12:32:42.769">
  <mem-info id="2279" free="4197624" total="34865152" percent="12">
    <mem type="nursery" free="0" total="6422528" percent="0">
      <mem type="allocate" free="0" total="4456448" percent="0" />
      <mem type="survivor" free="0" total="1966080" percent="0" />
    </mem>
    <mem type="tenure" free="4197624" total="28442624" percent="14">
      <mem type="soa" free="2775288" total="27020288" percent="10" />
      <mem type="loa" free="1422336" total="1422336" percent="100" />
    </mem>
    <remembered-set count="2546" />
  </mem-info>
</gc-start>
<allocation-stats totalBytes="3703288" discardedBytes="78728" >
  <allocated-bytes non-tlh="87328" tlh="3615960" />
  <largest-consumer threadName="Equinox start level thread - Equinox Container: c6926eca-9c4a-4aa9-968f-23fc721bf490" threadId="00000001291DE500" bytes="2018264" />
</allocation-stats>
<gc-op id="2280" type="scavenge" timems="0.683" contextid="2277" timestamp="2024-12-13T12:32:42.770">
  <scavenger-info tenureage="2" tenuremask="7ffc" tiltratio="69" />
  <memory-copied type="nursery" objects="7821" bytes="462080" bytesdiscarded="126440" />
  <memory-copied type="tenure" objects="3594" bytes="220824" bytesdiscarded="280" />
  <ownableSynchronizers candidates="239" cleared="20" />
  <references type="soft" candidates="362" cleared="0" enqueued="0" dynamicThreshold="9" maxThreshold="32" />
  <references type="weak" candidates="209" cleared="93" enqueued="89" />
  <references type="phantom" candidates="11" cleared="0" enqueued="0" />
  <object-monitors candidates="28" cleared="0"  />
</gc-op>
<gc-end id="2281" type="scavenge" contextid="2277" durationms="0.788" usertimems="4.350" systemtimems="0.823" stalltimems="2.258" timestamp="2024-12-13T12:32:42.770" activeThreads="8">
  <mem-info id="2282" free="8209848" total="34865152" percent="23">
    <mem type="nursery" free="4129808" total="6422528" percent="64">
      <mem type="allocate" free="4129808" total="4718592" percent="87" />
      <mem type="survivor" free="0" total="1703936" percent="0" />
    </mem>
    <mem type="tenure" free="4080040" total="28442624" percent="14">
      <mem type="soa" free="2657704" total="27020288" percent="9" />
      <mem type="loa" free="1422336" total="1422336" percent="100" />
    </mem>
    <pending-finalizers system="0" default="0" reference="89" classloader="0" />
    <remembered-set count="2297" />
  </mem-info>
</gc-end>
<cycle-end id="2283" type="scavenge" contextid="2277" timestamp="2024-12-13T12:32:42.770" />
<allocation-satisfied id="2284" threadId="00000001291DE500" bytesRequested="30448" />
<af-end id="2285" timestamp="2024-12-13T12:32:42.770" threadId="00000001291DEF90" success="true" from="nursery"/>
<exclusive-end id="2286" timestamp="2024-12-13T12:32:42.770" durationms="1.056" />

<exclusive-start id="2287" timestamp="2024-12-13T12:32:42.884" intervalms="115.178">
  <response-info timems="0.009" idlems="0.009" threads="0" lastid="00000001291E6B00" lastname="Equinox start level thread - Equinox Container: c6926eca-9c4a-4" />
</exclusive-start>
<af-start id="2288" threadId="00000001291E7590" totalBytesRequested="824" timestamp="2024-12-13T12:32:42.884" intervalms="115.197" type="nursery" />
<cycle-start id="2289" type="scavenge" contextid="0" timestamp="2024-12-13T12:32:42.884" intervalms="115.186" />
<gc-start id="2290" type="scavenge" contextid="2289" timestamp="2024-12-13T12:32:42.884">
  <mem-info id="2291" free="4022424" total="34865152" percent="11">
    <mem type="nursery" free="0" total="6422528" percent="0">
      <mem type="allocate" free="0" total="4718592" percent="0" />
      <mem type="survivor" free="0" total="1703936" percent="0" />
    </mem>
    <mem type="tenure" free="4022424" total="28442624" percent="14">
      <mem type="soa" free="2600088" total="27020288" percent="9" />
      <mem type="loa" free="1422336" total="1422336" percent="100" />
    </mem>
    <remembered-set count="3081" />
  </mem-info>
</gc-start>
<allocation-stats totalBytes="4180272" discardedBytes="7152" >
  <allocated-bytes non-tlh="88064" tlh="4092208" />
  <largest-consumer threadName="Equinox start level thread - Equinox Container: c6926eca-9c4a-4aa9-968f-23fc721bf490" threadId="00000001291DE500" bytes="3727608" />
</allocation-stats>
<gc-op id="2292" type="scavenge" timems="0.745" contextid="2289" timestamp="2024-12-13T12:32:42.885">
  <scavenger-info tenureage="3" tenuremask="7ff8" tiltratio="73" />
  <memory-copied type="nursery" objects="10374" bytes="644800" bytesdiscarded="142984" />
  <ownableSynchronizers candidates="325" cleared="39" />
  <references type="soft" candidates="458" cleared="0" enqueued="0" dynamicThreshold="9" maxThreshold="32" />
  <references type="weak" candidates="247" cleared="73" enqueued="73" />
  <references type="phantom" candidates="23" cleared="0" enqueued="0" />
  <object-monitors candidates="28" cleared="0"  />
</gc-op>
<gc-end id="2293" type="scavenge" contextid="2289" durationms="0.820" usertimems="9.833" systemtimems="1.070" stalltimems="2.607" timestamp="2024-12-13T12:32:42.885" activeThreads="8">
  <mem-info id="2294" free="8083848" total="34865152" percent="23">
    <mem type="nursery" free="4061424" total="6422528" percent="63">
      <mem type="allocate" free="4061424" total="4849664" percent="83" />
      <mem type="survivor" free="0" total="1572864" percent="0" />
    </mem>
    <mem type="tenure" free="4022424" total="28442624" percent="14">
      <mem type="soa" free="2600088" total="27020288" percent="9" />
      <mem type="loa" free="1422336" total="1422336" percent="100" />
    </mem>
    <pending-finalizers system="0" default="0" reference="73" classloader="0" />
    <remembered-set count="2503" />
  </mem-info>
</gc-end>
<cycle-end id="2295" type="scavenge" contextid="2289" timestamp="2024-12-13T12:32:42.885" />
<allocation-satisfied id="2296" threadId="00000001291E6B00" bytesRequested="824" />
<af-end id="2297" timestamp="2024-12-13T12:32:42.885" threadId="00000001291E7590" success="true" from="nursery"/>
<exclusive-end id="2298" timestamp="2024-12-13T12:32:42.885" durationms="1.047" />

<exclusive-start id="2299" timestamp="2024-12-13T12:32:43.028" intervalms="143.877">
  <response-info timems="0.013" idlems="0.006" threads="2" lastid="00000001388B6700" lastname="JIT Compilation Thread-002" />
</exclusive-start>
<af-start id="2300" threadId="00000001291E7590" totalBytesRequested="2064" timestamp="2024-12-13T12:32:43.028" intervalms="143.875" type="nursery" />
<cycle-start id="2301" type="scavenge" contextid="0" timestamp="2024-12-13T12:32:43.028" intervalms="143.889" />
<gc-start id="2302" type="scavenge" contextid="2301" timestamp="2024-12-13T12:32:43.028">
  <mem-info id="2303" free="3986752" total="34865152" percent="11">
    <mem type="nursery" free="0" total="6422528" percent="0">
      <mem type="allocate" free="0" total="4849664" percent="0" />
      <mem type="survivor" free="0" total="1572864" percent="0" />
    </mem>
    <mem type="tenure" free="3986752" total="28442624" percent="14">
      <mem type="soa" free="2564416" total="27020288" percent="9" />
      <mem type="loa" free="1422336" total="1422336" percent="100" />
    </mem>
    <remembered-set count="2990" />
  </mem-info>
</gc-start>
<allocation-stats totalBytes="4091624" discardedBytes="5472" >
  <allocated-bytes non-tlh="36496" tlh="4055128" />
  <largest-consumer threadName="Equinox start level thread - Equinox Container: c6926eca-9c4a-4aa9-968f-23fc721bf490" threadId="00000001291E6B00" bytes="4091624" />
</allocation-stats>
<gc-op id="2304" type="scavenge" timems="0.939" contextid="2301" timestamp="2024-12-13T12:32:43.029">
  <scavenger-info tenureage="3" tenuremask="7ff8" tiltratio="75" />
  <memory-copied type="nursery" objects="14642" bytes="911352" bytesdiscarded="266488" />
  <memory-copied type="tenure" objects="3028" bytes="187520" bytesdiscarded="88" />
  <ownableSynchronizers candidates="559" cleared="110" />
  <references type="soft" candidates="466" cleared="0" enqueued="0" dynamicThreshold="9" maxThreshold="32" />
  <references type="weak" candidates="205" cleared="55" enqueued="55" />
  <references type="phantom" candidates="16" cleared="1" enqueued="1" />
  <object-monitors candidates="28" cleared="0"  />
</gc-op>
<gc-end id="2305" type="scavenge" contextid="2301" durationms="1.072" usertimems="8.065" systemtimems="0.810" stalltimems="2.077" timestamp="2024-12-13T12:32:43.029" activeThreads="7">
  <mem-info id="2306" free="7551920" total="34865152" percent="21">
    <mem type="nursery" free="3802488" total="6422528" percent="59">
      <mem type="allocate" free="3802488" total="4980736" percent="76" />
      <mem type="survivor" free="0" total="1441792" percent="0" />
    </mem>
    <mem type="tenure" free="3749432" total="28442624" percent="13">
      <mem type="soa" free="2327096" total="27020288" percent="8" />
      <mem type="loa" free="1422336" total="1422336" percent="100" />
    </mem>
    <pending-finalizers system="0" default="0" reference="56" classloader="0" />
    <remembered-set count="1855" />
  </mem-info>
</gc-end>
<cycle-end id="2307" type="scavenge" contextid="2301" timestamp="2024-12-13T12:32:43.029" />
<allocation-satisfied id="2308" threadId="00000001291E6B00" bytesRequested="2064" />
<af-end id="2309" timestamp="2024-12-13T12:32:43.029" threadId="00000001291E7590" success="true" from="nursery"/>
<exclusive-end id="2310" timestamp="2024-12-13T12:32:43.029" durationms="1.396" />

<exclusive-start id="2311" timestamp="2024-12-13T12:32:43.156" intervalms="128.348">
  <response-info timems="0.078" idlems="0.048" threads="3" lastid="00000001388C2900" lastname="JIT Compilation Thread-003" />
</exclusive-start>
<af-start id="2312" threadId="0000000125894B90" totalBytesRequested="3736" timestamp="2024-12-13T12:32:43.156" intervalms="128.336" type="nursery" />
<cycle-start id="2313" type="scavenge" contextid="0" timestamp="2024-12-13T12:32:43.156" intervalms="128.346" />
<gc-start id="2314" type="scavenge" contextid="2313" timestamp="2024-12-13T12:32:43.156">
  <mem-info id="2315" free="3720656" total="34865152" percent="10">
    <mem type="nursery" free="0" total="6422528" percent="0">
      <mem type="allocate" free="0" total="4980736" percent="0" />
      <mem type="survivor" free="0" total="1441792" percent="0" />
    </mem>
    <mem type="tenure" free="3720656" total="28442624" percent="13">
      <mem type="soa" free="2298320" total="27020288" percent="8" />
      <mem type="loa" free="1422336" total="1422336" percent="100" />
    </mem>
    <remembered-set count="2247" />
  </mem-info>
</gc-start>
<allocation-stats totalBytes="3796448" discardedBytes="34816" >
  <allocated-bytes non-tlh="49712" tlh="3746736" />
  <largest-consumer threadName="Equinox start level thread - Equinox Container: c6926eca-9c4a-4aa9-968f-23fc721bf490" threadId="00000001291E6B00" bytes="2539520" />
</allocation-stats>
<gc-op id="2316" type="scavenge" timems="0.739" contextid="2313" timestamp="2024-12-13T12:32:43.157">
  <scavenger-info tenureage="3" tenuremask="7ff8" tiltratio="77" />
  <memory-copied type="nursery" objects="10064" bytes="635336" bytesdiscarded="118368" />
  <memory-copied type="tenure" objects="3543" bytes="199376" bytesdiscarded="344" />
  <ownableSynchronizers candidates="396" cleared="7" />
  <references type="soft" candidates="286" cleared="0" enqueued="0" dynamicThreshold="9" maxThreshold="32" />
  <references type="weak" candidates="206" cleared="51" enqueued="51" />
  <references type="phantom" candidates="32" cleared="0" enqueued="0" />
  <object-monitors candidates="28" cleared="0"  />
</gc-op>
<gc-end id="2317" type="scavenge" contextid="2313" durationms="0.844" usertimems="3.198" systemtimems="0.617" stalltimems="1.627" timestamp="2024-12-13T12:32:43.157" activeThreads="7">
  <mem-info id="2318" free="7858480" total="34865152" percent="22">
    <mem type="nursery" free="4357744" total="6422528" percent="67">
      <mem type="allocate" free="4357744" total="5111808" percent="85" />
      <mem type="survivor" free="0" total="1310720" percent="0" />
    </mem>
    <mem type="tenure" free="3500736" total="28442624" percent="12">
      <mem type="soa" free="2078400" total="27020288" percent="7" />
      <mem type="loa" free="1422336" total="1422336" percent="100" />
    </mem>
    <pending-finalizers system="0" default="0" reference="51" classloader="0" />
    <remembered-set count="1405" />
  </mem-info>
</gc-end>
<cycle-end id="2319" type="scavenge" contextid="2313" timestamp="2024-12-13T12:32:43.157" />
<allocation-satisfied id="2320" threadId="0000000125894100" bytesRequested="3736" />
<af-end id="2321" timestamp="2024-12-13T12:32:43.157" threadId="0000000125894B90" success="true" from="nursery"/>
<exclusive-end id="2322" timestamp="2024-12-13T12:32:43.157" durationms="1.171" />

<exclusive-start id="2323" timestamp="2024-12-13T12:32:43.330" intervalms="174.129">
  <response-info timems="2.732" idlems="0.933" threads="2" lastid="00000001388CC900" lastname="JIT Compilation Thread-004" />
</exclusive-start>
<af-start id="2324" threadId="0000000125894B90" totalBytesRequested="672" timestamp="2024-12-13T12:32:43.330" intervalms="174.132" type="nursery" />
<cycle-start id="2325" type="scavenge" contextid="0" timestamp="2024-12-13T12:32:43.330" intervalms="174.120" />
<gc-start id="2326" type="scavenge" contextid="2325" timestamp="2024-12-13T12:32:43.330">
  <mem-info id="2327" free="3417832" total="34865152" percent="9">
    <mem type="nursery" free="0" total="6422528" percent="0">
      <mem type="allocate" free="0" total="5111808" percent="0" />
      <mem type="survivor" free="0" total="1310720" percent="0" />
    </mem>
    <mem type="tenure" free="3417832" total="28442624" percent="12">
      <mem type="soa" free="1995496" total="27020288" percent="7" />
      <mem type="loa" free="1422336" total="1422336" percent="100" />
    </mem>
    <remembered-set count="2304" />
  </mem-info>
</gc-start>
<allocation-stats totalBytes="4436144" discardedBytes="4504" >
  <allocated-bytes non-tlh="169192" tlh="4266952" />
  <largest-consumer threadName="Default Executor-thread-3" threadId="0000000125894100" bytes="4432048" />
</allocation-stats>
<gc-op id="2328" type="scavenge" timems="0.605" contextid="2325" timestamp="2024-12-13T12:32:43.331">
  <scavenger-info tenureage="3" tenuremask="7ff8" tiltratio="79" />
  <memory-copied type="nursery" objects="8736" bytes="638080" bytesdiscarded="271688" />
  <memory-copied type="tenure" objects="3323" bytes="228256" bytesdiscarded="808" />
  <finalization candidates="1" enqueued="0" />
  <ownableSynchronizers candidates="357" cleared="25" />
  <references type="soft" candidates="230" cleared="0" enqueued="0" dynamicThreshold="9" maxThreshold="32" />
  <references type="weak" candidates="307" cleared="82" enqueued="74" />
  <references type="phantom" candidates="24" cleared="0" enqueued="0" />
  <object-monitors candidates="28" cleared="0"  />
</gc-op>
<gc-end id="2329" type="scavenge" contextid="2325" durationms="0.675" usertimems="2.395" systemtimems="0.588" stalltimems="1.478" timestamp="2024-12-13T12:32:43.331" activeThreads="7">
  <mem-info id="2330" free="7357320" total="34865152" percent="21">
    <mem type="nursery" free="4266888" total="6422528" percent="66">
      <mem type="allocate" free="4266888" total="5177344" percent="82" />
      <mem type="survivor" free="0" total="1245184" percent="0" />
    </mem>
    <mem type="tenure" free="3090432" total="28442624" percent="10">
      <mem type="soa" free="1668096" total="27020288" percent="6" />
      <mem type="loa" free="1422336" total="1422336" percent="100" />
    </mem>
    <pending-finalizers system="0" default="0" reference="74" classloader="0" />
    <remembered-set count="1687" />
  </mem-info>
</gc-end>
<cycle-end id="2331" type="scavenge" contextid="2325" timestamp="2024-12-13T12:32:43.331" />
<allocation-satisfied id="2332" threadId="0000000125894100" bytesRequested="672" />
<af-end id="2333" timestamp="2024-12-13T12:32:43.331" threadId="0000000125894B90" success="true" from="nursery"/>
<exclusive-end id="2334" timestamp="2024-12-13T12:32:43.331" durationms="0.968" />

<exclusive-start id="2335" timestamp="2024-12-13T12:32:43.531" intervalms="201.096">
  <response-info timems="0.061" idlems="0.048" threads="1" lastid="0000000129020300" lastname="IProfiler" />
</exclusive-start>
<af-start id="2336" threadId="0000000125894B90" totalBytesRequested="41592" timestamp="2024-12-13T12:32:43.531" intervalms="201.091" type="nursery" />
<cycle-start id="2337" type="scavenge" contextid="0" timestamp="2024-12-13T12:32:43.531" intervalms="201.079" />
<gc-start id="2338" type="scavenge" contextid="2337" timestamp="2024-12-13T12:32:43.531">
  <mem-info id="2339" free="3002232" total="34865152" percent="8">
    <mem type="nursery" free="0" total="6422528" percent="0">
      <mem type="allocate" free="0" total="5177344" percent="0" />
      <mem type="survivor" free="0" total="1245184" percent="0" />
    </mem>
    <mem type="tenure" free="3002232" total="28442624" percent="10">
      <mem type="soa" free="1579896" total="27020288" percent="5" />
      <mem type="loa" free="1422336" total="1422336" percent="100" />
    </mem>
    <remembered-set count="2764" />
  </mem-info>
</gc-start>
<allocation-stats totalBytes="4336504" discardedBytes="18584" >
  <allocated-bytes non-tlh="88872" tlh="4247632" />
  <largest-consumer threadName="Default Executor-thread-3" threadId="0000000125894100" bytes="3859720" />
</allocation-stats>
<gc-op id="2340" type="scavenge" timems="0.702" contextid="2337" timestamp="2024-12-13T12:32:43.532">
  <scavenger-info tenureage="3" tenuremask="7ff8" tiltratio="80" />
  <memory-copied type="nursery" objects="6816" bytes="608648" bytesdiscarded="341536" />
  <memory-copied type="tenure" objects="4842" bytes="267952" bytesdiscarded="8" />
  <finalization candidates="2" enqueued="0" />
  <ownableSynchronizers candidates="290" cleared="4" />
  <references type="soft" candidates="167" cleared="0" enqueued="0" dynamicThreshold="9" maxThreshold="32" />
  <references type="weak" candidates="428" cleared="98" enqueued="95" />
  <references type="phantom" candidates="32" cleared="0" enqueued="0" />
  <object-monitors candidates="28" cleared="0"  />
</gc-op>
<gc-end id="2341" type="scavenge" contextid="2337" durationms="0.795" usertimems="3.755" systemtimems="0.669" stalltimems="1.829" timestamp="2024-12-13T12:32:43.532" activeThreads="7">
  <mem-info id="2342" free="7206384" total="34865152" percent="20">
    <mem type="nursery" free="4357256" total="6422528" percent="67">
      <mem type="allocate" free="4357256" total="5308416" percent="82" />
      <mem type="survivor" free="0" total="1114112" percent="0" />
    </mem>
    <mem type="tenure" free="2849128" total="28442624" percent="10">
      <mem type="soa" free="1426792" total="27020288" percent="5" />
      <mem type="loa" free="1422336" total="1422336" percent="100" />
    </mem>
    <pending-finalizers system="0" default="0" reference="95" classloader="0" />
    <remembered-set count="2275" />
  </mem-info>
</gc-end>
<cycle-end id="2343" type="scavenge" contextid="2337" timestamp="2024-12-13T12:32:43.532" />
<allocation-satisfied id="2344" threadId="0000000125894100" bytesRequested="41592" />
<af-end id="2345" timestamp="2024-12-13T12:32:43.532" threadId="0000000125894B90" success="true" from="nursery"/>
<exclusive-end id="2346" timestamp="2024-12-13T12:32:43.532" durationms="1.058" />

<exclusive-start id="2347" timestamp="2024-12-13T12:32:43.654" intervalms="122.687">
  <response-info timems="0.076" idlems="0.041" threads="1" lastid="00000001388C2900" lastname="JIT Compilation Thread-003" />
</exclusive-start>
<af-start id="2348" threadId="0000000125894B90" totalBytesRequested="1224" timestamp="2024-12-13T12:32:43.654" intervalms="122.683" type="nursery" />
<cycle-start id="2349" type="scavenge" contextid="0" timestamp="2024-12-13T12:32:43.654" intervalms="122.694" />
<gc-start id="2350" type="scavenge" contextid="2349" timestamp="2024-12-13T12:32:43.654">
  <mem-info id="2351" free="2770440" total="34865152" percent="7">
    <mem type="nursery" free="0" total="6422528" percent="0">
      <mem type="allocate" free="0" total="5308416" percent="0" />
      <mem type="survivor" free="0" total="1114112" percent="0" />
    </mem>
    <mem type="tenure" free="2770440" total="28442624" percent="9">
      <mem type="soa" free="1348104" total="27020288" percent="4" />
      <mem type="loa" free="1422336" total="1422336" percent="100" />
    </mem>
    <remembered-set count="3298" />
  </mem-info>
</gc-start>
<allocation-stats totalBytes="4432856" discardedBytes="3088" >
  <allocated-bytes non-tlh="489632" tlh="3943224" />
  <largest-consumer threadName="Default Executor-thread-3" threadId="0000000125894100" bytes="4408280" />
</allocation-stats>
<gc-op id="2352" type="scavenge" timems="0.758" contextid="2349" timestamp="2024-12-13T12:32:43.655">
  <scavenger-info tenureage="3" tenuremask="7ff8" tiltratio="82" />
  <memory-copied type="nursery" objects="8752" bytes="718328" bytesdiscarded="395360" />
  <memory-copied type="tenure" objects="1577" bytes="139424" bytesdiscarded="968" />
  <copy-failed type="nursery" objects="342" bytes="28016" />
  <finalization candidates="7" enqueued="0" />
  <ownableSynchronizers candidates="138" cleared="2" />
  <references type="soft" candidates="154" cleared="0" enqueued="0" dynamicThreshold="9" maxThreshold="32" />
  <references type="weak" candidates="1102" cleared="433" enqueued="305" />
  <references type="phantom" candidates="15" cleared="0" enqueued="0" />
  <object-monitors candidates="28" cleared="0"  />
</gc-op>
<gc-end id="2353" type="scavenge" contextid="2349" durationms="0.853" usertimems="7.177" systemtimems="0.866" stalltimems="1.907" timestamp="2024-12-13T12:32:43.655" activeThreads="7">
  <mem-info id="2354" free="6766888" total="34865152" percent="19">
    <mem type="nursery" free="4259840" total="6422528" percent="66">
      <mem type="allocate" free="4259840" total="5373952" percent="79" />
      <mem type="survivor" free="0" total="1048576" percent="0" />
    </mem>
    <mem type="tenure" free="2507048" total="28442624" percent="8">
      <mem type="soa" free="1084712" total="27020288" percent="4" />
      <mem type="loa" free="1422336" total="1422336" percent="100" />
    </mem>
    <pending-finalizers system="0" default="0" reference="305" classloader="0" />
    <remembered-set count="2617" />
  </mem-info>
</gc-end>
<cycle-end id="2355" type="scavenge" contextid="2349" timestamp="2024-12-13T12:32:43.655" />
<allocation-satisfied id="2356" threadId="0000000125894100" bytesRequested="1224" />
<af-end id="2357" timestamp="2024-12-13T12:32:43.655" threadId="0000000125894B90" success="true" from="nursery"/>
<exclusive-end id="2358" timestamp="2024-12-13T12:32:43.655" durationms="1.126" />

<concurrent-kickoff id="2359" timestamp="2024-12-13T12:32:43.741">
  <kickoff reason="threshold reached" targetBytes="13615068" thresholdFreeBytes="1823799"  remainingFree="1800192" tenureFreeBytes="2472856" nurseryFreeBytes="1800192" />
</concurrent-kickoff>
<exclusive-start id="2360" timestamp="2024-12-13T12:32:43.741" intervalms="87.445">
  <response-info timems="0.029" idlems="0.019" threads="1" lastid="00000001388DE500" lastname="JIT Compilation Thread-006" />
</exclusive-start>
<cycle-start id="2361" type="global" contextid="0" timestamp="2024-12-13T12:32:43.741" intervalms="1333.150" />
<concurrent-start id="2362" type="global mark" contextid="2361" timestamp="2024-12-13T12:32:43.741">
</concurrent-start>
<exclusive-end id="2363" timestamp="2024-12-13T12:32:43.741" durationms="0.059" />

<concurrent-end id="2364" type="global mark" contextid="2361" timestamp="2024-12-13T12:32:43.796">
<gc-op id="2365" type="trace" timems="55.023" contextid="2361" timestamp="2024-12-13T12:32:43.796">
  <trace bytesTraced="17354464" workStackOverflowCount="0" />
  <card-cleaning reason="card cleaning threshold reached" bytesTraced="67680" cardsCleaned="175" />
</gc-op>
</concurrent-end>

<exclusive-start id="2366" timestamp="2024-12-13T12:32:43.797" intervalms="55.139">
  <response-info timems="0.031" idlems="0.019" threads="4" lastid="000000012900D500" lastname="JIT Compilation Thread-001" />
</exclusive-start>
<concurrent-global-final id="2367" timestamp="2024-12-13T12:32:43.797" contextid="2361" intervalms="1382.181" >
  <concurrent-trace-info reason="card cleaning threshold reached" tracedByMutators="1317824" tracedByHelpers="16104320" cardsCleaned="175" workStackOverflowCount="0" />
</concurrent-global-final>
<gc-start id="2368" type="global" contextid="2361" timestamp="2024-12-13T12:32:43.797">
  <mem-info id="2369" free="3041920" total="34865152" percent="8">
    <mem type="nursery" free="589856" total="6422528" percent="9">
      <mem type="allocate" free="589856" total="5373952" percent="10" />
      <mem type="survivor" free="0" total="1048576" percent="0" />
    </mem>
    <mem type="tenure" free="2452064" total="28442624" percent="8">
      <mem type="soa" free="1029728" total="27020288" percent="3" />
      <mem type="loa" free="1422336" total="1422336" percent="100" />
    </mem>
    <remembered-set count="3276" />
  </mem-info>
</gc-start>
<allocation-stats totalBytes="3722400" discardedBytes="2568" >
  <allocated-bytes non-tlh="370344" tlh="3352056" />
  <largest-consumer threadName="Default Executor-thread-3" threadId="0000000125894100" bytes="3706016" />
</allocation-stats>
<gc-op id="2370" type="rs-scan" timems="0.519" contextid="2361" timestamp="2024-12-13T12:32:43.797">
  <scan objectsFound="16553" bytesTraced="1195448" workStackOverflowCount="0" />
</gc-op>
<gc-op id="2371" type="card-cleaning" timems="0.133" contextid="2361" timestamp="2024-12-13T12:32:43.797">
  <card-cleaning cardsCleaned="9" bytesTraced="3896" workStackOverflowCount="0" />
</gc-op>
<gc-op id="2372" type="mark" timems="1.271" contextid="2361" timestamp="2024-12-13T12:32:43.799">
  <trace-info objectcount="2006" scancount="1861" scanbytes="123856" />
  <finalization candidates="158" enqueued="0" />
  <ownableSynchronizers candidates="3715" cleared="22" />
  <references type="soft" candidates="5928" cleared="251" enqueued="244" dynamicThreshold="9" maxThreshold="32" />
  <references type="weak" candidates="5231" cleared="154" enqueued="122" />
  <references type="phantom" candidates="346" cleared="0" enqueued="0" />
  <stringconstants candidates="18790" cleared="43"  />
  <object-monitors candidates="28" cleared="0"  />
</gc-op>
<gc-op id="2373" type="sweep" timems="0.684" contextid="2361" timestamp="2024-12-13T12:32:43.799" />
<heap-resize id="2374" type="expand" space="tenure" amount="7012352" count="1" timems="0.045" reason="insufficient free space following gc" timestamp="2024-12-13T12:32:43.800" />
<gc-end id="2375" type="global" contextid="2361" durationms="2.832" usertimems="12.044" systemtimems="3.421" stalltimems="10.561" timestamp="2024-12-13T12:32:43.800" activeThreads="10">
  <mem-info id="2376" free="15054856" total="41877504" percent="35">
    <mem type="nursery" free="4398592" total="6422528" percent="68">
      <mem type="allocate" free="4398592" total="5373952" percent="81" />
      <mem type="survivor" free="0" total="1048576" percent="0" />
    </mem>
    <mem type="tenure" free="10656264" total="35454976" percent="30" micro-fragmented="887017" macro-fragmented="0">
      <mem type="soa" free="8882696" total="33681408" percent="26" />
      <mem type="loa" free="1773568" total="1773568" percent="100" />
    </mem>
    <pending-finalizers system="0" default="0" reference="366" classloader="0" />
    <remembered-set count="2519" />
  </mem-info>
</gc-end>
<cycle-end id="2377" type="global" contextid="2361" timestamp="2024-12-13T12:32:43.800" />
<exclusive-end id="2378" timestamp="2024-12-13T12:32:43.800" durationms="3.084" />

<exclusive-start id="2379" timestamp="2024-12-13T12:32:43.963" intervalms="166.252">
  <response-info timems="3.202" idlems="1.610" threads="1" lastid="000000012900D500" lastname="JIT Compilation Thread-001" />
</exclusive-start>
<af-start id="2380" threadId="0000000125894B90" totalBytesRequested="32" timestamp="2024-12-13T12:32:43.963" intervalms="308.834" type="nursery" />
<cycle-start id="2381" type="scavenge" contextid="0" timestamp="2024-12-13T12:32:43.963" intervalms="308.826" />
<gc-start id="2382" type="scavenge" contextid="2381" timestamp="2024-12-13T12:32:43.963">
  <mem-info id="2383" free="10629232" total="41877504" percent="25">
    <mem type="nursery" free="0" total="6422528" percent="0">
      <mem type="allocate" free="0" total="5373952" percent="0" />
      <mem type="survivor" free="0" total="1048576" percent="0" />
    </mem>
    <mem type="tenure" free="10629232" total="35454976" percent="29">
      <mem type="soa" free="8855664" total="33681408" percent="26" />
      <mem type="loa" free="1773568" total="1773568" percent="100" />
    </mem>
    <remembered-set count="3065" />
  </mem-info>
</gc-start>
<allocation-stats totalBytes="4398320" discardedBytes="25024" >
  <allocated-bytes non-tlh="372160" tlh="4026160" />
  <largest-consumer threadName="Default Executor-thread-3" threadId="0000000125894100" bytes="4326352" />
</allocation-stats>
<gc-op id="2384" type="scavenge" timems="0.960" contextid="2381" timestamp="2024-12-13T12:32:43.964">
  <scavenger-info tenureage="3" tenuremask="7ff8" tiltratio="83" />
  <memory-copied type="nursery" objects="10812" bytes="750704" bytesdiscarded="134440" />
  <memory-copied type="tenure" objects="1841" bytes="198200" bytesdiscarded="2232" />
  <finalization candidates="7" enqueued="0" />
  <ownableSynchronizers candidates="7406" cleared="7271" />
  <references type="soft" candidates="189" cleared="0" enqueued="0" dynamicThreshold="9" maxThreshold="32" />
  <references type="weak" candidates="706" cleared="66" enqueued="58" />
  <references type="phantom" candidates="25" cleared="0" enqueued="0" />
  <object-monitors candidates="28" cleared="0"  />
</gc-op>
<gc-end id="2385" type="scavenge" contextid="2381" durationms="1.026" usertimems="3.132" systemtimems="0.758" stalltimems="2.515" timestamp="2024-12-13T12:32:43.964" activeThreads="7">
  <mem-info id="2386" free="15037080" total="41877504" percent="35">
    <mem type="nursery" free="4619248" total="6422528" percent="71">
      <mem type="allocate" free="4619248" total="5505024" percent="83" />
      <mem type="survivor" free="0" total="917504" percent="0" />
    </mem>
    <mem type="tenure" free="10417832" total="35454976" percent="29">
      <mem type="soa" free="8644264" total="33681408" percent="25" />
      <mem type="loa" free="1773568" total="1773568" percent="100" />
    </mem>
    <pending-finalizers system="0" default="0" reference="58" classloader="0" />
    <remembered-set count="2298" />
  </mem-info>
</gc-end>
<cycle-end id="2387" type="scavenge" contextid="2381" timestamp="2024-12-13T12:32:43.964" />
<allocation-satisfied id="2388" threadId="0000000125894100" bytesRequested="32" />
<af-end id="2389" timestamp="2024-12-13T12:32:43.964" threadId="0000000125894B90" success="true" from="nursery"/>
<exclusive-end id="2390" timestamp="2024-12-13T12:32:43.964" durationms="1.264" />

<exclusive-start id="2391" timestamp="2024-12-13T12:32:44.048" intervalms="85.597">
  <response-info timems="0.017" idlems="0.017" threads="0" lastid="0000000125894100" lastname="Default Executor-thread-3" />
</exclusive-start>
<af-start id="2392" threadId="0000000125894B90" totalBytesRequested="144" timestamp="2024-12-13T12:32:44.048" intervalms="85.603" type="nursery" />
<cycle-start id="2393" type="scavenge" contextid="0" timestamp="2024-12-13T12:32:44.048" intervalms="85.597" />
<gc-start id="2394" type="scavenge" contextid="2393" timestamp="2024-12-13T12:32:44.049">
  <mem-info id="2395" free="10356304" total="41877504" percent="24">
    <mem type="nursery" free="0" total="6422528" percent="0">
      <mem type="allocate" free="0" total="5505024" percent="0" />
      <mem type="survivor" free="0" total="917504" percent="0" />
    </mem>
    <mem type="tenure" free="10356304" total="35454976" percent="29">
      <mem type="soa" free="8582736" total="33681408" percent="25" />
      <mem type="loa" free="1773568" total="1773568" percent="100" />
    </mem>
    <remembered-set count="2816" />
  </mem-info>
</gc-start>
<allocation-stats totalBytes="4652528" discardedBytes="4424" >
  <allocated-bytes non-tlh="103288" tlh="4549240" />
  <largest-consumer threadName="Default Executor-thread-3" threadId="0000000125894100" bytes="4640240" />
</allocation-stats>
<gc-op id="2396" type="scavenge" timems="0.927" contextid="2393" timestamp="2024-12-13T12:32:44.050">
  <scavenger-info tenureage="3" tenuremask="7ff8" tiltratio="85" />
  <memory-copied type="nursery" objects="10377" bytes="790768" bytesdiscarded="126608" />
  <memory-copied type="tenure" objects="4797" bytes="365296" bytesdiscarded="5088" />
  <copy-failed type="nursery" objects="1810" bytes="169736" />
  <finalization candidates="6" enqueued="0" />
  <ownableSynchronizers candidates="125" cleared="0" />
  <references type="soft" candidates="182" cleared="0" enqueued="0" dynamicThreshold="9" maxThreshold="32" />
  <references type="weak" candidates="586" cleared="49" enqueued="45" />
  <references type="phantom" candidates="17" cleared="0" enqueued="0" />
  <object-monitors candidates="28" cleared="0"  />
</gc-op>
<gc-end id="2397" type="scavenge" contextid="2393" durationms="1.007" usertimems="8.398" systemtimems="1.108" stalltimems="2.665" timestamp="2024-12-13T12:32:44.050" activeThreads="7">
  <mem-info id="2398" free="14101312" total="41877504" percent="33">
    <mem type="nursery" free="4128768" total="6422528" percent="64">
      <mem type="allocate" free="4128768" total="5046272" percent="81" />
      <mem type="survivor" free="0" total="1376256" percent="0" />
    </mem>
    <mem type="tenure" free="9972544" total="35454976" percent="28">
      <mem type="soa" free="8198976" total="33681408" percent="24" />
      <mem type="loa" free="1773568" total="1773568" percent="100" />
    </mem>
    <pending-finalizers system="0" default="0" reference="45" classloader="0" />
    <remembered-set count="2593" />
  </mem-info>
</gc-end>
<cycle-end id="2399" type="scavenge" contextid="2393" timestamp="2024-12-13T12:32:44.050" />
<allocation-satisfied id="2400" threadId="0000000125894100" bytesRequested="144" />
<af-end id="2401" timestamp="2024-12-13T12:32:44.050" threadId="0000000125894B90" success="true" from="nursery"/>
<exclusive-end id="2402" timestamp="2024-12-13T12:32:44.050" durationms="1.261" />

<exclusive-start id="2403" timestamp="2024-12-13T12:32:44.164" intervalms="116.048">
  <response-info timems="4.856" idlems="2.431" threads="1" lastid="000000012900D500" lastname="JIT Compilation Thread-001" />
</exclusive-start>
<af-start id="2404" threadId="0000000125894B90" totalBytesRequested="96" timestamp="2024-12-13T12:32:44.164" intervalms="116.048" type="nursery" />
<cycle-start id="2405" type="scavenge" contextid="0" timestamp="2024-12-13T12:32:44.165" intervalms="116.062" />
<gc-start id="2406" type="scavenge" contextid="2405" timestamp="2024-12-13T12:32:44.165">
  <mem-info id="2407" free="9939720" total="41877504" percent="23">
    <mem type="nursery" free="0" total="6422528" percent="0">
      <mem type="allocate" free="0" total="5046272" percent="0" />
      <mem type="survivor" free="0" total="1376256" percent="0" />
    </mem>
    <mem type="tenure" free="9939720" total="35454976" percent="28">
      <mem type="soa" free="8166152" total="33681408" percent="24" />
      <mem type="loa" free="1773568" total="1773568" percent="100" />
    </mem>
    <remembered-set count="3014" />
  </mem-info>
</gc-start>
<allocation-stats totalBytes="4155048" discardedBytes="2960" >
  <allocated-bytes non-tlh="29384" tlh="4125664" />
  <largest-consumer threadName="Default Executor-thread-3" threadId="0000000125894100" bytes="4130400" />
</allocation-stats>
<gc-op id="2408" type="scavenge" timems="0.824" contextid="2405" timestamp="2024-12-13T12:32:44.165">
  <scavenger-info tenureage="3" tenuremask="7ff8" tiltratio="78" />
  <memory-copied type="nursery" objects="9686" bytes="821840" bytesdiscarded="291552" />
  <memory-copied type="tenure" objects="3165" bytes="241672" bytesdiscarded="1432" />
  <finalization candidates="5" enqueued="0" />
  <ownableSynchronizers candidates="87" cleared="7" />
  <references type="soft" candidates="178" cleared="0" enqueued="0" dynamicThreshold="9" maxThreshold="32" />
  <references type="weak" candidates="285" cleared="65" enqueued="58" />
  <references type="phantom" candidates="14" cleared="0" enqueued="0" />
  <object-monitors candidates="28" cleared="0"  />
</gc-op>
<gc-end id="2409" type="scavenge" contextid="2405" durationms="0.927" usertimems="2.915" systemtimems="0.798" stalltimems="2.004" timestamp="2024-12-13T12:32:44.166" activeThreads="7">
  <mem-info id="2410" free="13601424" total="41877504" percent="32">
    <mem type="nursery" free="3998160" total="6422528" percent="62">
      <mem type="allocate" free="3998160" total="5111808" percent="78" />
      <mem type="survivor" free="0" total="1310720" percent="0" />
    </mem>
    <mem type="tenure" free="9603264" total="35454976" percent="27">
      <mem type="soa" free="7829696" total="33681408" percent="23" />
      <mem type="loa" free="1773568" total="1773568" percent="100" />
    </mem>
    <pending-finalizers system="0" default="0" reference="58" classloader="0" />
    <remembered-set count="2083" />
  </mem-info>
</gc-end>
<cycle-end id="2411" type="scavenge" contextid="2405" timestamp="2024-12-13T12:32:44.166" />
<allocation-satisfied id="2412" threadId="0000000125894100" bytesRequested="96" />
<af-end id="2413" timestamp="2024-12-13T12:32:44.166" threadId="0000000125894B90" success="true" from="nursery"/>
<exclusive-end id="2414" timestamp="2024-12-13T12:32:44.166" durationms="1.220" />

<exclusive-start id="2415" timestamp="2024-12-13T12:32:44.307" intervalms="142.648">
  <response-info timems="0.011" idlems="0.011" threads="0" lastid="0000000125894100" lastname="Default Executor-thread-3" />
</exclusive-start>
<af-start id="2416" threadId="0000000125894B90" totalBytesRequested="5344" timestamp="2024-12-13T12:32:44.307" intervalms="142.656" type="nursery" />
<cycle-start id="2417" type="scavenge" contextid="0" timestamp="2024-12-13T12:32:44.307" intervalms="142.663" />
<gc-start id="2418" type="scavenge" contextid="2417" timestamp="2024-12-13T12:32:44.307">
  <mem-info id="2419" free="9529800" total="41877504" percent="22">
    <mem type="nursery" free="0" total="6422528" percent="0">
      <mem type="allocate" free="0" total="5111808" percent="0" />
      <mem type="survivor" free="0" total="1310720" percent="0" />
    </mem>
    <mem type="tenure" free="9529800" total="35454976" percent="26">
      <mem type="soa" free="7756232" total="33681408" percent="23" />
      <mem type="loa" free="1773568" total="1773568" percent="100" />
    </mem>
    <remembered-set count="2759" />
  </mem-info>
</gc-start>
<allocation-stats totalBytes="4051008" discardedBytes="15600" >
  <allocated-bytes non-tlh="68544" tlh="3982464" />
  <largest-consumer threadName="Default Executor-thread-3" threadId="0000000125894100" bytes="4042816" />
</allocation-stats>
<gc-op id="2420" type="scavenge" timems="0.646" contextid="2417" timestamp="2024-12-13T12:32:44.308">
  <scavenger-info tenureage="3" tenuremask="7ff8" tiltratio="79" />
  <memory-copied type="nursery" objects="6187" bytes="399576" bytesdiscarded="632488" />
  <memory-copied type="tenure" objects="2982" bytes="193560" bytesdiscarded="888" />
  <finalization candidates="23" enqueued="0" />
  <ownableSynchronizers candidates="84" cleared="7" />
  <references type="soft" candidates="163" cleared="0" enqueued="0" dynamicThreshold="9" maxThreshold="32" />
  <references type="weak" candidates="412" cleared="128" enqueued="100" />
  <references type="phantom" candidates="2" cleared="0" enqueued="0" />
  <object-monitors candidates="28" cleared="0"  />
</gc-op>
<gc-end id="2421" type="scavenge" contextid="2417" durationms="0.745" usertimems="2.683" systemtimems="0.471" stalltimems="1.569" timestamp="2024-12-13T12:32:44.308" activeThreads="7">
  <mem-info id="2422" free="13209256" total="41877504" percent="31">
    <mem type="nursery" free="4145144" total="6422528" percent="64">
      <mem type="allocate" free="4145144" total="5177344" percent="80" />
      <mem type="survivor" free="0" total="1245184" percent="0" />
    </mem>
    <mem type="tenure" free="9064112" total="35454976" percent="25">
      <mem type="soa" free="7290544" total="33681408" percent="21" />
      <mem type="loa" free="1773568" total="1773568" percent="100" />
    </mem>
    <pending-finalizers system="0" default="0" reference="100" classloader="0" />
    <remembered-set count="1856" />
  </mem-info>
</gc-end>
<cycle-end id="2423" type="scavenge" contextid="2417" timestamp="2024-12-13T12:32:44.308" />
<allocation-satisfied id="2424" threadId="0000000125894100" bytesRequested="5344" />
<af-end id="2425" timestamp="2024-12-13T12:32:44.308" threadId="0000000125894B90" success="true" from="nursery"/>
<exclusive-end id="2426" timestamp="2024-12-13T12:32:44.308" durationms="1.061" />

<exclusive-start id="2427" timestamp="2024-12-13T12:32:44.358" intervalms="50.899">
  <response-info timems="0.008" idlems="0.004" threads="1" lastid="0000000129020300" lastname="IProfiler" />
</exclusive-start>
<af-start id="2428" threadId="0000000125894B90" totalBytesRequested="64" timestamp="2024-12-13T12:32:44.358" intervalms="50.892" type="nursery" />
<cycle-start id="2429" type="scavenge" contextid="0" timestamp="2024-12-13T12:32:44.358" intervalms="50.878" />
<gc-start id="2430" type="scavenge" contextid="2429" timestamp="2024-12-13T12:32:44.358">
  <mem-info id="2431" free="8969232" total="41877504" percent="21">
    <mem type="nursery" free="0" total="6422528" percent="0">
      <mem type="allocate" free="0" total="5177344" percent="0" />
      <mem type="survivor" free="0" total="1245184" percent="0" />
    </mem>
    <mem type="tenure" free="8969232" total="35454976" percent="25">
      <mem type="soa" free="7195664" total="33681408" percent="21" />
      <mem type="loa" free="1773568" total="1773568" percent="100" />
    </mem>
    <remembered-set count="2660" />
  </mem-info>
</gc-start>
<allocation-stats totalBytes="4233432" discardedBytes="6592" >
  <allocated-bytes non-tlh="100224" tlh="4133208" />
  <largest-consumer threadName="Default Executor-thread-3" threadId="0000000125894100" bytes="4172936" />
</allocation-stats>
<gc-op id="2432" type="scavenge" timems="0.504" contextid="2429" timestamp="2024-12-13T12:32:44.359">
  <scavenger-info tenureage="4" tenuremask="7ff0" tiltratio="80" />
  <memory-copied type="nursery" objects="8751" bytes="555984" bytesdiscarded="255960" />
  <finalization candidates="23" enqueued="0" />
  <ownableSynchronizers candidates="25" cleared="0" />
  <references type="soft" candidates="200" cleared="0" enqueued="0" dynamicThreshold="9" maxThreshold="32" />
  <references type="weak" candidates="530" cleared="93" enqueued="60" />
  <references type="phantom" candidates="5" cleared="0" enqueued="0" />
  <object-monitors candidates="28" cleared="0"  />
</gc-op>
<gc-end id="2433" type="scavenge" contextid="2429" durationms="0.590" usertimems="2.531" systemtimems="0.400" stalltimems="1.317" timestamp="2024-12-13T12:32:44.359" activeThreads="7">
  <mem-info id="2434" free="13400064" total="41877504" percent="31">
    <mem type="nursery" free="4430832" total="6422528" percent="68">
      <mem type="allocate" free="4430832" total="5242880" percent="84" />
      <mem type="survivor" free="0" total="1179648" percent="0" />
    </mem>
    <mem type="tenure" free="8969232" total="35454976" percent="25">
      <mem type="soa" free="7195664" total="33681408" percent="21" />
      <mem type="loa" free="1773568" total="1773568" percent="100" />
    </mem>
    <pending-finalizers system="0" default="0" reference="60" classloader="0" />
    <remembered-set count="2404" />
  </mem-info>
</gc-end>
<cycle-end id="2435" type="scavenge" contextid="2429" timestamp="2024-12-13T12:32:44.359" />
<allocation-satisfied id="2436" threadId="0000000125894100" bytesRequested="64" />
<af-end id="2437" timestamp="2024-12-13T12:32:44.359" threadId="0000000125894B90" success="true" from="nursery"/>
<exclusive-end id="2438" timestamp="2024-12-13T12:32:44.359" durationms="0.856" />

<exclusive-start id="2439" timestamp="2024-12-13T12:32:44.394" intervalms="36.359">
  <response-info timems="0.014" idlems="0.011" threads="1" lastid="0000000129020300" lastname="IProfiler" />
</exclusive-start>
<af-start id="2440" threadId="0000000125894B90" totalBytesRequested="15872" timestamp="2024-12-13T12:32:44.394" intervalms="36.360" type="nursery" />
<cycle-start id="2441" type="scavenge" contextid="0" timestamp="2024-12-13T12:32:44.394" intervalms="36.351" />
<gc-start id="2442" type="scavenge" contextid="2441" timestamp="2024-12-13T12:32:44.395">
  <mem-info id="2443" free="8914272" total="41877504" percent="21">
    <mem type="nursery" free="0" total="6422528" percent="0">
      <mem type="allocate" free="0" total="5242880" percent="0" />
      <mem type="survivor" free="0" total="1179648" percent="0" />
    </mem>
    <mem type="tenure" free="8914272" total="35454976" percent="25">
      <mem type="soa" free="7140704" total="33681408" percent="21" />
      <mem type="loa" free="1773568" total="1773568" percent="100" />
    </mem>
    <remembered-set count="2986" />
  </mem-info>
</gc-start>
<allocation-stats totalBytes="4463336" discardedBytes="22456" >
  <allocated-bytes non-tlh="55024" tlh="4408312" />
  <largest-consumer threadName="Default Executor-thread-3" threadId="0000000125894100" bytes="4431480" />
</allocation-stats>
<gc-op id="2444" type="scavenge" timems="0.782" contextid="2441" timestamp="2024-12-13T12:32:44.395">
  <scavenger-info tenureage="4" tenuremask="7ff0" tiltratio="81" />
  <memory-copied type="nursery" objects="13818" bytes="827000" bytesdiscarded="63912" />
  <memory-copied type="tenure" objects="2138" bytes="146224" bytesdiscarded="120" />
  <finalization candidates="23" enqueued="0" />
  <ownableSynchronizers candidates="29" cleared="3" />
  <references type="soft" candidates="249" cleared="0" enqueued="0" dynamicThreshold="9" maxThreshold="32" />
  <references type="weak" candidates="518" cleared="64" enqueued="57" />
  <references type="phantom" candidates="12" cleared="0" enqueued="0" />
  <object-monitors candidates="28" cleared="0"  />
</gc-op>
<gc-end id="2445" type="scavenge" contextid="2441" durationms="0.846" usertimems="2.421" systemtimems="0.758" stalltimems="2.558" timestamp="2024-12-13T12:32:44.395" activeThreads="7">
  <mem-info id="2446" free="13064320" total="41877504" percent="31">
    <mem type="nursery" free="4285984" total="6422528" percent="66">
      <mem type="allocate" free="4285984" total="5177344" percent="82" />
      <mem type="survivor" free="0" total="1245184" percent="0" />
    </mem>
    <mem type="tenure" free="8778336" total="35454976" percent="24">
      <mem type="soa" free="7004768" total="33681408" percent="20" />
      <mem type="loa" free="1773568" total="1773568" percent="100" />
    </mem>
    <pending-finalizers system="0" default="0" reference="57" classloader="0" />
    <remembered-set count="2126" />
  </mem-info>
</gc-end>
<cycle-end id="2447" type="scavenge" contextid="2441" timestamp="2024-12-13T12:32:44.395" />
<allocation-satisfied id="2448" threadId="0000000125894100" bytesRequested="15872" />
<af-end id="2449" timestamp="2024-12-13T12:32:44.395" threadId="0000000125894B90" success="true" from="nursery"/>
<exclusive-end id="2450" timestamp="2024-12-13T12:32:44.395" durationms="1.062" />

<exclusive-start id="2451" timestamp="2024-12-13T12:32:44.433" intervalms="38.515">
  <response-info timems="0.010" idlems="0.010" threads="0" lastid="0000000125894100" lastname="Default Executor-thread-3" />
</exclusive-start>
<af-start id="2452" threadId="0000000125894B90" totalBytesRequested="64" timestamp="2024-12-13T12:32:44.433" intervalms="38.504" type="nursery" />
<cycle-start id="2453" type="scavenge" contextid="0" timestamp="2024-12-13T12:32:44.433" intervalms="38.514" />
<gc-start id="2454" type="scavenge" contextid="2453" timestamp="2024-12-13T12:32:44.433">
  <mem-info id="2455" free="8713376" total="41877504" percent="20">
    <mem type="nursery" free="0" total="6422528" percent="0">
      <mem type="allocate" free="0" total="5177344" percent="0" />
      <mem type="survivor" free="0" total="1245184" percent="0" />
    </mem>
    <mem type="tenure" free="8713376" total="35454976" percent="24">
      <mem type="soa" free="6939808" total="33681408" percent="20" />
      <mem type="loa" free="1773568" total="1773568" percent="100" />
    </mem>
    <remembered-set count="2856" />
  </mem-info>
</gc-start>
<allocation-stats totalBytes="4346608" discardedBytes="4336" >
  <allocated-bytes non-tlh="132776" tlh="4213832" />
  <largest-consumer threadName="Default Executor-thread-3" threadId="0000000125894100" bytes="4044480" />
</allocation-stats>
<gc-op id="2456" type="scavenge" timems="1.130" contextid="2453" timestamp="2024-12-13T12:32:44.434">
  <scavenger-info tenureage="4" tenuremask="7ff0" tiltratio="80" />
  <memory-copied type="nursery" objects="20914" bytes="1159552" bytesdiscarded="85344" />
  <memory-copied type="tenure" objects="1794" bytes="113280" bytesdiscarded="56" />
  <copy-failed type="nursery" objects="235" bytes="10928" />
  <finalization candidates="44" enqueued="0" />
  <ownableSynchronizers candidates="28" cleared="1" />
  <references type="soft" candidates="470" cleared="0" enqueued="0" dynamicThreshold="9" maxThreshold="32" />
  <references type="weak" candidates="650" cleared="72" enqueued="57" />
  <references type="phantom" candidates="11" cleared="0" enqueued="0" />
  <object-monitors candidates="29" cleared="1"  />
</gc-op>
<gc-end id="2457" type="scavenge" contextid="2453" durationms="1.222" usertimems="4.373" systemtimems="0.765" stalltimems="4.158" timestamp="2024-12-13T12:32:44.434" activeThreads="7">
  <mem-info id="2458" free="11981472" total="41877504" percent="28">
    <mem type="nursery" free="3407872" total="6422528" percent="53">
      <mem type="allocate" free="3407872" total="4653056" percent="73" />
      <mem type="survivor" free="0" total="1769472" percent="0" />
    </mem>
    <mem type="tenure" free="8573600" total="35454976" percent="24">
      <mem type="soa" free="6800032" total="33681408" percent="20" />
      <mem type="loa" free="1773568" total="1773568" percent="100" />
    </mem>
    <pending-finalizers system="0" default="0" reference="57" classloader="0" />
    <remembered-set count="2228" />
  </mem-info>
</gc-end>
<cycle-end id="2459" type="scavenge" contextid="2453" timestamp="2024-12-13T12:32:44.434" />
<allocation-satisfied id="2460" threadId="0000000125894100" bytesRequested="64" />
<af-end id="2461" timestamp="2024-12-13T12:32:44.434" threadId="0000000125894B90" success="true" from="nursery"/>
<exclusive-end id="2462" timestamp="2024-12-13T12:32:44.434" durationms="1.468" />

<exclusive-start id="2463" timestamp="2024-12-13T12:32:44.475" intervalms="41.835">
  <response-info timems="0.011" idlems="0.007" threads="1" lastid="0000000129020300" lastname="IProfiler" />
</exclusive-start>
<af-start id="2464" threadId="0000000125894B90" totalBytesRequested="2064" timestamp="2024-12-13T12:32:44.475" intervalms="41.835" type="nursery" />
<cycle-start id="2465" type="scavenge" contextid="0" timestamp="2024-12-13T12:32:44.475" intervalms="41.823" />
<gc-start id="2466" type="scavenge" contextid="2465" timestamp="2024-12-13T12:32:44.475">
  <mem-info id="2467" free="8528792" total="41877504" percent="20">
    <mem type="nursery" free="0" total="6422528" percent="0">
      <mem type="allocate" free="0" total="4653056" percent="0" />
      <mem type="survivor" free="0" total="1769472" percent="0" />
    </mem>
    <mem type="tenure" free="8528792" total="35454976" percent="24">
      <mem type="soa" free="6755224" total="33681408" percent="20" />
      <mem type="loa" free="1773568" total="1773568" percent="100" />
    </mem>
    <remembered-set count="2747" />
  </mem-info>
</gc-start>
<allocation-stats totalBytes="3392560" discardedBytes="60120" >
  <allocated-bytes non-tlh="44872" tlh="3347688" />
  <largest-consumer threadName="Default Executor-thread-3" threadId="0000000125894100" bytes="3368896" />
</allocation-stats>
<gc-op id="2468" type="scavenge" timems="0.902" contextid="2465" timestamp="2024-12-13T12:32:44.476">
  <scavenger-info tenureage="4" tenuremask="7ff0" tiltratio="72" />
  <memory-copied type="nursery" objects="22491" bytes="1257256" bytesdiscarded="70112" />
  <memory-copied type="tenure" objects="2072" bytes="124672" bytesdiscarded="112" />
  <finalization candidates="45" enqueued="0" />
  <ownableSynchronizers candidates="17" cleared="0" />
  <references type="soft" candidates="516" cleared="0" enqueued="0" dynamicThreshold="9" maxThreshold="32" />
  <references type="weak" candidates="582" cleared="77" enqueued="46" />
  <references type="phantom" candidates="12" cleared="0" enqueued="0" />
  <object-monitors candidates="28" cleared="0"  />
</gc-op>
<gc-end id="2469" type="scavenge" contextid="2465" durationms="0.993" usertimems="2.963" systemtimems="0.492" stalltimems="2.139" timestamp="2024-12-13T12:32:44.476" activeThreads="6">
  <mem-info id="2470" free="11865784" total="41877504" percent="28">
    <mem type="nursery" free="3522080" total="6422528" percent="54">
      <mem type="allocate" free="3522080" total="4849664" percent="72" />
      <mem type="survivor" free="0" total="1572864" percent="0" />
    </mem>
    <mem type="tenure" free="8343704" total="35454976" percent="23">
      <mem type="soa" free="6570136" total="33681408" percent="19" />
      <mem type="loa" free="1773568" total="1773568" percent="100" />
    </mem>
    <pending-finalizers system="0" default="0" reference="46" classloader="0" />
    <remembered-set count="2091" />
  </mem-info>
</gc-end>
<cycle-end id="2471" type="scavenge" contextid="2465" timestamp="2024-12-13T12:32:44.476" />
<allocation-satisfied id="2472" threadId="0000000125894100" bytesRequested="2064" />
<af-end id="2473" timestamp="2024-12-13T12:32:44.476" threadId="0000000125894B90" success="true" from="nursery"/>
<exclusive-end id="2474" timestamp="2024-12-13T12:32:44.476" durationms="1.229" />

<exclusive-start id="2475" timestamp="2024-12-13T12:32:44.505" intervalms="30.412">
  <response-info timems="0.040" idlems="0.026" threads="2" lastid="0000000138A09500" lastname="Default Executor-thread-4" />
</exclusive-start>
<af-start id="2476" threadId="000000012586A990" totalBytesRequested="12064" timestamp="2024-12-13T12:32:44.505" intervalms="30.432" type="nursery" />
<cycle-start id="2477" type="scavenge" contextid="0" timestamp="2024-12-13T12:32:44.505" intervalms="30.445" />
<gc-start id="2478" type="scavenge" contextid="2477" timestamp="2024-12-13T12:32:44.505">
  <mem-info id="2479" free="8301576" total="41877504" percent="19">
    <mem type="nursery" free="0" total="6422528" percent="0">
      <mem type="allocate" free="0" total="4849664" percent="0" />
      <mem type="survivor" free="0" total="1572864" percent="0" />
    </mem>
    <mem type="tenure" free="8301576" total="35454976" percent="23">
      <mem type="soa" free="6528008" total="33681408" percent="19" />
      <mem type="loa" free="1773568" total="1773568" percent="100" />
    </mem>
    <remembered-set count="2546" />
  </mem-info>
</gc-start>
<allocation-stats totalBytes="3493680" discardedBytes="70528" >
  <allocated-bytes non-tlh="307808" tlh="3185872" />
  <largest-consumer threadName="Default Executor-thread-3" threadId="0000000125894100" bytes="2501720" />
</allocation-stats>
<gc-op id="2480" type="scavenge" timems="0.885" contextid="2477" timestamp="2024-12-13T12:32:44.506">
  <scavenger-info tenureage="3" tenuremask="7ff8" tiltratio="75" />
  <memory-copied type="nursery" objects="15517" bytes="901256" bytesdiscarded="235592" />
  <memory-copied type="tenure" objects="9627" bytes="537536" bytesdiscarded="1200" />
  <finalization candidates="43" enqueued="0" />
  <ownableSynchronizers candidates="20" cleared="3" />
  <references type="soft" candidates="457" cleared="0" enqueued="0" dynamicThreshold="9" maxThreshold="32" />
  <references type="weak" candidates="499" cleared="66" enqueued="59" />
  <references type="phantom" candidates="5" cleared="0" enqueued="0" />
  <object-monitors candidates="38" cleared="7"  />
</gc-op>
<gc-end id="2481" type="scavenge" contextid="2477" durationms="0.973" usertimems="3.565" systemtimems="0.466" stalltimems="1.672" timestamp="2024-12-13T12:32:44.506" activeThreads="6">
  <mem-info id="2482" free="11367960" total="41877504" percent="27">
    <mem type="nursery" free="3712752" total="6422528" percent="57">
      <mem type="allocate" free="3712752" total="4849664" percent="76" />
      <mem type="survivor" free="0" total="1572864" percent="0" />
    </mem>
    <mem type="tenure" free="7655208" total="35454976" percent="21">
      <mem type="soa" free="5881640" total="33681408" percent="17" />
      <mem type="loa" free="1773568" total="1773568" percent="100" />
    </mem>
    <pending-finalizers system="0" default="0" reference="59" classloader="0" />
    <remembered-set count="1649" />
  </mem-info>
</gc-end>
<cycle-end id="2483" type="scavenge" contextid="2477" timestamp="2024-12-13T12:32:44.506" />
<allocation-satisfied id="2484" threadId="0000000125869F00" bytesRequested="12064" />
<af-end id="2485" timestamp="2024-12-13T12:32:44.506" threadId="000000012586A990" success="true" from="nursery"/>
<exclusive-end id="2486" timestamp="2024-12-13T12:32:44.506" durationms="1.226" />

<exclusive-start id="2487" timestamp="2024-12-13T12:32:44.546" intervalms="40.920">
  <response-info timems="0.013" idlems="0.013" threads="0" lastid="0000000125894100" lastname="Default Executor-thread-3" />
</exclusive-start>
<af-start id="2488" threadId="0000000125894B90" totalBytesRequested="72" timestamp="2024-12-13T12:32:44.546" intervalms="40.901" type="nursery" />
<cycle-start id="2489" type="scavenge" contextid="0" timestamp="2024-12-13T12:32:44.546" intervalms="40.895" />
<gc-start id="2490" type="scavenge" contextid="2489" timestamp="2024-12-13T12:32:44.546">
  <mem-info id="2491" free="7620592" total="41877504" percent="18">
    <mem type="nursery" free="0" total="6422528" percent="0">
      <mem type="allocate" free="0" total="4849664" percent="0" />
      <mem type="survivor" free="0" total="1572864" percent="0" />
    </mem>
    <mem type="tenure" free="7620592" total="35454976" percent="21">
      <mem type="soa" free="5847024" total="33681408" percent="17" />
      <mem type="loa" free="1773568" total="1773568" percent="100" />
    </mem>
    <remembered-set count="2132" />
  </mem-info>
</gc-start>
<allocation-stats totalBytes="3740888" discardedBytes="6480" >
  <allocated-bytes non-tlh="46680" tlh="3694208" />
  <largest-consumer threadName="Default Executor-thread-3" threadId="0000000125894100" bytes="1341312" />
</allocation-stats>
<gc-op id="2492" type="scavenge" timems="0.990" contextid="2489" timestamp="2024-12-13T12:32:44.547">
  <scavenger-info tenureage="3" tenuremask="7ff8" tiltratio="75" />
  <memory-copied type="nursery" objects="15499" bytes="880704" bytesdiscarded="83424" />
  <memory-copied type="tenure" objects="8807" bytes="470280" bytesdiscarded="104" />
  <finalization candidates="72" enqueued="0" />
  <ownableSynchronizers candidates="9" cleared="0" />
  <references type="soft" candidates="243" cleared="0" enqueued="0" dynamicThreshold="9" maxThreshold="32" />
  <references type="weak" candidates="360" cleared="26" enqueued="23" />
  <references type="phantom" candidates="4" cleared="0" enqueued="0" />
  <object-monitors candidates="46" cleared="11"  />
</gc-op>
<gc-end id="2493" type="scavenge" contextid="2489" durationms="1.057" usertimems="3.480" systemtimems="0.688" stalltimems="2.577" timestamp="2024-12-13T12:32:44.547" activeThreads="7">
  <mem-info id="2494" free="11504352" total="41877504" percent="27">
    <mem type="nursery" free="4015856" total="6422528" percent="62">
      <mem type="allocate" free="4015856" total="4980736" percent="80" />
      <mem type="survivor" free="0" total="1441792" percent="0" />
    </mem>
    <mem type="tenure" free="7488496" total="35454976" percent="21">
      <mem type="soa" free="5714928" total="33681408" percent="16" />
      <mem type="loa" free="1773568" total="1773568" percent="100" />
    </mem>
    <pending-finalizers system="0" default="0" reference="23" classloader="0" />
    <remembered-set count="1679" />
  </mem-info>
</gc-end>
<cycle-end id="2495" type="scavenge" contextid="2489" timestamp="2024-12-13T12:32:44.547" />
<allocation-satisfied id="2496" threadId="0000000125894100" bytesRequested="72" />
<af-end id="2497" timestamp="2024-12-13T12:32:44.547" threadId="0000000125894B90" success="true" from="nursery"/>
<exclusive-end id="2498" timestamp="2024-12-13T12:32:44.547" durationms="1.285" />

<exclusive-start id="2499" timestamp="2024-12-13T12:32:44.575" intervalms="28.536">
  <response-info timems="0.018" idlems="0.009" threads="1" lastid="0000000129020300" lastname="IProfiler" />
</exclusive-start>
<af-start id="2500" threadId="0000000125894B90" totalBytesRequested="2064" timestamp="2024-12-13T12:32:44.575" intervalms="28.540" type="nursery" />
<cycle-start id="2501" type="scavenge" contextid="0" timestamp="2024-12-13T12:32:44.575" intervalms="28.550" />
<gc-start id="2502" type="scavenge" contextid="2501" timestamp="2024-12-13T12:32:44.575">
  <mem-info id="2503" free="7459104" total="41877504" percent="17">
    <mem type="nursery" free="0" total="6422528" percent="0">
      <mem type="allocate" free="0" total="4980736" percent="0" />
      <mem type="survivor" free="0" total="1441792" percent="0" />
    </mem>
    <mem type="tenure" free="7459104" total="35454976" percent="21">
      <mem type="soa" free="5685536" total="33681408" percent="16" />
      <mem type="loa" free="1773568" total="1773568" percent="100" />
    </mem>
    <remembered-set count="2014" />
  </mem-info>
</gc-start>
<allocation-stats totalBytes="4035176" discardedBytes="10072" >
  <allocated-bytes non-tlh="29464" tlh="4005712" />
  <largest-consumer threadName="Default Executor-thread-5" threadId="0000000138A5F300" bytes="1790752" />
</allocation-stats>
<gc-op id="2504" type="scavenge" timems="0.739" contextid="2501" timestamp="2024-12-13T12:32:44.575">
  <scavenger-info tenureage="3" tenuremask="7ff8" tiltratio="77" />
  <memory-copied type="nursery" objects="12521" bytes="702392" bytesdiscarded="101640" />
  <memory-copied type="tenure" objects="3578" bytes="223016" bytesdiscarded="576" />
  <finalization candidates="51" enqueued="0" />
  <ownableSynchronizers candidates="7" cleared="7" />
  <references type="soft" candidates="240" cleared="0" enqueued="0" dynamicThreshold="9" maxThreshold="32" />
  <references type="weak" candidates="256" cleared="23" enqueued="17" />
  <references type="phantom" candidates="1" cleared="0" enqueued="0" />
  <object-monitors candidates="35" cleared="0"  />
</gc-op>
<gc-end id="2505" type="scavenge" contextid="2501" durationms="0.821" usertimems="2.445" systemtimems="0.771" stalltimems="2.215" timestamp="2024-12-13T12:32:44.576" activeThreads="7">
  <mem-info id="2506" free="11423296" total="41877504" percent="27">
    <mem type="nursery" free="4242176" total="6422528" percent="66">
      <mem type="allocate" free="4242176" total="5046272" percent="84" />
      <mem type="survivor" free="0" total="1376256" percent="0" />
    </mem>
    <mem type="tenure" free="7181120" total="35454976" percent="20">
      <mem type="soa" free="5407552" total="33681408" percent="16" />
      <mem type="loa" free="1773568" total="1773568" percent="100" />
    </mem>
    <pending-finalizers system="0" default="0" reference="17" classloader="0" />
    <remembered-set count="1397" />
  </mem-info>
</gc-end>
<cycle-end id="2507" type="scavenge" contextid="2501" timestamp="2024-12-13T12:32:44.576" />
<allocation-satisfied id="2508" threadId="0000000125894100" bytesRequested="2064" />
<af-end id="2509" timestamp="2024-12-13T12:32:44.576" threadId="0000000125894B90" success="true" from="nursery"/>
<exclusive-end id="2510" timestamp="2024-12-13T12:32:44.576" durationms="1.082" />

<exclusive-start id="2511" timestamp="2024-12-13T12:32:44.643" intervalms="68.277">
  <response-info timems="0.011" idlems="0.010" threads="1" lastid="00000001248A3F00" lastname="Default Executor-thread-6" />
</exclusive-start>
<af-start id="2512" threadId="0000000138A09F90" totalBytesRequested="8056" timestamp="2024-12-13T12:32:44.643" intervalms="68.261" type="nursery" />
<cycle-start id="2513" type="scavenge" contextid="0" timestamp="2024-12-13T12:32:44.643" intervalms="68.257" />
<gc-start id="2514" type="scavenge" contextid="2513" timestamp="2024-12-13T12:32:44.643">
  <mem-info id="2515" free="6993128" total="41877504" percent="16">
    <mem type="nursery" free="0" total="6422528" percent="0">
      <mem type="allocate" free="0" total="5046272" percent="0" />
      <mem type="survivor" free="0" total="1376256" percent="0" />
    </mem>
    <mem type="tenure" free="6993128" total="35454976" percent="19">
      <mem type="soa" free="5219560" total="33681408" percent="15" />
      <mem type="loa" free="1773568" total="1773568" percent="100" />
    </mem>
    <remembered-set count="3459" />
  </mem-info>
</gc-start>
<allocation-stats totalBytes="4409760" discardedBytes="20408" >
  <allocated-bytes non-tlh="655344" tlh="3754416" />
  <largest-consumer threadName="Default Executor-thread-4" threadId="0000000138A09500" bytes="1706304" />
</allocation-stats>
<gc-op id="2516" type="scavenge" timems="0.809" contextid="2513" timestamp="2024-12-13T12:32:44.644">
  <scavenger-info tenureage="4" tenuremask="7ff0" tiltratio="78" />
  <memory-copied type="nursery" objects="12179" bytes="767768" bytesdiscarded="280912" />
  <finalization candidates="51" enqueued="0" />
  <ownableSynchronizers candidates="28" cleared="2" />
  <references type="soft" candidates="298" cleared="0" enqueued="0" dynamicThreshold="9" maxThreshold="32" />
  <references type="weak" candidates="522" cleared="130" enqueued="104" />
  <references type="phantom" candidates="4" cleared="0" enqueued="0" />
  <object-monitors candidates="37" cleared="4"  />
</gc-op>
<gc-end id="2517" type="scavenge" contextid="2513" durationms="0.879" usertimems="2.407" systemtimems="0.961" stalltimems="2.651" timestamp="2024-12-13T12:32:44.644" activeThreads="7">
  <mem-info id="2518" free="11056040" total="41877504" percent="26">
    <mem type="nursery" free="4062912" total="6422528" percent="63">
      <mem type="allocate" free="4062912" total="5111808" percent="79" />
      <mem type="survivor" free="0" total="1310720" percent="0" />
    </mem>
    <mem type="tenure" free="6993128" total="35454976" percent="19">
      <mem type="soa" free="5219560" total="33681408" percent="15" />
      <mem type="loa" free="1773568" total="1773568" percent="100" />
    </mem>
    <pending-finalizers system="0" default="0" reference="104" classloader="0" />
    <remembered-set count="3073" />
  </mem-info>
</gc-end>
<cycle-end id="2519" type="scavenge" contextid="2513" timestamp="2024-12-13T12:32:44.644" />
<allocation-satisfied id="2520" threadId="0000000138A09500" bytesRequested="8056" />
<af-end id="2521" timestamp="2024-12-13T12:32:44.644" threadId="0000000138A09F90" success="true" from="nursery"/>
<exclusive-end id="2522" timestamp="2024-12-13T12:32:44.644" durationms="1.162" />

<exclusive-start id="2523" timestamp="2024-12-13T12:32:44.672" intervalms="29.613">
  <response-info timems="0.078" idlems="0.042" threads="3" lastid="0000000138A09500" lastname="Default Executor-thread-4" />
</exclusive-start>
<af-start id="2524" threadId="00000001248A4990" totalBytesRequested="11688" timestamp="2024-12-13T12:32:44.672" intervalms="29.634" type="nursery" />
<cycle-start id="2525" type="scavenge" contextid="0" timestamp="2024-12-13T12:32:44.673" intervalms="29.626" />
<gc-start id="2526" type="scavenge" contextid="2525" timestamp="2024-12-13T12:32:44.673">
  <mem-info id="2527" free="6928760" total="41877504" percent="16">
    <mem type="nursery" free="0" total="6422528" percent="0">
      <mem type="allocate" free="0" total="5111808" percent="0" />
      <mem type="survivor" free="0" total="1310720" percent="0" />
    </mem>
    <mem type="tenure" free="6928760" total="35454976" percent="19">
      <mem type="soa" free="5155192" total="33681408" percent="15" />
      <mem type="loa" free="1773568" total="1773568" percent="100" />
    </mem>
    <remembered-set count="3695" />
  </mem-info>
</gc-start>
<allocation-stats totalBytes="4039944" discardedBytes="87336" >
  <allocated-bytes non-tlh="400144" tlh="3639800" />
  <largest-consumer threadName="Default Executor-thread-6" threadId="00000001248A3F00" bytes="2694024" />
</allocation-stats>
<gc-op id="2528" type="scavenge" timems="0.641" contextid="2525" timestamp="2024-12-13T12:32:44.673">
  <scavenger-info tenureage="4" tenuremask="7ff0" tiltratio="79" />
  <memory-copied type="nursery" objects="13201" bytes="1214384" bytesdiscarded="96232" />
  <memory-copied type="tenure" objects="2374" bytes="145568" bytesdiscarded="128" />
  <copy-failed type="nursery" objects="144" bytes="8208" />
  <finalization candidates="53" enqueued="0" />
  <ownableSynchronizers candidates="36" cleared="1" />
  <references type="soft" candidates="228" cleared="0" enqueued="0" dynamicThreshold="9" maxThreshold="32" />
  <references type="weak" candidates="409" cleared="83" enqueued="76" />
  <references type="phantom" candidates="9" cleared="0" enqueued="0" />
  <object-monitors candidates="33" cleared="0"  />
</gc-op>
<gc-end id="2529" type="scavenge" contextid="2525" durationms="0.731" usertimems="3.281" systemtimems="0.424" stalltimems="1.103" timestamp="2024-12-13T12:32:44.673" activeThreads="6">
  <mem-info id="2530" free="9577592" total="41877504" percent="22">
    <mem type="nursery" free="3145728" total="6422528" percent="48">
      <mem type="allocate" free="3145728" total="4456448" percent="70" />
      <mem type="survivor" free="0" total="1966080" percent="0" />
    </mem>
    <mem type="tenure" free="6431864" total="35454976" percent="18">
      <mem type="soa" free="4658296" total="33681408" percent="13" />
      <mem type="loa" free="1773568" total="1773568" percent="100" />
    </mem>
    <pending-finalizers system="0" default="0" reference="76" classloader="0" />
    <remembered-set count="3239" />
  </mem-info>
</gc-end>
<cycle-end id="2531" type="scavenge" contextid="2525" timestamp="2024-12-13T12:32:44.673" />
<allocation-satisfied id="2532" threadId="00000001248A3F00" bytesRequested="11688" />
<af-end id="2533" timestamp="2024-12-13T12:32:44.673" threadId="00000001248A4990" success="true" from="nursery"/>
<exclusive-end id="2534" timestamp="2024-12-13T12:32:44.673" durationms="0.994" />

<exclusive-start id="2535" timestamp="2024-12-13T12:32:44.674" intervalms="1.348">
  <response-info timems="0.007" idlems="0.005" threads="1" lastid="00000001388C2900" lastname="JIT Compilation Thread-003" />
</exclusive-start>
<af-start id="2536" threadId="00000001248A4990" totalBytesRequested="10440" timestamp="2024-12-13T12:32:44.674" intervalms="1.314" type="nursery" />
<cycle-start id="2537" type="scavenge" contextid="0" timestamp="2024-12-13T12:32:44.674" intervalms="1.294" />
<gc-start id="2538" type="scavenge" contextid="2537" timestamp="2024-12-13T12:32:44.674">
  <mem-info id="2539" free="6431864" total="41877504" percent="15">
    <mem type="nursery" free="0" total="6422528" percent="0">
      <mem type="allocate" free="0" total="4456448" percent="0" />
      <mem type="survivor" free="0" total="1966080" percent="0" />
    </mem>
    <mem type="tenure" free="6431864" total="35454976" percent="18">
      <mem type="soa" free="4658296" total="33681408" percent="13" />
      <mem type="loa" free="1773568" total="1773568" percent="100" />
    </mem>
    <remembered-set count="3246" />
  </mem-info>
</gc-start>
<allocation-stats totalBytes="2993952" discardedBytes="151776" >
  <allocated-bytes non-tlh="11688" tlh="2982264" />
  <largest-consumer threadName="Default Executor-thread-6" threadId="00000001248A3F00" bytes="2920224" />
</allocation-stats>
<gc-op id="2540" type="scavenge" timems="0.593" contextid="2537" timestamp="2024-12-13T12:32:44.674">
  <scavenger-info tenureage="4" tenuremask="7ff0" tiltratio="69" />
  <memory-copied type="nursery" objects="9238" bytes="986288" bytesdiscarded="275592" />
  <memory-copied type="tenure" objects="3790" bytes="221680" bytesdiscarded="440" />
  <finalization candidates="32" enqueued="0" />
  <ownableSynchronizers candidates="35" cleared="0" />
  <references type="soft" candidates="182" cleared="0" enqueued="0" dynamicThreshold="9" maxThreshold="32" />
  <references type="weak" candidates="266" cleared="0" enqueued="0" />
  <references type="phantom" candidates="8" cleared="0" enqueued="0" />
  <object-monitors candidates="33" cleared="0"  />
</gc-op>
<heap-resize id="2541" type="expand" space="nursery" amount="1835008" count="1" timems="0.024" reason="excessive time being spent scavenging" timestamp="2024-12-13T12:32:44.675" />
<gc-end id="2542" type="scavenge" contextid="2537" durationms="0.696" usertimems="3.449" systemtimems="0.417" stalltimems="1.328" timestamp="2024-12-13T12:32:44.675" activeThreads="6">
  <mem-info id="2543" free="10804800" total="43712512" percent="24">
    <mem type="nursery" free="4636360" total="8257536" percent="56">
      <mem type="allocate" free="4636360" total="5898240" percent="78" />
      <mem type="survivor" free="0" total="2359296" percent="0" />
    </mem>
    <mem type="tenure" free="6168440" total="35454976" percent="17">
      <mem type="soa" free="4394872" total="33681408" percent="13" />
      <mem type="loa" free="1773568" total="1773568" percent="100" />
    </mem>
    <remembered-set count="1396" />
  </mem-info>
</gc-end>
<cycle-end id="2544" type="scavenge" contextid="2537" timestamp="2024-12-13T12:32:44.675" />
<allocation-satisfied id="2545" threadId="00000001248A3F00" bytesRequested="10440" />
<af-end id="2546" timestamp="2024-12-13T12:32:44.675" threadId="00000001248A4990" success="true" from="nursery"/>
<exclusive-end id="2547" timestamp="2024-12-13T12:32:44.675" durationms="0.830" />

<exclusive-start id="2548" timestamp="2024-12-13T12:32:44.675" intervalms="1.625">
  <response-info timems="0.016" idlems="0.012" threads="2" lastid="0000000138A09500" lastname="Default Executor-thread-4" />
</exclusive-start>
<af-start id="2549" threadId="00000001248A4990" totalBytesRequested="8192" timestamp="2024-12-13T12:32:44.675" intervalms="1.635" type="nursery" />
<cycle-start id="2550" type="scavenge" contextid="0" timestamp="2024-12-13T12:32:44.675" intervalms="1.642" />
<gc-start id="2551" type="scavenge" contextid="2550" timestamp="2024-12-13T12:32:44.675">
  <mem-info id="2552" free="6167744" total="43712512" percent="14">
    <mem type="nursery" free="0" total="8257536" percent="0">
      <mem type="allocate" free="0" total="5898240" percent="0" />
      <mem type="survivor" free="0" total="2359296" percent="0" />
    </mem>
    <mem type="tenure" free="6167744" total="35454976" percent="17">
      <mem type="soa" free="4394176" total="33681408" percent="13" />
      <mem type="loa" free="1773568" total="1773568" percent="100" />
    </mem>
    <remembered-set count="1407" />
  </mem-info>
</gc-start>
<allocation-stats totalBytes="4439592" discardedBytes="197464" >
  <allocated-bytes non-tlh="11136" tlh="4428456" />
  <largest-consumer threadName="Default Executor-thread-6" threadId="00000001248A3F00" bytes="4361120" />
</allocation-stats>
<gc-op id="2553" type="scavenge" timems="0.696" contextid="2550" timestamp="2024-12-13T12:32:44.676">
  <scavenger-info tenureage="3" tenuremask="7ff8" tiltratio="71" />
  <memory-copied type="nursery" objects="4205" bytes="659592" bytesdiscarded="178848" />
  <memory-copied type="tenure" objects="5600" bytes="354296" bytesdiscarded="192" />
  <finalization candidates="3" enqueued="0" />
  <ownableSynchronizers candidates="35" cleared="0" />
  <references type="soft" candidates="38" cleared="0" enqueued="0" dynamicThreshold="9" maxThreshold="32" />
  <references type="weak" candidates="65" cleared="0" enqueued="0" />
  <references type="phantom" candidates="5" cleared="0" enqueued="0" />
  <object-monitors candidates="33" cleared="0"  />
</gc-op>
<heap-resize id="2554" type="expand" space="nursery" amount="1835008" count="1" timems="0.017" reason="excessive time being spent scavenging" timestamp="2024-12-13T12:32:44.676" />
<gc-end id="2555" type="scavenge" contextid="2550" durationms="0.775" usertimems="4.716" systemtimems="0.458" stalltimems="2.165" timestamp="2024-12-13T12:32:44.676" activeThreads="6">
  <mem-info id="2556" free="13126552" total="45547520" percent="28">
    <mem type="nursery" free="7156952" total="10092544" percent="70">
      <mem type="allocate" free="7156952" total="7995392" percent="89" />
      <mem type="survivor" free="0" total="2097152" percent="0" />
    </mem>
    <mem type="tenure" free="5969600" total="35454976" percent="16">
      <mem type="soa" free="4196032" total="33681408" percent="12" />
      <mem type="loa" free="1773568" total="1773568" percent="100" />
    </mem>
    <remembered-set count="472" />
  </mem-info>
</gc-end>
<cycle-end id="2557" type="scavenge" contextid="2550" timestamp="2024-12-13T12:32:44.676" />
<allocation-satisfied id="2558" threadId="00000001248A3F00" bytesRequested="8192" />
<af-end id="2559" timestamp="2024-12-13T12:32:44.676" threadId="00000001248A4990" success="true" from="nursery"/>
<exclusive-end id="2560" timestamp="2024-12-13T12:32:44.676" durationms="0.904" />

<exclusive-start id="2561" timestamp="2024-12-13T12:32:44.677" intervalms="1.998">
  <response-info timems="0.016" idlems="0.010" threads="2" lastid="0000000138A09500" lastname="Default Executor-thread-4" />
</exclusive-start>
<af-start id="2562" threadId="00000001248A4990" totalBytesRequested="1544" timestamp="2024-12-13T12:32:44.677" intervalms="2.013" type="nursery" />
<cycle-start id="2563" type="scavenge" contextid="0" timestamp="2024-12-13T12:32:44.677" intervalms="2.010" />
<gc-start id="2564" type="scavenge" contextid="2563" timestamp="2024-12-13T12:32:44.678">
  <mem-info id="2565" free="5966896" total="45547520" percent="13">
    <mem type="nursery" free="0" total="10092544" percent="0">
      <mem type="allocate" free="0" total="7995392" percent="0" />
      <mem type="survivor" free="0" total="2097152" percent="0" />
    </mem>
    <mem type="tenure" free="5966896" total="35454976" percent="16">
      <mem type="soa" free="4193328" total="33681408" percent="12" />
      <mem type="loa" free="1773568" total="1773568" percent="100" />
    </mem>
    <remembered-set count="519" />
  </mem-info>
</gc-start>
<allocation-stats totalBytes="6984520" discardedBytes="175136" >
  <allocated-bytes non-tlh="10896" tlh="6973624" />
  <largest-consumer threadName="Default Executor-thread-6" threadId="00000001248A3F00" bytes="6859312" />
</allocation-stats>
<gc-op id="2566" type="scavenge" timems="0.612" contextid="2563" timestamp="2024-12-13T12:32:44.678">
  <scavenger-info tenureage="3" tenuremask="7fe8" tiltratio="79" />
  <memory-copied type="nursery" objects="821" bytes="47104" bytesdiscarded="110608" />
  <memory-copied type="tenure" objects="3582" bytes="615312" bytesdiscarded="1056" />
  <finalization candidates="2" enqueued="0" />
  <ownableSynchronizers candidates="9" cleared="0" />
  <references type="soft" candidates="27" cleared="0" enqueued="0" dynamicThreshold="9" maxThreshold="32" />
  <references type="weak" candidates="15" cleared="5" enqueued="3" />
  <object-monitors candidates="33" cleared="0"  />
</gc-op>
<heap-resize id="2567" type="expand" space="nursery" amount="1835008" count="1" timems="0.013" reason="excessive time being spent scavenging" timestamp="2024-12-13T12:32:44.678" />
<gc-end id="2568" type="scavenge" contextid="2563" durationms="0.713" usertimems="3.764" systemtimems="0.474" stalltimems="2.119" timestamp="2024-12-13T12:32:44.678" activeThreads="6">
  <mem-info id="2569" free="15410008" total="47382528" percent="32">
    <mem type="nursery" free="10000368" total="11927552" percent="83">
      <mem type="allocate" free="10000368" total="10158080" percent="98" />
      <mem type="survivor" free="0" total="1769472" percent="0" />
    </mem>
    <mem type="tenure" free="5409640" total="35454976" percent="15">
      <mem type="soa" free="3636072" total="33681408" percent="10" />
      <mem type="loa" free="1773568" total="1773568" percent="100" />
    </mem>
    <pending-finalizers system="0" default="0" reference="3" classloader="0" />
    <remembered-set count="310" />
  </mem-info>
</gc-end>
<cycle-end id="2570" type="scavenge" contextid="2563" timestamp="2024-12-13T12:32:44.678" />
<allocation-satisfied id="2571" threadId="00000001248A3F00" bytesRequested="1544" />
<af-end id="2572" timestamp="2024-12-13T12:32:44.678" threadId="00000001248A4990" success="true" from="nursery"/>
<exclusive-end id="2573" timestamp="2024-12-13T12:32:44.678" durationms="0.913" />

<exclusive-start id="2574" timestamp="2024-12-13T12:32:44.781" intervalms="103.153">
  <response-info timems="0.180" idlems="0.135" threads="3" lastid="00000001388C2900" lastname="JIT Compilation Thread-003" />
</exclusive-start>
<af-start id="2575" threadId="0000000138A09F90" totalBytesRequested="4120" timestamp="2024-12-13T12:32:44.781" intervalms="103.161" type="nursery" />
<cycle-start id="2576" type="scavenge" contextid="0" timestamp="2024-12-13T12:32:44.781" intervalms="103.180" />
<gc-start id="2577" type="scavenge" contextid="2576" timestamp="2024-12-13T12:32:44.781">
  <mem-info id="2578" free="5182976" total="47382528" percent="10">
    <mem type="nursery" free="0" total="11927552" percent="0">
      <mem type="allocate" free="0" total="10158080" percent="0" />
      <mem type="survivor" free="0" total="1769472" percent="0" />
    </mem>
    <mem type="tenure" free="5182976" total="35454976" percent="14">
      <mem type="soa" free="3409408" total="33681408" percent="10" />
      <mem type="loa" free="1773568" total="1773568" percent="100" />
    </mem>
    <remembered-set count="3060" />
  </mem-info>
</gc-start>
<allocation-stats totalBytes="10171032" discardedBytes="56000" >
  <allocated-bytes non-tlh="502920" tlh="9668112" />
  <largest-consumer threadName="Default Executor-thread-4" threadId="0000000138A09500" bytes="6118488" />
</allocation-stats>
<gc-op id="2579" type="scavenge" timems="0.767" contextid="2576" timestamp="2024-12-13T12:32:44.782">
  <scavenger-info tenureage="6" tenuremask="7fc0" tiltratio="85" />
  <memory-copied type="nursery" objects="18933" bytes="1378576" bytesdiscarded="122896" />
  <finalization candidates="26" enqueued="0" />
  <ownableSynchronizers candidates="58" cleared="16" />
  <references type="soft" candidates="242" cleared="0" enqueued="0" dynamicThreshold="9" maxThreshold="32" />
  <references type="weak" candidates="967" cleared="352" enqueued="247" />
  <references type="phantom" candidates="7" cleared="0" enqueued="0" />
  <object-monitors candidates="33" cleared="0"  />
</gc-op>
<gc-end id="2580" type="scavenge" contextid="2576" durationms="0.849" usertimems="4.157" systemtimems="0.311" stalltimems="0.797" timestamp="2024-12-13T12:32:44.782" activeThreads="5">
  <mem-info id="2581" free="12789688" total="47382528" percent="26">
    <mem type="nursery" free="7606712" total="11927552" percent="63">
      <mem type="allocate" free="7606712" total="9109504" percent="83" />
      <mem type="survivor" free="0" total="2818048" percent="0" />
    </mem>
    <mem type="tenure" free="5182976" total="35454976" percent="14">
      <mem type="soa" free="3409408" total="33681408" percent="10" />
      <mem type="loa" free="1773568" total="1773568" percent="100" />
    </mem>
    <pending-finalizers system="0" default="0" reference="247" classloader="0" />
    <remembered-set count="2953" />
  </mem-info>
</gc-end>
<cycle-end id="2582" type="scavenge" contextid="2576" timestamp="2024-12-13T12:32:44.782" />
<allocation-satisfied id="2583" threadId="0000000138A09500" bytesRequested="4120" />
<af-end id="2584" timestamp="2024-12-13T12:32:44.782" threadId="0000000138A09F90" success="true" from="nursery"/>
<exclusive-end id="2585" timestamp="2024-12-13T12:32:44.782" durationms="1.131" />

<exclusive-start id="2586" timestamp="2024-12-13T12:32:44.805" intervalms="24.803">
  <response-info timems="0.011" idlems="0.009" threads="1" lastid="00000001248A3F00" lastname="Default Executor-thread-6" />
</exclusive-start>
<af-start id="2587" threadId="0000000138A09F90" totalBytesRequested="32" timestamp="2024-12-13T12:32:44.805" intervalms="24.793" type="nursery" />
<cycle-start id="2588" type="scavenge" contextid="0" timestamp="2024-12-13T12:32:44.805" intervalms="24.787" />
<gc-start id="2589" type="scavenge" contextid="2588" timestamp="2024-12-13T12:32:44.806">
  <mem-info id="2590" free="5112896" total="47382528" percent="10">
    <mem type="nursery" free="0" total="11927552" percent="0">
      <mem type="allocate" free="0" total="9109504" percent="0" />
      <mem type="survivor" free="0" total="2818048" percent="0" />
    </mem>
    <mem type="tenure" free="5112896" total="35454976" percent="14">
      <mem type="soa" free="3339328" total="33681408" percent="9" />
      <mem type="loa" free="1773568" total="1773568" percent="100" />
    </mem>
    <remembered-set count="4227" />
  </mem-info>
</gc-start>
<allocation-stats totalBytes="7667280" discardedBytes="9512" >
  <allocated-bytes non-tlh="74200" tlh="7593080" />
  <largest-consumer threadName="Default Executor-thread-4" threadId="0000000138A09500" bytes="6087880" />
</allocation-stats>
<gc-op id="2591" type="scavenge" timems="1.079" contextid="2588" timestamp="2024-12-13T12:32:44.807">
  <scavenger-info tenureage="6" tenuremask="7fc0" tiltratio="76" />
  <memory-copied type="nursery" objects="33247" bytes="2789976" bytesdiscarded="28056" />
  <memory-copied type="tenure" objects="4862" bytes="452488" bytesdiscarded="664" />
  <copy-failed type="nursery" objects="4862" bytes="452488" />
  <finalization candidates="26" enqueued="0" />
  <ownableSynchronizers candidates="43" cleared="1" />
  <references type="soft" candidates="262" cleared="0" enqueued="0" dynamicThreshold="9" maxThreshold="32" />
  <references type="weak" candidates="694" cleared="54" enqueued="48" />
  <references type="phantom" candidates="6" cleared="0" enqueued="0" />
  <object-monitors candidates="34" cleared="0"  />
</gc-op>
<gc-end id="2592" type="scavenge" contextid="2588" durationms="1.164" usertimems="4.753" systemtimems="0.958" stalltimems="1.796" timestamp="2024-12-13T12:32:44.807" activeThreads="6">
  <mem-info id="2593" free="7982904" total="47382528" percent="16">
    <mem type="nursery" free="3276800" total="11927552" percent="27">
      <mem type="allocate" free="3276800" total="6094848" percent="53" />
      <mem type="survivor" free="0" total="5832704" percent="0" />
    </mem>
    <mem type="tenure" free="4706104" total="35454976" percent="13">
      <mem type="soa" free="2932536" total="33681408" percent="8" />
      <mem type="loa" free="1773568" total="1773568" percent="100" />
    </mem>
    <pending-finalizers system="0" default="0" reference="48" classloader="0" />
    <remembered-set count="4419" />
  </mem-info>
</gc-end>
<cycle-end id="2594" type="scavenge" contextid="2588" timestamp="2024-12-13T12:32:44.807" />
<allocation-satisfied id="2595" threadId="0000000138A09500" bytesRequested="32" />
<af-end id="2596" timestamp="2024-12-13T12:32:44.807" threadId="0000000138A09F90" success="true" from="nursery"/>
<exclusive-end id="2597" timestamp="2024-12-13T12:32:44.807" durationms="1.430" />

<exclusive-start id="2598" timestamp="2024-12-13T12:32:44.812" intervalms="6.915">
  <response-info timems="0.013" idlems="0.012" threads="1" lastid="00000001248A3F00" lastname="Default Executor-thread-6" />
</exclusive-start>
<af-start id="2599" threadId="0000000138A09F90" totalBytesRequested="24" timestamp="2024-12-13T12:32:44.812" intervalms="6.924" type="nursery" />
<cycle-start id="2600" type="scavenge" contextid="0" timestamp="2024-12-13T12:32:44.812" intervalms="6.918" />
<gc-start id="2601" type="scavenge" contextid="2600" timestamp="2024-12-13T12:32:44.812">
  <mem-info id="2602" free="4653984" total="47382528" percent="9">
    <mem type="nursery" free="0" total="11927552" percent="0">
      <mem type="allocate" free="0" total="6094848" percent="0" />
      <mem type="survivor" free="0" total="5832704" percent="0" />
    </mem>
    <mem type="tenure" free="4653984" total="35454976" percent="13">
      <mem type="soa" free="2880416" total="33681408" percent="8" />
      <mem type="loa" free="1773568" total="1773568" percent="100" />
    </mem>
    <remembered-set count="4677" />
  </mem-info>
</gc-start>
<allocation-stats totalBytes="3300008" discardedBytes="28912" >
  <allocated-bytes non-tlh="177112" tlh="3122896" />
  <largest-consumer threadName="Default Executor-thread-4" threadId="0000000138A09500" bytes="2866512" />
</allocation-stats>
<gc-op id="2603" type="scavenge" timems="1.338" contextid="2600" timestamp="2024-12-13T12:32:44.814">
  <scavenger-info tenureage="3" tenuremask="fff8" tiltratio="51" />
  <memory-copied type="nursery" objects="35199" bytes="3208720" bytesdiscarded="163160" />
  <memory-copied type="tenure" objects="338" bytes="25152" bytesdiscarded="24" />
  <finalization candidates="26" enqueued="0" />
  <ownableSynchronizers candidates="43" cleared="1" />
  <references type="soft" candidates="243" cleared="0" enqueued="0" dynamicThreshold="9" maxThreshold="32" />
  <references type="weak" candidates="647" cleared="18" enqueued="18" />
  <references type="phantom" candidates="6" cleared="0" enqueued="0" />
  <object-monitors candidates="34" cleared="0"  />
</gc-op>
<heap-resize id="2604" type="expand" space="nursery" amount="1310720" count="1" timems="0.030" reason="excessive time being spent scavenging" timestamp="2024-12-13T12:32:44.814" />
<gc-end id="2605" type="scavenge" contextid="2600" durationms="1.449" usertimems="4.593" systemtimems="1.246" stalltimems="3.746" timestamp="2024-12-13T12:32:44.814" activeThreads="7">
  <mem-info id="2606" free="8359736" total="48693248" percent="17">
    <mem type="nursery" free="3837080" total="13238272" percent="28">
      <mem type="allocate" free="3837080" total="7208960" percent="53" />
      <mem type="survivor" free="0" total="6029312" percent="0" />
    </mem>
    <mem type="tenure" free="4522656" total="35454976" percent="12">
      <mem type="soa" free="2749088" total="33681408" percent="8" />
      <mem type="loa" free="1773568" total="1773568" percent="100" />
    </mem>
    <pending-finalizers system="0" default="0" reference="18" classloader="0" />
    <remembered-set count="3123" />
  </mem-info>
</gc-end>
<cycle-end id="2607" type="scavenge" contextid="2600" timestamp="2024-12-13T12:32:44.814" />
<allocation-satisfied id="2608" threadId="0000000138A09500" bytesRequested="24" />
<af-end id="2609" timestamp="2024-12-13T12:32:44.814" threadId="0000000138A09F90" success="true" from="nursery"/>
<exclusive-end id="2610" timestamp="2024-12-13T12:32:44.814" durationms="1.687" />

<exclusive-start id="2611" timestamp="2024-12-13T12:32:44.824" intervalms="11.973">
  <response-info timems="4.660" idlems="3.108" threads="2" lastid="00000001388B6700" lastname="JIT Compilation Thread-002" />
</exclusive-start>
<af-start id="2612" threadId="0000000138A09F90" totalBytesRequested="64" timestamp="2024-12-13T12:32:44.824" intervalms="12.026" type="nursery" />
<cycle-start id="2613" type="scavenge" contextid="0" timestamp="2024-12-13T12:32:44.824" intervalms="12.073" />
<gc-start id="2614" type="scavenge" contextid="2613" timestamp="2024-12-13T12:32:44.825">
  <mem-info id="2615" free="4456968" total="48693248" percent="9">
    <mem type="nursery" free="0" total="13238272" percent="0">
      <mem type="allocate" free="0" total="7208960" percent="0" />
      <mem type="survivor" free="0" total="6029312" percent="0" />
    </mem>
    <mem type="tenure" free="4456968" total="35454976" percent="12">
      <mem type="soa" free="2683400" total="33681408" percent="7" />
      <mem type="loa" free="1773568" total="1773568" percent="100" />
    </mem>
    <remembered-set count="3329" />
  </mem-info>
</gc-start>
<allocation-stats totalBytes="3900296" discardedBytes="2472" >
  <allocated-bytes non-tlh="220528" tlh="3679768" />
  <largest-consumer threadName="Default Executor-thread-4" threadId="0000000138A09500" bytes="3372744" />
</allocation-stats>
<gc-op id="2616" type="scavenge" timems="1.024" contextid="2613" timestamp="2024-12-13T12:32:44.826">
  <scavenger-info tenureage="3" tenuremask="fff8" tiltratio="54" />
  <memory-copied type="nursery" objects="23252" bytes="2635568" bytesdiscarded="119784" />
  <memory-copied type="tenure" objects="15014" bytes="903544" bytesdiscarded="408" />
  <finalization candidates="26" enqueued="0" />
  <ownableSynchronizers candidates="43" cleared="1" />
  <references type="soft" candidates="38" cleared="0" enqueued="0" dynamicThreshold="9" maxThreshold="32" />
  <references type="weak" candidates="35" cleared="10" enqueued="10" />
  <object-monitors candidates="34" cleared="0"  />
</gc-op>
<heap-resize id="2617" type="expand" space="nursery" amount="655360" count="1" timems="0.018" reason="excessive time being spent scavenging" timestamp="2024-12-13T12:32:44.826" />
<gc-end id="2618" type="scavenge" contextid="2613" durationms="1.122" usertimems="4.861" systemtimems="0.847" stalltimems="1.566" timestamp="2024-12-13T12:32:44.826" activeThreads="7">
  <mem-info id="2619" free="9337328" total="49348608" percent="18">
    <mem type="nursery" free="5764328" total="13893632" percent="41">
      <mem type="allocate" free="5764328" total="8519680" percent="67" />
      <mem type="survivor" free="0" total="5373952" percent="0" />
    </mem>
    <mem type="tenure" free="3573000" total="35454976" percent="10">
      <mem type="soa" free="1799432" total="33681408" percent="5" />
      <mem type="loa" free="1773568" total="1773568" percent="100" />
    </mem>
    <pending-finalizers system="0" default="0" reference="10" classloader="0" />
    <remembered-set count="1246" />
  </mem-info>
</gc-end>
<cycle-end id="2620" type="scavenge" contextid="2613" timestamp="2024-12-13T12:32:44.826" />
<allocation-satisfied id="2621" threadId="0000000138A09500" bytesRequested="64" />
<af-end id="2622" timestamp="2024-12-13T12:32:44.826" threadId="0000000138A09F90" success="true" from="nursery"/>
<exclusive-end id="2623" timestamp="2024-12-13T12:32:44.826" durationms="1.493" />

<exclusive-start id="2624" timestamp="2024-12-13T12:32:44.842" intervalms="18.145">
  <response-info timems="0.057" idlems="0.027" threads="4" lastid="00000001388AD900" lastname="JIT Compilation Thread-000" />
</exclusive-start>
<af-start id="2625" threadId="0000000138A09F90" totalBytesRequested="528" timestamp="2024-12-13T12:32:44.842" intervalms="18.089" type="nursery" />
<cycle-start id="2626" type="scavenge" contextid="0" timestamp="2024-12-13T12:32:44.842" intervalms="18.055" />
<gc-start id="2627" type="scavenge" contextid="2626" timestamp="2024-12-13T12:32:44.843">
  <mem-info id="2628" free="3562248" total="49348608" percent="7">
    <mem type="nursery" free="0" total="13893632" percent="0">
      <mem type="allocate" free="0" total="8519680" percent="0" />
      <mem type="survivor" free="0" total="5373952" percent="0" />
    </mem>
    <mem type="tenure" free="3562248" total="35454976" percent="10">
      <mem type="soa" free="1788680" total="33681408" percent="5" />
      <mem type="loa" free="1773568" total="1773568" percent="100" />
    </mem>
    <remembered-set count="1398" />
  </mem-info>
</gc-start>
<allocation-stats totalBytes="5769744" discardedBytes="5336" >
  <allocated-bytes non-tlh="10816" tlh="5758928" />
  <largest-consumer threadName="Default Executor-thread-4" threadId="0000000138A09500" bytes="4739288" />
</allocation-stats>
<gc-op id="2629" type="scavenge" timems="0.571" contextid="2626" timestamp="2024-12-13T12:32:44.843">
  <scavenger-info tenureage="3" tenuremask="fff8" tiltratio="61" />
  <memory-copied type="nursery" objects="4971" bytes="566984" bytesdiscarded="295760" />
  <memory-copied type="tenure" objects="4493" bytes="358832" bytesdiscarded="1136" />
  <ownableSynchronizers candidates="9" cleared="3" />
  <references type="soft" candidates="35" cleared="0" enqueued="0" dynamicThreshold="9" maxThreshold="32" />
  <references type="weak" candidates="22" cleared="14" enqueued="14" />
  <object-monitors candidates="37" cleared="0"  />
</gc-op>
<gc-end id="2630" type="scavenge" contextid="2626" durationms="0.639" usertimems="2.482" systemtimems="0.624" stalltimems="2.218" timestamp="2024-12-13T12:32:44.843" activeThreads="8">
  <mem-info id="2631" free="11596744" total="49348608" percent="23">
    <mem type="nursery" free="8377792" total="13893632" percent="60">
      <mem type="allocate" free="8377792" total="9240576" percent="90" />
      <mem type="survivor" free="0" total="4653056" percent="0" />
    </mem>
    <mem type="tenure" free="3218952" total="35454976" percent="9">
      <mem type="soa" free="1445384" total="33681408" percent="4" />
      <mem type="loa" free="1773568" total="1773568" percent="100" />
    </mem>
    <pending-finalizers system="0" default="0" reference="14" classloader="0" />
    <remembered-set count="649" />
  </mem-info>
</gc-end>
<cycle-end id="2632" type="scavenge" contextid="2626" timestamp="2024-12-13T12:32:44.843" />
<allocation-satisfied id="2633" threadId="0000000138A09500" bytesRequested="528" />
<af-end id="2634" timestamp="2024-12-13T12:32:44.843" threadId="0000000138A09F90" success="true" from="nursery"/>
<exclusive-end id="2635" timestamp="2024-12-13T12:32:44.843" durationms="0.880" />

<exclusive-start id="2636" timestamp="2024-12-13T12:32:44.864" intervalms="21.492">
  <response-info timems="0.066" idlems="0.037" threads="1" lastid="00000001388C2900" lastname="JIT Compilation Thread-003" />
</exclusive-start>
<af-start id="2637" threadId="0000000138A09F90" totalBytesRequested="2064" timestamp="2024-12-13T12:32:44.864" intervalms="21.491" type="nursery" />
<cycle-start id="2638" type="scavenge" contextid="0" timestamp="2024-12-13T12:32:44.864" intervalms="21.489" />
<gc-start id="2639" type="scavenge" contextid="2638" timestamp="2024-12-13T12:32:44.864">
  <mem-info id="2640" free="3204224" total="49348608" percent="6">
    <mem type="nursery" free="0" total="13893632" percent="0">
      <mem type="allocate" free="0" total="9240576" percent="0" />
      <mem type="survivor" free="0" total="4653056" percent="0" />
    </mem>
    <mem type="tenure" free="3204224" total="35454976" percent="9">
      <mem type="soa" free="1430656" total="33681408" percent="4" />
      <mem type="loa" free="1773568" total="1773568" percent="100" />
    </mem>
    <remembered-set count="831" />
  </mem-info>
</gc-start>
<allocation-stats totalBytes="8383024" discardedBytes="9496" >
  <allocated-bytes non-tlh="15256" tlh="8367768" />
  <largest-consumer threadName="Default Executor-thread-4" threadId="0000000138A09500" bytes="8244928" />
</allocation-stats>
<gc-op id="2641" type="scavenge" timems="0.439" contextid="2638" timestamp="2024-12-13T12:32:44.865">
  <scavenger-info tenureage="3" tenuremask="fff8" tiltratio="66" />
  <memory-copied type="nursery" objects="5245" bytes="559248" bytesdiscarded="452016" />
  <memory-copied type="tenure" objects="206" bytes="172080" bytesdiscarded="688" />
  <ownableSynchronizers candidates="14" cleared="5" />
  <references type="soft" candidates="41" cleared="0" enqueued="0" dynamicThreshold="9" maxThreshold="32" />
  <references type="weak" candidates="83" cleared="47" enqueued="45" />
  <references type="phantom" candidates="2" cleared="0" enqueued="0" />
  <object-monitors candidates="38" cleared="0"  />
</gc-op>
<gc-end id="2642" type="scavenge" contextid="2638" durationms="0.521" usertimems="1.195" systemtimems="0.426" stalltimems="1.507" timestamp="2024-12-13T12:32:44.865" activeThreads="7">
  <mem-info id="2643" free="11994320" total="49348608" percent="24">
    <mem type="nursery" free="9015712" total="13893632" percent="64">
      <mem type="allocate" free="9015712" total="10027008" percent="89" />
      <mem type="survivor" free="0" total="3866624" percent="0" />
    </mem>
    <mem type="tenure" free="2978608" total="35454976" percent="8">
      <mem type="soa" free="1205040" total="33681408" percent="3" />
      <mem type="loa" free="1773568" total="1773568" percent="100" />
    </mem>
    <pending-finalizers system="0" default="0" reference="45" classloader="0" />
    <remembered-set count="578" />
  </mem-info>
</gc-end>
<cycle-end id="2644" type="scavenge" contextid="2638" timestamp="2024-12-13T12:32:44.865" />
<allocation-satisfied id="2645" threadId="0000000138A09500" bytesRequested="2064" />
<af-end id="2646" timestamp="2024-12-13T12:32:44.865" threadId="0000000138A09F90" success="true" from="nursery"/>
<exclusive-end id="2647" timestamp="2024-12-13T12:32:44.865" durationms="0.792" />

<concurrent-kickoff id="2648" timestamp="2024-12-13T12:32:44.915">
  <kickoff reason="threshold reached" targetBytes="17873451" thresholdFreeBytes="2410575"  remainingFree="2374032" tenureFreeBytes="2945704" nurseryFreeBytes="2374032" />
</concurrent-kickoff>
<exclusive-start id="2649" timestamp="2024-12-13T12:32:44.915" intervalms="51.521">
  <response-info timems="0.008" idlems="0.008" threads="0" lastid="0000000138A09500" lastname="Default Executor-thread-4" />
</exclusive-start>
<cycle-start id="2650" type="global" contextid="0" timestamp="2024-12-13T12:32:44.915" intervalms="1174.006" />
<concurrent-start id="2651" type="global mark" contextid="2650" timestamp="2024-12-13T12:32:44.915">
</concurrent-start>
<exclusive-end id="2652" timestamp="2024-12-13T12:32:44.915" durationms="0.019" />

<exclusive-start id="2653" timestamp="2024-12-13T12:32:44.929" intervalms="13.847">
  <response-info timems="0.014" idlems="0.010" threads="2" lastid="0000000138922B00" lastname="Concurrent Mark Helper" />
</exclusive-start>
<af-start id="2654" threadId="0000000138A09F90" totalBytesRequested="48" timestamp="2024-12-13T12:32:44.929" intervalms="65.387" type="nursery" />
<cycle-start id="2655" type="scavenge" contextid="0" timestamp="2024-12-13T12:32:44.929" intervalms="65.404" />
<gc-start id="2656" type="scavenge" contextid="2655" timestamp="2024-12-13T12:32:44.929">
  <mem-info id="2657" free="2945056" total="49348608" percent="5">
    <mem type="nursery" free="0" total="13893632" percent="0">
      <mem type="allocate" free="0" total="10027008" percent="0" />
      <mem type="survivor" free="0" total="3866624" percent="0" />
    </mem>
    <mem type="tenure" free="2945056" total="35454976" percent="8">
      <mem type="soa" free="1171488" total="33681408" percent="3" />
      <mem type="loa" free="1773568" total="1773568" percent="100" />
    </mem>
    <remembered-set count="963" />
  </mem-info>
</gc-start>
<allocation-stats totalBytes="9040592" discardedBytes="8672" >
  <allocated-bytes non-tlh="35616" tlh="9004976" />
  <largest-consumer threadName="Default Executor-thread-4" threadId="0000000138A09500" bytes="9024208" />
</allocation-stats>
<gc-op id="2658" type="scavenge" timems="0.739" contextid="2655" timestamp="2024-12-13T12:32:44.930">
  <scavenger-info tenureage="3" tenuremask="ffe8" tiltratio="72" />
  <memory-copied type="nursery" objects="20083" bytes="2138696" bytesdiscarded="197792" />
  <memory-copied type="tenure" objects="284" bytes="148992" bytesdiscarded="240" />
  <finalization candidates="2" enqueued="0" />
  <ownableSynchronizers candidates="17" cleared="2" />
  <references type="soft" candidates="110" cleared="0" enqueued="0" dynamicThreshold="9" maxThreshold="32" />
  <references type="weak" candidates="234" cleared="94" enqueued="73" />
  <references type="phantom" candidates="8" cleared="0" enqueued="0" />
  <object-monitors candidates="39" cleared="0"  />
</gc-op>
<gc-end id="2659" type="scavenge" contextid="2655" durationms="0.821" usertimems="7.623" systemtimems="0.628" stalltimems="1.450" timestamp="2024-12-13T12:32:44.930" activeThreads="6">
  <mem-info id="2660" free="10410904" total="49348608" percent="21">
    <mem type="nursery" free="7624872" total="13893632" percent="54">
      <mem type="allocate" free="7624872" total="9961472" percent="76" />
      <mem type="survivor" free="0" total="3932160" percent="0" />
    </mem>
    <mem type="tenure" free="2786032" total="35454976" percent="7">
      <mem type="soa" free="1012464" total="33681408" percent="3" />
      <mem type="loa" free="1773568" total="1773568" percent="100" />
    </mem>
    <pending-finalizers system="0" default="0" reference="73" classloader="0" />
    <remembered-set count="841" />
  </mem-info>
</gc-end>
<cycle-end id="2661" type="scavenge" contextid="2655" timestamp="2024-12-13T12:32:44.930" />
<allocation-satisfied id="2662" threadId="0000000138A09500" bytesRequested="48" />
<af-end id="2663" timestamp="2024-12-13T12:32:44.930" threadId="0000000138A09F90" success="true" from="nursery"/>
<exclusive-end id="2664" timestamp="2024-12-13T12:32:44.930" durationms="1.116" />

<concurrent-end id="2665" type="global mark" contextid="2650" timestamp="2024-12-13T12:32:44.931">
<gc-op id="2666" type="trace" timems="15.548" contextid="2650" timestamp="2024-12-13T12:32:44.931">
  <trace bytesTraced="20776856" workStackOverflowCount="0" />
  <card-cleaning reason="card cleaning threshold reached" bytesTraced="39664" cardsCleaned="85" />
</gc-op>
</concurrent-end>

<exclusive-start id="2667" timestamp="2024-12-13T12:32:44.931" intervalms="1.734">
  <response-info timems="0.007" idlems="0.007" threads="0" lastid="0000000138A09500" lastname="Default Executor-thread-4" />
</exclusive-start>
<concurrent-global-final id="2668" timestamp="2024-12-13T12:32:44.931" contextid="2650" intervalms="1134.423" >
  <concurrent-trace-info reason="card cleaning threshold reached" tracedByMutators="5433736" tracedByHelpers="15382784" cardsCleaned="85" workStackOverflowCount="0" />
</concurrent-global-final>
<gc-start id="2669" type="global" contextid="2650" timestamp="2024-12-13T12:32:44.931">
  <mem-info id="2670" free="10263400" total="49348608" percent="20">
    <mem type="nursery" free="7477368" total="13893632" percent="53">
      <mem type="allocate" free="7477368" total="9961472" percent="75" />
      <mem type="survivor" free="0" total="3932160" percent="0" />
    </mem>
    <mem type="tenure" free="2786032" total="35454976" percent="7">
      <mem type="soa" free="1012464" total="33681408" percent="3" />
      <mem type="loa" free="1773568" total="1773568" percent="100" />
    </mem>
    <remembered-set count="845" />
  </mem-info>
</gc-start>
<allocation-stats totalBytes="146488" discardedBytes="1016" >
  <allocated-bytes non-tlh="48" tlh="146440" />
  <largest-consumer threadName="Default Executor-thread-4" threadId="0000000138A09500" bytes="135176" />
</allocation-stats>
<gc-op id="2671" type="rs-scan" timems="0.378" contextid="2650" timestamp="2024-12-13T12:32:44.931">
  <scan objectsFound="4352" bytesTraced="376256" workStackOverflowCount="0" />
</gc-op>
<gc-op id="2672" type="card-cleaning" timems="0.151" contextid="2650" timestamp="2024-12-13T12:32:44.932">
  <card-cleaning cardsCleaned="0" bytesTraced="0" workStackOverflowCount="0" />
</gc-op>
<gc-op id="2673" type="mark" timems="1.613" contextid="2650" timestamp="2024-12-13T12:32:44.933">
  <trace-info objectcount="16625" scancount="16047" scanbytes="1586816" />
  <finalization candidates="284" enqueued="0" />
  <ownableSynchronizers candidates="3832" cleared="25" />
  <references type="soft" candidates="7089" cleared="755" enqueued="751" dynamicThreshold="9" maxThreshold="32" />
  <references type="weak" candidates="7094" cleared="110" enqueued="56" />
  <references type="phantom" candidates="363" cleared="0" enqueued="0" />
  <stringconstants candidates="24202" cleared="43"  />
  <object-monitors candidates="39" cleared="3"  />
</gc-op>
<gc-op id="2674" type="sweep" timems="0.651" contextid="2650" timestamp="2024-12-13T12:32:44.934" />
<heap-resize id="2675" type="expand" space="tenure" amount="7077888" count="1" timems="0.034" reason="insufficient free space following gc" timestamp="2024-12-13T12:32:44.934" />
<gc-end id="2676" type="global" contextid="2650" durationms="2.999" usertimems="14.625" systemtimems="3.786" stalltimems="11.834" timestamp="2024-12-13T12:32:44.934" activeThreads="10">
  <mem-info id="2677" free="20581576" total="56426496" percent="36">
    <mem type="nursery" free="7812936" total="13893632" percent="56">
      <mem type="allocate" free="7812936" total="9961472" percent="78" />
      <mem type="survivor" free="0" total="3932160" percent="0" />
    </mem>
    <mem type="tenure" free="12768640" total="42532864" percent="30" micro-fragmented="1659439" macro-fragmented="0">
      <mem type="soa" free="10641792" total="40406016" percent="26" />
      <mem type="loa" free="2126848" total="2126848" percent="100" />
    </mem>
    <pending-finalizers system="0" default="0" reference="807" classloader="0" />
    <remembered-set count="720" />
  </mem-info>
</gc-end>
<cycle-end id="2678" type="global" contextid="2650" timestamp="2024-12-13T12:32:44.934" />
<exclusive-end id="2679" timestamp="2024-12-13T12:32:44.934" durationms="3.121" />

<exclusive-start id="2680" timestamp="2024-12-13T12:32:44.969" intervalms="37.521">
  <response-info timems="0.014" idlems="0.014" threads="0" lastid="0000000138A09500" lastname="Default Executor-thread-4" />
</exclusive-start>
<af-start id="2681" threadId="0000000138A09F90" totalBytesRequested="2072" timestamp="2024-12-13T12:32:44.969" intervalms="39.247" type="nursery" />
<cycle-start id="2682" type="scavenge" contextid="0" timestamp="2024-12-13T12:32:44.969" intervalms="39.249" />
<gc-start id="2683" type="scavenge" contextid="2682" timestamp="2024-12-13T12:32:44.969">
  <mem-info id="2684" free="12739616" total="56426496" percent="22">
    <mem type="nursery" free="0" total="13893632" percent="0">
      <mem type="allocate" free="0" total="9961472" percent="0" />
      <mem type="survivor" free="0" total="3932160" percent="0" />
    </mem>
    <mem type="tenure" free="12739616" total="42532864" percent="29">
      <mem type="soa" free="10612768" total="40406016" percent="26" />
      <mem type="loa" free="2126848" total="2126848" percent="100" />
    </mem>
    <remembered-set count="1745" />
  </mem-info>
</gc-start>
<allocation-stats totalBytes="7814672" discardedBytes="15840" >
  <allocated-bytes non-tlh="20152" tlh="7794520" />
  <largest-consumer threadName="Default Executor-thread-4" threadId="0000000138A09500" bytes="7752760" />
</allocation-stats>
<gc-op id="2685" type="scavenge" timems="0.685" contextid="2682" timestamp="2024-12-13T12:32:44.969">
  <scavenger-info tenureage="3" tenuremask="ffe8" tiltratio="71" />
  <memory-copied type="nursery" objects="9279" bytes="1331288" bytesdiscarded="446976" />
  <memory-copied type="tenure" objects="1388" bytes="90152" bytesdiscarded="960" />
  <finalization candidates="2" enqueued="0" />
  <ownableSynchronizers candidates="7602" cleared="7587" />
  <references type="soft" candidates="220" cleared="0" enqueued="0" dynamicThreshold="9" maxThreshold="32" />
  <references type="weak" candidates="161" cleared="24" enqueued="23" />
  <references type="phantom" candidates="8" cleared="0" enqueued="0" />
  <object-monitors candidates="36" cleared="0"  />
</gc-op>
<gc-end id="2686" type="scavenge" contextid="2682" durationms="0.784" usertimems="3.331" systemtimems="0.529" stalltimems="1.562" timestamp="2024-12-13T12:32:44.970" activeThreads="6">
  <mem-info id="2687" free="21059776" total="56426496" percent="37">
    <mem type="nursery" free="8445296" total="13893632" percent="60">
      <mem type="allocate" free="8445296" total="10223616" percent="82" />
      <mem type="survivor" free="0" total="3670016" percent="0" />
    </mem>
    <mem type="tenure" free="12614480" total="42532864" percent="29">
      <mem type="soa" free="10487632" total="40406016" percent="25" />
      <mem type="loa" free="2126848" total="2126848" percent="100" />
    </mem>
    <pending-finalizers system="0" default="0" reference="23" classloader="0" />
    <remembered-set count="1603" />
  </mem-info>
</gc-end>
<cycle-end id="2688" type="scavenge" contextid="2682" timestamp="2024-12-13T12:32:44.970" />
<allocation-satisfied id="2689" threadId="0000000138A09500" bytesRequested="2072" />
<af-end id="2690" timestamp="2024-12-13T12:32:44.970" threadId="0000000138A09F90" success="true" from="nursery"/>
<exclusive-end id="2691" timestamp="2024-12-13T12:32:44.970" durationms="1.123" />

<exclusive-start id="2692" timestamp="2024-12-13T12:32:45.029" intervalms="60.510">
  <response-info timems="0.011" idlems="0.011" threads="0" lastid="0000000138A09500" lastname="Default Executor-thread-4" />
</exclusive-start>
<af-start id="2693" threadId="0000000138A09F90" totalBytesRequested="152" timestamp="2024-12-13T12:32:45.029" intervalms="60.502" type="nursery" />
<cycle-start id="2694" type="scavenge" contextid="0" timestamp="2024-12-13T12:32:45.029" intervalms="60.485" />
<gc-start id="2695" type="scavenge" contextid="2694" timestamp="2024-12-13T12:32:45.029">
  <mem-info id="2696" free="12518016" total="56426496" percent="22">
    <mem type="nursery" free="0" total="13893632" percent="0">
      <mem type="allocate" free="0" total="10223616" percent="0" />
      <mem type="survivor" free="0" total="3670016" percent="0" />
    </mem>
    <mem type="tenure" free="12518016" total="42532864" percent="29">
      <mem type="soa" free="10391168" total="40406016" percent="25" />
      <mem type="loa" free="2126848" total="2126848" percent="100" />
    </mem>
    <remembered-set count="2462" />
  </mem-info>
</gc-start>
<allocation-stats totalBytes="8521624" discardedBytes="6752" >
  <allocated-bytes non-tlh="85152" tlh="8436472" />
  <largest-consumer threadName="Default Executor-thread-4" threadId="0000000138A09500" bytes="8513376" />
</allocation-stats>
<gc-op id="2697" type="scavenge" timems="0.673" contextid="2694" timestamp="2024-12-13T12:32:45.030">
  <scavenger-info tenureage="5" tenuremask="7fe0" tiltratio="73" />
  <memory-copied type="nursery" objects="15744" bytes="1603792" bytesdiscarded="407704" />
  <finalization candidates="2" enqueued="0" />
  <ownableSynchronizers candidates="15" cleared="2" />
  <references type="soft" candidates="832" cleared="0" enqueued="0" dynamicThreshold="9" maxThreshold="32" />
  <references type="weak" candidates="236" cleared="60" enqueued="58" />
  <references type="phantom" candidates="20" cleared="0" enqueued="0" />
  <object-monitors candidates="36" cleared="0"  />
</gc-op>
<gc-end id="2698" type="scavenge" contextid="2694" durationms="0.781" usertimems="7.876" systemtimems="0.538" stalltimems="1.350" timestamp="2024-12-13T12:32:45.030" activeThreads="6">
  <mem-info id="2699" free="21057624" total="56426496" percent="37">
    <mem type="nursery" free="8539608" total="13893632" percent="61">
      <mem type="allocate" free="8539608" total="10551296" percent="80" />
      <mem type="survivor" free="0" total="3342336" percent="0" />
    </mem>
    <mem type="tenure" free="12518016" total="42532864" percent="29">
      <mem type="soa" free="10391168" total="40406016" percent="25" />
      <mem type="loa" free="2126848" total="2126848" percent="100" />
    </mem>
    <pending-finalizers system="0" default="0" reference="58" classloader="0" />
    <remembered-set count="2353" />
  </mem-info>
</gc-end>
<cycle-end id="2700" type="scavenge" contextid="2694" timestamp="2024-12-13T12:32:45.030" />
<allocation-satisfied id="2701" threadId="0000000138A09500" bytesRequested="152" />
<af-end id="2702" timestamp="2024-12-13T12:32:45.030" threadId="0000000138A09F90" success="true" from="nursery"/>
<exclusive-end id="2703" timestamp="2024-12-13T12:32:45.030" durationms="1.103" />

<exclusive-start id="2704" timestamp="2024-12-13T12:32:45.084" intervalms="54.562">
  <response-info timems="0.023" idlems="0.015" threads="1" lastid="00000001388AD900" lastname="JIT Compilation Thread-000" />
</exclusive-start>
<af-start id="2705" threadId="0000000138A09F90" totalBytesRequested="33744" timestamp="2024-12-13T12:32:45.084" intervalms="54.566" type="nursery" />
<cycle-start id="2706" type="scavenge" contextid="0" timestamp="2024-12-13T12:32:45.084" intervalms="54.571" />
<gc-start id="2707" type="scavenge" contextid="2706" timestamp="2024-12-13T12:32:45.084">
  <mem-info id="2708" free="12441592" total="56426496" percent="22">
    <mem type="nursery" free="0" total="13893632" percent="0">
      <mem type="allocate" free="0" total="10551296" percent="0" />
      <mem type="survivor" free="0" total="3342336" percent="0" />
    </mem>
    <mem type="tenure" free="12441592" total="42532864" percent="29">
      <mem type="soa" free="10314744" total="40406016" percent="25" />
      <mem type="loa" free="2126848" total="2126848" percent="100" />
    </mem>
    <remembered-set count="3056" />
  </mem-info>
</gc-start>
<allocation-stats totalBytes="8582704" discardedBytes="21320" >
  <allocated-bytes non-tlh="64568" tlh="8518136" />
  <largest-consumer threadName="Default Executor-thread-4" threadId="0000000138A09500" bytes="8570416" />
</allocation-stats>
<gc-op id="2709" type="scavenge" timems="0.705" contextid="2706" timestamp="2024-12-13T12:32:45.085">
  <scavenger-info tenureage="5" tenuremask="7fe0" tiltratio="75" />
  <memory-copied type="nursery" objects="15998" bytes="998432" bytesdiscarded="70280" />
  <finalization candidates="2" enqueued="0" />
  <ownableSynchronizers candidates="16" cleared="4" />
  <references type="soft" candidates="1175" cleared="0" enqueued="0" dynamicThreshold="9" maxThreshold="32" />
  <references type="weak" candidates="294" cleared="52" enqueued="47" />
  <references type="phantom" candidates="23" cleared="0" enqueued="0" />
  <object-monitors candidates="36" cleared="0"  />
</gc-op>
<gc-end id="2710" type="scavenge" contextid="2706" durationms="0.794" usertimems="2.214" systemtimems="0.521" stalltimems="1.647" timestamp="2024-12-13T12:32:45.085" activeThreads="6">
  <mem-info id="2711" free="22185952" total="56426496" percent="39">
    <mem type="nursery" free="9744360" total="13893632" percent="70">
      <mem type="allocate" free="9744360" total="10813440" percent="90" />
      <mem type="survivor" free="0" total="3080192" percent="0" />
    </mem>
    <mem type="tenure" free="12441592" total="42532864" percent="29">
      <mem type="soa" free="10314744" total="40406016" percent="25" />
      <mem type="loa" free="2126848" total="2126848" percent="100" />
    </mem>
    <pending-finalizers system="0" default="0" reference="47" classloader="0" />
    <remembered-set count="2064" />
  </mem-info>
</gc-end>
<cycle-end id="2712" type="scavenge" contextid="2706" timestamp="2024-12-13T12:32:45.085" />
<allocation-satisfied id="2713" threadId="0000000138A09500" bytesRequested="33744" />
<af-end id="2714" timestamp="2024-12-13T12:32:45.085" threadId="0000000138A09F90" success="true" from="nursery"/>
<exclusive-end id="2715" timestamp="2024-12-13T12:32:45.085" durationms="1.094" />

<exclusive-start id="2716" timestamp="2024-12-13T12:32:57.662" intervalms="12578.980">
  <response-info timems="0.041" idlems="0.029" threads="4" lastid="00000001388AD900" lastname="JIT Compilation Thread-000" />
</exclusive-start>
<af-start id="2717" threadId="0000000124047190" totalBytesRequested="56" timestamp="2024-12-13T12:32:57.663" intervalms="12579.507" type="nursery" />
<cycle-start id="2718" type="scavenge" contextid="0" timestamp="2024-12-13T12:32:57.663" intervalms="12579.542" />
<gc-start id="2719" type="scavenge" contextid="2718" timestamp="2024-12-13T12:32:57.663">
  <mem-info id="2720" free="12378168" total="56426496" percent="21">
    <mem type="nursery" free="0" total="13893632" percent="0">
      <mem type="allocate" free="0" total="10813440" percent="0" />
      <mem type="survivor" free="0" total="3080192" percent="0" />
    </mem>
    <mem type="tenure" free="12378168" total="42532864" percent="29">
      <mem type="soa" free="10251320" total="40406016" percent="25" />
      <mem type="loa" free="2126848" total="2126848" percent="100" />
    </mem>
    <remembered-set count="11085" />
  </mem-info>
</gc-start>
<allocation-stats totalBytes="9786152" discardedBytes="17248" >
  <allocated-bytes non-tlh="663632" tlh="9122520" />
  <largest-consumer threadName="Default Executor-thread-3" threadId="0000000125894100" bytes="1757112" />
</allocation-stats>
<gc-op id="2721" type="scavenge" timems="1.291" contextid="2718" timestamp="2024-12-13T12:32:57.664">
  <scavenger-info tenureage="4" tenuremask="7fd0" tiltratio="77" />
  <memory-copied type="nursery" objects="33943" bytes="1464640" bytesdiscarded="112488" />
  <memory-copied type="tenure" objects="1761" bytes="142280" bytesdiscarded="1136" />
  <finalization candidates="4" enqueued="0" />
  <ownableSynchronizers candidates="213" cleared="169" />
  <references type="soft" candidates="1173" cleared="0" enqueued="0" dynamicThreshold="9" maxThreshold="32" />
  <references type="weak" candidates="385" cleared="80" enqueued="66" />
  <references type="phantom" candidates="27" cleared="0" enqueued="0" />
  <object-monitors candidates="53" cleared="0"  />
</gc-op>
<gc-end id="2722" type="scavenge" contextid="2718" durationms="3.096" usertimems="7.157" systemtimems="0.704" stalltimems="2.189" timestamp="2024-12-13T12:32:57.666" activeThreads="6">
  <mem-info id="2723" free="21642592" total="56426496" percent="38">
    <mem type="nursery" free="9432520" total="13893632" percent="67">
      <mem type="allocate" free="9432520" total="11010048" percent="85" />
      <mem type="survivor" free="0" total="2883584" percent="0" />
    </mem>
    <mem type="tenure" free="12210072" total="42532864" percent="28" macro-fragmented="3732887">
      <mem type="soa" free="10083224" total="40406016" percent="24" />
      <mem type="loa" free="2126848" total="2126848" percent="100" />
    </mem>
    <pending-finalizers system="0" default="0" reference="66" classloader="0" />
    <remembered-set count="10079" />
  </mem-info>
</gc-end>
<cycle-end id="2724" type="scavenge" contextid="2718" timestamp="2024-12-13T12:32:57.666" />
<allocation-satisfied id="2725" threadId="0000000124046700" bytesRequested="56" />
<af-end id="2726" timestamp="2024-12-13T12:32:57.666" threadId="0000000124047190" success="true" from="nursery"/>
<exclusive-end id="2727" timestamp="2024-12-13T12:32:57.666" durationms="3.989" />

<exclusive-start id="2728" timestamp="2024-12-13T12:32:57.742" intervalms="80.394">
  <response-info timems="9.502" idlems="2.823" threads="4" lastid="00000001388CC900" lastname="JIT Compilation Thread-004" />
</exclusive-start>
<af-start id="2729" threadId="00000001291D9390" totalBytesRequested="1616" timestamp="2024-12-13T12:32:57.742" intervalms="79.866" type="nursery" />
<cycle-start id="2730" type="scavenge" contextid="0" timestamp="2024-12-13T12:32:57.742" intervalms="79.838" />
<gc-start id="2731" type="scavenge" contextid="2730" timestamp="2024-12-13T12:32:57.743">
  <mem-info id="2732" free="12170512" total="56426496" percent="21">
    <mem type="nursery" free="0" total="13893632" percent="0">
      <mem type="allocate" free="0" total="11010048" percent="0" />
      <mem type="survivor" free="0" total="2883584" percent="0" />
    </mem>
    <mem type="tenure" free="12170512" total="42532864" percent="28">
      <mem type="soa" free="10043664" total="40406016" percent="24" />
      <mem type="loa" free="2126848" total="2126848" percent="100" />
    </mem>
    <remembered-set count="12911" />
  </mem-info>
</gc-start>
<allocation-stats totalBytes="9459448" discardedBytes="8144" >
  <allocated-bytes non-tlh="35128" tlh="9424320" />
  <largest-consumer threadName="Framework stop - Equinox Container: c6926eca-9c4a-4aa9-968f-23fc721bf490" threadId="00000001291D8900" bytes="9172920" />
</allocation-stats>
<gc-op id="2733" type="scavenge" timems="1.427" contextid="2730" timestamp="2024-12-13T12:32:57.744">
  <scavenger-info tenureage="6" tenuremask="7fc0" tiltratio="79" />
  <memory-copied type="nursery" objects="38772" bytes="1712616" bytesdiscarded="139792" />
  <memory-copied type="tenure" objects="452" bytes="30040" bytesdiscarded="208" />
  <finalization candidates="2" enqueued="0" />
  <ownableSynchronizers candidates="180" cleared="151" />
  <references type="soft" candidates="1644" cleared="0" enqueued="0" dynamicThreshold="9" maxThreshold="32" />
  <references type="weak" candidates="309" cleared="18" enqueued="16" />
  <references type="phantom" candidates="25" cleared="0" enqueued="0" />
  <object-monitors candidates="53" cleared="0"  />
</gc-op>
<gc-end id="2734" type="scavenge" contextid="2730" durationms="2.377" usertimems="6.597" systemtimems="1.504" stalltimems="2.765" timestamp="2024-12-13T12:32:57.745" activeThreads="7">
  <mem-info id="2735" free="21725472" total="56426496" percent="38">
    <mem type="nursery" free="9616384" total="13893632" percent="69">
      <mem type="allocate" free="9616384" total="11468800" percent="83" />
      <mem type="survivor" free="0" total="2424832" percent="0" />
    </mem>
    <mem type="tenure" free="12109088" total="42532864" percent="28" macro-fragmented="6450429">
      <mem type="soa" free="9982240" total="40406016" percent="24" />
      <mem type="loa" free="2126848" total="2126848" percent="100" />
    </mem>
    <pending-finalizers system="0" default="0" reference="16" classloader="0" />
    <remembered-set count="11125" />
  </mem-info>
</gc-end>
<cycle-end id="2736" type="scavenge" contextid="2730" timestamp="2024-12-13T12:32:57.745" />
<allocation-satisfied id="2737" threadId="00000001291D8900" bytesRequested="1616" />
<af-end id="2738" timestamp="2024-12-13T12:32:57.745" threadId="00000001291D9390" success="true" from="nursery"/>
<exclusive-end id="2739" timestamp="2024-12-13T12:32:57.745" durationms="2.890" />

<exclusive-start id="2740" timestamp="2024-12-13T12:32:57.883" intervalms="140.725">
  <response-info timems="0.010" idlems="0.010" threads="0" lastid="00000001291D8900" lastname="Framework stop - Equinox Container: c6926eca-9c4a-4aa9-968f-23f" />
</exclusive-start>
<af-start id="2741" threadId="00000001291D9390" totalBytesRequested="24" timestamp="2024-12-13T12:32:57.883" intervalms="140.710" type="nursery" />
<cycle-start id="2742" type="scavenge" contextid="0" timestamp="2024-12-13T12:32:57.883" intervalms="140.690" />
<gc-start id="2743" type="scavenge" contextid="2742" timestamp="2024-12-13T12:32:57.883">
  <mem-info id="2744" free="12089392" total="56426496" percent="21">
    <mem type="nursery" free="0" total="13893632" percent="0">
      <mem type="allocate" free="0" total="11468800" percent="0" />
      <mem type="survivor" free="0" total="2424832" percent="0" />
    </mem>
    <mem type="tenure" free="12089392" total="42532864" percent="28">
      <mem type="soa" free="9962544" total="40406016" percent="24" />
      <mem type="loa" free="2126848" total="2126848" percent="100" />
    </mem>
    <remembered-set count="15116" />
  </mem-info>
</gc-start>
<allocation-stats totalBytes="9627024" discardedBytes="2584" >
  <allocated-bytes non-tlh="145944" tlh="9481080" />
  <largest-consumer threadName="Framework stop - Equinox Container: c6926eca-9c4a-4aa9-968f-23fc721bf490" threadId="00000001291D8900" bytes="9254408" />
</allocation-stats>
<gc-op id="2745" type="scavenge" timems="1.273" contextid="2742" timestamp="2024-12-13T12:32:57.885">
  <scavenger-info tenureage="3" tenuremask="7fd8" tiltratio="82" />
  <memory-copied type="nursery" objects="44643" bytes="1930544" bytesdiscarded="412512" />
  <memory-copied type="tenure" objects="11587" bytes="686888" bytesdiscarded="7576" />
  <finalization candidates="2" enqueued="0" />
  <ownableSynchronizers candidates="163" cleared="146" />
  <references type="soft" candidates="886" cleared="0" enqueued="0" dynamicThreshold="9" maxThreshold="32" />
  <references type="weak" candidates="198" cleared="32" enqueued="32" />
  <references type="phantom" candidates="27" cleared="0" enqueued="0" />
  <object-monitors candidates="53" cleared="9"  />
</gc-op>
<gc-end id="2746" type="scavenge" contextid="2742" durationms="1.901" usertimems="7.568" systemtimems="0.646" stalltimems="2.166" timestamp="2024-12-13T12:32:57.885" activeThreads="7">
  <mem-info id="2747" free="20506648" total="56426496" percent="36">
    <mem type="nursery" free="9060184" total="13893632" percent="65">
      <mem type="allocate" free="9060184" total="11403264" percent="79" />
      <mem type="survivor" free="0" total="2490368" percent="0" />
    </mem>
    <mem type="tenure" free="11446464" total="42532864" percent="26" macro-fragmented="81140">
      <mem type="soa" free="9319616" total="40406016" percent="23" />
      <mem type="loa" free="2126848" total="2126848" percent="100" />
    </mem>
    <pending-finalizers system="0" default="0" reference="32" classloader="0" />
    <remembered-set count="13272" />
  </mem-info>
</gc-end>
<cycle-end id="2748" type="scavenge" contextid="2742" timestamp="2024-12-13T12:32:57.885" />
<allocation-satisfied id="2749" threadId="00000001291D8900" bytesRequested="24" />
<af-end id="2750" timestamp="2024-12-13T12:32:57.885" threadId="00000001291D9390" success="true" from="nursery"/>
<exclusive-end id="2751" timestamp="2024-12-13T12:32:57.885" durationms="2.275" />

</verbosegc>

